[{"stream_name":"stdout","time":2.140899976,"data":"[   0.0 min] code in /kaggle/tmp/qaari; config {'reciters': ['Abdurrahmaan_As-Sudais_192kbps', 'Abdullaah_3awwaad_Al-Juhaynee_128kbps', 'Saood_ash-Shuraym_128kbps', 'Nasser_Alqatami_128kbps', 'Yasser_Ad-Dussary_128kbps', 'Husary_128kbps', 'Husary_Muallim_128kbps', 'Minshawy_Murattal_128kbps', 'Hudhaify_128kbps', 'Abdul_Basit_Murattal_192kbps', 'Alafasy_128kbps'], 'verses': 'all', 'modes': ['studio', 'taraweeh_adapted'], 'procs': 4, 'shard_base': 0, 'shard_total': 20, 'octave': False, 'tag': 'fill', 'pip': 'praat-parselmouth faiss-cpu nara_wpe soxr speechbrain', 'hours': 11.5, 'skip_done': 'benchmarks/done_full.json'}\n"}
,{"stream_name":"stdout","time":34.191818802,"data":"[   0.5 min] internet: OFF (kernel internet disabled; using the attached qaari-eval-deps bundle)\n"}
,{"stream_name":"stdout","time":34.247332769,"data":"[   0.5 min] $ /usr/bin/python3 -m pip install -q --no-index --find-links /kaggle/input/datasets/razanashrafalnajjar/qaari-eval-deps/wheels ruamel.yaml.clib\n"}
,{"stream_name":"stdout","time":41.305660351,"data":"[   0.7 min] $ /usr/bin/python3 -m pip install -q --no-index --find-links /kaggle/input/datasets/razanashrafalnajjar/qaari-eval-deps/wheels ruamel.yaml\n"}
,{"stream_name":"stdout","time":45.122691723,"data":"[   0.7 min] $ /usr/bin/python3 -m pip install -q --no-index --find-links /kaggle/input/datasets/razanashrafalnajjar/qaari-eval-deps/wheels hyperpyyaml\n"}
,{"stream_name":"stdout","time":49.311442719,"data":"[   0.8 min] $ /usr/bin/python3 -m pip install -q --no-index --find-links /kaggle/input/datasets/razanashrafalnajjar/qaari-eval-deps/wheels bottleneck\n"}
,{"stream_name":"stdout","time":53.048887385,"data":"[   0.9 min] $ /usr/bin/python3 -m pip install -q --no-index --find-links /kaggle/input/datasets/razanashrafalnajjar/qaari-eval-deps/wheels sentencepiece\n"}
,{"stream_name":"stdout","time":56.811712308,"data":"[   0.9 min] $ /usr/bin/python3 -m pip install -q --no-index --find-links /kaggle/input/datasets/razanashrafalnajjar/qaari-eval-deps/wheels praat-parselmouth\n"}
,{"stream_name":"stdout","time":61.045077674,"data":"[   1.0 min] $ /usr/bin/python3 -m pip install -q --no-index --find-links /kaggle/input/datasets/razanashrafalnajjar/qaari-eval-deps/wheels faiss-cpu\n"}
,{"stream_name":"stdout","time":66.041338482,"data":"[   1.1 min] $ /usr/bin/python3 -m pip install -q --no-index --find-links /kaggle/input/datasets/razanashrafalnajjar/qaari-eval-deps/wheels nara_wpe\n"}
,{"stream_name":"stdout","time":70.067303513,"data":"[   1.1 min] $ /usr/bin/python3 -m pip install -q --no-index --find-links /kaggle/input/datasets/razanashrafalnajjar/qaari-eval-deps/wheels soxr\n"}
,{"stream_name":"stdout","time":73.975557584,"data":"[   1.2 min] $ /usr/bin/python3 -m pip install -q --no-index --find-links /kaggle/input/datasets/razanashrafalnajjar/qaari-eval-deps/wheels speechbrain\n"}
,{"stream_name":"stdout","time":88.025868293,"data":"[   1.4 min] dependencies import cleanly\n"}
,{"stream_name":"stdout","time":96.046567107,"data":"[   1.6 min] model snapshots copied to /root/.cache/huggingface/hub\n"}
,{"stream_name":"stdout","time":102.152204326,"data":"[   1.7 min] ECAPA pre-warmed\n"}
,{"stream_name":"stdout","time":182.158206312,"data":"[   3.0 min] started 4 benchmark processes\n"}
,{"stream_name":"stdout","time":242.164765447,"data":"[   4.0 min] 34 rows written\n"}
,{"stream_name":"stdout","time":302.172264907,"data":"[   5.0 min] 53 rows written\n"}
,{"stream_name":"stdout","time":362.18189964,"data":"[   6.0 min] 71 rows written\n"}
,{"stream_name":"stdout","time":422.19499141,"data":"[   7.0 min] 83 rows written\n"}
,{"stream_name":"stdout","time":482.208299681,"data":"[   8.0 min] 89 rows written\n"}
,{"stream_name":"stdout","time":542.228071355,"data":"[   9.0 min] 97 rows written\n"}
,{"stream_name":"stdout","time":602.251437727,"data":"[  10.0 min] 109 rows written\n"}
,{"stream_name":"stdout","time":662.270933419,"data":"[  11.0 min] 125 rows written\n"}
,{"stream_name":"stdout","time":722.296785243,"data":"[  12.0 min] 145 rows written\n"}
,{"stream_name":"stdout","time":782.325378102,"data":"[  13.0 min] 167 rows written\n"}
,{"stream_name":"stdout","time":842.358372384,"data":"[  14.0 min] 197 rows written\n"}
,{"stream_name":"stdout","time":902.38992175,"data":"[  15.0 min] 220 rows written\n"}
,{"stream_name":"stdout","time":962.421438512,"data":"[  16.0 min] 231 rows written\n"}
,{"stream_name":"stdout","time":1022.462039952,"data":"[  17.0 min] 246 rows written\n"}
,{"stream_name":"stdout","time":1082.502471662,"data":"[  18.0 min] 257 rows written\n"}
,{"stream_name":"stdout","time":1142.546362888,"data":"[  19.0 min] 269 rows written\n"}
,{"stream_name":"stdout","time":1202.592667061,"data":"[  20.0 min] 283 rows written\n"}
,{"stream_name":"stdout","time":1262.645468799,"data":"[  21.0 min] 297 rows written\n"}
,{"stream_name":"stdout","time":1322.689777442,"data":"[  22.0 min] 316 rows written\n"}
,{"stream_name":"stdout","time":1382.71852812,"data":"[  23.0 min] 331 rows written\n"}
,{"stream_name":"stdout","time":1442.791989702,"data":"[  24.0 min] 344 rows written\n"}
,{"stream_name":"stdout","time":1502.84301481,"data":"[  25.0 min] 359 rows written\n"}
,{"stream_name":"stdout","time":1562.904351426,"data":"[  26.0 min] 374 rows written\n"}
,{"stream_name":"stdout","time":1622.976490835,"data":"[  27.0 min] 392 rows written\n"}
,{"stream_name":"stdout","time":1683.042656536,"data":"[  28.0 min] 416 rows written\n"}
,{"stream_name":"stdout","time":1743.104475111,"data":"[  29.0 min] 433 rows written\n"}
,{"stream_name":"stdout","time":1803.172355505,"data":"[  30.0 min] 447 rows written\n"}
,{"stream_name":"stdout","time":1863.275003216,"data":"[  31.0 min] 465 rows written\n"}
,{"stream_name":"stdout","time":1923.356430264,"data":"[  32.0 min] 483 rows written\n"}
,{"stream_name":"stdout","time":1983.461286994,"data":"[  33.0 min] 502 rows written\n"}
,{"stream_name":"stdout","time":2043.564213416,"data":"[  34.0 min] 521 rows written\n"}
,{"stream_name":"stdout","time":2103.652081868,"data":"[  35.0 min] 539 rows written\n"}
,{"stream_name":"stdout","time":2163.737756977,"data":"[  36.0 min] 556 rows written\n"}
,{"stream_name":"stdout","time":2223.810318024,"data":"[  37.0 min] 575 rows written\n"}
,{"stream_name":"stdout","time":2283.902043916,"data":"[  38.0 min] 598 rows written\n"}
,{"stream_name":"stdout","time":2343.99039323,"data":"[  39.0 min] 615 rows written\n"}
,{"stream_name":"stdout","time":2404.079351971,"data":"[  40.0 min] 636 rows written\n"}
,{"stream_name":"stdout","time":2464.168914819,"data":"[  41.0 min] 654 rows written\n"}
,{"stream_name":"stdout","time":2524.24955008,"data":"[  42.0 min] 672 rows written\n"}
,{"stream_name":"stdout","time":2584.316383324,"data":"[  43.0 min] 690 rows written\n"}
,{"stream_name":"stdout","time":2644.411415088,"data":"[  44.1 min] 710 rows written\n"}
,{"stream_name":"stdout","time":2704.512491017,"data":"[  45.1 min] 733 rows written\n"}
,{"stream_name":"stdout","time":2764.62225766,"data":"[  46.1 min] 763 rows written\n"}
,{"stream_name":"stdout","time":2824.73894325,"data":"[  47.1 min] 789 rows written\n"}
,{"stream_name":"stdout","time":2884.857761651,"data":"[  48.1 min] 817 rows written\n"}
,{"stream_name":"stdout","time":2944.972924929,"data":"[  49.1 min] 849 rows written\n"}
,{"stream_name":"stdout","time":3005.102536809,"data":"[  50.1 min] 872 rows written\n"}
,{"stream_name":"stdout","time":3065.216396236,"data":"[  51.1 min] 904 rows written\n"}
,{"stream_name":"stdout","time":3125.321098743,"data":"[  52.1 min] 937 rows written\n"}
,{"stream_name":"stdout","time":3185.430424419,"data":"[  53.1 min] 964 rows written\n"}
,{"stream_name":"stdout","time":3245.552839954,"data":"[  54.1 min] 999 rows written\n"}
,{"stream_name":"stdout","time":3305.670175218,"data":"[  55.1 min] 1031 rows written\n"}
,{"stream_name":"stdout","time":3365.79140105,"data":"[  56.1 min] 1062 rows written\n"}
,{"stream_name":"stdout","time":3425.916980208,"data":"[  57.1 min] 1095 rows written\n"}
,{"stream_name":"stdout","time":3486.054375953,"data":"[  58.1 min] 1137 rows written\n"}
,{"stream_name":"stdout","time":3546.193376027,"data":"[  59.1 min] 1164 rows written\n"}
,{"stream_name":"stdout","time":3606.385436787,"data":"[  60.1 min] 1192 rows written\n"}
,{"stream_name":"stdout","time":3666.521296777,"data":"[  61.1 min] 1223 rows written\n"}
,{"stream_name":"stdout","time":3726.672281769,"data":"[  62.1 min] 1249 rows written\n"}
,{"stream_name":"stdout","time":3786.815390352,"data":"[  63.1 min] 1280 rows written\n"}
,{"stream_name":"stdout","time":3846.967421119,"data":"[  64.1 min] 1300 rows written\n"}
,{"stream_name":"stdout","time":3907.102231261,"data":"[  65.1 min] 1323 rows written\n"}
,{"stream_name":"stdout","time":3967.245431135,"data":"[  66.1 min] 1346 rows written\n"}
,{"stream_name":"stdout","time":4027.40193596,"data":"[  67.1 min] 1381 rows written\n"}
,{"stream_name":"stdout","time":4087.520084609,"data":"[  68.1 min] 1405 rows written\n"}
,{"stream_name":"stdout","time":4147.693083598,"data":"[  69.1 min] 1430 rows written\n"}
,{"stream_name":"stdout","time":4207.874706189,"data":"[  70.1 min] 1452 rows written\n"}
,{"stream_name":"stdout","time":4268.002075441,"data":"[  71.1 min] 1493 rows written\n"}
,{"stream_name":"stdout","time":4328.167016282,"data":"[  72.1 min] 1532 rows written\n"}
,{"stream_name":"stdout","time":4388.313912076,"data":"[  73.1 min] 1552 rows written\n"}
,{"stream_name":"stdout","time":4448.453993624,"data":"[  74.1 min] 1585 rows written\n"}
,{"stream_name":"stdout","time":4508.590342147,"data":"[  75.1 min] 1606 rows written\n"}
,{"stream_name":"stdout","time":4568.782389051,"data":"[  76.1 min] 1625 rows written\n"}
,{"stream_name":"stdout","time":4628.907547948,"data":"[  77.1 min] 1649 rows written\n"}
,{"stream_name":"stdout","time":4689.05171488,"data":"[  78.1 min] 1678 rows written\n"}
,{"stream_name":"stdout","time":4749.17655031,"data":"[  79.1 min] 1727 rows written\n"}
,{"stream_name":"stdout","time":4809.276204382,"data":"[  80.1 min] 1750 rows written\n"}
,{"stream_name":"stdout","time":4869.496273172,"data":"[  81.1 min] 1775 rows written\n"}
,{"stream_name":"stdout","time":4929.688359416,"data":"[  82.1 min] 1798 rows written\n"}
,{"stream_name":"stdout","time":4989.926311869,"data":"[  83.1 min] 1812 rows written\n"}
,{"stream_name":"stdout","time":5050.120480855,"data":"[  84.1 min] 1845 rows written\n"}
,{"stream_name":"stdout","time":5110.317504056,"data":"[  85.1 min] 1892 rows written\n"}
,{"stream_name":"stdout","time":5170.50289112,"data":"[  86.2 min] 1946 rows written\n"}
,{"stream_name":"stdout","time":5230.642905004,"data":"[  87.2 min] 1984 rows written\n"}
,{"stream_name":"stdout","time":5290.829469611,"data":"[  88.2 min] 2012 rows written\n"}
,{"stream_name":"stdout","time":5351.052098215,"data":"[  89.2 min] 2039 rows written\n"}
,{"stream_name":"stdout","time":5411.203218912,"data":"[  90.2 min] 2074 rows written\n"}
,{"stream_name":"stdout","time":5471.441032551,"data":"[  91.2 min] 2113 rows written\n"}
,{"stream_name":"stdout","time":5531.640338448,"data":"[  92.2 min] 2157 rows written\n"}
,{"stream_name":"stdout","time":5591.816400212,"data":"[  93.2 min] 2199 rows written\n"}
,{"stream_name":"stdout","time":5651.940195792,"data":"[  94.2 min] 2267 rows written\n"}
,{"stream_name":"stdout","time":5712.100214797,"data":"[  95.2 min] 2341 rows written\n"}
,{"stream_name":"stdout","time":5772.313855498,"data":"[  96.2 min] 2402 rows written\n"}
,{"stream_name":"stdout","time":5832.511303544,"data":"[  97.2 min] 2439 rows written\n"}
,{"stream_name":"stdout","time":5892.719202237,"data":"[  98.2 min] 2468 rows written\n"}
,{"stream_name":"stdout","time":5952.913167707,"data":"[  99.2 min] 2497 rows written\n"}
,{"stream_name":"stdout","time":6013.179019144,"data":"[ 100.2 min] 2529 rows written\n"}
,{"stream_name":"stdout","time":6073.470316339,"data":"[ 101.2 min] 2561 rows written\n"}
,{"stream_name":"stdout","time":6133.759811644,"data":"[ 102.2 min] 2579 rows written\n"}
,{"stream_name":"stdout","time":6193.894118056,"data":"[ 103.2 min] 2593 rows written\n"}
,{"stream_name":"stdout","time":6254.098304882,"data":"[ 104.2 min] 2611 rows written\n"}
,{"stream_name":"stdout","time":6314.289109413,"data":"[ 105.2 min] 2627 rows written\n"}
,{"stream_name":"stdout","time":6374.476549526,"data":"[ 106.2 min] 2646 rows written\n"}
,{"stream_name":"stdout","time":6434.771072916,"data":"[ 107.2 min] 2655 rows written\n"}
,{"stream_name":"stdout","time":6494.975133389,"data":"[ 108.2 min] 2667 rows written\n"}
,{"stream_name":"stdout","time":6555.203670169,"data":"[ 109.2 min] 2680 rows written\n"}
,{"stream_name":"stdout","time":6615.510415269,"data":"[ 110.2 min] 2691 rows written\n"}
,{"stream_name":"stdout","time":6675.689391066,"data":"[ 111.2 min] 2704 rows written\n"}
,{"stream_name":"stdout","time":6735.932255692,"data":"[ 112.2 min] 2717 rows written\n"}
,{"stream_name":"stdout","time":6796.159575455,"data":"[ 113.2 min] 2727 rows written\n"}
,{"stream_name":"stdout","time":6856.447787772,"data":"[ 114.3 min] 2744 rows written\n"}
,{"stream_name":"stdout","time":6916.720086647,"data":"[ 115.3 min] 2758 rows written\n"}
,{"stream_name":"stdout","time":6977.01629641,"data":"[ 116.3 min] 2774 rows written\n"}
,{"stream_name":"stdout","time":7037.214958569,"data":"[ 117.3 min] 2789 rows written\n"}
,{"stream_name":"stdout","time":7097.692224043,"data":"[ 118.3 min] 2809 rows written\n"}
,{"stream_name":"stdout","time":7157.898728964,"data":"[ 119.3 min] 2829 rows written\n"}
,{"stream_name":"stdout","time":7218.206322866,"data":"[ 120.3 min] 2839 rows written\n"}
,{"stream_name":"stdout","time":7278.392325656,"data":"[ 121.3 min] 2855 rows written\n"}
,{"stream_name":"stdout","time":7338.687421443,"data":"[ 122.3 min] 2866 rows written\n"}
,{"stream_name":"stdout","time":7398.968013869,"data":"[ 123.3 min] 2882 rows written\n"}
,{"stream_name":"stdout","time":7459.207573148,"data":"[ 124.3 min] 2898 rows written\n"}
,{"stream_name":"stdout","time":7519.405722791,"data":"[ 125.3 min] 2919 rows written\n"}
,{"stream_name":"stdout","time":7579.64107868,"data":"[ 126.3 min] 2935 rows written\n"}
,{"stream_name":"stdout","time":7639.95259674,"data":"[ 127.3 min] 2951 rows written\n"}
,{"stream_name":"stdout","time":7700.221461346,"data":"[ 128.3 min] 2973 rows written\n"}
,{"stream_name":"stdout","time":7760.497180245,"data":"[ 129.3 min] 2992 rows written\n"}
,{"stream_name":"stdout","time":7820.708635566,"data":"[ 130.3 min] 3009 rows written\n"}
,{"stream_name":"stdout","time":7880.994756575,"data":"[ 131.3 min] 3027 rows written\n"}
,{"stream_name":"stdout","time":7941.299894449,"data":"[ 132.3 min] 3047 rows written\n"}
,{"stream_name":"stdout","time":8001.554824804,"data":"[ 133.3 min] 3062 rows written\n"}
,{"stream_name":"stdout","time":8061.892082955,"data":"[ 134.3 min] 3079 rows written\n"}
,{"stream_name":"stdout","time":8122.103281869,"data":"[ 135.3 min] 3099 rows written\n"}
,{"stream_name":"stdout","time":8182.375974837,"data":"[ 136.4 min] 3116 rows written\n"}
,{"stream_name":"stdout","time":8242.66145193,"data":"[ 137.4 min] 3140 rows written\n"}
,{"stream_name":"stdout","time":8302.884987747,"data":"[ 138.4 min] 3168 rows written\n"}
,{"stream_name":"stdout","time":8363.217683069,"data":"[ 139.4 min] 3200 rows written\n"}
,{"stream_name":"stdout","time":8423.460166788,"data":"[ 140.4 min] 3228 rows written\n"}
,{"stream_name":"stdout","time":8483.739456002,"data":"[ 141.4 min] 3257 rows written\n"}
,{"stream_name":"stdout","time":8543.997082803,"data":"[ 142.4 min] 3281 rows written\n"}
,{"stream_name":"stdout","time":8604.215337475,"data":"[ 143.4 min] 3312 rows written\n"}
,{"stream_name":"stdout","time":8664.53258907,"data":"[ 144.4 min] 3342 rows written\n"}
,{"stream_name":"stdout","time":8724.888756612,"data":"[ 145.4 min] 3377 rows written\n"}
,{"stream_name":"stdout","time":8785.179265381,"data":"[ 146.4 min] 3403 rows written\n"}
,{"stream_name":"stdout","time":8845.379644735,"data":"[ 147.4 min] 3432 rows written\n"}
,{"stream_name":"stdout","time":8905.884760154,"data":"[ 148.4 min] 3464 rows written\n"}
,{"stream_name":"stdout","time":8966.221143711,"data":"[ 149.4 min] 3492 rows written\n"}
,{"stream_name":"stdout","time":9026.475489106,"data":"[ 150.4 min] 3525 rows written\n"}
,{"stream_name":"stdout","time":9086.861349117,"data":"[ 151.4 min] 3550 rows written\n"}
,{"stream_name":"stdout","time":9147.127905218,"data":"[ 152.4 min] 3577 rows written\n"}
,{"stream_name":"stdout","time":9207.447000262,"data":"[ 153.4 min] 3608 rows written\n"}
,{"stream_name":"stdout","time":9267.714577611,"data":"[ 154.4 min] 3649 rows written\n"}
,{"stream_name":"stdout","time":9327.975360325,"data":"[ 155.4 min] 3677 rows written\n"}
,{"stream_name":"stdout","time":9388.355496301,"data":"[ 156.4 min] 3718 rows written\n"}
,{"stream_name":"stdout","time":9448.606515694,"data":"[ 157.5 min] 3747 rows written\n"}
,{"stream_name":"stdout","time":9508.887922953,"data":"[ 158.5 min] 3769 rows written\n"}
,{"stream_name":"stdout","time":9569.178341168,"data":"[ 159.5 min] 3787 rows written\n"}
,{"stream_name":"stdout","time":9629.492211487,"data":"[ 160.5 min] 3814 rows written\n"}
,{"stream_name":"stdout","time":9689.837698579,"data":"[ 161.5 min] 3844 rows written\n"}
,{"stream_name":"stdout","time":9750.132406277,"data":"[ 162.5 min] 3869 rows written\n"}
,{"stream_name":"stdout","time":9810.467350887,"data":"[ 163.5 min] 3891 rows written\n"}
,{"stream_name":"stdout","time":9870.781658186,"data":"[ 164.5 min] 3912 rows written\n"}
,{"stream_name":"stdout","time":9931.038800426,"data":"[ 165.5 min] 3932 rows written\n"}
,{"stream_name":"stdout","time":9991.393871522,"data":"[ 166.5 min] 3950 rows written\n"}
,{"stream_name":"stdout","time":10051.741661274,"data":"[ 167.5 min] 3975 rows written\n"}
,{"stream_name":"stdout","time":10112.007487813,"data":"[ 168.5 min] 4008 rows written\n"}
,{"stream_name":"stdout","time":10172.374320574,"data":"[ 169.5 min] 4035 rows written\n"}
,{"stream_name":"stdout","time":10232.769027,"data":"[ 170.5 min] 4051 rows written\n"}
,{"stream_name":"stdout","time":10293.087056023,"data":"[ 171.5 min] 4088 rows written\n"}
,{"stream_name":"stdout","time":10353.392213699,"data":"[ 172.5 min] 4127 rows written\n"}
,{"stream_name":"stdout","time":10413.794060445,"data":"[ 173.5 min] 4159 rows written\n"}
,{"stream_name":"stdout","time":10474.072598986,"data":"[ 174.5 min] 4186 rows written\n"}
,{"stream_name":"stdout","time":10534.403588138,"data":"[ 175.6 min] 4211 rows written\n"}
,{"stream_name":"stdout","time":10594.811965147,"data":"[ 176.6 min] 4242 rows written\n"}
,{"stream_name":"stdout","time":10655.223993089,"data":"[ 177.6 min] 4263 rows written\n"}
,{"stream_name":"stdout","time":10715.699098571,"data":"[ 178.6 min] 4283 rows written\n"}
,{"stream_name":"stdout","time":10776.018484865,"data":"[ 179.6 min] 4322 rows written\n"}
,{"stream_name":"stdout","time":10836.328800153,"data":"[ 180.6 min] 4357 rows written\n"}
,{"stream_name":"stdout","time":10896.682647676,"data":"[ 181.6 min] 4401 rows written\n"}
,{"stream_name":"stdout","time":10956.970212672,"data":"[ 182.6 min] 4460 rows written\n"}
,{"stream_name":"stdout","time":11017.330494159,"data":"[ 183.6 min] 4508 rows written\n"}
,{"stream_name":"stdout","time":11077.645707255,"data":"[ 184.6 min] 4548 rows written\n"}
,{"stream_name":"stdout","time":11137.987815537,"data":"[ 185.6 min] 4567 rows written\n"}
,{"stream_name":"stdout","time":11198.374840512,"data":"[ 186.6 min] 4602 rows written\n"}
,{"stream_name":"stdout","time":11258.712972186,"data":"[ 187.6 min] 4636 rows written\n"}
,{"stream_name":"stdout","time":11319.102013879,"data":"[ 188.6 min] 4686 rows written\n"}
,{"stream_name":"stdout","time":11379.509946227,"data":"[ 189.6 min] 4750 rows written\n"}
,{"stream_name":"stdout","time":11439.949591325,"data":"[ 190.6 min] 4809 rows written\n"}
,{"stream_name":"stdout","time":11500.401382023,"data":"[ 191.7 min] 4845 rows written\n"}
,{"stream_name":"stdout","time":11560.757958866,"data":"[ 192.7 min] 4883 rows written\n"}
,{"stream_name":"stdout","time":11621.120141512,"data":"[ 193.7 min] 4930 rows written\n"}
,{"stream_name":"stdout","time":11681.430464307,"data":"[ 194.7 min] 4981 rows written\n"}
,{"stream_name":"stdout","time":11741.871343253,"data":"[ 195.7 min] 5026 rows written\n"}
,{"stream_name":"stdout","time":11802.337325614,"data":"[ 196.7 min] 5055 rows written\n"}
,{"stream_name":"stdout","time":11862.685663497,"data":"[ 197.7 min] 5072 rows written\n"}
,{"stream_name":"stdout","time":11922.985184776,"data":"[ 198.7 min] 5082 rows written\n"}
,{"stream_name":"stdout","time":11983.289084087,"data":"[ 199.7 min] 5099 rows written\n"}
,{"stream_name":"stdout","time":12043.829373724,"data":"[ 200.7 min] 5114 rows written\n"}
,{"stream_name":"stdout","time":12104.148168226,"data":"[ 201.7 min] 5127 rows written\n"}
,{"stream_name":"stdout","time":12164.938835564,"data":"[ 202.7 min] 5146 rows written\n"}
,{"stream_name":"stdout","time":12225.352795023,"data":"[ 203.7 min] 5168 rows written\n"}
,{"stream_name":"stdout","time":12286.109724563,"data":"[ 204.7 min] 5185 rows written\n"}
,{"stream_name":"stdout","time":12346.512610271,"data":"[ 205.8 min] 5205 rows written\n"}
,{"stream_name":"stdout","time":12406.925965486,"data":"[ 206.8 min] 5222 rows written\n"}
,{"stream_name":"stdout","time":12467.445104052,"data":"[ 207.8 min] 5240 rows written\n"}
,{"stream_name":"stdout","time":12528.017298154,"data":"[ 208.8 min] 5258 rows written\n"}
,{"stream_name":"stdout","time":12588.321656149,"data":"[ 209.8 min] 5272 rows written\n"}
,{"stream_name":"stdout","time":12648.790121161,"data":"[ 210.8 min] 5288 rows written\n"}
,{"stream_name":"stdout","time":12709.117309985,"data":"[ 211.8 min] 5304 rows written\n"}
,{"stream_name":"stdout","time":12769.443904908,"data":"[ 212.8 min] 5325 rows written\n"}
,{"stream_name":"stdout","time":12829.882328941,"data":"[ 213.8 min] 5341 rows written\n"}
,{"stream_name":"stdout","time":12890.287664223,"data":"[ 214.8 min] 5359 rows written\n"}
,{"stream_name":"stdout","time":12950.593484113,"data":"[ 215.8 min] 5380 rows written\n"}
,{"stream_name":"stdout","time":13011.03042494,"data":"[ 216.8 min] 5406 rows written\n"}
,{"stream_name":"stdout","time":13071.373594414,"data":"[ 217.8 min] 5428 rows written\n"}
,{"stream_name":"stdout","time":13131.75861927,"data":"[ 218.8 min] 5452 rows written\n"}
,{"stream_name":"stdout","time":13192.13171351,"data":"[ 219.8 min] 5474 rows written\n"}
,{"stream_name":"stdout","time":13252.593366999,"data":"[ 220.9 min] 5491 rows written\n"}
,{"stream_name":"stdout","time":13313.089344902,"data":"[ 221.9 min] 5512 rows written\n"}
,{"stream_name":"stdout","time":13373.484036428,"data":"[ 222.9 min] 5531 rows written\n"}
,{"stream_name":"stdout","time":13433.875795927,"data":"[ 223.9 min] 5555 rows written\n"}
,{"stream_name":"stdout","time":13494.211533959,"data":"[ 224.9 min] 5575 rows written\n"}
,{"stream_name":"stdout","time":13554.766002463,"data":"[ 225.9 min] 5595 rows written\n"}
,{"stream_name":"stdout","time":13615.390133446,"data":"[ 226.9 min] 5617 rows written\n"}
,{"stream_name":"stdout","time":13675.780885125,"data":"[ 227.9 min] 5650 rows written\n"}
,{"stream_name":"stdout","time":13736.144643633,"data":"[ 228.9 min] 5676 rows written\n"}
,{"stream_name":"stdout","time":13796.862287776,"data":"[ 229.9 min] 5698 rows written\n"}
,{"stream_name":"stdout","time":13857.272630356,"data":"[ 230.9 min] 5729 rows written\n"}
,{"stream_name":"stdout","time":13917.715595168,"data":"[ 231.9 min] 5761 rows written\n"}
,{"stream_name":"stdout","time":13978.117683036,"data":"[ 232.9 min] 5785 rows written\n"}
,{"stream_name":"stdout","time":14038.534332687,"data":"[ 234.0 min] 5819 rows written\n"}
,{"stream_name":"stdout","time":14099.372879163,"data":"[ 235.0 min] 5843 rows written\n"}
,{"stream_name":"stdout","time":14159.917584163,"data":"[ 236.0 min] 5869 rows written\n"}
,{"stream_name":"stdout","time":14220.296457922,"data":"[ 237.0 min] 5895 rows written\n"}
,{"stream_name":"stdout","time":14280.762885398,"data":"[ 238.0 min] 5940 rows written\n"}
,{"stream_name":"stdout","time":14341.250568843,"data":"[ 239.0 min] 5974 rows written\n"}
,{"stream_name":"stdout","time":14401.897748698,"data":"[ 240.0 min] 5997 rows written\n"}
,{"stream_name":"stdout","time":14462.507542015,"data":"[ 241.0 min] 6037 rows written\n"}
,{"stream_name":"stdout","time":14522.941589482,"data":"[ 242.0 min] 6079 rows written\n"}
,{"stream_name":"stdout","time":14583.32070009,"data":"[ 243.0 min] 6116 rows written\n"}
,{"stream_name":"stdout","time":14643.836627459,"data":"[ 244.0 min] 6146 rows written\n"}
,{"stream_name":"stdout","time":14704.358007393,"data":"[ 245.0 min] 6177 rows written\n"}
,{"stream_name":"stdout","time":14764.753498482,"data":"[ 246.1 min] 6215 rows written\n"}
,{"stream_name":"stdout","time":14825.222220563,"data":"[ 247.1 min] 6264 rows written\n"}
,{"stream_name":"stdout","time":14885.730084805,"data":"[ 248.1 min] 6293 rows written\n"}
,{"stream_name":"stdout","time":14946.1232347,"data":"[ 249.1 min] 6314 rows written\n"}
,{"stream_name":"stdout","time":15006.553570541,"data":"[ 250.1 min] 6345 rows written\n"}
,{"stream_name":"stdout","time":15067.046228668,"data":"[ 251.1 min] 6383 rows written\n"}
,{"stream_name":"stdout","time":15127.54103965,"data":"[ 252.1 min] 6414 rows written\n"}
,{"stream_name":"stdout","time":15187.957512897,"data":"[ 253.1 min] 6446 rows written\n"}
,{"stream_name":"stdout","time":15248.471866609,"data":"[ 254.1 min] 6473 rows written\n"}
,{"stream_name":"stdout","time":15309.207306555,"data":"[ 255.1 min] 6502 rows written\n"}
,{"stream_name":"stdout","time":15369.665533126,"data":"[ 256.1 min] 6533 rows written\n"}
,{"stream_name":"stdout","time":15430.049403429,"data":"[ 257.1 min] 6575 rows written\n"}
,{"stream_name":"stdout","time":15490.560015982,"data":"[ 258.2 min] 6622 rows written\n"}
,{"stream_name":"stdout","time":15551.087332159,"data":"[ 259.2 min] 6661 rows written\n"}
,{"stream_name":"stdout","time":15611.606975123,"data":"[ 260.2 min] 6695 rows written\n"}
,{"stream_name":"stdout","time":15672.066470856,"data":"[ 261.2 min] 6725 rows written\n"}
,{"stream_name":"stdout","time":15732.642777451,"data":"[ 262.2 min] 6751 rows written\n"}
,{"stream_name":"stdout","time":15793.077717874,"data":"[ 263.2 min] 6781 rows written\n"}
,{"stream_name":"stdout","time":15853.548546395,"data":"[ 264.2 min] 6816 rows written\n"}
,{"stream_name":"stdout","time":15914.087238403,"data":"[ 265.2 min] 6854 rows written\n"}
,{"stream_name":"stdout","time":15974.626780567,"data":"[ 266.2 min] 6901 rows written\n"}
,{"stream_name":"stdout","time":16035.255977855,"data":"[ 267.2 min] 6944 rows written\n"}
,{"stream_name":"stdout","time":16095.730235381,"data":"[ 268.2 min] 6988 rows written\n"}
,{"stream_name":"stdout","time":16156.219373492,"data":"[ 269.2 min] 7049 rows written\n"}
,{"stream_name":"stdout","time":16216.772536536,"data":"[ 270.3 min] 7101 rows written\n"}
,{"stream_name":"stdout","time":16277.281473026,"data":"[ 271.3 min] 7132 rows written\n"}
,{"stream_name":"stdout","time":16337.763570028,"data":"[ 272.3 min] 7163 rows written\n"}
,{"stream_name":"stdout","time":16398.228859474,"data":"[ 273.3 min] 7204 rows written\n"}
,{"stream_name":"stdout","time":16458.746977263,"data":"[ 274.3 min] 7260 rows written\n"}
,{"stream_name":"stdout","time":16519.263352886,"data":"[ 275.3 min] 7316 rows written\n"}
,{"stream_name":"stdout","time":16579.785104244,"data":"[ 276.3 min] 7342 rows written\n"}
,{"stream_name":"stdout","time":16640.200549892,"data":"[ 277.3 min] 7376 rows written\n"}
,{"stream_name":"stdout","time":16700.817375969,"data":"[ 278.3 min] 7414 rows written\n"}
,{"stream_name":"stdout","time":16761.442072834,"data":"[ 279.3 min] 7461 rows written\n"}
,{"stream_name":"stdout","time":16821.848040902,"data":"[ 280.3 min] 7489 rows written\n"}
,{"stream_name":"stdout","time":16882.390582272,"data":"[ 281.4 min] 7514 rows written\n"}
,{"stream_name":"stdout","time":16942.958358193,"data":"[ 282.4 min] 7555 rows written\n"}
,{"stream_name":"stdout","time":17003.499352907,"data":"[ 283.4 min] 7588 rows written\n"}
,{"stream_name":"stdout","time":17064.025959321,"data":"[ 284.4 min] 7600 rows written\n"}
,{"stream_name":"stdout","time":17124.79781388,"data":"[ 285.4 min] 7608 rows written\n"}
,{"stream_name":"stdout","time":17185.324335662,"data":"[ 286.4 min] 7619 rows written\n"}
,{"stream_name":"stdout","time":17245.792401028,"data":"[ 287.4 min] 7630 rows written\n"}
,{"stream_name":"stdout","time":17306.308333395,"data":"[ 288.4 min] 7643 rows written\n"}
,{"stream_name":"stdout","time":17366.811768769,"data":"[ 289.4 min] 7652 rows written\n"}
,{"stream_name":"stdout","time":17427.348006574,"data":"[ 290.4 min] 7660 rows written\n"}
,{"stream_name":"stdout","time":17487.899052453,"data":"[ 291.4 min] 7670 rows written\n"}
,{"stream_name":"stdout","time":17548.411123412,"data":"[ 292.5 min] 7678 rows written\n"}
,{"stream_name":"stdout","time":17609.159864225,"data":"[ 293.5 min] 7690 rows written\n"}
,{"stream_name":"stdout","time":17669.7813303,"data":"[ 294.5 min] 7702 rows written\n"}
,{"stream_name":"stdout","time":17730.378479836,"data":"[ 295.5 min] 7714 rows written\n"}
,{"stream_name":"stdout","time":17790.906700153,"data":"[ 296.5 min] 7726 rows written\n"}
,{"stream_name":"stdout","time":17851.740652573,"data":"[ 297.5 min] 7742 rows written\n"}
,{"stream_name":"stdout","time":17912.303752769,"data":"[ 298.5 min] 7760 rows written\n"}
,{"stream_name":"stdout","time":17973.075368624,"data":"[ 299.5 min] 7775 rows written\n"}
,{"stream_name":"stdout","time":18033.743957314,"data":"[ 300.5 min] 7787 rows written\n"}
,{"stream_name":"stdout","time":18094.229956317,"data":"[ 301.5 min] 7801 rows written\n"}
,{"stream_name":"stdout","time":18154.810361169,"data":"[ 302.6 min] 7814 rows written\n"}
,{"stream_name":"stdout","time":18215.534725709,"data":"[ 303.6 min] 7826 rows written\n"}
,{"stream_name":"stdout","time":18276.153319149,"data":"[ 304.6 min] 7834 rows written\n"}
,{"stream_name":"stdout","time":18337.130321862,"data":"[ 305.6 min] 7842 rows written\n"}
,{"stream_name":"stdout","time":18397.728514629,"data":"[ 306.6 min] 7854 rows written\n"}
,{"stream_name":"stdout","time":18458.422269033,"data":"[ 307.6 min] 7870 rows written\n"}
,{"stream_name":"stdout","time":18519.031756874,"data":"[ 308.6 min] 7883 rows written\n"}
,{"stream_name":"stdout","time":18579.576385357,"data":"[ 309.6 min] 7897 rows written\n"}
,{"stream_name":"stdout","time":18640.176822998,"data":"[ 310.6 min] 7909 rows written\n"}
,{"stream_name":"stdout","time":18700.814030716,"data":"[ 311.7 min] 7920 rows written\n"}
,{"stream_name":"stdout","time":18761.443614095,"data":"[ 312.7 min] 7928 rows written\n"}
,{"stream_name":"stdout","time":18822.124941107,"data":"[ 313.7 min] 7944 rows written\n"}
,{"stream_name":"stdout","time":18882.857120692,"data":"[ 314.7 min] 7960 rows written\n"}
,{"stream_name":"stdout","time":18943.729673928,"data":"[ 315.7 min] 7975 rows written\n"}
,{"stream_name":"stdout","time":19004.244546706,"data":"[ 316.7 min] 7999 rows written\n"}
,{"stream_name":"stdout","time":19064.784301515,"data":"[ 317.7 min] 8012 rows written\n"}
,{"stream_name":"stdout","time":19125.489411722,"data":"[ 318.7 min] 8032 rows written\n"}
,{"stream_name":"stdout","time":19185.969939897,"data":"[ 319.7 min] 8049 rows written\n"}
,{"stream_name":"stdout","time":19246.587356973,"data":"[ 320.8 min] 8066 rows written\n"}
,{"stream_name":"stdout","time":19307.072661073,"data":"[ 321.8 min] 8089 rows written\n"}
,{"stream_name":"stdout","time":19367.56508092,"data":"[ 322.8 min] 8106 rows written\n"}
,{"stream_name":"stdout","time":19428.176453472,"data":"[ 323.8 min] 8127 rows written\n"}
,{"stream_name":"stdout","time":19488.938675728,"data":"[ 324.8 min] 8147 rows written\n"}
,{"stream_name":"stdout","time":19549.502054573,"data":"[ 325.8 min] 8164 rows written\n"}
,{"stream_name":"stdout","time":19610.05528113,"data":"[ 326.8 min] 8182 rows written\n"}
,{"stream_name":"stdout","time":19670.627330968,"data":"[ 327.8 min] 8208 rows written\n"}
,{"stream_name":"stdout","time":19731.068139656,"data":"[ 328.8 min] 8232 rows written\n"}
,{"stream_name":"stdout","time":19791.567639568,"data":"[ 329.8 min] 8248 rows written\n"}
,{"stream_name":"stdout","time":19852.149217496,"data":"[ 330.8 min] 8267 rows written\n"}
,{"stream_name":"stdout","time":19912.785064757,"data":"[ 331.9 min] 8289 rows written\n"}
,{"stream_name":"stdout","time":19973.440465071,"data":"[ 332.9 min] 8314 rows written\n"}
,{"stream_name":"stdout","time":20033.991706423,"data":"[ 333.9 min] 8329 rows written\n"}
,{"stream_name":"stdout","time":20094.443450433,"data":"[ 334.9 min] 8353 rows written\n"}
,{"stream_name":"stdout","time":20155.270735537,"data":"[ 335.9 min] 8371 rows written\n"}
,{"stream_name":"stdout","time":20215.813444492,"data":"[ 336.9 min] 8389 rows written\n"}
,{"stream_name":"stdout","time":20276.385461686,"data":"[ 337.9 min] 8404 rows written\n"}
,{"stream_name":"stdout","time":20336.873492763,"data":"[ 338.9 min] 8430 rows written\n"}
,{"stream_name":"stdout","time":20397.44319777,"data":"[ 339.9 min] 8455 rows written\n"}
,{"stream_name":"stdout","time":20458.101409856,"data":"[ 340.9 min] 8487 rows written\n"}
,{"stream_name":"stdout","time":20518.970388349,"data":"[ 342.0 min] 8517 rows written\n"}
,{"stream_name":"stdout","time":20579.514929854,"data":"[ 343.0 min] 8538 rows written\n"}
,{"stream_name":"stdout","time":20640.088629051,"data":"[ 344.0 min] 8551 rows written\n"}
,{"stream_name":"stdout","time":20700.606824693,"data":"[ 345.0 min] 8570 rows written\n"}
,{"stream_name":"stdout","time":20761.156570976,"data":"[ 346.0 min] 8587 rows written\n"}
,{"stream_name":"stdout","time":20821.842322151,"data":"[ 347.0 min] 8611 rows written\n"}
,{"stream_name":"stdout","time":20882.526398688,"data":"[ 348.0 min] 8638 rows written\n"}
,{"stream_name":"stdout","time":20943.184552035,"data":"[ 349.0 min] 8660 rows written\n"}
,{"stream_name":"stdout","time":21003.941438775,"data":"[ 350.0 min] 8685 rows written\n"}
,{"stream_name":"stdout","time":21064.596880075,"data":"[ 351.1 min] 8702 rows written\n"}
,{"stream_name":"stdout","time":21125.718480884,"data":"[ 352.1 min] 8730 rows written\n"}
,{"stream_name":"stdout","time":21186.386507011,"data":"[ 353.1 min] 8761 rows written\n"}
,{"stream_name":"stdout","time":21246.909561511,"data":"[ 354.1 min] 8785 rows written\n"}
,{"stream_name":"stdout","time":21307.51666374,"data":"[ 355.1 min] 8814 rows written\n"}
,{"stream_name":"stdout","time":21368.031550391,"data":"[ 356.1 min] 8842 rows written\n"}
,{"stream_name":"stdout","time":21428.818346187,"data":"[ 357.1 min] 8874 rows written\n"}
,{"stream_name":"stdout","time":21489.463247911,"data":"[ 358.1 min] 8898 rows written\n"}
,{"stream_name":"stdout","time":21550.138010054,"data":"[ 359.1 min] 8928 rows written\n"}
,{"stream_name":"stdout","time":21610.749396564,"data":"[ 360.2 min] 8956 rows written\n"}
,{"stream_name":"stdout","time":21671.35212353,"data":"[ 361.2 min] 8982 rows written\n"}
,{"stream_name":"stdout","time":21732.040037361,"data":"[ 362.2 min] 9012 rows written\n"}
,{"stream_name":"stdout","time":21792.861361709,"data":"[ 363.2 min] 9036 rows written\n"}
,{"stream_name":"stdout","time":21853.563882008,"data":"[ 364.2 min] 9057 rows written\n"}
,{"stream_name":"stdout","time":21914.159779293,"data":"[ 365.2 min] 9080 rows written\n"}
,{"stream_name":"stdout","time":21974.727975351,"data":"[ 366.2 min] 9107 rows written\n"}
,{"stream_name":"stdout","time":22035.405069547,"data":"[ 367.2 min] 9131 rows written\n"}
,{"stream_name":"stdout","time":22096.018400855,"data":"[ 368.2 min] 9161 rows written\n"}
,{"stream_name":"stdout","time":22156.632085339,"data":"[ 369.3 min] 9186 rows written\n"}
,{"stream_name":"stdout","time":22217.476341855,"data":"[ 370.3 min] 9207 rows written\n"}
,{"stream_name":"stdout","time":22278.203848893,"data":"[ 371.3 min] 9227 rows written\n"}
,{"stream_name":"stdout","time":22339.067076315,"data":"[ 372.3 min] 9246 rows written\n"}
,{"stream_name":"stdout","time":22399.677762596,"data":"[ 373.3 min] 9270 rows written\n"}
,{"stream_name":"stdout","time":22460.338906046,"data":"[ 374.3 min] 9305 rows written\n"}
,{"stream_name":"stdout","time":22520.874425245,"data":"[ 375.3 min] 9338 rows written\n"}
,{"stream_name":"stdout","time":22581.444020312,"data":"[ 376.3 min] 9375 rows written\n"}
,{"stream_name":"stdout","time":22642.110053088,"data":"[ 377.3 min] 9390 rows written\n"}
,{"stream_name":"stdout","time":22702.769684507,"data":"[ 378.4 min] 9406 rows written\n"}
,{"stream_name":"stdout","time":22763.514673223,"data":"[ 379.4 min] 9420 rows written\n"}
,{"stream_name":"stdout","time":22824.207602897,"data":"[ 380.4 min] 9445 rows written\n"}
,{"stream_name":"stdout","time":22884.899881828,"data":"[ 381.4 min] 9478 rows written\n"}
,{"stream_name":"stdout","time":22945.796252067,"data":"[ 382.4 min] 9506 rows written\n"}
,{"stream_name":"stdout","time":23006.409260458,"data":"[ 383.4 min] 9555 rows written\n"}
,{"stream_name":"stdout","time":23067.121557954,"data":"[ 384.4 min] 9605 rows written\n"}
,{"stream_name":"stdout","time":23127.727514661,"data":"[ 385.4 min] 9642 rows written\n"}
,{"stream_name":"stdout","time":23188.339079029,"data":"[ 386.4 min] 9669 rows written\n"}
,{"stream_name":"stdout","time":23248.964337185,"data":"[ 387.5 min] 9699 rows written\n"}
,{"stream_name":"stdout","time":23309.648215691,"data":"[ 388.5 min] 9739 rows written\n"}
,{"stream_name":"stdout","time":23370.390885581,"data":"[ 389.5 min] 9764 rows written\n"}
,{"stream_name":"stdout","time":23431.104486678,"data":"[ 390.5 min] 9790 rows written\n"}
,{"stream_name":"stdout","time":23491.798101481,"data":"[ 391.5 min] 9821 rows written\n"}
,{"stream_name":"stdout","time":23552.452272669,"data":"[ 392.5 min] 9852 rows written\n"}
,{"stream_name":"stdout","time":23613.221406198,"data":"[ 393.5 min] 9880 rows written\n"}
,{"stream_name":"stdout","time":23673.996740873,"data":"[ 394.5 min] 9909 rows written\n"}
,{"stream_name":"stdout","time":23734.823286831,"data":"[ 395.6 min] 9937 rows written\n"}
,{"stream_name":"stdout","time":23795.501564137,"data":"[ 396.6 min] 9951 rows written\n"}
,{"stream_name":"stdout","time":23856.100473206,"data":"[ 397.6 min] 9968 rows written\n"}
,{"stream_name":"stdout","time":23916.699680987,"data":"[ 398.6 min] 9992 rows written\n"}
,{"stream_name":"stdout","time":23977.412333746,"data":"[ 399.6 min] 10017 rows written\n"}
,{"stream_name":"stdout","time":24038.130105472,"data":"[ 400.6 min] 10044 rows written\n"}
,{"stream_name":"stdout","time":24099.044528906,"data":"[ 401.6 min] 10083 rows written\n"}
,{"stream_name":"stdout","time":24159.648685909,"data":"[ 402.6 min] 10098 rows written\n"}
,{"stream_name":"stdout","time":24220.266961485,"data":"[ 403.6 min] 10122 rows written\n"}
,{"stream_name":"stdout","time":24281.09506894,"data":"[ 404.7 min] 10142 rows written\n"}
,{"stream_name":"stdout","time":24341.74877387,"data":"[ 405.7 min] 10149 rows written\n"}
,{"stream_name":"stdout","time":24402.671779075,"data":"[ 406.7 min] 10159 rows written\n"}
,{"stream_name":"stdout","time":24463.355688361,"data":"[ 407.7 min] 10173 rows written\n"}
,{"stream_name":"stdout","time":24524.029754323,"data":"[ 408.7 min] 10186 rows written\n"}
,{"stream_name":"stdout","time":24584.704243448,"data":"[ 409.7 min] 10200 rows written\n"}
,{"stream_name":"stdout","time":24645.324362918,"data":"[ 410.7 min] 10215 rows written\n"}
,{"stream_name":"stdout","time":24706.152004372,"data":"[ 411.7 min] 10220 rows written\n"}
,{"stream_name":"stdout","time":24767.159372172,"data":"[ 412.8 min] 10230 rows written\n"}
,{"stream_name":"stdout","time":24827.871254527,"data":"[ 413.8 min] 10241 rows written\n"}
,{"stream_name":"stdout","time":24888.65832201,"data":"[ 414.8 min] 10254 rows written\n"}
,{"stream_name":"stdout","time":24949.580869345,"data":"[ 415.8 min] 10268 rows written\n"}
,{"stream_name":"stdout","time":25010.370100813,"data":"[ 416.8 min] 10283 rows written\n"}
,{"stream_name":"stdout","time":25070.995812425,"data":"[ 417.8 min] 10295 rows written\n"}
,{"stream_name":"stdout","time":25131.775533369,"data":"[ 418.8 min] 10305 rows written\n"}
,{"stream_name":"stdout","time":25192.517280169,"data":"[ 419.9 min] 10323 rows written\n"}
,{"stream_name":"stdout","time":25253.190117118,"data":"[ 420.9 min] 10339 rows written\n"}
,{"stream_name":"stdout","time":25313.86900418,"data":"[ 421.9 min] 10357 rows written\n"}
,{"stream_name":"stdout","time":25374.573329829,"data":"[ 422.9 min] 10373 rows written\n"}
,{"stream_name":"stdout","time":25435.553937719,"data":"[ 423.9 min] 10383 rows written\n"}
,{"stream_name":"stdout","time":25496.312650613,"data":"[ 424.9 min] 10395 rows written\n"}
,{"stream_name":"stdout","time":25557.140341776,"data":"[ 425.9 min] 10404 rows written\n"}
,{"stream_name":"stdout","time":25617.874381892,"data":"[ 426.9 min] 10418 rows written\n"}
,{"stream_name":"stdout","time":25678.514508657,"data":"[ 428.0 min] 10434 rows written\n"}
,{"stream_name":"stdout","time":25739.464680854,"data":"[ 429.0 min] 10448 rows written\n"}
,{"stream_name":"stdout","time":25800.271008631,"data":"[ 430.0 min] 10462 rows written\n"}
,{"stream_name":"stdout","time":25860.971456677,"data":"[ 431.0 min] 10476 rows written\n"}
,{"stream_name":"stdout","time":25921.903027549,"data":"[ 432.0 min] 10488 rows written\n"}
,{"stream_name":"stdout","time":25982.535134451,"data":"[ 433.0 min] 10505 rows written\n"}
,{"stream_name":"stdout","time":26043.379901676,"data":"[ 434.0 min] 10517 rows written\n"}
,{"stream_name":"stdout","time":26104.229060922,"data":"[ 435.0 min] 10530 rows written\n"}
,{"stream_name":"stdout","time":26165.006783509,"data":"[ 436.1 min] 10542 rows written\n"}
,{"stream_name":"stdout","time":26225.882699429,"data":"[ 437.1 min] 10552 rows written\n"}
,{"stream_name":"stdout","time":26286.740445731,"data":"[ 438.1 min] 10578 rows written\n"}
,{"stream_name":"stdout","time":26347.605050441,"data":"[ 439.1 min] 10599 rows written\n"}
,{"stream_name":"stdout","time":26408.272680745,"data":"[ 440.1 min] 10624 rows written\n"}
,{"stream_name":"stdout","time":26469.025929936,"data":"[ 441.1 min] 10642 rows written\n"}
,{"stream_name":"stdout","time":26529.642129637,"data":"[ 442.1 min] 10662 rows written\n"}
,{"stream_name":"stdout","time":26590.259828625,"data":"[ 443.1 min] 10676 rows written\n"}
,{"stream_name":"stdout","time":26651.160594048,"data":"[ 444.2 min] 10694 rows written\n"}
,{"stream_name":"stdout","time":26711.761582377,"data":"[ 445.2 min] 10713 rows written\n"}
,{"stream_name":"stdout","time":26772.479401136,"data":"[ 446.2 min] 10734 rows written\n"}
,{"stream_name":"stdout","time":26833.081249828,"data":"[ 447.2 min] 10759 rows written\n"}
,{"stream_name":"stdout","time":26893.885324385,"data":"[ 448.2 min] 10779 rows written\n"}
,{"stream_name":"stdout","time":26954.660855464,"data":"[ 449.2 min] 10800 rows written\n"}
,{"stream_name":"stdout","time":27015.329312428,"data":"[ 450.2 min] 10833 rows written\n"}
,{"stream_name":"stdout","time":27076.007908062,"data":"[ 451.2 min] 10853 rows written\n"}
,{"stream_name":"stdout","time":27137.39839209,"data":"[ 452.3 min] 10876 rows written\n"}
,{"stream_name":"stdout","time":27198.059325972,"data":"[ 453.3 min] 10901 rows written\n"}
,{"stream_name":"stdout","time":27259.002266762,"data":"[ 454.3 min] 10920 rows written\n"}
,{"stream_name":"stdout","time":27319.659688958,"data":"[ 455.3 min] 10942 rows written\n"}
,{"stream_name":"stdout","time":27380.3933617,"data":"[ 456.3 min] 10973 rows written\n"}
,{"stream_name":"stdout","time":27441.312701626,"data":"[ 457.3 min] 11003 rows written\n"}
,{"stream_name":"stdout","time":27502.139116849,"data":"[ 458.3 min] 11016 rows written\n"}
,{"stream_name":"stdout","time":27562.924728415,"data":"[ 459.4 min] 11033 rows written\n"}
,{"stream_name":"stdout","time":27623.691739771,"data":"[ 460.4 min] 11062 rows written\n"}
,{"stream_name":"stdout","time":27684.385574736,"data":"[ 461.4 min] 11085 rows written\n"}
,{"stream_name":"stdout","time":27745.068991864,"data":"[ 462.4 min] 11105 rows written\n"}
,{"stream_name":"stdout","time":27806.057438024,"data":"[ 463.4 min] 11119 rows written\n"}
,{"stream_name":"stdout","time":27867.732105658,"data":"[ 464.4 min] 11140 rows written\n"}
,{"stream_name":"stdout","time":27928.710967205,"data":"[ 465.5 min] 11158 rows written\n"}
,{"stream_name":"stdout","time":27989.493407452,"data":"[ 466.5 min] 11174 rows written\n"}
,{"stream_name":"stdout","time":28050.231426258,"data":"[ 467.5 min] 11195 rows written\n"}
,{"stream_name":"stdout","time":28111.122920349,"data":"[ 468.5 min] 11217 rows written\n"}
,{"stream_name":"stdout","time":28171.666985413,"data":"[ 469.5 min] 11236 rows written\n"}
,{"stream_name":"stdout","time":28232.46633393,"data":"[ 470.5 min] 11264 rows written\n"}
,{"stream_name":"stdout","time":28293.34511055,"data":"[ 471.5 min] 11302 rows written\n"}
,{"stream_name":"stdout","time":28354.239825847,"data":"[ 472.5 min] 11324 rows written\n"}
,{"stream_name":"stdout","time":28414.955679701,"data":"[ 473.6 min] 11345 rows written\n"}
,{"stream_name":"stdout","time":28475.626756779,"data":"[ 474.6 min] 11362 rows written\n"}
,{"stream_name":"stdout","time":28536.517430716,"data":"[ 475.6 min] 11389 rows written\n"}
,{"stream_name":"stdout","time":28597.253108509,"data":"[ 476.6 min] 11414 rows written\n"}
,{"stream_name":"stdout","time":28658.345840616,"data":"[ 477.6 min] 11428 rows written\n"}
,{"stream_name":"stdout","time":28719.022437024,"data":"[ 478.6 min] 11448 rows written\n"}
,{"stream_name":"stdout","time":28779.830831207,"data":"[ 479.6 min] 11470 rows written\n"}
,{"stream_name":"stdout","time":28840.771385771,"data":"[ 480.7 min] 11496 rows written\n"}
,{"stream_name":"stdout","time":28901.518114309,"data":"[ 481.7 min] 11519 rows written\n"}
,{"stream_name":"stdout","time":28962.372226896,"data":"[ 482.7 min] 11545 rows written\n"}
,{"stream_name":"stdout","time":29023.150898494,"data":"[ 483.7 min] 11569 rows written\n"}
,{"stream_name":"stdout","time":29084.045691656,"data":"[ 484.7 min] 11587 rows written\n"}
,{"stream_name":"stdout","time":29144.840030821,"data":"[ 485.7 min] 11614 rows written\n"}
,{"stream_name":"stdout","time":29205.646941036,"data":"[ 486.7 min] 11651 rows written\n"}
,{"stream_name":"stdout","time":29266.351622308,"data":"[ 487.7 min] 11681 rows written\n"}
,{"stream_name":"stdout","time":29327.261469491,"data":"[ 488.8 min] 11705 rows written\n"}
,{"stream_name":"stdout","time":29388.045497092,"data":"[ 489.8 min] 11725 rows written\n"}
,{"stream_name":"stdout","time":29448.903327084,"data":"[ 490.8 min] 11749 rows written\n"}
,{"stream_name":"stdout","time":29509.700904354,"data":"[ 491.8 min] 11777 rows written\n"}
,{"stream_name":"stdout","time":29570.46448078,"data":"[ 492.8 min] 11801 rows written\n"}
,{"stream_name":"stdout","time":29631.204457734,"data":"[ 493.8 min] 11816 rows written\n"}
,{"stream_name":"stdout","time":29692.133019101,"data":"[ 494.8 min] 11848 rows written\n"}
,{"stream_name":"stdout","time":29753.069200293,"data":"[ 495.9 min] 11881 rows written\n"}
,{"stream_name":"stdout","time":29813.724897381,"data":"[ 496.9 min] 11917 rows written\n"}
,{"stream_name":"stdout","time":29874.70456292,"data":"[ 497.9 min] 11950 rows written\n"}
,{"stream_name":"stdout","time":29935.409945354,"data":"[ 498.9 min] 11991 rows written\n"}
,{"stream_name":"stdout","time":29996.390365077,"data":"[ 499.9 min] 12017 rows written\n"}
,{"stream_name":"stdout","time":30057.154226293,"data":"[ 500.9 min] 12059 rows written\n"}
,{"stream_name":"stdout","time":30117.871671213,"data":"[ 501.9 min] 12092 rows written\n"}
,{"stream_name":"stdout","time":30178.621370375,"data":"[ 503.0 min] 12129 rows written\n"}
,{"stream_name":"stdout","time":30239.581671095,"data":"[ 504.0 min] 12154 rows written\n"}
,{"stream_name":"stdout","time":30300.242868954,"data":"[ 505.0 min] 12183 rows written\n"}
,{"stream_name":"stdout","time":30360.890639421,"data":"[ 506.0 min] 12199 rows written\n"}
,{"stream_name":"stdout","time":30421.453138979,"data":"[ 507.0 min] 12220 rows written\n"}
,{"stream_name":"stdout","time":30482.383527932,"data":"[ 508.0 min] 12228 rows written\n"}
,{"stream_name":"stdout","time":30543.020669433,"data":"[ 509.0 min] 12244 rows written\n"}
,{"stream_name":"stdout","time":30603.585102155,"data":"[ 510.0 min] 12275 rows written\n"}
,{"stream_name":"stdout","time":30664.209365799,"data":"[ 511.0 min] 12302 rows written\n"}
,{"stream_name":"stdout","time":30724.792762487,"data":"[ 512.1 min] 12343 rows written\n"}
,{"stream_name":"stdout","time":30785.283107288,"data":"[ 513.1 min] 12379 rows written\n"}
,{"stream_name":"stdout","time":30845.857769496,"data":"[ 514.1 min] 12394 rows written\n"}
,{"stream_name":"stdout","time":30907.586957636,"data":"[ 515.1 min] 12399 rows written\n"}
,{"stream_name":"stdout","time":30968.15279985,"data":"[ 516.1 min] 12407 rows written\n"}
,{"stream_name":"stdout","time":31028.73322152,"data":"[ 517.1 min] 12423 rows written\n"}
,{"stream_name":"stdout","time":31089.30634093,"data":"[ 518.1 min] 12443 rows written\n"}
,{"stream_name":"stdout","time":31149.827026674,"data":"[ 519.1 min] 12476 rows written\n"}
,{"stream_name":"stdout","time":31210.396470949,"data":"[ 520.2 min] 12507 rows written\n"}
,{"stream_name":"stdout","time":31271.018335516,"data":"[ 521.2 min] 12533 rows written\n"}
,{"stream_name":"stdout","time":31331.852244645,"data":"[ 522.2 min] 12539 rows written\n"}
,{"stream_name":"stdout","time":31392.395701509,"data":"[ 523.2 min] 12547 rows written\n"}
,{"stream_name":"stdout","time":31453.009973436,"data":"[ 524.2 min] 12557 rows written\n"}
,{"stream_name":"stdout","time":31513.594919668,"data":"[ 525.2 min] 12559 rows written\n"}
,{"stream_name":"stdout","time":31574.224856172,"data":"[ 526.2 min] 12562 rows written\n"}
,{"stream_name":"stdout","time":31634.806872828,"data":"[ 527.2 min] 12565 rows written\n"}
,{"stream_name":"stdout","time":31695.415406633,"data":"[ 528.2 min] 12570 rows written\n"}
,{"stream_name":"stdout","time":31756.042624895,"data":"[ 529.2 min] 12573 rows written\n"}
,{"stream_name":"stdout","time":31816.664983105,"data":"[ 530.3 min] 12579 rows written\n"}
,{"stream_name":"stdout","time":31877.255843191,"data":"[ 531.3 min] 12583 rows written\n"}
,{"stream_name":"stdout","time":31937.777274528,"data":"[ 532.3 min] 12588 rows written\n"}
,{"stream_name":"stdout","time":31998.447501111,"data":"[ 533.3 min] 12594 rows written\n"}
,{"stream_name":"stdout","time":32059.045135744,"data":"[ 534.3 min] 12602 rows written\n"}
,{"stream_name":"stdout","time":32119.679808612,"data":"[ 535.3 min] 12612 rows written\n"}
,{"stream_name":"stdout","time":32180.272281977,"data":"[ 536.3 min] 12619 rows written\n"}
,{"stream_name":"stdout","time":32240.859957207,"data":"[ 537.3 min] 12626 rows written\n"}
,{"stream_name":"stdout","time":32301.477928428,"data":"[ 538.3 min] 12630 rows written\n"}
,{"stream_name":"stdout","time":32362.206610879,"data":"[ 539.3 min] 12634 rows written\n"}
,{"stream_name":"stdout","time":32422.752776966,"data":"[ 540.4 min] 12641 rows written\n"}
,{"stream_name":"stdout","time":32483.333138892,"data":"[ 541.4 min] 12650 rows written\n"}
,{"stream_name":"stdout","time":32543.954382717,"data":"[ 542.4 min] 12655 rows written\n"}
,{"stream_name":"stdout","time":32604.568127657,"data":"[ 543.4 min] 12661 rows written\n"}
,{"stream_name":"stdout","time":32665.18339023,"data":"[ 544.4 min] 12667 rows written\n"}
,{"stream_name":"stdout","time":32726.099949879,"data":"[ 545.4 min] 12672 rows written\n"}
,{"stream_name":"stdout","time":32786.764746955,"data":"[ 546.4 min] 12679 rows written\n"}
,{"stream_name":"stdout","time":32847.368062296,"data":"[ 547.4 min] 12685 rows written\n"}
,{"stream_name":"stdout","time":32907.970586869,"data":"[ 548.4 min] 12688 rows written\n"}
,{"stream_name":"stdout","time":32968.873180624,"data":"[ 549.5 min] 12695 rows written\n"}
,{"stream_name":"stdout","time":33029.490268998,"data":"[ 550.5 min] 12702 rows written\n"}
,{"stream_name":"stdout","time":33090.118927328,"data":"[ 551.5 min] 12711 rows written\n"}
,{"stream_name":"stdout","time":33150.805250101,"data":"[ 552.5 min] 12718 rows written\n"}
,{"stream_name":"stdout","time":33211.473625526,"data":"[ 553.5 min] 12728 rows written\n"}
,{"stream_name":"stdout","time":33272.062040324,"data":"[ 554.5 min] 12733 rows written\n"}
,{"stream_name":"stdout","time":33332.648018203,"data":"[ 555.5 min] 12741 rows written\n"}
,{"stream_name":"stdout","time":33393.235216387,"data":"[ 556.5 min] 12748 rows written\n"}
,{"stream_name":"stdout","time":33453.90511728,"data":"[ 557.5 min] 12758 rows written\n"}
,{"stream_name":"stdout","time":33514.419974497,"data":"[ 558.6 min] 12766 rows written\n"}
,{"stream_name":"stdout","time":33575.001921332,"data":"[ 559.6 min] 12773 rows written\n"}
,{"stream_name":"stdout","time":33635.593872074,"data":"[ 560.6 min] 12784 rows written\n"}
,{"stream_name":"stdout","time":33696.253908143,"data":"[ 561.6 min] 12796 rows written\n"}
,{"stream_name":"stdout","time":33756.999282241,"data":"[ 562.6 min] 12800 rows written\n"}
,{"stream_name":"stdout","time":33817.776900735,"data":"[ 563.6 min] 12806 rows written\n"}
,{"stream_name":"stdout","time":33878.382780889,"data":"[ 564.6 min] 12816 rows written\n"}
,{"stream_name":"stdout","time":33939.220695481,"data":"[ 565.6 min] 12824 rows written\n"}
,{"stream_name":"stdout","time":33999.829645491,"data":"[ 566.6 min] 12834 rows written\n"}
,{"stream_name":"stdout","time":34060.412761755,"data":"[ 567.7 min] 12840 rows written\n"}
,{"stream_name":"stdout","time":34121.001740243,"data":"[ 568.7 min] 12847 rows written\n"}
,{"stream_name":"stdout","time":34181.624443977,"data":"[ 569.7 min] 12857 rows written\n"}
,{"stream_name":"stdout","time":34242.263215059,"data":"[ 570.7 min] 12864 rows written\n"}
,{"stream_name":"stdout","time":34302.839750293,"data":"[ 571.7 min] 12879 rows written\n"}
,{"stream_name":"stdout","time":34363.353816785,"data":"[ 572.7 min] 12889 rows written\n"}
,{"stream_name":"stdout","time":34423.940428162,"data":"[ 573.7 min] 12896 rows written\n"}
,{"stream_name":"stdout","time":34484.533292614,"data":"[ 574.7 min] 12907 rows written\n"}
,{"stream_name":"stdout","time":34545.136605158,"data":"[ 575.7 min] 12923 rows written\n"}
,{"stream_name":"stdout","time":34605.729095174,"data":"[ 576.7 min] 12934 rows written\n"}
,{"stream_name":"stdout","time":34666.31465189,"data":"[ 577.7 min] 12945 rows written\n"}
,{"stream_name":"stdout","time":34726.951501324,"data":"[ 578.8 min] 12958 rows written\n"}
,{"stream_name":"stdout","time":34787.592435227,"data":"[ 579.8 min] 12965 rows written\n"}
,{"stream_name":"stdout","time":34848.22222578,"data":"[ 580.8 min] 12975 rows written\n"}
,{"stream_name":"stdout","time":34909.127589508,"data":"[ 581.8 min] 12990 rows written\n"}
,{"stream_name":"stdout","time":34969.817403822,"data":"[ 582.8 min] 13013 rows written\n"}
,{"stream_name":"stdout","time":35030.423403079,"data":"[ 583.8 min] 13033 rows written\n"}
,{"stream_name":"stdout","time":35091.014082883,"data":"[ 584.8 min] 13048 rows written\n"}
,{"stream_name":"stdout","time":35151.654743098,"data":"[ 585.8 min] 13058 rows written\n"}
,{"stream_name":"stdout","time":35212.289644308,"data":"[ 586.8 min] 13069 rows written\n"}
,{"stream_name":"stdout","time":35272.837895166,"data":"[ 587.9 min] 13077 rows written\n"}
,{"stream_name":"stdout","time":35333.467810602,"data":"[ 588.9 min] 13087 rows written\n"}
,{"stream_name":"stdout","time":35394.030407158,"data":"[ 589.9 min] 13092 rows written\n"}
,{"stream_name":"stdout","time":35454.803131593,"data":"[ 590.9 min] 13098 rows written\n"}
,{"stream_name":"stdout","time":35515.416695406,"data":"[ 591.9 min] 13108 rows written\n"}
,{"stream_name":"stdout","time":35576.025519628,"data":"[ 592.9 min] 13121 rows written\n"}
,{"stream_name":"stdout","time":35636.683258709,"data":"[ 593.9 min] 13138 rows written\n"}
,{"stream_name":"stdout","time":35697.281129691,"data":"[ 594.9 min] 13149 rows written\n"}
,{"stream_name":"stdout","time":35757.994048276,"data":"[ 595.9 min] 13159 rows written\n"}
,{"stream_name":"stdout","time":35818.894202242,"data":"[ 597.0 min] 13168 rows written\n"}
,{"stream_name":"stdout","time":35879.646477011,"data":"[ 598.0 min] 13177 rows written\n"}
,{"stream_name":"stdout","time":35940.255352672,"data":"[ 599.0 min] 13192 rows written\n"}
,{"stream_name":"stdout","time":36000.871106673,"data":"[ 600.0 min] 13215 rows written\n"}
,{"stream_name":"stdout","time":36061.479563201,"data":"[ 601.0 min] 13227 rows written\n"}
,{"stream_name":"stdout","time":36122.126533561,"data":"[ 602.0 min] 13241 rows written\n"}
,{"stream_name":"stdout","time":36182.716711905,"data":"[ 603.0 min] 13246 rows written\n"}
,{"stream_name":"stdout","time":36243.329378447,"data":"[ 604.0 min] 13259 rows written\n"}
,{"stream_name":"stdout","time":36304.00633197,"data":"[ 605.0 min] 13267 rows written\n"}
,{"stream_name":"stdout","time":36364.627768049,"data":"[ 606.1 min] 13280 rows written\n"}
,{"stream_name":"stdout","time":36425.239370674,"data":"[ 607.1 min] 13296 rows written\n"}
,{"stream_name":"stdout","time":36485.862497421,"data":"[ 608.1 min] 13317 rows written\n"}
,{"stream_name":"stdout","time":36546.444113596,"data":"[ 609.1 min] 13329 rows written\n"}
,{"stream_name":"stdout","time":36607.05534551,"data":"[ 610.1 min] 13339 rows written\n"}
,{"stream_name":"stdout","time":36667.672369827,"data":"[ 611.1 min] 13355 rows written\n"}
,{"stream_name":"stdout","time":36728.288585106,"data":"[ 612.1 min] 13376 rows written\n"}
,{"stream_name":"stdout","time":36788.801500305,"data":"[ 613.1 min] 13397 rows written\n"}
,{"stream_name":"stdout","time":36849.202003312,"data":"[ 614.1 min] 13412 rows written\n"}
,{"stream_name":"stdout","time":36909.814812949,"data":"[ 615.1 min] 13423 rows written\n"}
,{"stream_name":"stdout","time":36970.507295174,"data":"[ 616.2 min] 13434 rows written\n"}
,{"stream_name":"stdout","time":37031.297041178,"data":"[ 617.2 min] 13442 rows written\n"}
,{"stream_name":"stdout","time":37091.926744839,"data":"[ 618.2 min] 13450 rows written\n"}
,{"stream_name":"stdout","time":37152.535680319,"data":"[ 619.2 min] 13458 rows written\n"}
,{"stream_name":"stdout","time":37213.208256055,"data":"[ 620.2 min] 13479 rows written\n"}
,{"stream_name":"stdout","time":37273.868608367,"data":"[ 621.2 min] 13505 rows written\n"}
,{"stream_name":"stdout","time":37334.335329363,"data":"[ 622.2 min] 13531 rows written\n"}
,{"stream_name":"stdout","time":37394.977920269,"data":"[ 623.2 min] 13547 rows written\n"}
,{"stream_name":"stdout","time":37455.627870253,"data":"[ 624.2 min] 13571 rows written\n"}
,{"stream_name":"stdout","time":37516.27787542,"data":"[ 625.2 min] 13593 rows written\n"}
,{"stream_name":"stdout","time":37576.940831334,"data":"[ 626.3 min] 13613 rows written\n"}
,{"stream_name":"stdout","time":37637.600376715,"data":"[ 627.3 min] 13638 rows written\n"}
,{"stream_name":"stdout","time":37698.263430933,"data":"[ 628.3 min] 13650 rows written\n"}
,{"stream_name":"stdout","time":37758.911758909,"data":"[ 629.3 min] 13670 rows written\n"}
,{"stream_name":"stdout","time":37819.341102893,"data":"[ 630.3 min] 13695 rows written\n"}
,{"stream_name":"stdout","time":37879.993298704,"data":"[ 631.3 min] 13717 rows written\n"}
,{"stream_name":"stdout","time":37940.559292419,"data":"[ 632.3 min] 13739 rows written\n"}
,{"stream_name":"stdout","time":38001.199914152,"data":"[ 633.3 min] 13745 rows written\n"}
,{"stream_name":"stdout","time":38061.939041717,"data":"[ 634.3 min] 13750 rows written\n"}
,{"stream_name":"stdout","time":38122.597590124,"data":"[ 635.4 min] 13752 rows written\n"}
,{"stream_name":"stdout","time":38183.053822826,"data":"[ 636.4 min] 13755 rows written\n"}
,{"stream_name":"stdout","time":38243.618706236,"data":"[ 637.4 min] 13760 rows written\n"}
,{"stream_name":"stdout","time":38304.328663464,"data":"[ 638.4 min] 13769 rows written\n"}
,{"stream_name":"stdout","time":38365.142011846,"data":"[ 639.4 min] 13775 rows written\n"}
,{"stream_name":"stdout","time":38425.804929504,"data":"[ 640.4 min] 13779 rows written\n"}
,{"stream_name":"stdout","time":38486.579498764,"data":"[ 641.4 min] 13784 rows written\n"}
,{"stream_name":"stdout","time":38547.244481287,"data":"[ 642.4 min] 13791 rows written\n"}
,{"stream_name":"stdout","time":38607.890597888,"data":"[ 643.4 min] 13797 rows written\n"}
,{"stream_name":"stdout","time":38668.535363017,"data":"[ 644.5 min] 13802 rows written\n"}
,{"stream_name":"stdout","time":38729.034442681,"data":"[ 645.5 min] 13805 rows written\n"}
,{"stream_name":"stdout","time":38789.66808442,"data":"[ 646.5 min] 13812 rows written\n"}
,{"stream_name":"stdout","time":38850.288582587,"data":"[ 647.5 min] 13818 rows written\n"}
,{"stream_name":"stdout","time":38911.126357652,"data":"[ 648.5 min] 13822 rows written\n"}
,{"stream_name":"stdout","time":38971.759305146,"data":"[ 649.5 min] 13828 rows written\n"}
,{"stream_name":"stdout","time":39032.380637288,"data":"[ 650.5 min] 13832 rows written\n"}
,{"stream_name":"stdout","time":39093.581660859,"data":"[ 651.5 min] 13835 rows written\n"}
,{"stream_name":"stdout","time":39154.2795785,"data":"[ 652.5 min] 13839 rows written\n"}
,{"stream_name":"stdout","time":39214.90122125,"data":"[ 653.6 min] 13845 rows written\n"}
,{"stream_name":"stdout","time":39275.547633383,"data":"[ 654.6 min] 13850 rows written\n"}
,{"stream_name":"stdout","time":39336.170781289,"data":"[ 655.6 min] 13854 rows written\n"}
,{"stream_name":"stdout","time":39396.816430852,"data":"[ 656.6 min] 13859 rows written\n"}
,{"stream_name":"stdout","time":39457.442013533,"data":"[ 657.6 min] 13863 rows written\n"}
,{"stream_name":"stdout","time":39518.086397504,"data":"[ 658.6 min] 13868 rows written\n"}
,{"stream_name":"stdout","time":39578.748932262,"data":"[ 659.6 min] 13874 rows written\n"}
,{"stream_name":"stdout","time":39639.400038646,"data":"[ 660.6 min] 13879 rows written\n"}
,{"stream_name":"stdout","time":39700.025458261,"data":"[ 661.6 min] 13885 rows written\n"}
,{"stream_name":"stdout","time":39760.91259238,"data":"[ 662.7 min] 13893 rows written\n"}
,{"stream_name":"stdout","time":39821.531388725,"data":"[ 663.7 min] 13900 rows written\n"}
,{"stream_name":"stdout","time":39882.2521697,"data":"[ 664.7 min] 13908 rows written\n"}
,{"stream_name":"stdout","time":39942.874251159,"data":"[ 665.7 min] 13914 rows written\n"}
,{"stream_name":"stdout","time":40003.504951041,"data":"[ 666.7 min] 13922 rows written\n"}
,{"stream_name":"stdout","time":40064.109637636,"data":"[ 667.7 min] 13925 rows written\n"}
,{"stream_name":"stdout","time":40124.765118906,"data":"[ 668.7 min] 13930 rows written\n"}
,{"stream_name":"stdout","time":40185.407537181,"data":"[ 669.7 min] 13936 rows written\n"}
,{"stream_name":"stdout","time":40246.056414989,"data":"[ 670.7 min] 13941 rows written\n"}
,{"stream_name":"stdout","time":40306.693635951,"data":"[ 671.8 min] 13949 rows written\n"}
,{"stream_name":"stdout","time":40367.429449129,"data":"[ 672.8 min] 13953 rows written\n"}
,{"stream_name":"stdout","time":40428.068721432,"data":"[ 673.8 min] 13959 rows written\n"}
,{"stream_name":"stdout","time":40488.722515534,"data":"[ 674.8 min] 13965 rows written\n"}
,{"stream_name":"stdout","time":40549.360579217,"data":"[ 675.8 min] 13973 rows written\n"}
,{"stream_name":"stdout","time":40610.03878504,"data":"[ 676.8 min] 13979 rows written\n"}
,{"stream_name":"stdout","time":40670.883558927,"data":"[ 677.8 min] 13986 rows written\n"}
,{"stream_name":"stdout","time":40731.525751714,"data":"[ 678.8 min] 13994 rows written\n"}
,{"stream_name":"stdout","time":40792.168674031,"data":"[ 679.8 min] 14002 rows written\n"}
,{"stream_name":"stdout","time":40852.833502357,"data":"[ 680.9 min] 14009 rows written\n"}
,{"stream_name":"stdout","time":40913.446740035,"data":"[ 681.9 min] 14015 rows written\n"}
,{"stream_name":"stdout","time":40974.591787961,"data":"[ 682.9 min] 14020 rows written\n"}
,{"stream_name":"stdout","time":41035.277284989,"data":"[ 683.9 min] 14024 rows written\n"}
,{"stream_name":"stdout","time":41095.929375066,"data":"[ 684.9 min] 14030 rows written\n"}
,{"stream_name":"stdout","time":41156.582608389,"data":"[ 685.9 min] 14038 rows written\n"}
,{"stream_name":"stdout","time":41217.216843392,"data":"[ 686.9 min] 14045 rows written\n"}
,{"stream_name":"stdout","time":41277.857993604,"data":"[ 687.9 min] 14058 rows written\n"}
,{"stream_name":"stdout","time":41338.500460807,"data":"[ 689.0 min] 14073 rows written\n"}
,{"stream_name":"stdout","time":41399.178724579,"data":"[ 690.0 min] 14081 rows written\n"}
,{"stream_name":"stdout","time":41459.836327613,"data":"[ 691.0 min] 14091 rows written\n"}
,{"stream_name":"stdout","time":41459.836509846,"data":"[ 691.0 min] deadline reached; stopping benchmark processes (rows so far are kept)\n"}
,{"stream_name":"stdout","time":41459.839780457,"data":"[ 691.0 min] done\n"}
,{"stream_name":"stderr","time":41463.648857431,"data":"/usr/local/lib/python3.12/dist-packages/mistune.py:435: SyntaxWarning: invalid escape sequence '\\|'\n"}
,{"stream_name":"stderr","time":41463.648902261,"data":"  cells[i][c] = re.sub('\\\\\\\\\\|', '|', cell)\n"}
,{"stream_name":"stderr","time":41464.147486075,"data":"/usr/local/lib/python3.12/dist-packages/nbconvert/filters/filter_links.py:36: SyntaxWarning: invalid escape sequence '\\_'\n"}
,{"stream_name":"stderr","time":41464.147516816,"data":"  text = re.sub(r'_', '\\_', text) # Escape underscores in display text\n"}
,{"stream_name":"stderr","time":41466.032019421,"data":"[NbConvertApp] Converting notebook __script__.ipynb to html\n"}
,{"stream_name":"stderr","time":41468.031360937,"data":"[NbConvertApp] Writing 310154 bytes to __results__.html\n"}
]