[{"stream_name":"stdout","time":2.211523331,"data":"[   0.0 min] code in /kaggle/tmp/qaari; config {'reciters': ['Abdurrahmaan_As-Sudais_192kbps', 'Abdullaah_3awwaad_Al-Juhaynee_128kbps', 'Saood_ash-Shuraym_128kbps', 'Nasser_Alqatami_128kbps', 'Yasser_Ad-Dussary_128kbps', 'Husary_128kbps', 'Husary_Muallim_128kbps', 'Minshawy_Murattal_128kbps', 'Hudhaify_128kbps', 'Abdul_Basit_Murattal_192kbps', 'Alafasy_128kbps'], 'verses': 'all', 'modes': ['studio', 'taraweeh_adapted'], 'procs': 4, 'shard_base': 4, 'shard_total': 20, 'octave': False, 'tag': 'fill', 'pip': 'praat-parselmouth faiss-cpu nara_wpe soxr speechbrain', 'hours': 11.5, 'skip_done': 'benchmarks/done_full.json'}\n"}
,{"stream_name":"stdout","time":34.250449486,"data":"[   0.6 min] internet: OFF (kernel internet disabled; using the attached qaari-eval-deps bundle)\n"}
,{"stream_name":"stdout","time":34.339069416,"data":"[   0.6 min] $ /usr/bin/python3 -m pip install -q --no-index --find-links /kaggle/input/datasets/razanashrafalnajjar/qaari-eval-deps/wheels ruamel.yaml.clib\n"}
,{"stream_name":"stdout","time":40.438778294,"data":"[   0.7 min] $ /usr/bin/python3 -m pip install -q --no-index --find-links /kaggle/input/datasets/razanashrafalnajjar/qaari-eval-deps/wheels ruamel.yaml\n"}
,{"stream_name":"stdout","time":44.215513102,"data":"[   0.7 min] $ /usr/bin/python3 -m pip install -q --no-index --find-links /kaggle/input/datasets/razanashrafalnajjar/qaari-eval-deps/wheels hyperpyyaml\n"}
,{"stream_name":"stdout","time":48.318120283,"data":"[   0.8 min] $ /usr/bin/python3 -m pip install -q --no-index --find-links /kaggle/input/datasets/razanashrafalnajjar/qaari-eval-deps/wheels bottleneck\n"}
,{"stream_name":"stdout","time":51.974629389,"data":"[   0.8 min] $ /usr/bin/python3 -m pip install -q --no-index --find-links /kaggle/input/datasets/razanashrafalnajjar/qaari-eval-deps/wheels sentencepiece\n"}
,{"stream_name":"stdout","time":55.583057711,"data":"[   0.9 min] $ /usr/bin/python3 -m pip install -q --no-index --find-links /kaggle/input/datasets/razanashrafalnajjar/qaari-eval-deps/wheels praat-parselmouth\n"}
,{"stream_name":"stdout","time":59.737113215,"data":"[   1.0 min] $ /usr/bin/python3 -m pip install -q --no-index --find-links /kaggle/input/datasets/razanashrafalnajjar/qaari-eval-deps/wheels faiss-cpu\n"}
,{"stream_name":"stdout","time":64.535709912,"data":"[   1.1 min] $ /usr/bin/python3 -m pip install -q --no-index --find-links /kaggle/input/datasets/razanashrafalnajjar/qaari-eval-deps/wheels nara_wpe\n"}
,{"stream_name":"stdout","time":68.381581585,"data":"[   1.1 min] $ /usr/bin/python3 -m pip install -q --no-index --find-links /kaggle/input/datasets/razanashrafalnajjar/qaari-eval-deps/wheels soxr\n"}
,{"stream_name":"stdout","time":72.287011776,"data":"[   1.2 min] $ /usr/bin/python3 -m pip install -q --no-index --find-links /kaggle/input/datasets/razanashrafalnajjar/qaari-eval-deps/wheels speechbrain\n"}
,{"stream_name":"stdout","time":84.812065307,"data":"[   1.4 min] dependencies import cleanly\n"}
,{"stream_name":"stdout","time":90.895002258,"data":"[   1.5 min] model snapshots copied to /root/.cache/huggingface/hub\n"}
,{"stream_name":"stdout","time":95.85417576,"data":"[   1.6 min] ECAPA pre-warmed\n"}
,{"stream_name":"stdout","time":175.863487836,"data":"[   2.9 min] started 4 benchmark processes\n"}
,{"stream_name":"stdout","time":235.873072441,"data":"[   3.9 min] 31 rows written\n"}
,{"stream_name":"stdout","time":295.879669478,"data":"[   4.9 min] 46 rows written\n"}
,{"stream_name":"stdout","time":355.892362735,"data":"[   5.9 min] 60 rows written\n"}
,{"stream_name":"stdout","time":415.904990849,"data":"[   6.9 min] 71 rows written\n"}
,{"stream_name":"stdout","time":475.918385453,"data":"[   7.9 min] 87 rows written\n"}
,{"stream_name":"stdout","time":535.936111855,"data":"[   8.9 min] 100 rows written\n"}
,{"stream_name":"stdout","time":595.968345354,"data":"[   9.9 min] 114 rows written\n"}
,{"stream_name":"stdout","time":655.993207064,"data":"[  10.9 min] 132 rows written\n"}
,{"stream_name":"stdout","time":716.016423571,"data":"[  11.9 min] 145 rows written\n"}
,{"stream_name":"stdout","time":776.041759106,"data":"[  12.9 min] 164 rows written\n"}
,{"stream_name":"stdout","time":836.07227768,"data":"[  13.9 min] 178 rows written\n"}
,{"stream_name":"stdout","time":896.117470378,"data":"[  14.9 min] 189 rows written\n"}
,{"stream_name":"stdout","time":956.14770492,"data":"[  15.9 min] 203 rows written\n"}
,{"stream_name":"stdout","time":1016.187110047,"data":"[  16.9 min] 213 rows written\n"}
,{"stream_name":"stdout","time":1076.227870454,"data":"[  17.9 min] 224 rows written\n"}
,{"stream_name":"stdout","time":1136.266952355,"data":"[  18.9 min] 235 rows written\n"}
,{"stream_name":"stdout","time":1196.309014643,"data":"[  19.9 min] 245 rows written\n"}
,{"stream_name":"stdout","time":1256.353141438,"data":"[  20.9 min] 258 rows written\n"}
,{"stream_name":"stdout","time":1316.396262279,"data":"[  21.9 min] 274 rows written\n"}
,{"stream_name":"stdout","time":1376.456146667,"data":"[  22.9 min] 286 rows written\n"}
,{"stream_name":"stdout","time":1436.507834065,"data":"[  23.9 min] 302 rows written\n"}
,{"stream_name":"stdout","time":1496.557571066,"data":"[  24.9 min] 320 rows written\n"}
,{"stream_name":"stdout","time":1556.61369019,"data":"[  25.9 min] 340 rows written\n"}
,{"stream_name":"stdout","time":1616.673063626,"data":"[  26.9 min] 358 rows written\n"}
,{"stream_name":"stdout","time":1676.731005673,"data":"[  27.9 min] 371 rows written\n"}
,{"stream_name":"stdout","time":1736.795004147,"data":"[  28.9 min] 388 rows written\n"}
,{"stream_name":"stdout","time":1796.857339647,"data":"[  29.9 min] 401 rows written\n"}
,{"stream_name":"stdout","time":1856.964034569,"data":"[  30.9 min] 416 rows written\n"}
,{"stream_name":"stdout","time":1917.02931167,"data":"[  31.9 min] 436 rows written\n"}
,{"stream_name":"stdout","time":1977.099154553,"data":"[  32.9 min] 457 rows written\n"}
,{"stream_name":"stdout","time":2037.174667212,"data":"[  33.9 min] 473 rows written\n"}
,{"stream_name":"stdout","time":2097.249157958,"data":"[  34.9 min] 490 rows written\n"}
,{"stream_name":"stdout","time":2157.344536527,"data":"[  35.9 min] 508 rows written\n"}
,{"stream_name":"stdout","time":2217.424088678,"data":"[  36.9 min] 524 rows written\n"}
,{"stream_name":"stdout","time":2277.510083749,"data":"[  37.9 min] 538 rows written\n"}
,{"stream_name":"stdout","time":2337.593584878,"data":"[  38.9 min] 550 rows written\n"}
,{"stream_name":"stdout","time":2397.679805048,"data":"[  39.9 min] 571 rows written\n"}
,{"stream_name":"stdout","time":2457.768096553,"data":"[  40.9 min] 592 rows written\n"}
,{"stream_name":"stdout","time":2517.853002052,"data":"[  41.9 min] 609 rows written\n"}
,{"stream_name":"stdout","time":2577.937089816,"data":"[  42.9 min] 628 rows written\n"}
,{"stream_name":"stdout","time":2638.034072679,"data":"[  44.0 min] 647 rows written\n"}
,{"stream_name":"stdout","time":2698.133093453,"data":"[  45.0 min] 664 rows written\n"}
,{"stream_name":"stdout","time":2758.234078355,"data":"[  46.0 min] 690 rows written\n"}
,{"stream_name":"stdout","time":2818.335800079,"data":"[  47.0 min] 724 rows written\n"}
,{"stream_name":"stdout","time":2878.439551475,"data":"[  48.0 min] 746 rows written\n"}
,{"stream_name":"stdout","time":2938.549381206,"data":"[  49.0 min] 771 rows written\n"}
,{"stream_name":"stdout","time":2998.659153797,"data":"[  50.0 min] 801 rows written\n"}
,{"stream_name":"stdout","time":3058.825077118,"data":"[  51.0 min] 822 rows written\n"}
,{"stream_name":"stdout","time":3118.968087254,"data":"[  52.0 min] 844 rows written\n"}
,{"stream_name":"stdout","time":3179.071387766,"data":"[  53.0 min] 870 rows written\n"}
,{"stream_name":"stdout","time":3239.214635529,"data":"[  54.0 min] 896 rows written\n"}
,{"stream_name":"stdout","time":3299.335143041,"data":"[  55.0 min] 922 rows written\n"}
,{"stream_name":"stdout","time":3359.462153508,"data":"[  56.0 min] 956 rows written\n"}
,{"stream_name":"stdout","time":3419.59587837,"data":"[  57.0 min] 985 rows written\n"}
,{"stream_name":"stdout","time":3479.724123951,"data":"[  58.0 min] 1011 rows written\n"}
,{"stream_name":"stdout","time":3539.8579795,"data":"[  59.0 min] 1036 rows written\n"}
,{"stream_name":"stdout","time":3599.976114832,"data":"[  60.0 min] 1064 rows written\n"}
,{"stream_name":"stdout","time":3660.116084404,"data":"[  61.0 min] 1089 rows written\n"}
,{"stream_name":"stdout","time":3720.25965954,"data":"[  62.0 min] 1109 rows written\n"}
,{"stream_name":"stdout","time":3780.376797826,"data":"[  63.0 min] 1139 rows written\n"}
,{"stream_name":"stdout","time":3840.530079567,"data":"[  64.0 min] 1172 rows written\n"}
,{"stream_name":"stdout","time":3900.659017801,"data":"[  65.0 min] 1204 rows written\n"}
,{"stream_name":"stdout","time":3960.821124089,"data":"[  66.0 min] 1249 rows written\n"}
,{"stream_name":"stdout","time":4020.969008404,"data":"[  67.0 min] 1287 rows written\n"}
,{"stream_name":"stdout","time":4081.144078385,"data":"[  68.0 min] 1317 rows written\n"}
,{"stream_name":"stdout","time":4141.34309173,"data":"[  69.0 min] 1340 rows written\n"}
,{"stream_name":"stdout","time":4201.509265448,"data":"[  70.0 min] 1361 rows written\n"}
,{"stream_name":"stdout","time":4261.666017291,"data":"[  71.0 min] 1379 rows written\n"}
,{"stream_name":"stdout","time":4321.808647381,"data":"[  72.0 min] 1401 rows written\n"}
,{"stream_name":"stdout","time":4381.978736453,"data":"[  73.0 min] 1418 rows written\n"}
,{"stream_name":"stdout","time":4442.152866022,"data":"[  74.0 min] 1438 rows written\n"}
,{"stream_name":"stdout","time":4502.283808265,"data":"[  75.0 min] 1450 rows written\n"}
,{"stream_name":"stdout","time":4562.46511407,"data":"[  76.0 min] 1464 rows written\n"}
,{"stream_name":"stdout","time":4622.615389477,"data":"[  77.0 min] 1493 rows written\n"}
,{"stream_name":"stdout","time":4682.790585698,"data":"[  78.0 min] 1530 rows written\n"}
,{"stream_name":"stdout","time":4742.979030879,"data":"[  79.0 min] 1572 rows written\n"}
,{"stream_name":"stdout","time":4803.136873368,"data":"[  80.0 min] 1599 rows written\n"}
,{"stream_name":"stdout","time":4863.310298089,"data":"[  81.0 min] 1628 rows written\n"}
,{"stream_name":"stdout","time":4923.502173159,"data":"[  82.0 min] 1664 rows written\n"}
,{"stream_name":"stdout","time":4983.690675829,"data":"[  83.0 min] 1689 rows written\n"}
,{"stream_name":"stdout","time":5043.886731492,"data":"[  84.0 min] 1705 rows written\n"}
,{"stream_name":"stdout","time":5104.085812226,"data":"[  85.1 min] 1729 rows written\n"}
,{"stream_name":"stdout","time":5164.253101896,"data":"[  86.1 min] 1760 rows written\n"}
,{"stream_name":"stdout","time":5224.447874932,"data":"[  87.1 min] 1781 rows written\n"}
,{"stream_name":"stdout","time":5284.596537494,"data":"[  88.1 min] 1802 rows written\n"}
,{"stream_name":"stdout","time":5344.784579998,"data":"[  89.1 min] 1818 rows written\n"}
,{"stream_name":"stdout","time":5404.985325099,"data":"[  90.1 min] 1853 rows written\n"}
,{"stream_name":"stdout","time":5465.212094667,"data":"[  91.1 min] 1881 rows written\n"}
,{"stream_name":"stdout","time":5525.385452715,"data":"[  92.1 min] 1929 rows written\n"}
,{"stream_name":"stdout","time":5585.552076038,"data":"[  93.1 min] 1955 rows written\n"}
,{"stream_name":"stdout","time":5645.702352748,"data":"[  94.1 min] 1992 rows written\n"}
,{"stream_name":"stdout","time":5705.860604619,"data":"[  95.1 min] 2012 rows written\n"}
,{"stream_name":"stdout","time":5765.986270226,"data":"[  96.1 min] 2044 rows written\n"}
,{"stream_name":"stdout","time":5826.134853091,"data":"[  97.1 min] 2077 rows written\n"}
,{"stream_name":"stdout","time":5886.292489159,"data":"[  98.1 min] 2114 rows written\n"}
,{"stream_name":"stdout","time":5946.472279352,"data":"[  99.1 min] 2147 rows written\n"}
,{"stream_name":"stdout","time":6006.62334283,"data":"[ 100.1 min] 2190 rows written\n"}
,{"stream_name":"stdout","time":6066.806266503,"data":"[ 101.1 min] 2237 rows written\n"}
,{"stream_name":"stdout","time":6127.062178677,"data":"[ 102.1 min] 2292 rows written\n"}
,{"stream_name":"stdout","time":6187.312262167,"data":"[ 103.1 min] 2350 rows written\n"}
,{"stream_name":"stdout","time":6247.515931868,"data":"[ 104.1 min] 2391 rows written\n"}
,{"stream_name":"stdout","time":6307.71623493,"data":"[ 105.1 min] 2429 rows written\n"}
,{"stream_name":"stdout","time":6367.914785414,"data":"[ 106.1 min] 2456 rows written\n"}
,{"stream_name":"stdout","time":6428.130508216,"data":"[ 107.1 min] 2481 rows written\n"}
,{"stream_name":"stdout","time":6488.418132955,"data":"[ 108.1 min] 2510 rows written\n"}
,{"stream_name":"stdout","time":6548.671715671,"data":"[ 109.1 min] 2536 rows written\n"}
,{"stream_name":"stdout","time":6608.852358846,"data":"[ 110.1 min] 2567 rows written\n"}
,{"stream_name":"stdout","time":6669.181092872,"data":"[ 111.1 min] 2578 rows written\n"}
,{"stream_name":"stdout","time":6729.384131479,"data":"[ 112.1 min] 2587 rows written\n"}
,{"stream_name":"stdout","time":6789.668053123,"data":"[ 113.1 min] 2596 rows written\n"}
,{"stream_name":"stdout","time":6849.929887244,"data":"[ 114.1 min] 2608 rows written\n"}
,{"stream_name":"stdout","time":6910.14721984,"data":"[ 115.2 min] 2619 rows written\n"}
,{"stream_name":"stdout","time":6970.448951697,"data":"[ 116.2 min] 2635 rows written\n"}
,{"stream_name":"stdout","time":7030.640454142,"data":"[ 117.2 min] 2652 rows written\n"}
,{"stream_name":"stdout","time":7090.931999233,"data":"[ 118.2 min] 2667 rows written\n"}
,{"stream_name":"stdout","time":7151.237670018,"data":"[ 119.2 min] 2683 rows written\n"}
,{"stream_name":"stdout","time":7211.452337833,"data":"[ 120.2 min] 2691 rows written\n"}
,{"stream_name":"stdout","time":7271.767240924,"data":"[ 121.2 min] 2705 rows written\n"}
,{"stream_name":"stdout","time":7331.977936572,"data":"[ 122.2 min] 2716 rows written\n"}
,{"stream_name":"stdout","time":7392.196604638,"data":"[ 123.2 min] 2727 rows written\n"}
,{"stream_name":"stdout","time":7452.43896472,"data":"[ 124.2 min] 2740 rows written\n"}
,{"stream_name":"stdout","time":7512.70540438,"data":"[ 125.2 min] 2754 rows written\n"}
,{"stream_name":"stdout","time":7572.94649727,"data":"[ 126.2 min] 2766 rows written\n"}
,{"stream_name":"stdout","time":7633.140096852,"data":"[ 127.2 min] 2778 rows written\n"}
,{"stream_name":"stdout","time":7693.431853569,"data":"[ 128.2 min] 2790 rows written\n"}
,{"stream_name":"stdout","time":7753.61360087,"data":"[ 129.2 min] 2807 rows written\n"}
,{"stream_name":"stdout","time":7813.942948301,"data":"[ 130.2 min] 2822 rows written\n"}
,{"stream_name":"stdout","time":7874.172882428,"data":"[ 131.2 min] 2836 rows written\n"}
,{"stream_name":"stdout","time":7934.413799354,"data":"[ 132.2 min] 2853 rows written\n"}
,{"stream_name":"stdout","time":7994.777731036,"data":"[ 133.2 min] 2867 rows written\n"}
,{"stream_name":"stdout","time":8055.054569793,"data":"[ 134.2 min] 2880 rows written\n"}
,{"stream_name":"stdout","time":8115.345135424,"data":"[ 135.2 min] 2898 rows written\n"}
,{"stream_name":"stdout","time":8175.718637981,"data":"[ 136.2 min] 2911 rows written\n"}
,{"stream_name":"stdout","time":8236.053104797,"data":"[ 137.3 min] 2931 rows written\n"}
,{"stream_name":"stdout","time":8296.343333879,"data":"[ 138.3 min] 2948 rows written\n"}
,{"stream_name":"stdout","time":8356.634654266,"data":"[ 139.3 min] 2968 rows written\n"}
,{"stream_name":"stdout","time":8416.865462698,"data":"[ 140.3 min] 2988 rows written\n"}
,{"stream_name":"stdout","time":8477.152255269,"data":"[ 141.3 min] 3000 rows written\n"}
,{"stream_name":"stdout","time":8537.476337539,"data":"[ 142.3 min] 3018 rows written\n"}
,{"stream_name":"stdout","time":8597.771683222,"data":"[ 143.3 min] 3036 rows written\n"}
,{"stream_name":"stdout","time":8658.052089346,"data":"[ 144.3 min] 3052 rows written\n"}
,{"stream_name":"stdout","time":8718.335565969,"data":"[ 145.3 min] 3076 rows written\n"}
,{"stream_name":"stdout","time":8778.578203153,"data":"[ 146.3 min] 3099 rows written\n"}
,{"stream_name":"stdout","time":8839.060635687,"data":"[ 147.3 min] 3117 rows written\n"}
,{"stream_name":"stdout","time":8899.35100619,"data":"[ 148.3 min] 3135 rows written\n"}
,{"stream_name":"stdout","time":8959.713461999,"data":"[ 149.3 min] 3157 rows written\n"}
,{"stream_name":"stdout","time":9019.974147379,"data":"[ 150.3 min] 3185 rows written\n"}
,{"stream_name":"stdout","time":9080.280404911,"data":"[ 151.3 min] 3210 rows written\n"}
,{"stream_name":"stdout","time":9140.622394258,"data":"[ 152.3 min] 3235 rows written\n"}
,{"stream_name":"stdout","time":9201.016245072,"data":"[ 153.3 min] 3257 rows written\n"}
,{"stream_name":"stdout","time":9261.353943624,"data":"[ 154.3 min] 3284 rows written\n"}
,{"stream_name":"stdout","time":9321.597477888,"data":"[ 155.3 min] 3305 rows written\n"}
,{"stream_name":"stdout","time":9381.896748283,"data":"[ 156.3 min] 3328 rows written\n"}
,{"stream_name":"stdout","time":9442.130869168,"data":"[ 157.4 min] 3346 rows written\n"}
,{"stream_name":"stdout","time":9502.449605767,"data":"[ 158.4 min] 3377 rows written\n"}
,{"stream_name":"stdout","time":9562.710957189,"data":"[ 159.4 min] 3404 rows written\n"}
,{"stream_name":"stdout","time":9623.156207998,"data":"[ 160.4 min] 3432 rows written\n"}
,{"stream_name":"stdout","time":9683.5179584,"data":"[ 161.4 min] 3460 rows written\n"}
,{"stream_name":"stdout","time":9743.866475108,"data":"[ 162.4 min] 3488 rows written\n"}
,{"stream_name":"stdout","time":9804.19038817,"data":"[ 163.4 min] 3517 rows written\n"}
,{"stream_name":"stdout","time":9864.459785533,"data":"[ 164.4 min] 3543 rows written\n"}
,{"stream_name":"stdout","time":9924.879072906,"data":"[ 165.4 min] 3567 rows written\n"}
,{"stream_name":"stdout","time":9985.195525898,"data":"[ 166.4 min] 3600 rows written\n"}
,{"stream_name":"stdout","time":10045.456252238,"data":"[ 167.4 min] 3640 rows written\n"}
,{"stream_name":"stdout","time":10105.783870015,"data":"[ 168.4 min] 3676 rows written\n"}
,{"stream_name":"stdout","time":10166.062008156,"data":"[ 169.4 min] 3713 rows written\n"}
,{"stream_name":"stdout","time":10226.406863102,"data":"[ 170.4 min] 3734 rows written\n"}
,{"stream_name":"stdout","time":10286.656926692,"data":"[ 171.4 min] 3760 rows written\n"}
,{"stream_name":"stdout","time":10346.90938963,"data":"[ 172.4 min] 3786 rows written\n"}
,{"stream_name":"stdout","time":10407.181688431,"data":"[ 173.4 min] 3811 rows written\n"}
,{"stream_name":"stdout","time":10467.532784093,"data":"[ 174.4 min] 3831 rows written\n"}
,{"stream_name":"stdout","time":10527.875002199,"data":"[ 175.4 min] 3846 rows written\n"}
,{"stream_name":"stdout","time":10588.308037637,"data":"[ 176.5 min] 3859 rows written\n"}
,{"stream_name":"stdout","time":10648.597251902,"data":"[ 177.5 min] 3882 rows written\n"}
,{"stream_name":"stdout","time":10708.916539696,"data":"[ 178.5 min] 3914 rows written\n"}
,{"stream_name":"stdout","time":10769.279664005,"data":"[ 179.5 min] 3948 rows written\n"}
,{"stream_name":"stdout","time":10829.62620412,"data":"[ 180.5 min] 3979 rows written\n"}
,{"stream_name":"stdout","time":10890.155022527,"data":"[ 181.5 min] 4011 rows written\n"}
,{"stream_name":"stdout","time":10950.440860168,"data":"[ 182.5 min] 4052 rows written\n"}
,{"stream_name":"stdout","time":11010.8462306,"data":"[ 183.5 min] 4087 rows written\n"}
,{"stream_name":"stdout","time":11071.351089676,"data":"[ 184.5 min] 4112 rows written\n"}
,{"stream_name":"stdout","time":11131.809209878,"data":"[ 185.5 min] 4138 rows written\n"}
,{"stream_name":"stdout","time":11192.198529511,"data":"[ 186.5 min] 4160 rows written\n"}
,{"stream_name":"stdout","time":11252.632133604,"data":"[ 187.5 min] 4189 rows written\n"}
,{"stream_name":"stdout","time":11312.931347935,"data":"[ 188.5 min] 4223 rows written\n"}
,{"stream_name":"stdout","time":11373.225494068,"data":"[ 189.5 min] 4257 rows written\n"}
,{"stream_name":"stdout","time":11433.503465016,"data":"[ 190.5 min] 4282 rows written\n"}
,{"stream_name":"stdout","time":11493.846825729,"data":"[ 191.5 min] 4298 rows written\n"}
,{"stream_name":"stdout","time":11554.173791894,"data":"[ 192.6 min] 4339 rows written\n"}
,{"stream_name":"stdout","time":11614.502271246,"data":"[ 193.6 min] 4361 rows written\n"}
,{"stream_name":"stdout","time":11674.778176248,"data":"[ 194.6 min] 4399 rows written\n"}
,{"stream_name":"stdout","time":11735.073321224,"data":"[ 195.6 min] 4449 rows written\n"}
,{"stream_name":"stdout","time":11795.497283808,"data":"[ 196.6 min] 4486 rows written\n"}
,{"stream_name":"stdout","time":11855.85086221,"data":"[ 197.6 min] 4524 rows written\n"}
,{"stream_name":"stdout","time":11916.2868432,"data":"[ 198.6 min] 4554 rows written\n"}
,{"stream_name":"stdout","time":11976.734845331,"data":"[ 199.6 min] 4599 rows written\n"}
,{"stream_name":"stdout","time":12037.109209532,"data":"[ 200.6 min] 4634 rows written\n"}
,{"stream_name":"stdout","time":12097.708354808,"data":"[ 201.6 min] 4670 rows written\n"}
,{"stream_name":"stdout","time":12158.045996088,"data":"[ 202.6 min] 4699 rows written\n"}
,{"stream_name":"stdout","time":12218.357252131,"data":"[ 203.6 min] 4751 rows written\n"}
,{"stream_name":"stdout","time":12278.718594278,"data":"[ 204.6 min] 4806 rows written\n"}
,{"stream_name":"stdout","time":12339.096648216,"data":"[ 205.6 min] 4846 rows written\n"}
,{"stream_name":"stdout","time":12399.55136989,"data":"[ 206.6 min] 4876 rows written\n"}
,{"stream_name":"stdout","time":12459.916523028,"data":"[ 207.6 min] 4906 rows written\n"}
,{"stream_name":"stdout","time":12520.352079706,"data":"[ 208.7 min] 4940 rows written\n"}
,{"stream_name":"stdout","time":12580.650920802,"data":"[ 209.7 min] 4959 rows written\n"}
,{"stream_name":"stdout","time":12641.071854384,"data":"[ 210.7 min] 4981 rows written\n"}
,{"stream_name":"stdout","time":12701.392952325,"data":"[ 211.7 min] 5004 rows written\n"}
,{"stream_name":"stdout","time":12761.991698102,"data":"[ 212.7 min] 5030 rows written\n"}
,{"stream_name":"stdout","time":12822.415304266,"data":"[ 213.7 min] 5055 rows written\n"}
,{"stream_name":"stdout","time":12882.712157475,"data":"[ 214.7 min] 5076 rows written\n"}
,{"stream_name":"stdout","time":12943.140796699,"data":"[ 215.7 min] 5109 rows written\n"}
,{"stream_name":"stdout","time":13003.519278072,"data":"[ 216.7 min] 5134 rows written\n"}
,{"stream_name":"stdout","time":13064.036346928,"data":"[ 217.7 min] 5156 rows written\n"}
,{"stream_name":"stdout","time":13124.410943009,"data":"[ 218.7 min] 5175 rows written\n"}
,{"stream_name":"stdout","time":13184.748207269,"data":"[ 219.7 min] 5188 rows written\n"}
,{"stream_name":"stdout","time":13245.116397547,"data":"[ 220.7 min] 5204 rows written\n"}
,{"stream_name":"stdout","time":13305.467007416,"data":"[ 221.7 min] 5227 rows written\n"}
,{"stream_name":"stdout","time":13365.993022261,"data":"[ 222.7 min] 5245 rows written\n"}
,{"stream_name":"stdout","time":13426.335364323,"data":"[ 223.8 min] 5262 rows written\n"}
,{"stream_name":"stdout","time":13486.819402008,"data":"[ 224.8 min] 5280 rows written\n"}
,{"stream_name":"stdout","time":13547.173035002,"data":"[ 225.8 min] 5305 rows written\n"}
,{"stream_name":"stdout","time":13607.777281472,"data":"[ 226.8 min] 5319 rows written\n"}
,{"stream_name":"stdout","time":13668.108496546,"data":"[ 227.8 min] 5334 rows written\n"}
,{"stream_name":"stdout","time":13728.632849741,"data":"[ 228.8 min] 5348 rows written\n"}
,{"stream_name":"stdout","time":13788.934860437,"data":"[ 229.8 min] 5368 rows written\n"}
,{"stream_name":"stdout","time":13849.541106624,"data":"[ 230.8 min] 5380 rows written\n"}
,{"stream_name":"stdout","time":13909.955518016,"data":"[ 231.8 min] 5393 rows written\n"}
,{"stream_name":"stdout","time":13970.420134442,"data":"[ 232.8 min] 5409 rows written\n"}
,{"stream_name":"stdout","time":14030.890089971,"data":"[ 233.8 min] 5427 rows written\n"}
,{"stream_name":"stdout","time":14091.469250251,"data":"[ 234.8 min] 5450 rows written\n"}
,{"stream_name":"stdout","time":14151.90995821,"data":"[ 235.8 min] 5473 rows written\n"}
,{"stream_name":"stdout","time":14212.351770647,"data":"[ 236.9 min] 5497 rows written\n"}
,{"stream_name":"stdout","time":14272.715387672,"data":"[ 237.9 min] 5520 rows written\n"}
,{"stream_name":"stdout","time":14333.203263022,"data":"[ 238.9 min] 5542 rows written\n"}
,{"stream_name":"stdout","time":14393.609557972,"data":"[ 239.9 min] 5572 rows written\n"}
,{"stream_name":"stdout","time":14454.203066964,"data":"[ 240.9 min] 5593 rows written\n"}
,{"stream_name":"stdout","time":14514.628185056,"data":"[ 241.9 min] 5625 rows written\n"}
,{"stream_name":"stdout","time":14575.048307002,"data":"[ 242.9 min] 5648 rows written\n"}
,{"stream_name":"stdout","time":14635.486246348,"data":"[ 243.9 min] 5672 rows written\n"}
,{"stream_name":"stdout","time":14695.917841486,"data":"[ 244.9 min] 5703 rows written\n"}
,{"stream_name":"stdout","time":14756.452681428,"data":"[ 245.9 min] 5728 rows written\n"}
,{"stream_name":"stdout","time":14816.907563425,"data":"[ 246.9 min] 5753 rows written\n"}
,{"stream_name":"stdout","time":14877.448430277,"data":"[ 247.9 min] 5782 rows written\n"}
,{"stream_name":"stdout","time":14937.942103869,"data":"[ 248.9 min] 5810 rows written\n"}
,{"stream_name":"stdout","time":14998.465412615,"data":"[ 250.0 min] 5841 rows written\n"}
,{"stream_name":"stdout","time":15059.099095934,"data":"[ 251.0 min] 5870 rows written\n"}
,{"stream_name":"stdout","time":15119.737533339,"data":"[ 252.0 min] 5892 rows written\n"}
,{"stream_name":"stdout","time":15180.238094692,"data":"[ 253.0 min] 5919 rows written\n"}
,{"stream_name":"stdout","time":15240.85350596,"data":"[ 254.0 min] 5952 rows written\n"}
,{"stream_name":"stdout","time":15301.492712821,"data":"[ 255.0 min] 5988 rows written\n"}
,{"stream_name":"stdout","time":15362.035186005,"data":"[ 256.0 min] 6013 rows written\n"}
,{"stream_name":"stdout","time":15422.443082261,"data":"[ 257.0 min] 6047 rows written\n"}
,{"stream_name":"stdout","time":15482.953330799,"data":"[ 258.0 min] 6074 rows written\n"}
,{"stream_name":"stdout","time":15543.34781457,"data":"[ 259.0 min] 6111 rows written\n"}
,{"stream_name":"stdout","time":15603.834115461,"data":"[ 260.0 min] 6135 rows written\n"}
,{"stream_name":"stdout","time":15664.322014456,"data":"[ 261.1 min] 6163 rows written\n"}
,{"stream_name":"stdout","time":15724.805208362,"data":"[ 262.1 min] 6192 rows written\n"}
,{"stream_name":"stdout","time":15785.309834169,"data":"[ 263.1 min] 6218 rows written\n"}
,{"stream_name":"stdout","time":15845.767820346,"data":"[ 264.1 min] 6258 rows written\n"}
,{"stream_name":"stdout","time":15906.214969065,"data":"[ 265.1 min] 6297 rows written\n"}
,{"stream_name":"stdout","time":15966.674699532,"data":"[ 266.1 min] 6331 rows written\n"}
,{"stream_name":"stdout","time":16027.061540088,"data":"[ 267.1 min] 6375 rows written\n"}
,{"stream_name":"stdout","time":16087.489368084,"data":"[ 268.1 min] 6415 rows written\n"}
,{"stream_name":"stdout","time":16147.983646377,"data":"[ 269.1 min] 6441 rows written\n"}
,{"stream_name":"stdout","time":16208.590427876,"data":"[ 270.1 min] 6474 rows written\n"}
,{"stream_name":"stdout","time":16269.114900348,"data":"[ 271.1 min] 6500 rows written\n"}
,{"stream_name":"stdout","time":16329.819045399,"data":"[ 272.1 min] 6535 rows written\n"}
,{"stream_name":"stdout","time":16390.357124668,"data":"[ 273.2 min] 6566 rows written\n"}
,{"stream_name":"stdout","time":16450.935168581,"data":"[ 274.2 min] 6596 rows written\n"}
,{"stream_name":"stdout","time":16511.579681683,"data":"[ 275.2 min] 6635 rows written\n"}
,{"stream_name":"stdout","time":16572.169092155,"data":"[ 276.2 min] 6672 rows written\n"}
,{"stream_name":"stdout","time":16632.662959288,"data":"[ 277.2 min] 6704 rows written\n"}
,{"stream_name":"stdout","time":16693.097406314,"data":"[ 278.2 min] 6727 rows written\n"}
,{"stream_name":"stdout","time":16753.862589795,"data":"[ 279.2 min] 6759 rows written\n"}
,{"stream_name":"stdout","time":16814.390156286,"data":"[ 280.2 min] 6792 rows written\n"}
,{"stream_name":"stdout","time":16875.046454655,"data":"[ 281.2 min] 6827 rows written\n"}
,{"stream_name":"stdout","time":16935.49455472,"data":"[ 282.2 min] 6876 rows written\n"}
,{"stream_name":"stdout","time":16996.202346823,"data":"[ 283.3 min] 6895 rows written\n"}
,{"stream_name":"stdout","time":17056.712726572,"data":"[ 284.3 min] 6917 rows written\n"}
,{"stream_name":"stdout","time":17117.447211772,"data":"[ 285.3 min] 6944 rows written\n"}
,{"stream_name":"stdout","time":17178.124180323,"data":"[ 286.3 min] 7000 rows written\n"}
,{"stream_name":"stdout","time":17238.79352326,"data":"[ 287.3 min] 7062 rows written\n"}
,{"stream_name":"stdout","time":17299.507159856,"data":"[ 288.3 min] 7126 rows written\n"}
,{"stream_name":"stdout","time":17360.02664531,"data":"[ 289.3 min] 7170 rows written\n"}
,{"stream_name":"stdout","time":17420.598694399,"data":"[ 290.3 min] 7215 rows written\n"}
,{"stream_name":"stdout","time":17481.251084056,"data":"[ 291.3 min] 7238 rows written\n"}
,{"stream_name":"stdout","time":17541.856987687,"data":"[ 292.3 min] 7268 rows written\n"}
,{"stream_name":"stdout","time":17602.460301268,"data":"[ 293.4 min] 7303 rows written\n"}
,{"stream_name":"stdout","time":17662.881414574,"data":"[ 294.4 min] 7336 rows written\n"}
,{"stream_name":"stdout","time":17723.349463851,"data":"[ 295.4 min] 7390 rows written\n"}
,{"stream_name":"stdout","time":17783.8194757,"data":"[ 296.4 min] 7426 rows written\n"}
,{"stream_name":"stdout","time":17844.306283446,"data":"[ 297.4 min] 7441 rows written\n"}
,{"stream_name":"stdout","time":17904.794201392,"data":"[ 298.4 min] 7455 rows written\n"}
,{"stream_name":"stdout","time":17965.272634023,"data":"[ 299.4 min] 7478 rows written\n"}
,{"stream_name":"stdout","time":18025.832517977,"data":"[ 300.4 min] 7508 rows written\n"}
,{"stream_name":"stdout","time":18086.410572265,"data":"[ 301.4 min] 7544 rows written\n"}
,{"stream_name":"stdout","time":18147.029226725,"data":"[ 302.4 min] 7572 rows written\n"}
,{"stream_name":"stdout","time":18207.575142246,"data":"[ 303.4 min] 7600 rows written\n"}
,{"stream_name":"stdout","time":18268.156025485,"data":"[ 304.5 min] 7611 rows written\n"}
,{"stream_name":"stdout","time":18328.826703248,"data":"[ 305.5 min] 7633 rows written\n"}
,{"stream_name":"stdout","time":18389.380565366,"data":"[ 306.5 min] 7653 rows written\n"}
,{"stream_name":"stdout","time":18449.950311058,"data":"[ 307.5 min] 7673 rows written\n"}
,{"stream_name":"stdout","time":18510.704135301,"data":"[ 308.5 min] 7688 rows written\n"}
,{"stream_name":"stdout","time":18571.560100223,"data":"[ 309.5 min] 7705 rows written\n"}
,{"stream_name":"stdout","time":18632.157195198,"data":"[ 310.5 min] 7716 rows written\n"}
,{"stream_name":"stdout","time":18692.802116702,"data":"[ 311.5 min] 7728 rows written\n"}
,{"stream_name":"stdout","time":18753.412169688,"data":"[ 312.5 min] 7741 rows written\n"}
,{"stream_name":"stdout","time":18814.35209055,"data":"[ 313.6 min] 7749 rows written\n"}
,{"stream_name":"stdout","time":18875.025015812,"data":"[ 314.6 min] 7756 rows written\n"}
,{"stream_name":"stdout","time":18935.679263305,"data":"[ 315.6 min] 7769 rows written\n"}
,{"stream_name":"stdout","time":18996.196422284,"data":"[ 316.6 min] 7778 rows written\n"}
,{"stream_name":"stdout","time":19056.653824365,"data":"[ 317.6 min] 7792 rows written\n"}
,{"stream_name":"stdout","time":19117.233638105,"data":"[ 318.6 min] 7813 rows written\n"}
,{"stream_name":"stdout","time":19178.078099471,"data":"[ 319.6 min] 7831 rows written\n"}
,{"stream_name":"stdout","time":19238.593411672,"data":"[ 320.6 min] 7846 rows written\n"}
,{"stream_name":"stdout","time":19299.287270493,"data":"[ 321.6 min] 7864 rows written\n"}
,{"stream_name":"stdout","time":19359.866638992,"data":"[ 322.6 min] 7884 rows written\n"}
,{"stream_name":"stdout","time":19420.422688658,"data":"[ 323.7 min] 7913 rows written\n"}
,{"stream_name":"stdout","time":19481.295084899,"data":"[ 324.7 min] 7937 rows written\n"}
,{"stream_name":"stdout","time":19541.894757967,"data":"[ 325.7 min] 7957 rows written\n"}
,{"stream_name":"stdout","time":19602.450780764,"data":"[ 326.7 min] 7979 rows written\n"}
,{"stream_name":"stdout","time":19663.008547661,"data":"[ 327.7 min] 8002 rows written\n"}
,{"stream_name":"stdout","time":19723.542037565,"data":"[ 328.7 min] 8015 rows written\n"}
,{"stream_name":"stdout","time":19784.350740637,"data":"[ 329.7 min] 8027 rows written\n"}
,{"stream_name":"stdout","time":19844.960569722,"data":"[ 330.7 min] 8041 rows written\n"}
,{"stream_name":"stdout","time":19905.68953226,"data":"[ 331.7 min] 8050 rows written\n"}
,{"stream_name":"stdout","time":19966.20696582,"data":"[ 332.8 min] 8063 rows written\n"}
,{"stream_name":"stdout","time":20026.705922463,"data":"[ 333.8 min] 8078 rows written\n"}
,{"stream_name":"stdout","time":20087.383476013,"data":"[ 334.8 min] 8089 rows written\n"}
,{"stream_name":"stdout","time":20148.327677195,"data":"[ 335.8 min] 8100 rows written\n"}
,{"stream_name":"stdout","time":20208.957147829,"data":"[ 336.8 min] 8115 rows written\n"}
,{"stream_name":"stdout","time":20269.644991002,"data":"[ 337.8 min] 8126 rows written\n"}
,{"stream_name":"stdout","time":20330.257377745,"data":"[ 338.8 min] 8136 rows written\n"}
,{"stream_name":"stdout","time":20390.908603197,"data":"[ 339.8 min] 8148 rows written\n"}
,{"stream_name":"stdout","time":20451.500859523,"data":"[ 340.8 min] 8154 rows written\n"}
,{"stream_name":"stdout","time":20512.272730793,"data":"[ 341.9 min] 8178 rows written\n"}
,{"stream_name":"stdout","time":20572.892298086,"data":"[ 342.9 min] 8196 rows written\n"}
,{"stream_name":"stdout","time":20633.512154525,"data":"[ 343.9 min] 8213 rows written\n"}
,{"stream_name":"stdout","time":20694.174752935,"data":"[ 344.9 min] 8227 rows written\n"}
,{"stream_name":"stdout","time":20754.820377373,"data":"[ 345.9 min] 8247 rows written\n"}
,{"stream_name":"stdout","time":20815.497893255,"data":"[ 346.9 min] 8264 rows written\n"}
,{"stream_name":"stdout","time":20876.070443723,"data":"[ 347.9 min] 8278 rows written\n"}
,{"stream_name":"stdout","time":20936.717030502,"data":"[ 348.9 min] 8292 rows written\n"}
,{"stream_name":"stdout","time":20997.371797747,"data":"[ 349.9 min] 8304 rows written\n"}
,{"stream_name":"stdout","time":21058.053020445,"data":"[ 351.0 min] 8321 rows written\n"}
,{"stream_name":"stdout","time":21118.774269908,"data":"[ 352.0 min] 8335 rows written\n"}
,{"stream_name":"stdout","time":21179.423588871,"data":"[ 353.0 min] 8357 rows written\n"}
,{"stream_name":"stdout","time":21239.996663809,"data":"[ 354.0 min] 8373 rows written\n"}
,{"stream_name":"stdout","time":21300.600120724,"data":"[ 355.0 min] 8391 rows written\n"}
,{"stream_name":"stdout","time":21361.23125798,"data":"[ 356.0 min] 8418 rows written\n"}
,{"stream_name":"stdout","time":21421.908101216,"data":"[ 357.0 min] 8433 rows written\n"}
,{"stream_name":"stdout","time":21482.496393162,"data":"[ 358.0 min] 8455 rows written\n"}
,{"stream_name":"stdout","time":21543.152251575,"data":"[ 359.0 min] 8476 rows written\n"}
,{"stream_name":"stdout","time":21603.863838945,"data":"[ 360.0 min] 8489 rows written\n"}
,{"stream_name":"stdout","time":21664.576460571,"data":"[ 361.1 min] 8503 rows written\n"}
,{"stream_name":"stdout","time":21725.15584266,"data":"[ 362.1 min] 8527 rows written\n"}
,{"stream_name":"stdout","time":21785.779203835,"data":"[ 363.1 min] 8556 rows written\n"}
,{"stream_name":"stdout","time":21846.651835297,"data":"[ 364.1 min] 8577 rows written\n"}
,{"stream_name":"stdout","time":21907.387662456,"data":"[ 365.1 min] 8588 rows written\n"}
,{"stream_name":"stdout","time":21968.118593585,"data":"[ 366.1 min] 8607 rows written\n"}
,{"stream_name":"stdout","time":22028.76649082,"data":"[ 367.1 min] 8625 rows written\n"}
,{"stream_name":"stdout","time":22089.637409669,"data":"[ 368.1 min] 8640 rows written\n"}
,{"stream_name":"stdout","time":22150.345370772,"data":"[ 369.2 min] 8656 rows written\n"}
,{"stream_name":"stdout","time":22210.947341638,"data":"[ 370.2 min] 8669 rows written\n"}
,{"stream_name":"stdout","time":22271.997366494,"data":"[ 371.2 min] 8684 rows written\n"}
,{"stream_name":"stdout","time":22332.576226304,"data":"[ 372.2 min] 8702 rows written\n"}
,{"stream_name":"stdout","time":22393.079031766,"data":"[ 373.2 min] 8717 rows written\n"}
,{"stream_name":"stdout","time":22453.778834115,"data":"[ 374.2 min] 8729 rows written\n"}
,{"stream_name":"stdout","time":22514.605354363,"data":"[ 375.2 min] 8744 rows written\n"}
,{"stream_name":"stdout","time":22575.287682974,"data":"[ 376.2 min] 8756 rows written\n"}
,{"stream_name":"stdout","time":22636.010393119,"data":"[ 377.3 min] 8769 rows written\n"}
,{"stream_name":"stdout","time":22696.817877988,"data":"[ 378.3 min] 8784 rows written\n"}
,{"stream_name":"stdout","time":22757.652870561,"data":"[ 379.3 min] 8798 rows written\n"}
,{"stream_name":"stdout","time":22818.455300213,"data":"[ 380.3 min] 8831 rows written\n"}
,{"stream_name":"stdout","time":22879.038546382,"data":"[ 381.3 min] 8860 rows written\n"}
,{"stream_name":"stdout","time":22939.678218276,"data":"[ 382.3 min] 8879 rows written\n"}
,{"stream_name":"stdout","time":23000.315921309,"data":"[ 383.3 min] 8906 rows written\n"}
,{"stream_name":"stdout","time":23061.073573896,"data":"[ 384.3 min] 8923 rows written\n"}
,{"stream_name":"stdout","time":23121.823840847,"data":"[ 385.3 min] 8940 rows written\n"}
,{"stream_name":"stdout","time":23182.405876478,"data":"[ 386.4 min] 8952 rows written\n"}
,{"stream_name":"stdout","time":23243.030128752,"data":"[ 387.4 min] 8966 rows written\n"}
,{"stream_name":"stdout","time":23303.813501705,"data":"[ 388.4 min] 8979 rows written\n"}
,{"stream_name":"stdout","time":23364.642824897,"data":"[ 389.4 min] 8996 rows written\n"}
,{"stream_name":"stdout","time":23425.223876864,"data":"[ 390.4 min] 9013 rows written\n"}
,{"stream_name":"stdout","time":23485.893087834,"data":"[ 391.4 min] 9033 rows written\n"}
,{"stream_name":"stdout","time":23546.44299,"data":"[ 392.4 min] 9053 rows written\n"}
,{"stream_name":"stdout","time":23607.140134664,"data":"[ 393.4 min] 9069 rows written\n"}
,{"stream_name":"stdout","time":23667.816409995,"data":"[ 394.4 min] 9087 rows written\n"}
,{"stream_name":"stdout","time":23728.641964634,"data":"[ 395.5 min] 9102 rows written\n"}
,{"stream_name":"stdout","time":23789.310366341,"data":"[ 396.5 min] 9130 rows written\n"}
,{"stream_name":"stdout","time":23852.445435864,"data":"[ 397.5 min] 9161 rows written\n"}
,{"stream_name":"stdout","time":23913.181598233,"data":"[ 398.5 min] 9190 rows written\n"}
,{"stream_name":"stdout","time":23973.853574652,"data":"[ 399.5 min] 9222 rows written\n"}
,{"stream_name":"stdout","time":24034.506398457,"data":"[ 400.6 min] 9250 rows written\n"}
,{"stream_name":"stdout","time":24095.213811245,"data":"[ 401.6 min] 9272 rows written\n"}
,{"stream_name":"stdout","time":24155.779877389,"data":"[ 402.6 min] 9286 rows written\n"}
,{"stream_name":"stdout","time":24216.422097215,"data":"[ 403.6 min] 9303 rows written\n"}
,{"stream_name":"stdout","time":24277.093244775,"data":"[ 404.6 min] 9319 rows written\n"}
,{"stream_name":"stdout","time":24337.832782877,"data":"[ 405.6 min] 9345 rows written\n"}
,{"stream_name":"stdout","time":24398.680580137,"data":"[ 406.6 min] 9375 rows written\n"}
,{"stream_name":"stdout","time":24459.373006115,"data":"[ 407.6 min] 9405 rows written\n"}
,{"stream_name":"stdout","time":24520.047125558,"data":"[ 408.7 min] 9431 rows written\n"}
,{"stream_name":"stdout","time":24580.682421057,"data":"[ 409.7 min] 9465 rows written\n"}
,{"stream_name":"stdout","time":24641.478774574,"data":"[ 410.7 min] 9503 rows written\n"}
,{"stream_name":"stdout","time":24702.167892509,"data":"[ 411.7 min] 9544 rows written\n"}
,{"stream_name":"stdout","time":24763.242118953,"data":"[ 412.7 min] 9584 rows written\n"}
,{"stream_name":"stdout","time":24824.579027792,"data":"[ 413.7 min] 9625 rows written\n"}
,{"stream_name":"stdout","time":24885.498214757,"data":"[ 414.7 min] 9657 rows written\n"}
,{"stream_name":"stdout","time":24946.343717661,"data":"[ 415.8 min] 9672 rows written\n"}
,{"stream_name":"stdout","time":25007.116011819,"data":"[ 416.8 min] 9685 rows written\n"}
,{"stream_name":"stdout","time":25067.714078861,"data":"[ 417.8 min] 9699 rows written\n"}
,{"stream_name":"stdout","time":25128.466101206,"data":"[ 418.8 min] 9706 rows written\n"}
,{"stream_name":"stdout","time":25189.326921933,"data":"[ 419.8 min] 9721 rows written\n"}
,{"stream_name":"stdout","time":25250.317102088,"data":"[ 420.8 min] 9734 rows written\n"}
,{"stream_name":"stdout","time":25311.040342822,"data":"[ 421.8 min] 9743 rows written\n"}
,{"stream_name":"stdout","time":25371.688025192,"data":"[ 422.8 min] 9761 rows written\n"}
,{"stream_name":"stdout","time":25432.379411923,"data":"[ 423.9 min] 9784 rows written\n"}
,{"stream_name":"stdout","time":25493.087984721,"data":"[ 424.9 min] 9806 rows written\n"}
,{"stream_name":"stdout","time":25553.811166706,"data":"[ 425.9 min] 9831 rows written\n"}
,{"stream_name":"stdout","time":25614.585456429,"data":"[ 426.9 min] 9858 rows written\n"}
,{"stream_name":"stdout","time":25675.136559208,"data":"[ 427.9 min] 9887 rows written\n"}
,{"stream_name":"stdout","time":25735.847559358,"data":"[ 428.9 min] 9916 rows written\n"}
,{"stream_name":"stdout","time":25796.554841495,"data":"[ 429.9 min] 9935 rows written\n"}
,{"stream_name":"stdout","time":25857.208040217,"data":"[ 430.9 min] 9950 rows written\n"}
,{"stream_name":"stdout","time":25917.982989614,"data":"[ 431.9 min] 9962 rows written\n"}
,{"stream_name":"stdout","time":25978.754824298,"data":"[ 433.0 min] 9971 rows written\n"}
,{"stream_name":"stdout","time":26039.763463224,"data":"[ 434.0 min] 9982 rows written\n"}
,{"stream_name":"stdout","time":26100.432290107,"data":"[ 435.0 min] 9993 rows written\n"}
,{"stream_name":"stdout","time":26161.180496545,"data":"[ 436.0 min] 10005 rows written\n"}
,{"stream_name":"stdout","time":26221.962053331,"data":"[ 437.0 min] 10018 rows written\n"}
,{"stream_name":"stdout","time":26282.608573033,"data":"[ 438.0 min] 10028 rows written\n"}
,{"stream_name":"stdout","time":26343.333800112,"data":"[ 439.0 min] 10046 rows written\n"}
,{"stream_name":"stdout","time":26404.140897072,"data":"[ 440.1 min] 10057 rows written\n"}
,{"stream_name":"stdout","time":26464.953564042,"data":"[ 441.1 min] 10064 rows written\n"}
,{"stream_name":"stdout","time":26525.594088419,"data":"[ 442.1 min] 10080 rows written\n"}
,{"stream_name":"stdout","time":26586.435648434,"data":"[ 443.1 min] 10097 rows written\n"}
,{"stream_name":"stdout","time":26647.43313295,"data":"[ 444.1 min] 10106 rows written\n"}
,{"stream_name":"stdout","time":26708.465885182,"data":"[ 445.1 min] 10121 rows written\n"}
,{"stream_name":"stdout","time":26769.3413332,"data":"[ 446.1 min] 10144 rows written\n"}
,{"stream_name":"stdout","time":26830.151185216,"data":"[ 447.2 min] 10166 rows written\n"}
,{"stream_name":"stdout","time":26890.907106781,"data":"[ 448.2 min] 10178 rows written\n"}
,{"stream_name":"stdout","time":26952.068088134,"data":"[ 449.2 min] 10188 rows written\n"}
,{"stream_name":"stdout","time":27012.837377418,"data":"[ 450.2 min] 10200 rows written\n"}
,{"stream_name":"stdout","time":27073.76270212,"data":"[ 451.2 min] 10217 rows written\n"}
,{"stream_name":"stdout","time":27134.590709125,"data":"[ 452.2 min] 10231 rows written\n"}
,{"stream_name":"stdout","time":27195.259267777,"data":"[ 453.2 min] 10238 rows written\n"}
,{"stream_name":"stdout","time":27256.34160736,"data":"[ 454.3 min] 10252 rows written\n"}
,{"stream_name":"stdout","time":27316.954038981,"data":"[ 455.3 min] 10264 rows written\n"}
,{"stream_name":"stdout","time":27377.729419114,"data":"[ 456.3 min] 10274 rows written\n"}
,{"stream_name":"stdout","time":27438.392097373,"data":"[ 457.3 min] 10288 rows written\n"}
,{"stream_name":"stdout","time":27499.134110428,"data":"[ 458.3 min] 10308 rows written\n"}
,{"stream_name":"stdout","time":27559.896972753,"data":"[ 459.3 min] 10327 rows written\n"}
,{"stream_name":"stdout","time":27620.687248444,"data":"[ 460.3 min] 10343 rows written\n"}
,{"stream_name":"stdout","time":27681.53024104,"data":"[ 461.3 min] 10357 rows written\n"}
,{"stream_name":"stdout","time":27742.549773663,"data":"[ 462.4 min] 10370 rows written\n"}
,{"stream_name":"stdout","time":27803.274014938,"data":"[ 463.4 min] 10391 rows written\n"}
,{"stream_name":"stdout","time":27863.980890621,"data":"[ 464.4 min] 10416 rows written\n"}
,{"stream_name":"stdout","time":27924.745623382,"data":"[ 465.4 min] 10439 rows written\n"}
,{"stream_name":"stdout","time":27985.661831408,"data":"[ 466.4 min] 10460 rows written\n"}
,{"stream_name":"stdout","time":28046.466485578,"data":"[ 467.4 min] 10480 rows written\n"}
,{"stream_name":"stdout","time":28107.274837495,"data":"[ 468.4 min] 10498 rows written\n"}
,{"stream_name":"stdout","time":28168.199264052,"data":"[ 469.5 min] 10509 rows written\n"}
,{"stream_name":"stdout","time":28228.92886509,"data":"[ 470.5 min] 10522 rows written\n"}
,{"stream_name":"stdout","time":28289.877217189,"data":"[ 471.5 min] 10531 rows written\n"}
,{"stream_name":"stdout","time":28351.125097477,"data":"[ 472.5 min] 10547 rows written\n"}
,{"stream_name":"stdout","time":28412.004577637,"data":"[ 473.5 min] 10562 rows written\n"}
,{"stream_name":"stdout","time":28472.771535446,"data":"[ 474.5 min] 10587 rows written\n"}
,{"stream_name":"stdout","time":28533.78307309,"data":"[ 475.5 min] 10614 rows written\n"}
,{"stream_name":"stdout","time":28594.686937483,"data":"[ 476.6 min] 10644 rows written\n"}
,{"stream_name":"stdout","time":28655.42947927,"data":"[ 477.6 min] 10676 rows written\n"}
,{"stream_name":"stdout","time":28716.277635594,"data":"[ 478.6 min] 10707 rows written\n"}
,{"stream_name":"stdout","time":28777.053077712,"data":"[ 479.6 min] 10740 rows written\n"}
,{"stream_name":"stdout","time":28837.870150617,"data":"[ 480.6 min] 10763 rows written\n"}
,{"stream_name":"stdout","time":28898.905761007,"data":"[ 481.6 min] 10794 rows written\n"}
,{"stream_name":"stdout","time":28959.674521632,"data":"[ 482.6 min] 10809 rows written\n"}
,{"stream_name":"stdout","time":29020.63811212,"data":"[ 483.7 min] 10827 rows written\n"}
,{"stream_name":"stdout","time":29081.557121491,"data":"[ 484.7 min] 10844 rows written\n"}
,{"stream_name":"stdout","time":29142.376687961,"data":"[ 485.7 min] 10865 rows written\n"}
,{"stream_name":"stdout","time":29203.27914012,"data":"[ 486.7 min] 10884 rows written\n"}
,{"stream_name":"stdout","time":29264.191640365,"data":"[ 487.7 min] 10904 rows written\n"}
,{"stream_name":"stdout","time":29324.919261954,"data":"[ 488.7 min] 10925 rows written\n"}
,{"stream_name":"stdout","time":29385.732216187,"data":"[ 489.7 min] 10941 rows written\n"}
,{"stream_name":"stdout","time":29446.681077726,"data":"[ 490.8 min] 10959 rows written\n"}
,{"stream_name":"stdout","time":29507.402364453,"data":"[ 491.8 min] 10982 rows written\n"}
,{"stream_name":"stdout","time":29568.2904494,"data":"[ 492.8 min] 10996 rows written\n"}
,{"stream_name":"stdout","time":29629.06287389,"data":"[ 493.8 min] 11006 rows written\n"}
,{"stream_name":"stdout","time":29689.879287865,"data":"[ 494.8 min] 11018 rows written\n"}
,{"stream_name":"stdout","time":29750.772758265,"data":"[ 495.8 min] 11041 rows written\n"}
,{"stream_name":"stdout","time":29811.741430865,"data":"[ 496.8 min] 11067 rows written\n"}
,{"stream_name":"stdout","time":29872.592811542,"data":"[ 497.9 min] 11082 rows written\n"}
,{"stream_name":"stdout","time":29933.405084291,"data":"[ 498.9 min] 11097 rows written\n"}
,{"stream_name":"stdout","time":29994.215261329,"data":"[ 499.9 min] 11113 rows written\n"}
,{"stream_name":"stdout","time":30054.901216831,"data":"[ 500.9 min] 11125 rows written\n"}
,{"stream_name":"stdout","time":30115.607563295,"data":"[ 501.9 min] 11137 rows written\n"}
,{"stream_name":"stdout","time":30176.400872192,"data":"[ 502.9 min] 11150 rows written\n"}
,{"stream_name":"stdout","time":30237.194294573,"data":"[ 503.9 min] 11161 rows written\n"}
,{"stream_name":"stdout","time":30298.059790577,"data":"[ 505.0 min] 11173 rows written\n"}
,{"stream_name":"stdout","time":30359.046407512,"data":"[ 506.0 min] 11190 rows written\n"}
,{"stream_name":"stdout","time":30420.128163091,"data":"[ 507.0 min] 11214 rows written\n"}
,{"stream_name":"stdout","time":30480.93792991,"data":"[ 508.0 min] 11234 rows written\n"}
,{"stream_name":"stdout","time":30541.895740297,"data":"[ 509.0 min] 11245 rows written\n"}
,{"stream_name":"stdout","time":30602.775687928,"data":"[ 510.0 min] 11258 rows written\n"}
,{"stream_name":"stdout","time":30663.578868132,"data":"[ 511.0 min] 11278 rows written\n"}
,{"stream_name":"stdout","time":30724.411435694,"data":"[ 512.1 min] 11306 rows written\n"}
,{"stream_name":"stdout","time":30785.276224198,"data":"[ 513.1 min] 11327 rows written\n"}
,{"stream_name":"stdout","time":30846.138906708,"data":"[ 514.1 min] 11348 rows written\n"}
,{"stream_name":"stdout","time":30907.023816697,"data":"[ 515.1 min] 11370 rows written\n"}
,{"stream_name":"stdout","time":30968.036639325,"data":"[ 516.1 min] 11390 rows written\n"}
,{"stream_name":"stdout","time":31028.973716559,"data":"[ 517.1 min] 11398 rows written\n"}
,{"stream_name":"stdout","time":31089.67977139,"data":"[ 518.1 min] 11409 rows written\n"}
,{"stream_name":"stdout","time":31150.691781152,"data":"[ 519.2 min] 11422 rows written\n"}
,{"stream_name":"stdout","time":31211.653550418,"data":"[ 520.2 min] 11440 rows written\n"}
,{"stream_name":"stdout","time":31272.478703757,"data":"[ 521.2 min] 11456 rows written\n"}
,{"stream_name":"stdout","time":31333.235682809,"data":"[ 522.2 min] 11466 rows written\n"}
,{"stream_name":"stdout","time":31394.033893609,"data":"[ 523.2 min] 11477 rows written\n"}
,{"stream_name":"stdout","time":31454.995272894,"data":"[ 524.2 min] 11487 rows written\n"}
,{"stream_name":"stdout","time":31515.836181206,"data":"[ 525.2 min] 11501 rows written\n"}
,{"stream_name":"stdout","time":31577.043621542,"data":"[ 526.3 min] 11512 rows written\n"}
,{"stream_name":"stdout","time":31637.825275681,"data":"[ 527.3 min] 11528 rows written\n"}
,{"stream_name":"stdout","time":31698.713866199,"data":"[ 528.3 min] 11565 rows written\n"}
,{"stream_name":"stdout","time":31759.601014801,"data":"[ 529.3 min] 11601 rows written\n"}
,{"stream_name":"stdout","time":31820.42946407,"data":"[ 530.3 min] 11643 rows written\n"}
,{"stream_name":"stdout","time":31881.449865246,"data":"[ 531.3 min] 11678 rows written\n"}
,{"stream_name":"stdout","time":31942.304513495,"data":"[ 532.4 min] 11704 rows written\n"}
,{"stream_name":"stdout","time":32003.051718995,"data":"[ 533.4 min] 11727 rows written\n"}
,{"stream_name":"stdout","time":32063.808148558,"data":"[ 534.4 min] 11746 rows written\n"}
,{"stream_name":"stdout","time":32124.69216329,"data":"[ 535.4 min] 11757 rows written\n"}
,{"stream_name":"stdout","time":32185.652543976,"data":"[ 536.4 min] 11774 rows written\n"}
,{"stream_name":"stdout","time":32246.410464366,"data":"[ 537.4 min] 11793 rows written\n"}
,{"stream_name":"stdout","time":32307.328073915,"data":"[ 538.4 min] 11816 rows written\n"}
,{"stream_name":"stdout","time":32368.60768191,"data":"[ 539.5 min] 11851 rows written\n"}
,{"stream_name":"stdout","time":32429.485725813,"data":"[ 540.5 min] 11881 rows written\n"}
,{"stream_name":"stdout","time":32490.333224705,"data":"[ 541.5 min] 11911 rows written\n"}
,{"stream_name":"stdout","time":32551.392599297,"data":"[ 542.5 min] 11944 rows written\n"}
,{"stream_name":"stdout","time":32612.407668767,"data":"[ 543.5 min] 11965 rows written\n"}
,{"stream_name":"stdout","time":32673.412824422,"data":"[ 544.5 min] 11986 rows written\n"}
,{"stream_name":"stdout","time":32734.552775722,"data":"[ 545.6 min] 12007 rows written\n"}
,{"stream_name":"stdout","time":32795.331021011,"data":"[ 546.6 min] 12033 rows written\n"}
,{"stream_name":"stdout","time":32856.104107552,"data":"[ 547.6 min] 12043 rows written\n"}
,{"stream_name":"stdout","time":32917.047355997,"data":"[ 548.6 min] 12057 rows written\n"}
,{"stream_name":"stdout","time":32978.021019271,"data":"[ 549.6 min] 12065 rows written\n"}
,{"stream_name":"stdout","time":33038.93362638,"data":"[ 550.6 min] 12078 rows written\n"}
,{"stream_name":"stdout","time":33099.833958455,"data":"[ 551.6 min] 12090 rows written\n"}
,{"stream_name":"stdout","time":33161.082386604,"data":"[ 552.7 min] 12102 rows written\n"}
,{"stream_name":"stdout","time":33222.056140433,"data":"[ 553.7 min] 12118 rows written\n"}
,{"stream_name":"stdout","time":33283.005978512,"data":"[ 554.7 min] 12131 rows written\n"}
,{"stream_name":"stdout","time":33343.833749938,"data":"[ 555.7 min] 12145 rows written\n"}
,{"stream_name":"stdout","time":33404.60837113,"data":"[ 556.7 min] 12157 rows written\n"}
,{"stream_name":"stdout","time":33465.503175788,"data":"[ 557.7 min] 12170 rows written\n"}
,{"stream_name":"stdout","time":33526.381187325,"data":"[ 558.8 min] 12181 rows written\n"}
,{"stream_name":"stdout","time":33587.300178775,"data":"[ 559.8 min] 12194 rows written\n"}
,{"stream_name":"stdout","time":33648.494595957,"data":"[ 560.8 min] 12206 rows written\n"}
,{"stream_name":"stdout","time":33709.452334407,"data":"[ 561.8 min] 12220 rows written\n"}
,{"stream_name":"stdout","time":33770.550609079,"data":"[ 562.8 min] 12235 rows written\n"}
,{"stream_name":"stdout","time":33831.481980216,"data":"[ 563.8 min] 12247 rows written\n"}
,{"stream_name":"stdout","time":33892.725150586,"data":"[ 564.9 min] 12253 rows written\n"}
,{"stream_name":"stdout","time":33953.571391601,"data":"[ 565.9 min] 12269 rows written\n"}
,{"stream_name":"stdout","time":34014.439982707,"data":"[ 566.9 min] 12279 rows written\n"}
,{"stream_name":"stdout","time":34075.485710917,"data":"[ 567.9 min] 12292 rows written\n"}
,{"stream_name":"stdout","time":34136.391384754,"data":"[ 568.9 min] 12303 rows written\n"}
,{"stream_name":"stdout","time":34197.805964631,"data":"[ 569.9 min] 12317 rows written\n"}
,{"stream_name":"stdout","time":34258.988147663,"data":"[ 571.0 min] 12335 rows written\n"}
,{"stream_name":"stdout","time":34319.83003716,"data":"[ 572.0 min] 12350 rows written\n"}
,{"stream_name":"stdout","time":34380.738006823,"data":"[ 573.0 min] 12364 rows written\n"}
,{"stream_name":"stdout","time":34441.792418039,"data":"[ 574.0 min] 12384 rows written\n"}
,{"stream_name":"stdout","time":34502.6584289,"data":"[ 575.0 min] 12401 rows written\n"}
,{"stream_name":"stdout","time":34563.737143383,"data":"[ 576.0 min] 12418 rows written\n"}
,{"stream_name":"stdout","time":34624.672938093,"data":"[ 577.1 min] 12429 rows written\n"}
,{"stream_name":"stdout","time":34685.557368453,"data":"[ 578.1 min] 12448 rows written\n"}
,{"stream_name":"stdout","time":34746.456092246,"data":"[ 579.1 min] 12462 rows written\n"}
,{"stream_name":"stdout","time":34807.426190107,"data":"[ 580.1 min] 12481 rows written\n"}
,{"stream_name":"stdout","time":34868.238649787,"data":"[ 581.1 min] 12498 rows written\n"}
,{"stream_name":"stdout","time":34929.398891424,"data":"[ 582.1 min] 12517 rows written\n"}
,{"stream_name":"stdout","time":34990.321337337,"data":"[ 583.2 min] 12533 rows written\n"}
,{"stream_name":"stdout","time":35051.31257335,"data":"[ 584.2 min] 12546 rows written\n"}
,{"stream_name":"stdout","time":35112.238438885,"data":"[ 585.2 min] 12557 rows written\n"}
,{"stream_name":"stdout","time":35173.468035845,"data":"[ 586.2 min] 12569 rows written\n"}
,{"stream_name":"stdout","time":35234.554318884,"data":"[ 587.2 min] 12583 rows written\n"}
,{"stream_name":"stdout","time":35295.415869205,"data":"[ 588.2 min] 12596 rows written\n"}
,{"stream_name":"stdout","time":35356.917822798,"data":"[ 589.3 min] 12609 rows written\n"}
,{"stream_name":"stdout","time":35418.119044667,"data":"[ 590.3 min] 12624 rows written\n"}
,{"stream_name":"stdout","time":35479.2399257,"data":"[ 591.3 min] 12640 rows written\n"}
,{"stream_name":"stdout","time":35540.270439518,"data":"[ 592.3 min] 12659 rows written\n"}
,{"stream_name":"stdout","time":35601.366814531,"data":"[ 593.3 min] 12677 rows written\n"}
,{"stream_name":"stdout","time":35662.530633222,"data":"[ 594.4 min] 12687 rows written\n"}
,{"stream_name":"stdout","time":35723.743213057,"data":"[ 595.4 min] 12695 rows written\n"}
,{"stream_name":"stdout","time":35784.860966113,"data":"[ 596.4 min] 12706 rows written\n"}
,{"stream_name":"stdout","time":35845.864124337,"data":"[ 597.4 min] 12716 rows written\n"}
,{"stream_name":"stdout","time":35906.993848055,"data":"[ 598.4 min] 12725 rows written\n"}
,{"stream_name":"stdout","time":35967.867042607,"data":"[ 599.4 min] 12736 rows written\n"}
,{"stream_name":"stdout","time":36028.738044288,"data":"[ 600.5 min] 12755 rows written\n"}
,{"stream_name":"stdout","time":36089.55554467,"data":"[ 601.5 min] 12776 rows written\n"}
,{"stream_name":"stdout","time":36150.583333944,"data":"[ 602.5 min] 12797 rows written\n"}
,{"stream_name":"stdout","time":36211.805835296,"data":"[ 603.5 min] 12816 rows written\n"}
,{"stream_name":"stdout","time":36272.811635421,"data":"[ 604.5 min] 12834 rows written\n"}
,{"stream_name":"stdout","time":36335.31738519,"data":"[ 605.6 min] 12847 rows written\n"}
,{"stream_name":"stdout","time":36396.430327244,"data":"[ 606.6 min] 12864 rows written\n"}
,{"stream_name":"stdout","time":36457.349273754,"data":"[ 607.6 min] 12878 rows written\n"}
,{"stream_name":"stdout","time":36518.5326836,"data":"[ 608.6 min] 12886 rows written\n"}
,{"stream_name":"stdout","time":36579.479398787,"data":"[ 609.6 min] 12893 rows written\n"}
,{"stream_name":"stdout","time":36640.533191147,"data":"[ 610.7 min] 12909 rows written\n"}
,{"stream_name":"stdout","time":36701.641701516,"data":"[ 611.7 min] 12928 rows written\n"}
,{"stream_name":"stdout","time":36762.540736452,"data":"[ 612.7 min] 12943 rows written\n"}
,{"stream_name":"stdout","time":36823.314752225,"data":"[ 613.7 min] 12959 rows written\n"}
,{"stream_name":"stdout","time":36884.373505062,"data":"[ 614.7 min] 12986 rows written\n"}
,{"stream_name":"stdout","time":36945.66093946,"data":"[ 615.7 min] 13011 rows written\n"}
,{"stream_name":"stdout","time":37006.469936043,"data":"[ 616.8 min] 13040 rows written\n"}
,{"stream_name":"stdout","time":37067.593480947,"data":"[ 617.8 min] 13056 rows written\n"}
,{"stream_name":"stdout","time":37128.869436653,"data":"[ 618.8 min] 13070 rows written\n"}
,{"stream_name":"stdout","time":37189.946285879,"data":"[ 619.8 min] 13084 rows written\n"}
,{"stream_name":"stdout","time":37251.23812628,"data":"[ 620.8 min] 13101 rows written\n"}
,{"stream_name":"stdout","time":37312.259605195,"data":"[ 621.9 min] 13124 rows written\n"}
,{"stream_name":"stdout","time":37373.146034608,"data":"[ 622.9 min] 13147 rows written\n"}
,{"stream_name":"stdout","time":37434.411477752,"data":"[ 623.9 min] 13164 rows written\n"}
,{"stream_name":"stdout","time":37495.617784979,"data":"[ 624.9 min] 13183 rows written\n"}
,{"stream_name":"stdout","time":37556.461250912,"data":"[ 625.9 min] 13195 rows written\n"}
,{"stream_name":"stdout","time":37617.511891893,"data":"[ 626.9 min] 13208 rows written\n"}
,{"stream_name":"stdout","time":37678.587842357,"data":"[ 628.0 min] 13220 rows written\n"}
,{"stream_name":"stdout","time":37739.542218137,"data":"[ 629.0 min] 13234 rows written\n"}
,{"stream_name":"stdout","time":37800.546947464,"data":"[ 630.0 min] 13248 rows written\n"}
,{"stream_name":"stdout","time":37861.607291399,"data":"[ 631.0 min] 13269 rows written\n"}
,{"stream_name":"stdout","time":37922.692943562,"data":"[ 632.0 min] 13286 rows written\n"}
,{"stream_name":"stdout","time":37983.580228343,"data":"[ 633.0 min] 13302 rows written\n"}
,{"stream_name":"stdout","time":38044.506020993,"data":"[ 634.1 min] 13315 rows written\n"}
,{"stream_name":"stdout","time":38105.34580456,"data":"[ 635.1 min] 13332 rows written\n"}
,{"stream_name":"stdout","time":38166.296896148,"data":"[ 636.1 min] 13357 rows written\n"}
,{"stream_name":"stdout","time":38227.245597114,"data":"[ 637.1 min] 13382 rows written\n"}
,{"stream_name":"stdout","time":38288.106384398,"data":"[ 638.1 min] 13421 rows written\n"}
,{"stream_name":"stdout","time":38349.237045219,"data":"[ 639.1 min] 13455 rows written\n"}
,{"stream_name":"stdout","time":38410.342866086,"data":"[ 640.2 min] 13486 rows written\n"}
,{"stream_name":"stdout","time":38471.549048719,"data":"[ 641.2 min] 13516 rows written\n"}
,{"stream_name":"stdout","time":38532.427988244,"data":"[ 642.2 min] 13543 rows written\n"}
,{"stream_name":"stdout","time":38593.148955422,"data":"[ 643.2 min] 13555 rows written\n"}
,{"stream_name":"stdout","time":38653.896409464,"data":"[ 644.2 min] 13566 rows written\n"}
,{"stream_name":"stdout","time":38714.619028112,"data":"[ 645.2 min] 13573 rows written\n"}
,{"stream_name":"stdout","time":38775.33515408,"data":"[ 646.2 min] 13585 rows written\n"}
,{"stream_name":"stdout","time":38836.035626934,"data":"[ 647.3 min] 13604 rows written\n"}
,{"stream_name":"stdout","time":38896.764348321,"data":"[ 648.3 min] 13627 rows written\n"}
,{"stream_name":"stdout","time":38957.473436235,"data":"[ 649.3 min] 13652 rows written\n"}
,{"stream_name":"stdout","time":39018.210770529,"data":"[ 650.3 min] 13683 rows written\n"}
,{"stream_name":"stdout","time":39078.93580611,"data":"[ 651.3 min] 13705 rows written\n"}
,{"stream_name":"stdout","time":39139.654636204,"data":"[ 652.3 min] 13735 rows written\n"}
,{"stream_name":"stdout","time":39200.399386329,"data":"[ 653.3 min] 13761 rows written\n"}
,{"stream_name":"stdout","time":39261.192540496,"data":"[ 654.3 min] 13792 rows written\n"}
,{"stream_name":"stdout","time":39322.010423684,"data":"[ 655.4 min] 13808 rows written\n"}
,{"stream_name":"stdout","time":39382.80392445,"data":"[ 656.4 min] 13816 rows written\n"}
,{"stream_name":"stdout","time":39443.591641988,"data":"[ 657.4 min] 13834 rows written\n"}
,{"stream_name":"stdout","time":39504.310959177,"data":"[ 658.4 min] 13851 rows written\n"}
,{"stream_name":"stdout","time":39565.054639859,"data":"[ 659.4 min] 13871 rows written\n"}
,{"stream_name":"stdout","time":39625.887725771,"data":"[ 660.4 min] 13883 rows written\n"}
,{"stream_name":"stdout","time":39686.604981617,"data":"[ 661.4 min] 13892 rows written\n"}
,{"stream_name":"stdout","time":39747.272975535,"data":"[ 662.4 min] 13909 rows written\n"}
,{"stream_name":"stdout","time":39808.008955471,"data":"[ 663.5 min] 13939 rows written\n"}
,{"stream_name":"stdout","time":39868.865394332,"data":"[ 664.5 min] 13963 rows written\n"}
,{"stream_name":"stdout","time":39929.643471426,"data":"[ 665.5 min] 13975 rows written\n"}
,{"stream_name":"stdout","time":39990.586165752,"data":"[ 666.5 min] 13979 rows written\n"}
,{"stream_name":"stdout","time":40051.357260177,"data":"[ 667.5 min] 13986 rows written\n"}
,{"stream_name":"stdout","time":40112.169803319,"data":"[ 668.5 min] 13995 rows written\n"}
,{"stream_name":"stdout","time":40172.928074942,"data":"[ 669.5 min] 14007 rows written\n"}
,{"stream_name":"stdout","time":40233.679608533,"data":"[ 670.5 min] 14022 rows written\n"}
,{"stream_name":"stdout","time":40294.409312382,"data":"[ 671.6 min] 14048 rows written\n"}
,{"stream_name":"stdout","time":40355.284531099,"data":"[ 672.6 min] 14074 rows written\n"}
,{"stream_name":"stdout","time":40416.00147817,"data":"[ 673.6 min] 14094 rows written\n"}
,{"stream_name":"stdout","time":40476.86955238,"data":"[ 674.6 min] 14108 rows written\n"}
,{"stream_name":"stdout","time":40537.673194486,"data":"[ 675.6 min] 14133 rows written\n"}
,{"stream_name":"stdout","time":40598.416043866,"data":"[ 676.6 min] 14162 rows written\n"}
,{"stream_name":"stdout","time":40659.165228499,"data":"[ 677.6 min] 14189 rows written\n"}
,{"stream_name":"stdout","time":40719.919106008,"data":"[ 678.6 min] 14219 rows written\n"}
,{"stream_name":"stdout","time":40780.635002761,"data":"[ 679.7 min] 14242 rows written\n"}
,{"stream_name":"stdout","time":40841.243594028,"data":"[ 680.7 min] 14275 rows written\n"}
,{"stream_name":"stdout","time":40901.958256948,"data":"[ 681.7 min] 14303 rows written\n"}
,{"stream_name":"stdout","time":40962.521776739,"data":"[ 682.7 min] 14324 rows written\n"}
,{"stream_name":"stdout","time":41022.929214306,"data":"[ 683.7 min] 14330 rows written\n"}
,{"stream_name":"stdout","time":41083.347128821,"data":"[ 684.7 min] 14336 rows written\n"}
,{"stream_name":"stdout","time":41143.7905754,"data":"[ 685.7 min] 14342 rows written\n"}
,{"stream_name":"stdout","time":41204.195636507,"data":"[ 686.7 min] 14346 rows written\n"}
,{"stream_name":"stdout","time":41264.737035223,"data":"[ 687.7 min] 14350 rows written\n"}
,{"stream_name":"stdout","time":41325.218663145,"data":"[ 688.7 min] 14354 rows written\n"}
,{"stream_name":"stdout","time":41385.626589677,"data":"[ 689.7 min] 14357 rows written\n"}
,{"stream_name":"stdout","time":41446.061828581,"data":"[ 690.8 min] 14364 rows written\n"}
,{"stream_name":"stdout","time":41446.0619261,"data":"[ 690.8 min] deadline reached; stopping benchmark processes (rows so far are kept)\n"}
,{"stream_name":"stdout","time":41446.063436487,"data":"[ 690.8 min] done\n"}
,{"stream_name":"stderr","time":41449.605401066,"data":"/usr/local/lib/python3.12/dist-packages/mistune.py:435: SyntaxWarning: invalid escape sequence '\\|'\n"}
,{"stream_name":"stderr","time":41449.610863084,"data":"  cells[i][c] = re.sub('\\\\\\\\\\|', '|', cell)\n"}
,{"stream_name":"stderr","time":41450.060151012,"data":"/usr/local/lib/python3.12/dist-packages/nbconvert/filters/filter_links.py:36: SyntaxWarning: invalid escape sequence '\\_'\n"}
,{"stream_name":"stderr","time":41450.060182819,"data":"  text = re.sub(r'_', '\\_', text) # Escape underscores in display text\n"}
,{"stream_name":"stderr","time":41451.921101468,"data":"[NbConvertApp] Converting notebook __script__.ipynb to html\n"}
,{"stream_name":"stderr","time":41453.783948198,"data":"[NbConvertApp] Writing 310154 bytes to __results__.html\n"}
]