[{"stream_name":"stdout","time":1.278009769,"data":"[   0.0 min] code in /kaggle/tmp/qaari; config {'reciters': ['Abdurrahmaan_As-Sudais_192kbps', 'Abdullaah_3awwaad_Al-Juhaynee_128kbps', 'Saood_ash-Shuraym_128kbps', 'Nasser_Alqatami_128kbps', 'Yasser_Ad-Dussary_128kbps', 'Husary_128kbps', 'Husary_Muallim_128kbps', 'Minshawy_Murattal_128kbps', 'Hudhaify_128kbps', 'Abdul_Basit_Murattal_192kbps', 'Alafasy_128kbps'], 'verses': 'all', 'modes': ['studio', 'taraweeh_adapted'], 'procs': 4, 'shard_base': 8, 'shard_total': 20, 'octave': False, 'tag': 'fill', 'pip': 'praat-parselmouth faiss-cpu nara_wpe soxr speechbrain', 'hours': 11.5, 'skip_done': 'benchmarks/done_full.json'}\n"}
,{"stream_name":"stdout","time":33.306161935,"data":"[   0.5 min] internet: OFF (kernel internet disabled; using the attached qaari-eval-deps bundle)\n"}
,{"stream_name":"stdout","time":33.344002068,"data":"[   0.5 min] $ /usr/bin/python3 -m pip install -q --no-index --find-links /kaggle/input/datasets/razanashrafalnajjar/qaari-eval-deps/wheels ruamel.yaml.clib\n"}
,{"stream_name":"stdout","time":38.67787072,"data":"[   0.6 min] $ /usr/bin/python3 -m pip install -q --no-index --find-links /kaggle/input/datasets/razanashrafalnajjar/qaari-eval-deps/wheels ruamel.yaml\n"}
,{"stream_name":"stdout","time":42.419244699,"data":"[   0.7 min] $ /usr/bin/python3 -m pip install -q --no-index --find-links /kaggle/input/datasets/razanashrafalnajjar/qaari-eval-deps/wheels hyperpyyaml\n"}
,{"stream_name":"stdout","time":46.465285686,"data":"[   0.8 min] $ /usr/bin/python3 -m pip install -q --no-index --find-links /kaggle/input/datasets/razanashrafalnajjar/qaari-eval-deps/wheels bottleneck\n"}
,{"stream_name":"stdout","time":50.178554582,"data":"[   0.8 min] $ /usr/bin/python3 -m pip install -q --no-index --find-links /kaggle/input/datasets/razanashrafalnajjar/qaari-eval-deps/wheels sentencepiece\n"}
,{"stream_name":"stdout","time":53.886392232,"data":"[   0.9 min] $ /usr/bin/python3 -m pip install -q --no-index --find-links /kaggle/input/datasets/razanashrafalnajjar/qaari-eval-deps/wheels praat-parselmouth\n"}
,{"stream_name":"stdout","time":58.106275402,"data":"[   1.0 min] $ /usr/bin/python3 -m pip install -q --no-index --find-links /kaggle/input/datasets/razanashrafalnajjar/qaari-eval-deps/wheels faiss-cpu\n"}
,{"stream_name":"stdout","time":62.935734364,"data":"[   1.0 min] $ /usr/bin/python3 -m pip install -q --no-index --find-links /kaggle/input/datasets/razanashrafalnajjar/qaari-eval-deps/wheels nara_wpe\n"}
,{"stream_name":"stdout","time":66.759895674,"data":"[   1.1 min] $ /usr/bin/python3 -m pip install -q --no-index --find-links /kaggle/input/datasets/razanashrafalnajjar/qaari-eval-deps/wheels soxr\n"}
,{"stream_name":"stdout","time":70.48655365,"data":"[   1.2 min] $ /usr/bin/python3 -m pip install -q --no-index --find-links /kaggle/input/datasets/razanashrafalnajjar/qaari-eval-deps/wheels speechbrain\n"}
,{"stream_name":"stdout","time":81.895078456,"data":"[   1.4 min] dependencies import cleanly\n"}
,{"stream_name":"stdout","time":86.143800293,"data":"[   1.4 min] model snapshots copied to /root/.cache/huggingface/hub\n"}
,{"stream_name":"stdout","time":90.859625675,"data":"[   1.5 min] ECAPA pre-warmed\n"}
,{"stream_name":"stdout","time":170.865187337,"data":"[   2.8 min] started 4 benchmark processes\n"}
,{"stream_name":"stdout","time":230.870551219,"data":"[   3.8 min] 27 rows written\n"}
,{"stream_name":"stdout","time":290.88267433,"data":"[   4.8 min] 41 rows written\n"}
,{"stream_name":"stdout","time":350.890278598,"data":"[   5.8 min] 48 rows written\n"}
,{"stream_name":"stdout","time":410.903085868,"data":"[   6.8 min] 59 rows written\n"}
,{"stream_name":"stdout","time":470.920087326,"data":"[   7.8 min] 73 rows written\n"}
,{"stream_name":"stdout","time":530.93423993,"data":"[   8.8 min] 86 rows written\n"}
,{"stream_name":"stdout","time":590.95201035,"data":"[   9.8 min] 100 rows written\n"}
,{"stream_name":"stdout","time":650.971539406,"data":"[  10.8 min] 107 rows written\n"}
,{"stream_name":"stdout","time":710.991641773,"data":"[  11.8 min] 118 rows written\n"}
,{"stream_name":"stdout","time":771.012044168,"data":"[  12.8 min] 128 rows written\n"}
,{"stream_name":"stdout","time":831.037609024,"data":"[  13.8 min] 140 rows written\n"}
,{"stream_name":"stdout","time":891.06447372,"data":"[  14.8 min] 157 rows written\n"}
,{"stream_name":"stdout","time":951.097064521,"data":"[  15.8 min] 177 rows written\n"}
,{"stream_name":"stdout","time":1011.128253947,"data":"[  16.8 min] 188 rows written\n"}
,{"stream_name":"stdout","time":1071.158461728,"data":"[  17.8 min] 200 rows written\n"}
,{"stream_name":"stdout","time":1131.190847298,"data":"[  18.8 min] 213 rows written\n"}
,{"stream_name":"stdout","time":1191.229251409,"data":"[  19.8 min] 229 rows written\n"}
,{"stream_name":"stdout","time":1251.26881164,"data":"[  20.8 min] 240 rows written\n"}
,{"stream_name":"stdout","time":1311.311091397,"data":"[  21.8 min] 251 rows written\n"}
,{"stream_name":"stdout","time":1371.373984043,"data":"[  22.8 min] 264 rows written\n"}
,{"stream_name":"stdout","time":1431.440339702,"data":"[  23.8 min] 271 rows written\n"}
,{"stream_name":"stdout","time":1491.489489448,"data":"[  24.8 min] 288 rows written\n"}
,{"stream_name":"stdout","time":1551.543208486,"data":"[  25.8 min] 303 rows written\n"}
,{"stream_name":"stdout","time":1611.59107605,"data":"[  26.8 min] 317 rows written\n"}
,{"stream_name":"stdout","time":1671.64536586,"data":"[  27.8 min] 332 rows written\n"}
,{"stream_name":"stdout","time":1731.698312947,"data":"[  28.9 min] 345 rows written\n"}
,{"stream_name":"stdout","time":1791.755013206,"data":"[  29.9 min] 357 rows written\n"}
,{"stream_name":"stdout","time":1851.812233411,"data":"[  30.9 min] 374 rows written\n"}
,{"stream_name":"stdout","time":1911.875294626,"data":"[  31.9 min] 396 rows written\n"}
,{"stream_name":"stdout","time":1971.969715508,"data":"[  32.9 min] 411 rows written\n"}
,{"stream_name":"stdout","time":2032.0390724,"data":"[  33.9 min] 425 rows written\n"}
,{"stream_name":"stdout","time":2092.110087014,"data":"[  34.9 min] 440 rows written\n"}
,{"stream_name":"stdout","time":2152.210200614,"data":"[  35.9 min] 455 rows written\n"}
,{"stream_name":"stdout","time":2212.326054586,"data":"[  36.9 min] 470 rows written\n"}
,{"stream_name":"stdout","time":2272.406780222,"data":"[  37.9 min] 487 rows written\n"}
,{"stream_name":"stdout","time":2332.518030093,"data":"[  38.9 min] 504 rows written\n"}
,{"stream_name":"stdout","time":2392.597502006,"data":"[  39.9 min] 522 rows written\n"}
,{"stream_name":"stdout","time":2452.681228798,"data":"[  40.9 min] 533 rows written\n"}
,{"stream_name":"stdout","time":2512.761938859,"data":"[  41.9 min] 547 rows written\n"}
,{"stream_name":"stdout","time":2572.847388572,"data":"[  42.9 min] 558 rows written\n"}
,{"stream_name":"stdout","time":2632.943481939,"data":"[  43.9 min] 570 rows written\n"}
,{"stream_name":"stdout","time":2693.03369364,"data":"[  44.9 min] 591 rows written\n"}
,{"stream_name":"stdout","time":2753.119595213,"data":"[  45.9 min] 614 rows written\n"}
,{"stream_name":"stdout","time":2813.216875977,"data":"[  46.9 min] 632 rows written\n"}
,{"stream_name":"stdout","time":2873.318287702,"data":"[  47.9 min] 648 rows written\n"}
,{"stream_name":"stdout","time":2933.40551624,"data":"[  48.9 min] 667 rows written\n"}
,{"stream_name":"stdout","time":2993.506031657,"data":"[  49.9 min] 690 rows written\n"}
,{"stream_name":"stdout","time":3053.629233308,"data":"[  50.9 min] 711 rows written\n"}
,{"stream_name":"stdout","time":3113.766085206,"data":"[  51.9 min] 730 rows written\n"}
,{"stream_name":"stdout","time":3173.875063811,"data":"[  52.9 min] 750 rows written\n"}
,{"stream_name":"stdout","time":3233.990082958,"data":"[  53.9 min] 769 rows written\n"}
,{"stream_name":"stdout","time":3294.124066167,"data":"[  54.9 min] 787 rows written\n"}
,{"stream_name":"stdout","time":3354.228087133,"data":"[  55.9 min] 807 rows written\n"}
,{"stream_name":"stdout","time":3414.344040327,"data":"[  56.9 min] 825 rows written\n"}
,{"stream_name":"stdout","time":3474.522105997,"data":"[  57.9 min] 846 rows written\n"}
,{"stream_name":"stdout","time":3534.699083199,"data":"[  58.9 min] 871 rows written\n"}
,{"stream_name":"stdout","time":3594.826069225,"data":"[  59.9 min] 900 rows written\n"}
,{"stream_name":"stdout","time":3654.955094469,"data":"[  60.9 min] 927 rows written\n"}
,{"stream_name":"stdout","time":3715.080700152,"data":"[  61.9 min] 952 rows written\n"}
,{"stream_name":"stdout","time":3775.212494271,"data":"[  62.9 min] 982 rows written\n"}
,{"stream_name":"stdout","time":3835.336873453,"data":"[  63.9 min] 1009 rows written\n"}
,{"stream_name":"stdout","time":3895.44673564,"data":"[  64.9 min] 1043 rows written\n"}
,{"stream_name":"stdout","time":3955.59007124,"data":"[  65.9 min] 1073 rows written\n"}
,{"stream_name":"stdout","time":4015.729709934,"data":"[  66.9 min] 1090 rows written\n"}
,{"stream_name":"stdout","time":4075.823094843,"data":"[  67.9 min] 1117 rows written\n"}
,{"stream_name":"stdout","time":4135.964027237,"data":"[  68.9 min] 1151 rows written\n"}
,{"stream_name":"stdout","time":4196.083053548,"data":"[  69.9 min] 1189 rows written\n"}
,{"stream_name":"stdout","time":4256.208066241,"data":"[  70.9 min] 1219 rows written\n"}
,{"stream_name":"stdout","time":4316.328518371,"data":"[  71.9 min] 1242 rows written\n"}
,{"stream_name":"stdout","time":4376.486596508,"data":"[  72.9 min] 1263 rows written\n"}
,{"stream_name":"stdout","time":4436.644702084,"data":"[  73.9 min] 1281 rows written\n"}
,{"stream_name":"stdout","time":4496.788029657,"data":"[  74.9 min] 1302 rows written\n"}
,{"stream_name":"stdout","time":4556.941083917,"data":"[  75.9 min] 1321 rows written\n"}
,{"stream_name":"stdout","time":4617.120108021,"data":"[  76.9 min] 1345 rows written\n"}
,{"stream_name":"stdout","time":4677.300097306,"data":"[  77.9 min] 1378 rows written\n"}
,{"stream_name":"stdout","time":4737.523484042,"data":"[  78.9 min] 1395 rows written\n"}
,{"stream_name":"stdout","time":4797.703401129,"data":"[  80.0 min] 1414 rows written\n"}
,{"stream_name":"stdout","time":4857.879070634,"data":"[  81.0 min] 1442 rows written\n"}
,{"stream_name":"stdout","time":4918.034918864,"data":"[  82.0 min] 1473 rows written\n"}
,{"stream_name":"stdout","time":4978.195323622,"data":"[  83.0 min] 1501 rows written\n"}
,{"stream_name":"stdout","time":5038.370529139,"data":"[  84.0 min] 1524 rows written\n"}
,{"stream_name":"stdout","time":5098.54786428,"data":"[  85.0 min] 1548 rows written\n"}
,{"stream_name":"stdout","time":5158.716536024,"data":"[  86.0 min] 1572 rows written\n"}
,{"stream_name":"stdout","time":5218.928330044,"data":"[  87.0 min] 1602 rows written\n"}
,{"stream_name":"stdout","time":5279.109510607,"data":"[  88.0 min] 1627 rows written\n"}
,{"stream_name":"stdout","time":5339.303172262,"data":"[  89.0 min] 1641 rows written\n"}
,{"stream_name":"stdout","time":5399.495225636,"data":"[  90.0 min] 1662 rows written\n"}
,{"stream_name":"stdout","time":5459.697077105,"data":"[  91.0 min] 1686 rows written\n"}
,{"stream_name":"stdout","time":5519.906026714,"data":"[  92.0 min] 1719 rows written\n"}
,{"stream_name":"stdout","time":5580.119692167,"data":"[  93.0 min] 1747 rows written\n"}
,{"stream_name":"stdout","time":5640.279631441,"data":"[  94.0 min] 1774 rows written\n"}
,{"stream_name":"stdout","time":5700.437868737,"data":"[  95.0 min] 1804 rows written\n"}
,{"stream_name":"stdout","time":5760.592631553,"data":"[  96.0 min] 1839 rows written\n"}
,{"stream_name":"stdout","time":5820.75956938,"data":"[  97.0 min] 1857 rows written\n"}
,{"stream_name":"stdout","time":5880.976085013,"data":"[  98.0 min] 1882 rows written\n"}
,{"stream_name":"stdout","time":5941.194135488,"data":"[  99.0 min] 1904 rows written\n"}
,{"stream_name":"stdout","time":6001.388250294,"data":"[ 100.0 min] 1928 rows written\n"}
,{"stream_name":"stdout","time":6061.6329688,"data":"[ 101.0 min] 1957 rows written\n"}
,{"stream_name":"stdout","time":6121.792024178,"data":"[ 102.0 min] 1982 rows written\n"}
,{"stream_name":"stdout","time":6182.075143926,"data":"[ 103.0 min] 2012 rows written\n"}
,{"stream_name":"stdout","time":6242.280143103,"data":"[ 104.0 min] 2046 rows written\n"}
,{"stream_name":"stdout","time":6302.507638744,"data":"[ 105.0 min] 2076 rows written\n"}
,{"stream_name":"stdout","time":6362.663684207,"data":"[ 106.0 min] 2114 rows written\n"}
,{"stream_name":"stdout","time":6422.890466303,"data":"[ 107.0 min] 2154 rows written\n"}
,{"stream_name":"stdout","time":6483.117858718,"data":"[ 108.0 min] 2198 rows written\n"}
,{"stream_name":"stdout","time":6543.284608406,"data":"[ 109.0 min] 2229 rows written\n"}
,{"stream_name":"stdout","time":6603.548889012,"data":"[ 110.0 min] 2267 rows written\n"}
,{"stream_name":"stdout","time":6663.853090852,"data":"[ 111.1 min] 2309 rows written\n"}
,{"stream_name":"stdout","time":6724.092082643,"data":"[ 112.1 min] 2348 rows written\n"}
,{"stream_name":"stdout","time":6784.348452036,"data":"[ 113.1 min] 2378 rows written\n"}
,{"stream_name":"stdout","time":6844.54833047,"data":"[ 114.1 min] 2413 rows written\n"}
,{"stream_name":"stdout","time":6904.723013675,"data":"[ 115.1 min] 2446 rows written\n"}
,{"stream_name":"stdout","time":6964.972544611,"data":"[ 116.1 min] 2480 rows written\n"}
,{"stream_name":"stdout","time":7025.189423424,"data":"[ 117.1 min] 2490 rows written\n"}
,{"stream_name":"stdout","time":7085.462173527,"data":"[ 118.1 min] 2522 rows written\n"}
,{"stream_name":"stdout","time":7145.721746655,"data":"[ 119.1 min] 2558 rows written\n"}
,{"stream_name":"stdout","time":7206.005186976,"data":"[ 120.1 min] 2586 rows written\n"}
,{"stream_name":"stdout","time":7266.189406352,"data":"[ 121.1 min] 2603 rows written\n"}
,{"stream_name":"stdout","time":7326.477809642,"data":"[ 122.1 min] 2615 rows written\n"}
,{"stream_name":"stdout","time":7386.821418621,"data":"[ 123.1 min] 2625 rows written\n"}
,{"stream_name":"stdout","time":7447.054221254,"data":"[ 124.1 min] 2631 rows written\n"}
,{"stream_name":"stdout","time":7507.267282886,"data":"[ 125.1 min] 2643 rows written\n"}
,{"stream_name":"stdout","time":7567.507561633,"data":"[ 126.1 min] 2654 rows written\n"}
,{"stream_name":"stdout","time":7627.748036612,"data":"[ 127.1 min] 2663 rows written\n"}
,{"stream_name":"stdout","time":7688.048098066,"data":"[ 128.1 min] 2675 rows written\n"}
,{"stream_name":"stdout","time":7748.326315607,"data":"[ 129.1 min] 2684 rows written\n"}
,{"stream_name":"stdout","time":7808.606278954,"data":"[ 130.1 min] 2696 rows written\n"}
,{"stream_name":"stdout","time":7868.869325262,"data":"[ 131.1 min] 2711 rows written\n"}
,{"stream_name":"stdout","time":7929.226091377,"data":"[ 132.1 min] 2723 rows written\n"}
,{"stream_name":"stdout","time":7989.575617127,"data":"[ 133.1 min] 2735 rows written\n"}
,{"stream_name":"stdout","time":8049.799866192,"data":"[ 134.2 min] 2748 rows written\n"}
,{"stream_name":"stdout","time":8110.154127967,"data":"[ 135.2 min] 2756 rows written\n"}
,{"stream_name":"stdout","time":8170.465607294,"data":"[ 136.2 min] 2768 rows written\n"}
,{"stream_name":"stdout","time":8231.049504204,"data":"[ 137.2 min] 2781 rows written\n"}
,{"stream_name":"stdout","time":8291.331049081,"data":"[ 138.2 min] 2793 rows written\n"}
,{"stream_name":"stdout","time":8351.648039017,"data":"[ 139.2 min] 2807 rows written\n"}
,{"stream_name":"stdout","time":8411.893601413,"data":"[ 140.2 min] 2817 rows written\n"}
,{"stream_name":"stdout","time":8472.234663693,"data":"[ 141.2 min] 2825 rows written\n"}
,{"stream_name":"stdout","time":8532.568388349,"data":"[ 142.2 min] 2837 rows written\n"}
,{"stream_name":"stdout","time":8592.797428471,"data":"[ 143.2 min] 2855 rows written\n"}
,{"stream_name":"stdout","time":8653.057666916,"data":"[ 144.2 min] 2873 rows written\n"}
,{"stream_name":"stdout","time":8713.432275684,"data":"[ 145.2 min] 2889 rows written\n"}
,{"stream_name":"stdout","time":8773.680431149,"data":"[ 146.2 min] 2898 rows written\n"}
,{"stream_name":"stdout","time":8833.891328744,"data":"[ 147.2 min] 2910 rows written\n"}
,{"stream_name":"stdout","time":8894.170663111,"data":"[ 148.2 min] 2922 rows written\n"}
,{"stream_name":"stdout","time":8954.542084426,"data":"[ 149.2 min] 2937 rows written\n"}
,{"stream_name":"stdout","time":9014.848700745,"data":"[ 150.2 min] 2959 rows written\n"}
,{"stream_name":"stdout","time":9075.323199415,"data":"[ 151.2 min] 2976 rows written\n"}
,{"stream_name":"stdout","time":9135.62983378,"data":"[ 152.2 min] 2990 rows written\n"}
,{"stream_name":"stdout","time":9195.952164597,"data":"[ 153.3 min] 3012 rows written\n"}
,{"stream_name":"stdout","time":9256.294440156,"data":"[ 154.3 min] 3029 rows written\n"}
,{"stream_name":"stdout","time":9316.652023252,"data":"[ 155.3 min] 3049 rows written\n"}
,{"stream_name":"stdout","time":9376.95631917,"data":"[ 156.3 min] 3067 rows written\n"}
,{"stream_name":"stdout","time":9437.272022958,"data":"[ 157.3 min] 3082 rows written\n"}
,{"stream_name":"stdout","time":9497.614919921,"data":"[ 158.3 min] 3102 rows written\n"}
,{"stream_name":"stdout","time":9557.915671821,"data":"[ 159.3 min] 3124 rows written\n"}
,{"stream_name":"stdout","time":9618.248205543,"data":"[ 160.3 min] 3145 rows written\n"}
,{"stream_name":"stdout","time":9678.486079196,"data":"[ 161.3 min] 3164 rows written\n"}
,{"stream_name":"stdout","time":9738.861050249,"data":"[ 162.3 min] 3188 rows written\n"}
,{"stream_name":"stdout","time":9799.130785525,"data":"[ 163.3 min] 3213 rows written\n"}
,{"stream_name":"stdout","time":9859.385970061,"data":"[ 164.3 min] 3235 rows written\n"}
,{"stream_name":"stdout","time":9919.640733053,"data":"[ 165.3 min] 3257 rows written\n"}
,{"stream_name":"stdout","time":9979.939193445,"data":"[ 166.3 min] 3287 rows written\n"}
,{"stream_name":"stdout","time":10040.171706744,"data":"[ 167.3 min] 3311 rows written\n"}
,{"stream_name":"stdout","time":10100.442692054,"data":"[ 168.3 min] 3327 rows written\n"}
,{"stream_name":"stdout","time":10160.734048482,"data":"[ 169.3 min] 3347 rows written\n"}
,{"stream_name":"stdout","time":10221.077135082,"data":"[ 170.3 min] 3375 rows written\n"}
,{"stream_name":"stdout","time":10281.340829357,"data":"[ 171.3 min] 3396 rows written\n"}
,{"stream_name":"stdout","time":10341.658698675,"data":"[ 172.3 min] 3424 rows written\n"}
,{"stream_name":"stdout","time":10402.020273379,"data":"[ 173.4 min] 3450 rows written\n"}
,{"stream_name":"stdout","time":10462.334173011,"data":"[ 174.4 min] 3475 rows written\n"}
,{"stream_name":"stdout","time":10522.600220991,"data":"[ 175.4 min] 3500 rows written\n"}
,{"stream_name":"stdout","time":10582.956339138,"data":"[ 176.4 min] 3525 rows written\n"}
,{"stream_name":"stdout","time":10643.352887533,"data":"[ 177.4 min] 3552 rows written\n"}
,{"stream_name":"stdout","time":10704.259395599,"data":"[ 178.4 min] 3578 rows written\n"}
,{"stream_name":"stdout","time":10764.516024125,"data":"[ 179.4 min] 3593 rows written\n"}
,{"stream_name":"stdout","time":10824.814868011,"data":"[ 180.4 min] 3618 rows written\n"}
,{"stream_name":"stdout","time":10885.142194216,"data":"[ 181.4 min] 3641 rows written\n"}
,{"stream_name":"stdout","time":10945.549491081,"data":"[ 182.4 min] 3669 rows written\n"}
,{"stream_name":"stdout","time":11005.916750508,"data":"[ 183.4 min] 3696 rows written\n"}
,{"stream_name":"stdout","time":11066.282507327,"data":"[ 184.4 min] 3715 rows written\n"}
,{"stream_name":"stdout","time":11126.604060784,"data":"[ 185.4 min] 3735 rows written\n"}
,{"stream_name":"stdout","time":11186.98770256,"data":"[ 186.4 min] 3755 rows written\n"}
,{"stream_name":"stdout","time":11247.414790029,"data":"[ 187.4 min] 3771 rows written\n"}
,{"stream_name":"stdout","time":11307.886799182,"data":"[ 188.5 min] 3798 rows written\n"}
,{"stream_name":"stdout","time":11368.312792782,"data":"[ 189.5 min] 3831 rows written\n"}
,{"stream_name":"stdout","time":11428.556779379,"data":"[ 190.5 min] 3877 rows written\n"}
,{"stream_name":"stdout","time":11488.966630013,"data":"[ 191.5 min] 3917 rows written\n"}
,{"stream_name":"stdout","time":11549.270243258,"data":"[ 192.5 min] 3949 rows written\n"}
,{"stream_name":"stdout","time":11609.709388206,"data":"[ 193.5 min] 3977 rows written\n"}
,{"stream_name":"stdout","time":11669.976437587,"data":"[ 194.5 min] 3993 rows written\n"}
,{"stream_name":"stdout","time":11730.40923199,"data":"[ 195.5 min] 4017 rows written\n"}
,{"stream_name":"stdout","time":11790.825459682,"data":"[ 196.5 min] 4041 rows written\n"}
,{"stream_name":"stdout","time":11851.13237708,"data":"[ 197.5 min] 4065 rows written\n"}
,{"stream_name":"stdout","time":11911.631843615,"data":"[ 198.5 min] 4086 rows written\n"}
,{"stream_name":"stdout","time":11971.95881401,"data":"[ 199.5 min] 4107 rows written\n"}
,{"stream_name":"stdout","time":12032.248503436,"data":"[ 200.5 min] 4123 rows written\n"}
,{"stream_name":"stdout","time":12092.622536981,"data":"[ 201.5 min] 4149 rows written\n"}
,{"stream_name":"stdout","time":12152.999418324,"data":"[ 202.5 min] 4193 rows written\n"}
,{"stream_name":"stdout","time":12213.441653833,"data":"[ 203.5 min] 4231 rows written\n"}
,{"stream_name":"stdout","time":12273.754972484,"data":"[ 204.6 min] 4260 rows written\n"}
,{"stream_name":"stdout","time":12334.086329536,"data":"[ 205.6 min] 4284 rows written\n"}
,{"stream_name":"stdout","time":12394.478192355,"data":"[ 206.6 min] 4304 rows written\n"}
,{"stream_name":"stdout","time":12454.783020992,"data":"[ 207.6 min] 4328 rows written\n"}
,{"stream_name":"stdout","time":12515.118894013,"data":"[ 208.6 min] 4349 rows written\n"}
,{"stream_name":"stdout","time":12575.644349012,"data":"[ 209.6 min] 4382 rows written\n"}
,{"stream_name":"stdout","time":12635.993037117,"data":"[ 210.6 min] 4403 rows written\n"}
,{"stream_name":"stdout","time":12696.332478469,"data":"[ 211.6 min] 4429 rows written\n"}
,{"stream_name":"stdout","time":12756.666477332,"data":"[ 212.6 min] 4459 rows written\n"}
,{"stream_name":"stdout","time":12817.07560683,"data":"[ 213.6 min] 4476 rows written\n"}
,{"stream_name":"stdout","time":12877.534217654,"data":"[ 214.6 min] 4499 rows written\n"}
,{"stream_name":"stdout","time":12937.913118158,"data":"[ 215.6 min] 4532 rows written\n"}
,{"stream_name":"stdout","time":12998.266085415,"data":"[ 216.6 min] 4585 rows written\n"}
,{"stream_name":"stdout","time":13058.673515477,"data":"[ 217.6 min] 4624 rows written\n"}
,{"stream_name":"stdout","time":13119.005236813,"data":"[ 218.6 min] 4673 rows written\n"}
,{"stream_name":"stdout","time":13179.526088671,"data":"[ 219.6 min] 4730 rows written\n"}
,{"stream_name":"stdout","time":13239.899019702,"data":"[ 220.7 min] 4767 rows written\n"}
,{"stream_name":"stdout","time":13300.222769777,"data":"[ 221.7 min] 4802 rows written\n"}
,{"stream_name":"stdout","time":13360.561913862,"data":"[ 222.7 min] 4828 rows written\n"}
,{"stream_name":"stdout","time":13421.045318439,"data":"[ 223.7 min] 4862 rows written\n"}
,{"stream_name":"stdout","time":13481.477568167,"data":"[ 224.7 min] 4898 rows written\n"}
,{"stream_name":"stdout","time":13541.810357696,"data":"[ 225.7 min] 4943 rows written\n"}
,{"stream_name":"stdout","time":13602.446074691,"data":"[ 226.7 min] 4994 rows written\n"}
,{"stream_name":"stdout","time":13662.937880171,"data":"[ 227.7 min] 5027 rows written\n"}
,{"stream_name":"stdout","time":13723.354670194,"data":"[ 228.7 min] 5051 rows written\n"}
,{"stream_name":"stdout","time":13783.723457229,"data":"[ 229.7 min] 5076 rows written\n"}
,{"stream_name":"stdout","time":13844.039267357,"data":"[ 230.7 min] 5092 rows written\n"}
,{"stream_name":"stdout","time":13904.484661017,"data":"[ 231.7 min] 5110 rows written\n"}
,{"stream_name":"stdout","time":13964.886102477,"data":"[ 232.7 min] 5124 rows written\n"}
,{"stream_name":"stdout","time":14025.35504595,"data":"[ 233.7 min] 5138 rows written\n"}
,{"stream_name":"stdout","time":14085.778109813,"data":"[ 234.8 min] 5155 rows written\n"}
,{"stream_name":"stdout","time":14146.138778363,"data":"[ 235.8 min] 5172 rows written\n"}
,{"stream_name":"stdout","time":14206.499322351,"data":"[ 236.8 min] 5183 rows written\n"}
,{"stream_name":"stdout","time":14266.943741771,"data":"[ 237.8 min] 5196 rows written\n"}
,{"stream_name":"stdout","time":14327.425108102,"data":"[ 238.8 min] 5210 rows written\n"}
,{"stream_name":"stdout","time":14387.961935467,"data":"[ 239.8 min] 5224 rows written\n"}
,{"stream_name":"stdout","time":14448.302185377,"data":"[ 240.8 min] 5230 rows written\n"}
,{"stream_name":"stdout","time":14508.792785855,"data":"[ 241.8 min] 5244 rows written\n"}
,{"stream_name":"stdout","time":14569.429093392,"data":"[ 242.8 min] 5262 rows written\n"}
,{"stream_name":"stdout","time":14630.060214266,"data":"[ 243.8 min] 5280 rows written\n"}
,{"stream_name":"stdout","time":14690.423265816,"data":"[ 244.8 min] 5304 rows written\n"}
,{"stream_name":"stdout","time":14751.035078847,"data":"[ 245.8 min] 5316 rows written\n"}
,{"stream_name":"stdout","time":14811.550173562,"data":"[ 246.8 min] 5335 rows written\n"}
,{"stream_name":"stdout","time":14871.949421873,"data":"[ 247.9 min] 5356 rows written\n"}
,{"stream_name":"stdout","time":14932.329553107,"data":"[ 248.9 min] 5373 rows written\n"}
,{"stream_name":"stdout","time":14992.725028367,"data":"[ 249.9 min] 5391 rows written\n"}
,{"stream_name":"stdout","time":15053.1164582,"data":"[ 250.9 min] 5404 rows written\n"}
,{"stream_name":"stdout","time":15113.560967532,"data":"[ 251.9 min] 5416 rows written\n"}
,{"stream_name":"stdout","time":15173.951554115,"data":"[ 252.9 min] 5433 rows written\n"}
,{"stream_name":"stdout","time":15234.326213379,"data":"[ 253.9 min] 5451 rows written\n"}
,{"stream_name":"stdout","time":15294.717752647,"data":"[ 254.9 min] 5464 rows written\n"}
,{"stream_name":"stdout","time":15355.212718783,"data":"[ 255.9 min] 5483 rows written\n"}
,{"stream_name":"stdout","time":15415.629100419,"data":"[ 256.9 min] 5502 rows written\n"}
,{"stream_name":"stdout","time":15476.115414698,"data":"[ 257.9 min] 5519 rows written\n"}
,{"stream_name":"stdout","time":15536.570524181,"data":"[ 258.9 min] 5536 rows written\n"}
,{"stream_name":"stdout","time":15596.95378309,"data":"[ 259.9 min] 5547 rows written\n"}
,{"stream_name":"stdout","time":15657.494041986,"data":"[ 260.9 min] 5567 rows written\n"}
,{"stream_name":"stdout","time":15717.871450214,"data":"[ 262.0 min] 5598 rows written\n"}
,{"stream_name":"stdout","time":15778.338457898,"data":"[ 263.0 min] 5611 rows written\n"}
,{"stream_name":"stdout","time":15838.933239124,"data":"[ 264.0 min] 5641 rows written\n"}
,{"stream_name":"stdout","time":15899.455632966,"data":"[ 265.0 min] 5664 rows written\n"}
,{"stream_name":"stdout","time":15959.870309269,"data":"[ 266.0 min] 5683 rows written\n"}
,{"stream_name":"stdout","time":16020.272546337,"data":"[ 267.0 min] 5707 rows written\n"}
,{"stream_name":"stdout","time":16080.753308759,"data":"[ 268.0 min] 5727 rows written\n"}
,{"stream_name":"stdout","time":16141.203667243,"data":"[ 269.0 min] 5754 rows written\n"}
,{"stream_name":"stdout","time":16201.884058441,"data":"[ 270.0 min] 5779 rows written\n"}
,{"stream_name":"stdout","time":16262.310130326,"data":"[ 271.0 min] 5810 rows written\n"}
,{"stream_name":"stdout","time":16322.818188899,"data":"[ 272.0 min] 5833 rows written\n"}
,{"stream_name":"stdout","time":16383.329427271,"data":"[ 273.0 min] 5867 rows written\n"}
,{"stream_name":"stdout","time":16443.752074054,"data":"[ 274.1 min] 5893 rows written\n"}
,{"stream_name":"stdout","time":16504.183481411,"data":"[ 275.1 min] 5917 rows written\n"}
,{"stream_name":"stdout","time":16564.650113105,"data":"[ 276.1 min] 5950 rows written\n"}
,{"stream_name":"stdout","time":16625.261932245,"data":"[ 277.1 min] 5977 rows written\n"}
,{"stream_name":"stdout","time":16685.740042432,"data":"[ 278.1 min] 5999 rows written\n"}
,{"stream_name":"stdout","time":16746.197755919,"data":"[ 279.1 min] 6037 rows written\n"}
,{"stream_name":"stdout","time":16806.584035098,"data":"[ 280.1 min] 6062 rows written\n"}
,{"stream_name":"stdout","time":16866.973590254,"data":"[ 281.1 min] 6083 rows written\n"}
,{"stream_name":"stdout","time":16927.697630915,"data":"[ 282.1 min] 6105 rows written\n"}
,{"stream_name":"stdout","time":16988.159199812,"data":"[ 283.1 min] 6133 rows written\n"}
,{"stream_name":"stdout","time":17048.564573022,"data":"[ 284.1 min] 6152 rows written\n"}
,{"stream_name":"stdout","time":17108.984229657,"data":"[ 285.1 min] 6183 rows written\n"}
,{"stream_name":"stdout","time":17169.518883041,"data":"[ 286.1 min] 6209 rows written\n"}
,{"stream_name":"stdout","time":17230.102572873,"data":"[ 287.2 min] 6233 rows written\n"}
,{"stream_name":"stdout","time":17290.465342938,"data":"[ 288.2 min] 6259 rows written\n"}
,{"stream_name":"stdout","time":17350.981683513,"data":"[ 289.2 min] 6286 rows written\n"}
,{"stream_name":"stdout","time":17411.40412397,"data":"[ 290.2 min] 6310 rows written\n"}
,{"stream_name":"stdout","time":17471.865902201,"data":"[ 291.2 min] 6338 rows written\n"}
,{"stream_name":"stdout","time":17532.437797761,"data":"[ 292.2 min] 6362 rows written\n"}
,{"stream_name":"stdout","time":17592.876085055,"data":"[ 293.2 min] 6383 rows written\n"}
,{"stream_name":"stdout","time":17653.314329514,"data":"[ 294.2 min] 6415 rows written\n"}
,{"stream_name":"stdout","time":17714.045968665,"data":"[ 295.2 min] 6447 rows written\n"}
,{"stream_name":"stdout","time":17774.602316471,"data":"[ 296.2 min] 6476 rows written\n"}
,{"stream_name":"stdout","time":17835.07413424,"data":"[ 297.2 min] 6509 rows written\n"}
,{"stream_name":"stdout","time":17895.656847521,"data":"[ 298.2 min] 6531 rows written\n"}
,{"stream_name":"stdout","time":17956.15862984,"data":"[ 299.3 min] 6554 rows written\n"}
,{"stream_name":"stdout","time":18016.594056002,"data":"[ 300.3 min] 6573 rows written\n"}
,{"stream_name":"stdout","time":18077.128877549,"data":"[ 301.3 min] 6600 rows written\n"}
,{"stream_name":"stdout","time":18137.799657942,"data":"[ 302.3 min] 6639 rows written\n"}
,{"stream_name":"stdout","time":18198.316792522,"data":"[ 303.3 min] 6682 rows written\n"}
,{"stream_name":"stdout","time":18258.922231483,"data":"[ 304.3 min] 6714 rows written\n"}
,{"stream_name":"stdout","time":18319.42095873,"data":"[ 305.3 min] 6739 rows written\n"}
,{"stream_name":"stdout","time":18379.930418628,"data":"[ 306.3 min] 6763 rows written\n"}
,{"stream_name":"stdout","time":18440.492505602,"data":"[ 307.3 min] 6793 rows written\n"}
,{"stream_name":"stdout","time":18500.975022068,"data":"[ 308.3 min] 6846 rows written\n"}
,{"stream_name":"stdout","time":18561.470262489,"data":"[ 309.3 min] 6891 rows written\n"}
,{"stream_name":"stdout","time":18622.170327113,"data":"[ 310.4 min] 6929 rows written\n"}
,{"stream_name":"stdout","time":18682.797498766,"data":"[ 311.4 min] 6969 rows written\n"}
,{"stream_name":"stdout","time":18743.311208767,"data":"[ 312.4 min] 7000 rows written\n"}
,{"stream_name":"stdout","time":18804.013867923,"data":"[ 313.4 min] 7023 rows written\n"}
,{"stream_name":"stdout","time":18864.707653815,"data":"[ 314.4 min] 7049 rows written\n"}
,{"stream_name":"stdout","time":18925.185472919,"data":"[ 315.4 min] 7091 rows written\n"}
,{"stream_name":"stdout","time":18985.619420393,"data":"[ 316.4 min] 7136 rows written\n"}
,{"stream_name":"stdout","time":19046.374916743,"data":"[ 317.4 min] 7185 rows written\n"}
,{"stream_name":"stdout","time":19106.888279635,"data":"[ 318.4 min] 7219 rows written\n"}
,{"stream_name":"stdout","time":19167.404147067,"data":"[ 319.4 min] 7235 rows written\n"}
,{"stream_name":"stdout","time":19227.9310044,"data":"[ 320.5 min] 7247 rows written\n"}
,{"stream_name":"stdout","time":19288.446190861,"data":"[ 321.5 min] 7269 rows written\n"}
,{"stream_name":"stdout","time":19349.088696879,"data":"[ 322.5 min] 7288 rows written\n"}
,{"stream_name":"stdout","time":19409.580926292,"data":"[ 323.5 min] 7324 rows written\n"}
,{"stream_name":"stdout","time":19470.148078684,"data":"[ 324.5 min] 7353 rows written\n"}
,{"stream_name":"stdout","time":19530.687714563,"data":"[ 325.5 min] 7383 rows written\n"}
,{"stream_name":"stdout","time":19591.193538657,"data":"[ 326.5 min] 7403 rows written\n"}
,{"stream_name":"stdout","time":19651.678263882,"data":"[ 327.5 min] 7432 rows written\n"}
,{"stream_name":"stdout","time":19712.242128814,"data":"[ 328.5 min] 7456 rows written\n"}
,{"stream_name":"stdout","time":19772.895108161,"data":"[ 329.5 min] 7476 rows written\n"}
,{"stream_name":"stdout","time":19833.475555746,"data":"[ 330.5 min] 7500 rows written\n"}
,{"stream_name":"stdout","time":19894.062901308,"data":"[ 331.6 min] 7526 rows written\n"}
,{"stream_name":"stdout","time":19954.863520848,"data":"[ 332.6 min] 7551 rows written\n"}
,{"stream_name":"stdout","time":20015.379451022,"data":"[ 333.6 min] 7582 rows written\n"}
,{"stream_name":"stdout","time":20075.934521137,"data":"[ 334.6 min] 7604 rows written\n"}
,{"stream_name":"stdout","time":20136.576103504,"data":"[ 335.6 min] 7619 rows written\n"}
,{"stream_name":"stdout","time":20197.172104604,"data":"[ 336.6 min] 7630 rows written\n"}
,{"stream_name":"stdout","time":20257.692438155,"data":"[ 337.6 min] 7643 rows written\n"}
,{"stream_name":"stdout","time":20318.178970226,"data":"[ 338.6 min] 7656 rows written\n"}
,{"stream_name":"stdout","time":20378.770340768,"data":"[ 339.6 min] 7664 rows written\n"}
,{"stream_name":"stdout","time":20439.312777776,"data":"[ 340.6 min] 7677 rows written\n"}
,{"stream_name":"stdout","time":20499.869888305,"data":"[ 341.7 min] 7687 rows written\n"}
,{"stream_name":"stdout","time":20560.513583622,"data":"[ 342.7 min] 7699 rows written\n"}
,{"stream_name":"stdout","time":20621.144596498,"data":"[ 343.7 min] 7708 rows written\n"}
,{"stream_name":"stdout","time":20681.788465376,"data":"[ 344.7 min] 7714 rows written\n"}
,{"stream_name":"stdout","time":20742.39981417,"data":"[ 345.7 min] 7726 rows written\n"}
,{"stream_name":"stdout","time":20802.875352073,"data":"[ 346.7 min] 7740 rows written\n"}
,{"stream_name":"stdout","time":20863.445220378,"data":"[ 347.7 min] 7752 rows written\n"}
,{"stream_name":"stdout","time":20924.036751463,"data":"[ 348.7 min] 7765 rows written\n"}
,{"stream_name":"stdout","time":20984.584261115,"data":"[ 349.7 min] 7779 rows written\n"}
,{"stream_name":"stdout","time":21045.079119593,"data":"[ 350.7 min] 7793 rows written\n"}
,{"stream_name":"stdout","time":21105.709442799,"data":"[ 351.8 min] 7800 rows written\n"}
,{"stream_name":"stdout","time":21166.3310851,"data":"[ 352.8 min] 7813 rows written\n"}
,{"stream_name":"stdout","time":21227.154964942,"data":"[ 353.8 min] 7820 rows written\n"}
,{"stream_name":"stdout","time":21287.823785356,"data":"[ 354.8 min] 7828 rows written\n"}
,{"stream_name":"stdout","time":21348.403799971,"data":"[ 355.8 min] 7837 rows written\n"}
,{"stream_name":"stdout","time":21409.202366304,"data":"[ 356.8 min] 7849 rows written\n"}
,{"stream_name":"stdout","time":21469.844280631,"data":"[ 357.8 min] 7860 rows written\n"}
,{"stream_name":"stdout","time":21530.430022226,"data":"[ 358.8 min] 7874 rows written\n"}
,{"stream_name":"stdout","time":21591.116308195,"data":"[ 359.8 min] 7882 rows written\n"}
,{"stream_name":"stdout","time":21651.698904052,"data":"[ 360.9 min] 7891 rows written\n"}
,{"stream_name":"stdout","time":21712.69930426,"data":"[ 361.9 min] 7904 rows written\n"}
,{"stream_name":"stdout","time":21773.230662,"data":"[ 362.9 min] 7920 rows written\n"}
,{"stream_name":"stdout","time":21833.881390665,"data":"[ 363.9 min] 7931 rows written\n"}
,{"stream_name":"stdout","time":21894.57608587,"data":"[ 364.9 min] 7940 rows written\n"}
,{"stream_name":"stdout","time":21955.21068759,"data":"[ 365.9 min] 7952 rows written\n"}
,{"stream_name":"stdout","time":22015.803097269,"data":"[ 366.9 min] 7963 rows written\n"}
,{"stream_name":"stdout","time":22076.397918467,"data":"[ 367.9 min] 7976 rows written\n"}
,{"stream_name":"stdout","time":22137.041550639,"data":"[ 368.9 min] 7990 rows written\n"}
,{"stream_name":"stdout","time":22197.723318575,"data":"[ 370.0 min] 8002 rows written\n"}
,{"stream_name":"stdout","time":22258.243937989,"data":"[ 371.0 min] 8020 rows written\n"}
,{"stream_name":"stdout","time":22318.882465243,"data":"[ 372.0 min] 8031 rows written\n"}
,{"stream_name":"stdout","time":22379.498893901,"data":"[ 373.0 min] 8044 rows written\n"}
,{"stream_name":"stdout","time":22440.082193242,"data":"[ 374.0 min] 8061 rows written\n"}
,{"stream_name":"stdout","time":22500.637383001,"data":"[ 375.0 min] 8075 rows written\n"}
,{"stream_name":"stdout","time":22561.39010193,"data":"[ 376.0 min] 8091 rows written\n"}
,{"stream_name":"stdout","time":22622.008827578,"data":"[ 377.0 min] 8106 rows written\n"}
,{"stream_name":"stdout","time":22682.942104435,"data":"[ 378.0 min] 8116 rows written\n"}
,{"stream_name":"stdout","time":22743.65386805,"data":"[ 379.0 min] 8132 rows written\n"}
,{"stream_name":"stdout","time":22804.384590745,"data":"[ 380.1 min] 8144 rows written\n"}
,{"stream_name":"stdout","time":22865.161114505,"data":"[ 381.1 min] 8157 rows written\n"}
,{"stream_name":"stdout","time":22925.671498081,"data":"[ 382.1 min] 8172 rows written\n"}
,{"stream_name":"stdout","time":22986.364914119,"data":"[ 383.1 min] 8185 rows written\n"}
,{"stream_name":"stdout","time":23047.150292884,"data":"[ 384.1 min] 8191 rows written\n"}
,{"stream_name":"stdout","time":23108.121223465,"data":"[ 385.1 min] 8208 rows written\n"}
,{"stream_name":"stdout","time":23168.773659587,"data":"[ 386.1 min] 8225 rows written\n"}
,{"stream_name":"stdout","time":23229.512371919,"data":"[ 387.1 min] 8242 rows written\n"}
,{"stream_name":"stdout","time":23290.114061949,"data":"[ 388.2 min] 8259 rows written\n"}
,{"stream_name":"stdout","time":23350.757359631,"data":"[ 389.2 min] 8286 rows written\n"}
,{"stream_name":"stdout","time":23411.41036274,"data":"[ 390.2 min] 8298 rows written\n"}
,{"stream_name":"stdout","time":23472.095837087,"data":"[ 391.2 min] 8316 rows written\n"}
,{"stream_name":"stdout","time":23532.743666958,"data":"[ 392.2 min] 8335 rows written\n"}
,{"stream_name":"stdout","time":23593.477105356,"data":"[ 393.2 min] 8354 rows written\n"}
,{"stream_name":"stdout","time":23654.069069397,"data":"[ 394.2 min] 8371 rows written\n"}
,{"stream_name":"stdout","time":23714.704349839,"data":"[ 395.2 min] 8382 rows written\n"}
,{"stream_name":"stdout","time":23775.279930899,"data":"[ 396.2 min] 8402 rows written\n"}
,{"stream_name":"stdout","time":23835.891790478,"data":"[ 397.3 min] 8422 rows written\n"}
,{"stream_name":"stdout","time":23896.650068742,"data":"[ 398.3 min] 8439 rows written\n"}
,{"stream_name":"stdout","time":23957.376485493,"data":"[ 399.3 min] 8457 rows written\n"}
,{"stream_name":"stdout","time":24018.21664874,"data":"[ 400.3 min] 8472 rows written\n"}
,{"stream_name":"stdout","time":24079.005109993,"data":"[ 401.3 min] 8490 rows written\n"}
,{"stream_name":"stdout","time":24139.674121532,"data":"[ 402.3 min] 8515 rows written\n"}
,{"stream_name":"stdout","time":24200.493002334,"data":"[ 403.3 min] 8536 rows written\n"}
,{"stream_name":"stdout","time":24261.070070896,"data":"[ 404.3 min] 8556 rows written\n"}
,{"stream_name":"stdout","time":24321.997386574,"data":"[ 405.4 min] 8580 rows written\n"}
,{"stream_name":"stdout","time":24382.720123479,"data":"[ 406.4 min] 8611 rows written\n"}
,{"stream_name":"stdout","time":24443.400035523,"data":"[ 407.4 min] 8632 rows written\n"}
,{"stream_name":"stdout","time":24503.963596793,"data":"[ 408.4 min] 8650 rows written\n"}
,{"stream_name":"stdout","time":24564.522510207,"data":"[ 409.4 min] 8666 rows written\n"}
,{"stream_name":"stdout","time":24625.170078775,"data":"[ 410.4 min] 8688 rows written\n"}
,{"stream_name":"stdout","time":24685.814517029,"data":"[ 411.4 min] 8707 rows written\n"}
,{"stream_name":"stdout","time":24746.520750938,"data":"[ 412.4 min] 8726 rows written\n"}
,{"stream_name":"stdout","time":24807.239398662,"data":"[ 413.4 min] 8744 rows written\n"}
,{"stream_name":"stdout","time":24867.912451482,"data":"[ 414.5 min] 8761 rows written\n"}
,{"stream_name":"stdout","time":24928.643473537,"data":"[ 415.5 min] 8780 rows written\n"}
,{"stream_name":"stdout","time":24989.30038959,"data":"[ 416.5 min] 8798 rows written\n"}
,{"stream_name":"stdout","time":25049.98245776,"data":"[ 417.5 min] 8808 rows written\n"}
,{"stream_name":"stdout","time":25110.771826305,"data":"[ 418.5 min] 8822 rows written\n"}
,{"stream_name":"stdout","time":25171.351262852,"data":"[ 419.5 min] 8840 rows written\n"}
,{"stream_name":"stdout","time":25231.939851865,"data":"[ 420.5 min] 8860 rows written\n"}
,{"stream_name":"stdout","time":25292.58120891,"data":"[ 421.5 min] 8893 rows written\n"}
,{"stream_name":"stdout","time":25353.191189926,"data":"[ 422.5 min] 8926 rows written\n"}
,{"stream_name":"stdout","time":25413.893811798,"data":"[ 423.6 min] 8958 rows written\n"}
,{"stream_name":"stdout","time":25474.702089118,"data":"[ 424.6 min] 8976 rows written\n"}
,{"stream_name":"stdout","time":25535.67525283,"data":"[ 425.6 min] 8995 rows written\n"}
,{"stream_name":"stdout","time":25596.414404828,"data":"[ 426.6 min] 9013 rows written\n"}
,{"stream_name":"stdout","time":25657.224082231,"data":"[ 427.6 min] 9031 rows written\n"}
,{"stream_name":"stdout","time":25717.874737214,"data":"[ 428.6 min] 9049 rows written\n"}
,{"stream_name":"stdout","time":25778.508817318,"data":"[ 429.6 min] 9065 rows written\n"}
,{"stream_name":"stdout","time":25839.127703714,"data":"[ 430.6 min] 9088 rows written\n"}
,{"stream_name":"stdout","time":25899.874393876,"data":"[ 431.7 min] 9110 rows written\n"}
,{"stream_name":"stdout","time":25960.563384441,"data":"[ 432.7 min] 9139 rows written\n"}
,{"stream_name":"stdout","time":26021.484028841,"data":"[ 433.7 min] 9159 rows written\n"}
,{"stream_name":"stdout","time":26082.386174507,"data":"[ 434.7 min] 9173 rows written\n"}
,{"stream_name":"stdout","time":26143.108746866,"data":"[ 435.7 min] 9195 rows written\n"}
,{"stream_name":"stdout","time":26203.770018449,"data":"[ 436.7 min] 9228 rows written\n"}
,{"stream_name":"stdout","time":26264.485780471,"data":"[ 437.7 min] 9251 rows written\n"}
,{"stream_name":"stdout","time":26325.201088155,"data":"[ 438.7 min] 9271 rows written\n"}
,{"stream_name":"stdout","time":26385.948524294,"data":"[ 439.8 min] 9288 rows written\n"}
,{"stream_name":"stdout","time":26446.600834324,"data":"[ 440.8 min] 9305 rows written\n"}
,{"stream_name":"stdout","time":26507.389127895,"data":"[ 441.8 min] 9325 rows written\n"}
,{"stream_name":"stdout","time":26568.021904748,"data":"[ 442.8 min] 9354 rows written\n"}
,{"stream_name":"stdout","time":26628.580382621,"data":"[ 443.8 min] 9384 rows written\n"}
,{"stream_name":"stdout","time":26689.218394221,"data":"[ 444.8 min] 9397 rows written\n"}
,{"stream_name":"stdout","time":26749.940739238,"data":"[ 445.8 min] 9416 rows written\n"}
,{"stream_name":"stdout","time":26810.686697792,"data":"[ 446.8 min] 9439 rows written\n"}
,{"stream_name":"stdout","time":26871.434198868,"data":"[ 447.8 min] 9456 rows written\n"}
,{"stream_name":"stdout","time":26932.076507924,"data":"[ 448.9 min] 9478 rows written\n"}
,{"stream_name":"stdout","time":26992.681389171,"data":"[ 449.9 min] 9512 rows written\n"}
,{"stream_name":"stdout","time":27053.523005156,"data":"[ 450.9 min] 9551 rows written\n"}
,{"stream_name":"stdout","time":27114.274764714,"data":"[ 451.9 min] 9598 rows written\n"}
,{"stream_name":"stdout","time":27175.161896514,"data":"[ 452.9 min] 9649 rows written\n"}
,{"stream_name":"stdout","time":27235.913502007,"data":"[ 453.9 min] 9697 rows written\n"}
,{"stream_name":"stdout","time":27296.562082574,"data":"[ 454.9 min] 9731 rows written\n"}
,{"stream_name":"stdout","time":27357.254288261,"data":"[ 455.9 min] 9757 rows written\n"}
,{"stream_name":"stdout","time":27417.859705263,"data":"[ 457.0 min] 9782 rows written\n"}
,{"stream_name":"stdout","time":27478.679332222,"data":"[ 458.0 min] 9802 rows written\n"}
,{"stream_name":"stdout","time":27539.317430275,"data":"[ 459.0 min] 9824 rows written\n"}
,{"stream_name":"stdout","time":27600.124862686,"data":"[ 460.0 min] 9853 rows written\n"}
,{"stream_name":"stdout","time":27660.836627537,"data":"[ 461.0 min] 9878 rows written\n"}
,{"stream_name":"stdout","time":27721.502102952,"data":"[ 462.0 min] 9909 rows written\n"}
,{"stream_name":"stdout","time":27782.18507348,"data":"[ 463.0 min] 9937 rows written\n"}
,{"stream_name":"stdout","time":27843.297102583,"data":"[ 464.0 min] 9958 rows written\n"}
,{"stream_name":"stdout","time":27904.018052282,"data":"[ 465.1 min] 9988 rows written\n"}
,{"stream_name":"stdout","time":27964.60202113,"data":"[ 466.1 min] 10016 rows written\n"}
,{"stream_name":"stdout","time":28025.234943429,"data":"[ 467.1 min] 10034 rows written\n"}
,{"stream_name":"stdout","time":28086.096709875,"data":"[ 468.1 min] 10041 rows written\n"}
,{"stream_name":"stdout","time":28146.831567453,"data":"[ 469.1 min] 10046 rows written\n"}
,{"stream_name":"stdout","time":28207.495199499,"data":"[ 470.1 min] 10052 rows written\n"}
,{"stream_name":"stdout","time":28268.478501626,"data":"[ 471.1 min] 10059 rows written\n"}
,{"stream_name":"stdout","time":28329.150983524,"data":"[ 472.1 min] 10067 rows written\n"}
,{"stream_name":"stdout","time":28389.803740979,"data":"[ 473.2 min] 10077 rows written\n"}
,{"stream_name":"stdout","time":28450.594523138,"data":"[ 474.2 min] 10083 rows written\n"}
,{"stream_name":"stdout","time":28511.349548614,"data":"[ 475.2 min] 10089 rows written\n"}
,{"stream_name":"stdout","time":28572.328827404,"data":"[ 476.2 min] 10098 rows written\n"}
,{"stream_name":"stdout","time":28633.068930178,"data":"[ 477.2 min] 10105 rows written\n"}
,{"stream_name":"stdout","time":28693.8368365,"data":"[ 478.2 min] 10113 rows written\n"}
,{"stream_name":"stdout","time":28754.472020561,"data":"[ 479.2 min] 10123 rows written\n"}
,{"stream_name":"stdout","time":28815.556265308,"data":"[ 480.2 min] 10129 rows written\n"}
,{"stream_name":"stdout","time":28876.633082413,"data":"[ 481.3 min] 10136 rows written\n"}
,{"stream_name":"stdout","time":28937.391520075,"data":"[ 482.3 min] 10145 rows written\n"}
,{"stream_name":"stdout","time":28998.477224754,"data":"[ 483.3 min] 10153 rows written\n"}
,{"stream_name":"stdout","time":29059.193713814,"data":"[ 484.3 min] 10162 rows written\n"}
,{"stream_name":"stdout","time":29120.033901614,"data":"[ 485.3 min] 10171 rows written\n"}
,{"stream_name":"stdout","time":29180.898416955,"data":"[ 486.3 min] 10180 rows written\n"}
,{"stream_name":"stdout","time":29241.634301816,"data":"[ 487.3 min] 10189 rows written\n"}
,{"stream_name":"stdout","time":29302.437875024,"data":"[ 488.4 min] 10196 rows written\n"}
,{"stream_name":"stdout","time":29363.18820155,"data":"[ 489.4 min] 10205 rows written\n"}
,{"stream_name":"stdout","time":29424.090973879,"data":"[ 490.4 min] 10216 rows written\n"}
,{"stream_name":"stdout","time":29484.896115569,"data":"[ 491.4 min] 10223 rows written\n"}
,{"stream_name":"stdout","time":29545.570493044,"data":"[ 492.4 min] 10229 rows written\n"}
,{"stream_name":"stdout","time":29606.298063576,"data":"[ 493.4 min] 10237 rows written\n"}
,{"stream_name":"stdout","time":29667.286293293,"data":"[ 494.4 min] 10245 rows written\n"}
,{"stream_name":"stdout","time":29728.028559347,"data":"[ 495.5 min] 10260 rows written\n"}
,{"stream_name":"stdout","time":29788.679180006,"data":"[ 496.5 min] 10273 rows written\n"}
,{"stream_name":"stdout","time":29849.519065263,"data":"[ 497.5 min] 10282 rows written\n"}
,{"stream_name":"stdout","time":29910.198327882,"data":"[ 498.5 min] 10289 rows written\n"}
,{"stream_name":"stdout","time":29971.084221325,"data":"[ 499.5 min] 10299 rows written\n"}
,{"stream_name":"stdout","time":30031.782073317,"data":"[ 500.5 min] 10306 rows written\n"}
,{"stream_name":"stdout","time":30092.51597934,"data":"[ 501.5 min] 10313 rows written\n"}
,{"stream_name":"stdout","time":30153.415724628,"data":"[ 502.5 min] 10319 rows written\n"}
,{"stream_name":"stdout","time":30214.265902988,"data":"[ 503.6 min] 10328 rows written\n"}
,{"stream_name":"stdout","time":30274.917747115,"data":"[ 504.6 min] 10335 rows written\n"}
,{"stream_name":"stdout","time":30335.878450567,"data":"[ 505.6 min] 10339 rows written\n"}
,{"stream_name":"stdout","time":30396.816431152,"data":"[ 506.6 min] 10346 rows written\n"}
,{"stream_name":"stdout","time":30457.592832377,"data":"[ 507.6 min] 10351 rows written\n"}
,{"stream_name":"stdout","time":30518.362960013,"data":"[ 508.6 min] 10359 rows written\n"}
,{"stream_name":"stdout","time":30579.231535157,"data":"[ 509.6 min] 10375 rows written\n"}
,{"stream_name":"stdout","time":30639.993705522,"data":"[ 510.7 min] 10384 rows written\n"}
,{"stream_name":"stdout","time":30700.833196331,"data":"[ 511.7 min] 10393 rows written\n"}
,{"stream_name":"stdout","time":30761.603355516,"data":"[ 512.7 min] 10402 rows written\n"}
,{"stream_name":"stdout","time":30822.439148083,"data":"[ 513.7 min] 10414 rows written\n"}
,{"stream_name":"stdout","time":30883.185875121,"data":"[ 514.7 min] 10426 rows written\n"}
,{"stream_name":"stdout","time":30943.898535981,"data":"[ 515.7 min] 10440 rows written\n"}
,{"stream_name":"stdout","time":31004.644671523,"data":"[ 516.7 min] 10447 rows written\n"}
,{"stream_name":"stdout","time":31065.456754843,"data":"[ 517.7 min] 10455 rows written\n"}
,{"stream_name":"stdout","time":31126.138791131,"data":"[ 518.8 min] 10466 rows written\n"}
,{"stream_name":"stdout","time":31186.971135239,"data":"[ 519.8 min] 10480 rows written\n"}
,{"stream_name":"stdout","time":31247.656624277,"data":"[ 520.8 min] 10491 rows written\n"}
,{"stream_name":"stdout","time":31308.441370659,"data":"[ 521.8 min] 10503 rows written\n"}
,{"stream_name":"stdout","time":31369.133643743,"data":"[ 522.8 min] 10515 rows written\n"}
,{"stream_name":"stdout","time":31429.952826948,"data":"[ 523.8 min] 10523 rows written\n"}
,{"stream_name":"stdout","time":31491.128122152,"data":"[ 524.8 min] 10532 rows written\n"}
,{"stream_name":"stdout","time":31552.267804184,"data":"[ 525.9 min] 10542 rows written\n"}
,{"stream_name":"stdout","time":31612.931595531,"data":"[ 526.9 min] 10552 rows written\n"}
,{"stream_name":"stdout","time":31673.688119398,"data":"[ 527.9 min] 10561 rows written\n"}
,{"stream_name":"stdout","time":31734.401346608,"data":"[ 528.9 min] 10579 rows written\n"}
,{"stream_name":"stdout","time":31795.416138691,"data":"[ 529.9 min] 10596 rows written\n"}
,{"stream_name":"stdout","time":31856.324803747,"data":"[ 530.9 min] 10611 rows written\n"}
,{"stream_name":"stdout","time":31917.235392183,"data":"[ 531.9 min] 10624 rows written\n"}
,{"stream_name":"stdout","time":31978.092842176,"data":"[ 533.0 min] 10638 rows written\n"}
,{"stream_name":"stdout","time":32038.851901336,"data":"[ 534.0 min] 10649 rows written\n"}
,{"stream_name":"stdout","time":32099.579927298,"data":"[ 535.0 min] 10664 rows written\n"}
,{"stream_name":"stdout","time":32160.378404936,"data":"[ 536.0 min] 10676 rows written\n"}
,{"stream_name":"stdout","time":32221.05414711,"data":"[ 537.0 min] 10687 rows written\n"}
,{"stream_name":"stdout","time":32281.867782435,"data":"[ 538.0 min] 10705 rows written\n"}
,{"stream_name":"stdout","time":32342.678286232,"data":"[ 539.0 min] 10719 rows written\n"}
,{"stream_name":"stdout","time":32403.562506187,"data":"[ 540.0 min] 10727 rows written\n"}
,{"stream_name":"stdout","time":32464.417298919,"data":"[ 541.1 min] 10735 rows written\n"}
,{"stream_name":"stdout","time":32525.505281828,"data":"[ 542.1 min] 10743 rows written\n"}
,{"stream_name":"stdout","time":32586.239339248,"data":"[ 543.1 min] 10753 rows written\n"}
,{"stream_name":"stdout","time":32647.034780338,"data":"[ 544.1 min] 10773 rows written\n"}
,{"stream_name":"stdout","time":32707.785745357,"data":"[ 545.1 min] 10789 rows written\n"}
,{"stream_name":"stdout","time":32768.772493741,"data":"[ 546.1 min] 10804 rows written\n"}
,{"stream_name":"stdout","time":32829.670523557,"data":"[ 547.1 min] 10816 rows written\n"}
,{"stream_name":"stdout","time":32890.419688193,"data":"[ 548.2 min] 10828 rows written\n"}
,{"stream_name":"stdout","time":32951.176259252,"data":"[ 549.2 min] 10841 rows written\n"}
,{"stream_name":"stdout","time":33012.586861016,"data":"[ 550.2 min] 10855 rows written\n"}
,{"stream_name":"stdout","time":33073.253209257,"data":"[ 551.2 min] 10867 rows written\n"}
,{"stream_name":"stdout","time":33133.93504412,"data":"[ 552.2 min] 10885 rows written\n"}
,{"stream_name":"stdout","time":33194.794348527,"data":"[ 553.2 min] 10896 rows written\n"}
,{"stream_name":"stdout","time":33255.564576052,"data":"[ 554.2 min] 10910 rows written\n"}
,{"stream_name":"stdout","time":33316.304082061,"data":"[ 555.3 min] 10927 rows written\n"}
,{"stream_name":"stdout","time":33377.139840952,"data":"[ 556.3 min] 10938 rows written\n"}
,{"stream_name":"stdout","time":33438.006052918,"data":"[ 557.3 min] 10945 rows written\n"}
,{"stream_name":"stdout","time":33499.198059727,"data":"[ 558.3 min] 10955 rows written\n"}
,{"stream_name":"stdout","time":33559.984530992,"data":"[ 559.3 min] 10973 rows written\n"}
,{"stream_name":"stdout","time":33620.798504007,"data":"[ 560.3 min] 10995 rows written\n"}
,{"stream_name":"stdout","time":33681.714121657,"data":"[ 561.4 min] 11017 rows written\n"}
,{"stream_name":"stdout","time":33742.734402483,"data":"[ 562.4 min] 11037 rows written\n"}
,{"stream_name":"stdout","time":33803.55604045,"data":"[ 563.4 min] 11059 rows written\n"}
,{"stream_name":"stdout","time":33864.354098329,"data":"[ 564.4 min] 11072 rows written\n"}
,{"stream_name":"stdout","time":33925.406063676,"data":"[ 565.4 min] 11085 rows written\n"}
,{"stream_name":"stdout","time":33986.144049719,"data":"[ 566.4 min] 11097 rows written\n"}
,{"stream_name":"stdout","time":34047.103894867,"data":"[ 567.4 min] 11111 rows written\n"}
,{"stream_name":"stdout","time":34108.076077917,"data":"[ 568.5 min] 11126 rows written\n"}
,{"stream_name":"stdout","time":34169.918255409,"data":"[ 569.5 min] 11141 rows written\n"}
,{"stream_name":"stdout","time":34230.654397133,"data":"[ 570.5 min] 11158 rows written\n"}
,{"stream_name":"stdout","time":34291.378659206,"data":"[ 571.5 min] 11174 rows written\n"}
,{"stream_name":"stdout","time":34352.141043977,"data":"[ 572.5 min] 11188 rows written\n"}
,{"stream_name":"stdout","time":34412.962004355,"data":"[ 573.5 min] 11198 rows written\n"}
,{"stream_name":"stdout","time":34473.844251093,"data":"[ 574.6 min] 11208 rows written\n"}
,{"stream_name":"stdout","time":34534.748449212,"data":"[ 575.6 min] 11220 rows written\n"}
,{"stream_name":"stdout","time":34595.472541583,"data":"[ 576.6 min] 11238 rows written\n"}
,{"stream_name":"stdout","time":34656.167346313,"data":"[ 577.6 min] 11257 rows written\n"}
,{"stream_name":"stdout","time":34717.025538295,"data":"[ 578.6 min] 11279 rows written\n"}
,{"stream_name":"stdout","time":34778.142880485,"data":"[ 579.6 min] 11297 rows written\n"}
,{"stream_name":"stdout","time":34838.947236278,"data":"[ 580.6 min] 11321 rows written\n"}
,{"stream_name":"stdout","time":34899.867104425,"data":"[ 581.7 min] 11336 rows written\n"}
,{"stream_name":"stdout","time":34960.717549968,"data":"[ 582.7 min] 11355 rows written\n"}
,{"stream_name":"stdout","time":35021.825447047,"data":"[ 583.7 min] 11368 rows written\n"}
,{"stream_name":"stdout","time":35082.597589456,"data":"[ 584.7 min] 11380 rows written\n"}
,{"stream_name":"stdout","time":35143.429560023,"data":"[ 585.7 min] 11398 rows written\n"}
,{"stream_name":"stdout","time":35204.136420782,"data":"[ 586.7 min] 11412 rows written\n"}
,{"stream_name":"stdout","time":35265.549076051,"data":"[ 587.7 min] 11424 rows written\n"}
,{"stream_name":"stdout","time":35326.431280206,"data":"[ 588.8 min] 11444 rows written\n"}
,{"stream_name":"stdout","time":35387.413394231,"data":"[ 589.8 min] 11456 rows written\n"}
,{"stream_name":"stdout","time":35448.332659449,"data":"[ 590.8 min] 11474 rows written\n"}
,{"stream_name":"stdout","time":35509.214110458,"data":"[ 591.8 min] 11499 rows written\n"}
,{"stream_name":"stdout","time":35570.082608607,"data":"[ 592.8 min] 11524 rows written\n"}
,{"stream_name":"stdout","time":35630.805049817,"data":"[ 593.8 min] 11551 rows written\n"}
,{"stream_name":"stdout","time":35691.904179139,"data":"[ 594.9 min] 11576 rows written\n"}
,{"stream_name":"stdout","time":35752.667016707,"data":"[ 595.9 min] 11598 rows written\n"}
,{"stream_name":"stdout","time":35813.621193573,"data":"[ 596.9 min] 11607 rows written\n"}
,{"stream_name":"stdout","time":35874.430175664,"data":"[ 597.9 min] 11619 rows written\n"}
,{"stream_name":"stdout","time":35935.276911237,"data":"[ 598.9 min] 11640 rows written\n"}
,{"stream_name":"stdout","time":35996.181763796,"data":"[ 599.9 min] 11655 rows written\n"}
,{"stream_name":"stdout","time":36057.153827513,"data":"[ 600.9 min] 11678 rows written\n"}
,{"stream_name":"stdout","time":36117.96388542,"data":"[ 602.0 min] 11693 rows written\n"}
,{"stream_name":"stdout","time":36178.8831801,"data":"[ 603.0 min] 11705 rows written\n"}
,{"stream_name":"stdout","time":36239.809872824,"data":"[ 604.0 min] 11716 rows written\n"}
,{"stream_name":"stdout","time":36300.657264711,"data":"[ 605.0 min] 11725 rows written\n"}
,{"stream_name":"stdout","time":36361.619433613,"data":"[ 606.0 min] 11737 rows written\n"}
,{"stream_name":"stdout","time":36422.419559022,"data":"[ 607.0 min] 11743 rows written\n"}
,{"stream_name":"stdout","time":36483.280162128,"data":"[ 608.0 min] 11752 rows written\n"}
,{"stream_name":"stdout","time":36544.114921057,"data":"[ 609.1 min] 11760 rows written\n"}
,{"stream_name":"stdout","time":36604.871487929,"data":"[ 610.1 min] 11771 rows written\n"}
,{"stream_name":"stdout","time":36666.037456761,"data":"[ 611.1 min] 11787 rows written\n"}
,{"stream_name":"stdout","time":36726.929396502,"data":"[ 612.1 min] 11806 rows written\n"}
,{"stream_name":"stdout","time":36787.753066072,"data":"[ 613.1 min] 11829 rows written\n"}
,{"stream_name":"stdout","time":36848.744058315,"data":"[ 614.1 min] 11847 rows written\n"}
,{"stream_name":"stdout","time":36909.532797159,"data":"[ 615.1 min] 11865 rows written\n"}
,{"stream_name":"stdout","time":36970.667098281,"data":"[ 616.2 min] 11886 rows written\n"}
,{"stream_name":"stdout","time":37031.512252885,"data":"[ 617.2 min] 11909 rows written\n"}
,{"stream_name":"stdout","time":37092.144030356,"data":"[ 618.2 min] 11929 rows written\n"}
,{"stream_name":"stdout","time":37152.783597758,"data":"[ 619.2 min] 11935 rows written\n"}
,{"stream_name":"stdout","time":37213.418269721,"data":"[ 620.2 min] 11943 rows written\n"}
,{"stream_name":"stdout","time":37274.270741384,"data":"[ 621.2 min] 11950 rows written\n"}
,{"stream_name":"stdout","time":37334.952165117,"data":"[ 622.2 min] 11960 rows written\n"}
,{"stream_name":"stdout","time":37395.60651226,"data":"[ 623.2 min] 11972 rows written\n"}
,{"stream_name":"stdout","time":37456.21830373,"data":"[ 624.3 min] 11981 rows written\n"}
,{"stream_name":"stdout","time":37516.896220843,"data":"[ 625.3 min] 11987 rows written\n"}
,{"stream_name":"stdout","time":37577.538570546,"data":"[ 626.3 min] 11993 rows written\n"}
,{"stream_name":"stdout","time":37638.121675193,"data":"[ 627.3 min] 12000 rows written\n"}
,{"stream_name":"stdout","time":37698.831469759,"data":"[ 628.3 min] 12012 rows written\n"}
,{"stream_name":"stdout","time":37759.497578794,"data":"[ 629.3 min] 12025 rows written\n"}
,{"stream_name":"stdout","time":37820.145626863,"data":"[ 630.3 min] 12038 rows written\n"}
,{"stream_name":"stdout","time":37880.792299102,"data":"[ 631.3 min] 12048 rows written\n"}
,{"stream_name":"stdout","time":37941.442637445,"data":"[ 632.3 min] 12058 rows written\n"}
,{"stream_name":"stdout","time":38002.087071723,"data":"[ 633.4 min] 12063 rows written\n"}
,{"stream_name":"stdout","time":38063.151525157,"data":"[ 634.4 min] 12068 rows written\n"}
,{"stream_name":"stdout","time":38123.807696995,"data":"[ 635.4 min] 12074 rows written\n"}
,{"stream_name":"stdout","time":38184.419064236,"data":"[ 636.4 min] 12082 rows written\n"}
,{"stream_name":"stdout","time":38245.049980838,"data":"[ 637.4 min] 12093 rows written\n"}
,{"stream_name":"stdout","time":38306.107287583,"data":"[ 638.4 min] 12109 rows written\n"}
,{"stream_name":"stdout","time":38367.027427787,"data":"[ 639.4 min] 12122 rows written\n"}
,{"stream_name":"stdout","time":38427.765177872,"data":"[ 640.5 min] 12135 rows written\n"}
,{"stream_name":"stdout","time":38488.382641694,"data":"[ 641.5 min] 12149 rows written\n"}
,{"stream_name":"stdout","time":38549.213604535,"data":"[ 642.5 min] 12159 rows written\n"}
,{"stream_name":"stdout","time":38609.812456111,"data":"[ 643.5 min] 12165 rows written\n"}
,{"stream_name":"stdout","time":38670.407893715,"data":"[ 644.5 min] 12173 rows written\n"}
,{"stream_name":"stdout","time":38731.064477262,"data":"[ 645.5 min] 12182 rows written\n"}
,{"stream_name":"stdout","time":38791.7182647,"data":"[ 646.5 min] 12189 rows written\n"}
,{"stream_name":"stdout","time":38852.805460041,"data":"[ 647.5 min] 12197 rows written\n"}
,{"stream_name":"stdout","time":38913.455037541,"data":"[ 648.5 min] 12207 rows written\n"}
,{"stream_name":"stdout","time":38974.073977298,"data":"[ 649.6 min] 12218 rows written\n"}
,{"stream_name":"stdout","time":39034.75306428,"data":"[ 650.6 min] 12233 rows written\n"}
,{"stream_name":"stdout","time":39095.417709252,"data":"[ 651.6 min] 12246 rows written\n"}
,{"stream_name":"stdout","time":39156.071439856,"data":"[ 652.6 min] 12264 rows written\n"}
,{"stream_name":"stdout","time":39216.693708366,"data":"[ 653.6 min] 12281 rows written\n"}
,{"stream_name":"stdout","time":39277.367865949,"data":"[ 654.6 min] 12291 rows written\n"}
,{"stream_name":"stdout","time":39338.160087256,"data":"[ 655.6 min] 12298 rows written\n"}
,{"stream_name":"stdout","time":39398.805839493,"data":"[ 656.6 min] 12302 rows written\n"}
,{"stream_name":"stdout","time":39459.467224965,"data":"[ 657.6 min] 12308 rows written\n"}
,{"stream_name":"stdout","time":39520.087519022,"data":"[ 658.7 min] 12316 rows written\n"}
,{"stream_name":"stdout","time":39580.749977902,"data":"[ 659.7 min] 12319 rows written\n"}
,{"stream_name":"stdout","time":39641.41529563,"data":"[ 660.7 min] 12323 rows written\n"}
,{"stream_name":"stdout","time":39702.079252109,"data":"[ 661.7 min] 12331 rows written\n"}
,{"stream_name":"stdout","time":39762.735221293,"data":"[ 662.7 min] 12343 rows written\n"}
,{"stream_name":"stdout","time":39823.398638496,"data":"[ 663.7 min] 12357 rows written\n"}
,{"stream_name":"stdout","time":39884.160429779,"data":"[ 664.7 min] 12376 rows written\n"}
,{"stream_name":"stdout","time":39944.828600461,"data":"[ 665.7 min] 12396 rows written\n"}
,{"stream_name":"stdout","time":40005.49608193,"data":"[ 666.7 min] 12415 rows written\n"}
,{"stream_name":"stdout","time":40066.169775143,"data":"[ 667.8 min] 12434 rows written\n"}
,{"stream_name":"stdout","time":40126.841377989,"data":"[ 668.8 min] 12448 rows written\n"}
,{"stream_name":"stdout","time":40187.456906953,"data":"[ 669.8 min] 12458 rows written\n"}
,{"stream_name":"stdout","time":40248.088015122,"data":"[ 670.8 min] 12476 rows written\n"}
,{"stream_name":"stdout","time":40308.75769357,"data":"[ 671.8 min] 12494 rows written\n"}
,{"stream_name":"stdout","time":40369.56083084,"data":"[ 672.8 min] 12510 rows written\n"}
,{"stream_name":"stdout","time":40430.345015413,"data":"[ 673.8 min] 12523 rows written\n"}
,{"stream_name":"stdout","time":40491.004134655,"data":"[ 674.8 min] 12539 rows written\n"}
,{"stream_name":"stdout","time":40551.677623167,"data":"[ 675.8 min] 12546 rows written\n"}
,{"stream_name":"stdout","time":40612.400554288,"data":"[ 676.9 min] 12555 rows written\n"}
,{"stream_name":"stdout","time":40673.267560173,"data":"[ 677.9 min] 12572 rows written\n"}
,{"stream_name":"stdout","time":40733.933906908,"data":"[ 678.9 min] 12585 rows written\n"}
,{"stream_name":"stdout","time":40794.642645352,"data":"[ 679.9 min] 12603 rows written\n"}
,{"stream_name":"stdout","time":40855.467617625,"data":"[ 680.9 min] 12617 rows written\n"}
,{"stream_name":"stdout","time":40916.467287908,"data":"[ 681.9 min] 12629 rows written\n"}
,{"stream_name":"stdout","time":40977.187683934,"data":"[ 682.9 min] 12645 rows written\n"}
,{"stream_name":"stdout","time":41037.88950074,"data":"[ 684.0 min] 12658 rows written\n"}
,{"stream_name":"stdout","time":41098.572040576,"data":"[ 685.0 min] 12671 rows written\n"}
,{"stream_name":"stdout","time":41159.878287169,"data":"[ 686.0 min] 12684 rows written\n"}
,{"stream_name":"stdout","time":41220.707802502,"data":"[ 687.0 min] 12700 rows written\n"}
,{"stream_name":"stdout","time":41281.392402223,"data":"[ 688.0 min] 12708 rows written\n"}
,{"stream_name":"stdout","time":41342.008590461,"data":"[ 689.0 min] 12713 rows written\n"}
,{"stream_name":"stdout","time":41402.682309489,"data":"[ 690.0 min] 12719 rows written\n"}
,{"stream_name":"stdout","time":41402.682439574,"data":"[ 690.0 min] deadline reached; stopping benchmark processes (rows so far are kept)\n"}
,{"stream_name":"stdout","time":41402.686504792,"data":"[ 690.0 min] done\n"}
,{"stream_name":"stderr","time":41405.731992185,"data":"/usr/local/lib/python3.12/dist-packages/mistune.py:435: SyntaxWarning: invalid escape sequence '\\|'\n"}
,{"stream_name":"stderr","time":41405.732145481,"data":"  cells[i][c] = re.sub('\\\\\\\\\\|', '|', cell)\n"}
,{"stream_name":"stderr","time":41406.029300591,"data":"/usr/local/lib/python3.12/dist-packages/nbconvert/filters/filter_links.py:36: SyntaxWarning: invalid escape sequence '\\_'\n"}
,{"stream_name":"stderr","time":41406.029335055,"data":"  text = re.sub(r'_', '\\_', text) # Escape underscores in display text\n"}
,{"stream_name":"stderr","time":41407.245047732,"data":"[NbConvertApp] Converting notebook __script__.ipynb to html\n"}
,{"stream_name":"stderr","time":41408.755508254,"data":"[NbConvertApp] Writing 310154 bytes to __results__.html\n"}
]