[{"stream_name":"stdout","time":1.354015631,"data":"[   0.0 min] code in /kaggle/tmp/qaari; config {'reciters': ['Abdurrahmaan_As-Sudais_192kbps', 'Abdullaah_3awwaad_Al-Juhaynee_128kbps', 'Saood_ash-Shuraym_128kbps', 'Nasser_Alqatami_128kbps', 'Yasser_Ad-Dussary_128kbps', 'Husary_128kbps', 'Husary_Muallim_128kbps', 'Minshawy_Murattal_128kbps', 'Hudhaify_128kbps', 'Abdul_Basit_Murattal_192kbps', 'Alafasy_128kbps'], 'verses': 'all', 'modes': ['studio', 'taraweeh_adapted'], 'procs': 4, 'shard_base': 12, 'shard_total': 20, 'octave': False, 'tag': 'fill', 'pip': 'praat-parselmouth faiss-cpu nara_wpe soxr speechbrain', 'hours': 11.5, 'skip_done': 'benchmarks/done_full.json'}\n"}
,{"stream_name":"stdout","time":33.385250391,"data":"[   0.5 min] internet: OFF (kernel internet disabled; using the attached qaari-eval-deps bundle)\n"}
,{"stream_name":"stdout","time":33.427158952,"data":"[   0.5 min] $ /usr/bin/python3 -m pip install -q --no-index --find-links /kaggle/input/datasets/razanashrafalnajjar/qaari-eval-deps/wheels ruamel.yaml.clib\n"}
,{"stream_name":"stdout","time":38.796136759,"data":"[   0.6 min] $ /usr/bin/python3 -m pip install -q --no-index --find-links /kaggle/input/datasets/razanashrafalnajjar/qaari-eval-deps/wheels ruamel.yaml\n"}
,{"stream_name":"stdout","time":42.363647864,"data":"[   0.7 min] $ /usr/bin/python3 -m pip install -q --no-index --find-links /kaggle/input/datasets/razanashrafalnajjar/qaari-eval-deps/wheels hyperpyyaml\n"}
,{"stream_name":"stdout","time":46.27538395,"data":"[   0.8 min] $ /usr/bin/python3 -m pip install -q --no-index --find-links /kaggle/input/datasets/razanashrafalnajjar/qaari-eval-deps/wheels bottleneck\n"}
,{"stream_name":"stdout","time":49.891027008,"data":"[   0.8 min] $ /usr/bin/python3 -m pip install -q --no-index --find-links /kaggle/input/datasets/razanashrafalnajjar/qaari-eval-deps/wheels sentencepiece\n"}
,{"stream_name":"stdout","time":53.480984134,"data":"[   0.9 min] $ /usr/bin/python3 -m pip install -q --no-index --find-links /kaggle/input/datasets/razanashrafalnajjar/qaari-eval-deps/wheels praat-parselmouth\n"}
,{"stream_name":"stdout","time":57.42755472,"data":"[   0.9 min] $ /usr/bin/python3 -m pip install -q --no-index --find-links /kaggle/input/datasets/razanashrafalnajjar/qaari-eval-deps/wheels faiss-cpu\n"}
,{"stream_name":"stdout","time":61.922244998,"data":"[   1.0 min] $ /usr/bin/python3 -m pip install -q --no-index --find-links /kaggle/input/datasets/razanashrafalnajjar/qaari-eval-deps/wheels nara_wpe\n"}
,{"stream_name":"stdout","time":65.48672134,"data":"[   1.1 min] $ /usr/bin/python3 -m pip install -q --no-index --find-links /kaggle/input/datasets/razanashrafalnajjar/qaari-eval-deps/wheels soxr\n"}
,{"stream_name":"stdout","time":68.982247175,"data":"[   1.1 min] $ /usr/bin/python3 -m pip install -q --no-index --find-links /kaggle/input/datasets/razanashrafalnajjar/qaari-eval-deps/wheels speechbrain\n"}
,{"stream_name":"stdout","time":80.839581862,"data":"[   1.3 min] dependencies import cleanly\n"}
,{"stream_name":"stdout","time":87.771348948,"data":"[   1.5 min] model snapshots copied to /root/.cache/huggingface/hub\n"}
,{"stream_name":"stdout","time":92.439735425,"data":"[   1.5 min] ECAPA pre-warmed\n"}
,{"stream_name":"stdout","time":172.453081227,"data":"[   2.9 min] started 4 benchmark processes\n"}
,{"stream_name":"stdout","time":232.456708141,"data":"[   3.9 min] 32 rows written\n"}
,{"stream_name":"stdout","time":292.472051146,"data":"[   4.9 min] 51 rows written\n"}
,{"stream_name":"stdout","time":352.483062096,"data":"[   5.9 min] 67 rows written\n"}
,{"stream_name":"stdout","time":412.500198807,"data":"[   6.9 min] 83 rows written\n"}
,{"stream_name":"stdout","time":472.513584628,"data":"[   7.9 min] 95 rows written\n"}
,{"stream_name":"stdout","time":532.531394223,"data":"[   8.9 min] 108 rows written\n"}
,{"stream_name":"stdout","time":592.550595968,"data":"[   9.9 min] 121 rows written\n"}
,{"stream_name":"stdout","time":652.569225955,"data":"[  10.9 min] 140 rows written\n"}
,{"stream_name":"stdout","time":712.593023963,"data":"[  11.9 min] 164 rows written\n"}
,{"stream_name":"stdout","time":772.620022544,"data":"[  12.9 min] 185 rows written\n"}
,{"stream_name":"stdout","time":832.64579469,"data":"[  13.9 min] 200 rows written\n"}
,{"stream_name":"stdout","time":892.676414487,"data":"[  14.9 min] 216 rows written\n"}
,{"stream_name":"stdout","time":952.707476288,"data":"[  15.9 min] 229 rows written\n"}
,{"stream_name":"stdout","time":1012.740735543,"data":"[  16.9 min] 243 rows written\n"}
,{"stream_name":"stdout","time":1072.781191798,"data":"[  17.9 min] 252 rows written\n"}
,{"stream_name":"stdout","time":1132.818464868,"data":"[  18.9 min] 267 rows written\n"}
,{"stream_name":"stdout","time":1192.85642033,"data":"[  19.9 min] 280 rows written\n"}
,{"stream_name":"stdout","time":1252.901401432,"data":"[  20.9 min] 295 rows written\n"}
,{"stream_name":"stdout","time":1312.960073227,"data":"[  21.9 min] 310 rows written\n"}
,{"stream_name":"stdout","time":1373.007975599,"data":"[  22.9 min] 332 rows written\n"}
,{"stream_name":"stdout","time":1433.056710175,"data":"[  23.9 min] 352 rows written\n"}
,{"stream_name":"stdout","time":1493.103022682,"data":"[  24.9 min] 373 rows written\n"}
,{"stream_name":"stdout","time":1553.153012188,"data":"[  25.9 min] 395 rows written\n"}
,{"stream_name":"stdout","time":1613.212007716,"data":"[  26.9 min] 416 rows written\n"}
,{"stream_name":"stdout","time":1673.270098954,"data":"[  27.9 min] 443 rows written\n"}
,{"stream_name":"stdout","time":1733.333053113,"data":"[  28.9 min] 469 rows written\n"}
,{"stream_name":"stdout","time":1793.39692948,"data":"[  29.9 min] 486 rows written\n"}
,{"stream_name":"stdout","time":1853.465282658,"data":"[  30.9 min] 507 rows written\n"}
,{"stream_name":"stdout","time":1913.536336678,"data":"[  31.9 min] 521 rows written\n"}
,{"stream_name":"stdout","time":1973.619016015,"data":"[  32.9 min] 537 rows written\n"}
,{"stream_name":"stdout","time":2033.695037199,"data":"[  33.9 min] 553 rows written\n"}
,{"stream_name":"stdout","time":2093.767601023,"data":"[  34.9 min] 571 rows written\n"}
,{"stream_name":"stdout","time":2153.865949584,"data":"[  35.9 min] 595 rows written\n"}
,{"stream_name":"stdout","time":2213.95140183,"data":"[  36.9 min] 611 rows written\n"}
,{"stream_name":"stdout","time":2274.032913035,"data":"[  37.9 min] 633 rows written\n"}
,{"stream_name":"stdout","time":2334.084538191,"data":"[  38.9 min] 655 rows written\n"}
,{"stream_name":"stdout","time":2394.170105143,"data":"[  39.9 min] 679 rows written\n"}
,{"stream_name":"stdout","time":2454.260094046,"data":"[  40.9 min] 700 rows written\n"}
,{"stream_name":"stdout","time":2514.351321274,"data":"[  41.9 min] 729 rows written\n"}
,{"stream_name":"stdout","time":2574.43699665,"data":"[  42.9 min] 760 rows written\n"}
,{"stream_name":"stdout","time":2634.533967383,"data":"[  43.9 min] 792 rows written\n"}
,{"stream_name":"stdout","time":2694.63402384,"data":"[  44.9 min] 815 rows written\n"}
,{"stream_name":"stdout","time":2754.74184127,"data":"[  45.9 min] 839 rows written\n"}
,{"stream_name":"stdout","time":2814.844426999,"data":"[  46.9 min] 862 rows written\n"}
,{"stream_name":"stdout","time":2874.951909308,"data":"[  47.9 min] 894 rows written\n"}
,{"stream_name":"stdout","time":2935.061714456,"data":"[  48.9 min] 931 rows written\n"}
,{"stream_name":"stdout","time":2995.172360342,"data":"[  49.9 min] 963 rows written\n"}
,{"stream_name":"stdout","time":3055.288585776,"data":"[  50.9 min] 998 rows written\n"}
,{"stream_name":"stdout","time":3115.404385457,"data":"[  51.9 min] 1042 rows written\n"}
,{"stream_name":"stdout","time":3175.52700276,"data":"[  52.9 min] 1074 rows written\n"}
,{"stream_name":"stdout","time":3235.646970658,"data":"[  53.9 min] 1092 rows written\n"}
,{"stream_name":"stdout","time":3295.767823801,"data":"[  54.9 min] 1122 rows written\n"}
,{"stream_name":"stdout","time":3355.881473441,"data":"[  55.9 min] 1160 rows written\n"}
,{"stream_name":"stdout","time":3416.006218848,"data":"[  56.9 min] 1198 rows written\n"}
,{"stream_name":"stdout","time":3476.140250041,"data":"[  57.9 min] 1223 rows written\n"}
,{"stream_name":"stdout","time":3536.278520169,"data":"[  58.9 min] 1255 rows written\n"}
,{"stream_name":"stdout","time":3596.434995443,"data":"[  59.9 min] 1287 rows written\n"}
,{"stream_name":"stdout","time":3656.548702093,"data":"[  60.9 min] 1320 rows written\n"}
,{"stream_name":"stdout","time":3716.694987441,"data":"[  61.9 min] 1359 rows written\n"}
,{"stream_name":"stdout","time":3776.818871883,"data":"[  62.9 min] 1390 rows written\n"}
,{"stream_name":"stdout","time":3836.934873416,"data":"[  63.9 min] 1418 rows written\n"}
,{"stream_name":"stdout","time":3897.069140489,"data":"[  64.9 min] 1450 rows written\n"}
,{"stream_name":"stdout","time":3957.189273572,"data":"[  65.9 min] 1491 rows written\n"}
,{"stream_name":"stdout","time":4017.318692553,"data":"[  66.9 min] 1530 rows written\n"}
,{"stream_name":"stdout","time":4077.476368377,"data":"[  67.9 min] 1551 rows written\n"}
,{"stream_name":"stdout","time":4137.638429642,"data":"[  68.9 min] 1580 rows written\n"}
,{"stream_name":"stdout","time":4197.810077905,"data":"[  70.0 min] 1614 rows written\n"}
,{"stream_name":"stdout","time":4257.994696077,"data":"[  71.0 min] 1645 rows written\n"}
,{"stream_name":"stdout","time":4318.160984729,"data":"[  72.0 min] 1686 rows written\n"}
,{"stream_name":"stdout","time":4378.289776107,"data":"[  73.0 min] 1715 rows written\n"}
,{"stream_name":"stdout","time":4438.471702133,"data":"[  74.0 min] 1743 rows written\n"}
,{"stream_name":"stdout","time":4498.653118207,"data":"[  75.0 min] 1769 rows written\n"}
,{"stream_name":"stdout","time":4558.810232877,"data":"[  76.0 min] 1795 rows written\n"}
,{"stream_name":"stdout","time":4618.993972574,"data":"[  77.0 min] 1829 rows written\n"}
,{"stream_name":"stdout","time":4679.212500745,"data":"[  78.0 min] 1862 rows written\n"}
,{"stream_name":"stdout","time":4739.338915425,"data":"[  79.0 min] 1892 rows written\n"}
,{"stream_name":"stdout","time":4799.533379216,"data":"[  80.0 min] 1925 rows written\n"}
,{"stream_name":"stdout","time":4859.763972093,"data":"[  81.0 min] 1966 rows written\n"}
,{"stream_name":"stdout","time":4919.940785726,"data":"[  82.0 min] 1986 rows written\n"}
,{"stream_name":"stdout","time":4980.134721773,"data":"[  83.0 min] 2026 rows written\n"}
,{"stream_name":"stdout","time":5040.282882273,"data":"[  84.0 min] 2067 rows written\n"}
,{"stream_name":"stdout","time":5100.521704017,"data":"[  85.0 min] 2094 rows written\n"}
,{"stream_name":"stdout","time":5160.678719538,"data":"[  86.0 min] 2111 rows written\n"}
,{"stream_name":"stdout","time":5220.875033727,"data":"[  87.0 min] 2156 rows written\n"}
,{"stream_name":"stdout","time":5281.019896969,"data":"[  88.0 min] 2219 rows written\n"}
,{"stream_name":"stdout","time":5341.256542437,"data":"[  89.0 min] 2299 rows written\n"}
,{"stream_name":"stdout","time":5401.466109282,"data":"[  90.0 min] 2378 rows written\n"}
,{"stream_name":"stdout","time":5461.691132274,"data":"[  91.0 min] 2446 rows written\n"}
,{"stream_name":"stdout","time":5521.913560229,"data":"[  92.0 min] 2501 rows written\n"}
,{"stream_name":"stdout","time":5582.084311515,"data":"[  93.0 min] 2532 rows written\n"}
,{"stream_name":"stdout","time":5642.239310987,"data":"[  94.0 min] 2553 rows written\n"}
,{"stream_name":"stdout","time":5702.470026494,"data":"[  95.0 min] 2568 rows written\n"}
,{"stream_name":"stdout","time":5762.652055778,"data":"[  96.0 min] 2582 rows written\n"}
,{"stream_name":"stdout","time":5822.886963129,"data":"[  97.0 min] 2598 rows written\n"}
,{"stream_name":"stdout","time":5883.120008315,"data":"[  98.0 min] 2615 rows written\n"}
,{"stream_name":"stdout","time":5943.284547678,"data":"[  99.0 min] 2628 rows written\n"}
,{"stream_name":"stdout","time":6003.517987265,"data":"[ 100.0 min] 2644 rows written\n"}
,{"stream_name":"stdout","time":6063.754037554,"data":"[ 101.0 min] 2656 rows written\n"}
,{"stream_name":"stdout","time":6123.996969454,"data":"[ 102.1 min] 2671 rows written\n"}
,{"stream_name":"stdout","time":6184.19050935,"data":"[ 103.1 min] 2683 rows written\n"}
,{"stream_name":"stdout","time":6244.367569385,"data":"[ 104.1 min] 2699 rows written\n"}
,{"stream_name":"stdout","time":6304.525232155,"data":"[ 105.1 min] 2712 rows written\n"}
,{"stream_name":"stdout","time":6364.778184271,"data":"[ 106.1 min] 2728 rows written\n"}
,{"stream_name":"stdout","time":6424.94323316,"data":"[ 107.1 min] 2747 rows written\n"}
,{"stream_name":"stdout","time":6485.180665603,"data":"[ 108.1 min] 2761 rows written\n"}
,{"stream_name":"stdout","time":6545.382874476,"data":"[ 109.1 min] 2777 rows written\n"}
,{"stream_name":"stdout","time":6605.589236239,"data":"[ 110.1 min] 2791 rows written\n"}
,{"stream_name":"stdout","time":6665.757390865,"data":"[ 111.1 min] 2809 rows written\n"}
,{"stream_name":"stdout","time":6725.918351434,"data":"[ 112.1 min] 2827 rows written\n"}
,{"stream_name":"stdout","time":6786.110023523,"data":"[ 113.1 min] 2842 rows written\n"}
,{"stream_name":"stdout","time":6846.328561975,"data":"[ 114.1 min] 2862 rows written\n"}
,{"stream_name":"stdout","time":6906.606827688,"data":"[ 115.1 min] 2882 rows written\n"}
,{"stream_name":"stdout","time":6966.883909865,"data":"[ 116.1 min] 2905 rows written\n"}
,{"stream_name":"stdout","time":7027.106390579,"data":"[ 117.1 min] 2920 rows written\n"}
,{"stream_name":"stdout","time":7087.448953923,"data":"[ 118.1 min] 2931 rows written\n"}
,{"stream_name":"stdout","time":7147.663283949,"data":"[ 119.1 min] 2950 rows written\n"}
,{"stream_name":"stdout","time":7208.016572134,"data":"[ 120.1 min] 2969 rows written\n"}
,{"stream_name":"stdout","time":7268.204635929,"data":"[ 121.1 min] 2988 rows written\n"}
,{"stream_name":"stdout","time":7328.531014142,"data":"[ 122.1 min] 3006 rows written\n"}
,{"stream_name":"stdout","time":7388.808962332,"data":"[ 123.1 min] 3031 rows written\n"}
,{"stream_name":"stdout","time":7449.136530549,"data":"[ 124.1 min] 3055 rows written\n"}
,{"stream_name":"stdout","time":7509.367173913,"data":"[ 125.1 min] 3075 rows written\n"}
,{"stream_name":"stdout","time":7569.686965507,"data":"[ 126.1 min] 3093 rows written\n"}
,{"stream_name":"stdout","time":7629.91053694,"data":"[ 127.2 min] 3113 rows written\n"}
,{"stream_name":"stdout","time":7690.174887763,"data":"[ 128.2 min] 3156 rows written\n"}
,{"stream_name":"stdout","time":7750.447010613,"data":"[ 129.2 min] 3186 rows written\n"}
,{"stream_name":"stdout","time":7810.674844845,"data":"[ 130.2 min] 3213 rows written\n"}
,{"stream_name":"stdout","time":7870.888786145,"data":"[ 131.2 min] 3236 rows written\n"}
,{"stream_name":"stdout","time":7931.213907339,"data":"[ 132.2 min] 3259 rows written\n"}
,{"stream_name":"stdout","time":7991.427982445,"data":"[ 133.2 min] 3292 rows written\n"}
,{"stream_name":"stdout","time":8051.697381959,"data":"[ 134.2 min] 3320 rows written\n"}
,{"stream_name":"stdout","time":8111.950406835,"data":"[ 135.2 min] 3342 rows written\n"}
,{"stream_name":"stdout","time":8172.272955667,"data":"[ 136.2 min] 3392 rows written\n"}
,{"stream_name":"stdout","time":8232.624497037,"data":"[ 137.2 min] 3415 rows written\n"}
,{"stream_name":"stdout","time":8292.961003435,"data":"[ 138.2 min] 3450 rows written\n"}
,{"stream_name":"stdout","time":8353.269396999,"data":"[ 139.2 min] 3483 rows written\n"}
,{"stream_name":"stdout","time":8413.484428079,"data":"[ 140.2 min] 3510 rows written\n"}
,{"stream_name":"stdout","time":8473.743189573,"data":"[ 141.2 min] 3554 rows written\n"}
,{"stream_name":"stdout","time":8534.039992553,"data":"[ 142.2 min] 3594 rows written\n"}
,{"stream_name":"stdout","time":8594.32675581,"data":"[ 143.2 min] 3625 rows written\n"}
,{"stream_name":"stdout","time":8654.549932267,"data":"[ 144.2 min] 3657 rows written\n"}
,{"stream_name":"stdout","time":8714.885698917,"data":"[ 145.2 min] 3673 rows written\n"}
,{"stream_name":"stdout","time":8775.077794131,"data":"[ 146.2 min] 3693 rows written\n"}
,{"stream_name":"stdout","time":8835.336267336,"data":"[ 147.2 min] 3711 rows written\n"}
,{"stream_name":"stdout","time":8895.622500349,"data":"[ 148.2 min] 3735 rows written\n"}
,{"stream_name":"stdout","time":8955.903102181,"data":"[ 149.3 min] 3754 rows written\n"}
,{"stream_name":"stdout","time":9016.263880882,"data":"[ 150.3 min] 3783 rows written\n"}
,{"stream_name":"stdout","time":9076.676245058,"data":"[ 151.3 min] 3813 rows written\n"}
,{"stream_name":"stdout","time":9136.932297575,"data":"[ 152.3 min] 3853 rows written\n"}
,{"stream_name":"stdout","time":9197.239936135,"data":"[ 153.3 min] 3892 rows written\n"}
,{"stream_name":"stdout","time":9257.467056408,"data":"[ 154.3 min] 3927 rows written\n"}
,{"stream_name":"stdout","time":9317.756004311,"data":"[ 155.3 min] 3965 rows written\n"}
,{"stream_name":"stdout","time":9378.016422388,"data":"[ 156.3 min] 3993 rows written\n"}
,{"stream_name":"stdout","time":9438.273890665,"data":"[ 157.3 min] 4009 rows written\n"}
,{"stream_name":"stdout","time":9498.735570515,"data":"[ 158.3 min] 4036 rows written\n"}
,{"stream_name":"stdout","time":9559.047398548,"data":"[ 159.3 min] 4060 rows written\n"}
,{"stream_name":"stdout","time":9619.368220952,"data":"[ 160.3 min] 4084 rows written\n"}
,{"stream_name":"stdout","time":9679.683685193,"data":"[ 161.3 min] 4118 rows written\n"}
,{"stream_name":"stdout","time":9740.081085204,"data":"[ 162.3 min] 4144 rows written\n"}
,{"stream_name":"stdout","time":9800.32556022,"data":"[ 163.3 min] 4190 rows written\n"}
,{"stream_name":"stdout","time":9860.67354972,"data":"[ 164.3 min] 4227 rows written\n"}
,{"stream_name":"stdout","time":9920.985088372,"data":"[ 165.3 min] 4274 rows written\n"}
,{"stream_name":"stdout","time":9981.344014574,"data":"[ 166.3 min] 4324 rows written\n"}
,{"stream_name":"stdout","time":10041.773500494,"data":"[ 167.4 min] 4358 rows written\n"}
,{"stream_name":"stdout","time":10102.095124158,"data":"[ 168.4 min] 4382 rows written\n"}
,{"stream_name":"stdout","time":10162.400188596,"data":"[ 169.4 min] 4400 rows written\n"}
,{"stream_name":"stdout","time":10222.651233234,"data":"[ 170.4 min] 4428 rows written\n"}
,{"stream_name":"stdout","time":10282.954801813,"data":"[ 171.4 min] 4476 rows written\n"}
,{"stream_name":"stdout","time":10343.220576439,"data":"[ 172.4 min] 4514 rows written\n"}
,{"stream_name":"stdout","time":10403.607450048,"data":"[ 173.4 min] 4575 rows written\n"}
,{"stream_name":"stdout","time":10463.954380714,"data":"[ 174.4 min] 4649 rows written\n"}
,{"stream_name":"stdout","time":10524.190948392,"data":"[ 175.4 min] 4721 rows written\n"}
,{"stream_name":"stdout","time":10584.562278488,"data":"[ 176.4 min] 4766 rows written\n"}
,{"stream_name":"stdout","time":10644.863306227,"data":"[ 177.4 min] 4790 rows written\n"}
,{"stream_name":"stdout","time":10705.3035332,"data":"[ 178.4 min] 4808 rows written\n"}
,{"stream_name":"stdout","time":10765.617198292,"data":"[ 179.4 min] 4822 rows written\n"}
,{"stream_name":"stdout","time":10825.965264903,"data":"[ 180.4 min] 4829 rows written\n"}
,{"stream_name":"stdout","time":10886.359961857,"data":"[ 181.4 min] 4858 rows written\n"}
,{"stream_name":"stdout","time":10946.685229922,"data":"[ 182.4 min] 4898 rows written\n"}
,{"stream_name":"stdout","time":11007.114064825,"data":"[ 183.4 min] 4943 rows written\n"}
,{"stream_name":"stdout","time":11067.586602614,"data":"[ 184.4 min] 4995 rows written\n"}
,{"stream_name":"stdout","time":11127.960167652,"data":"[ 185.5 min] 5045 rows written\n"}
,{"stream_name":"stdout","time":11188.43613647,"data":"[ 186.5 min] 5084 rows written\n"}
,{"stream_name":"stdout","time":11248.794038569,"data":"[ 187.5 min] 5121 rows written\n"}
,{"stream_name":"stdout","time":11309.793168169,"data":"[ 188.5 min] 5151 rows written\n"}
,{"stream_name":"stdout","time":11370.15474878,"data":"[ 189.5 min] 5191 rows written\n"}
,{"stream_name":"stdout","time":11430.819729231,"data":"[ 190.5 min] 5232 rows written\n"}
,{"stream_name":"stdout","time":11491.276183086,"data":"[ 191.5 min] 5249 rows written\n"}
,{"stream_name":"stdout","time":11551.614916197,"data":"[ 192.5 min] 5270 rows written\n"}
,{"stream_name":"stdout","time":11612.013676527,"data":"[ 193.5 min] 5288 rows written\n"}
,{"stream_name":"stdout","time":11672.437801054,"data":"[ 194.5 min] 5311 rows written\n"}
,{"stream_name":"stdout","time":11732.808726025,"data":"[ 195.5 min] 5333 rows written\n"}
,{"stream_name":"stdout","time":11793.200965942,"data":"[ 196.5 min] 5357 rows written\n"}
,{"stream_name":"stdout","time":11853.565448983,"data":"[ 197.5 min] 5375 rows written\n"}
,{"stream_name":"stdout","time":11914.09930171,"data":"[ 198.6 min] 5389 rows written\n"}
,{"stream_name":"stdout","time":11974.577955077,"data":"[ 199.6 min] 5405 rows written\n"}
,{"stream_name":"stdout","time":12035.176964812,"data":"[ 200.6 min] 5419 rows written\n"}
,{"stream_name":"stdout","time":12095.488212595,"data":"[ 201.6 min] 5434 rows written\n"}
,{"stream_name":"stdout","time":12155.826358395,"data":"[ 202.6 min] 5454 rows written\n"}
,{"stream_name":"stdout","time":12216.204698554,"data":"[ 203.6 min] 5475 rows written\n"}
,{"stream_name":"stdout","time":12276.794027912,"data":"[ 204.6 min] 5497 rows written\n"}
,{"stream_name":"stdout","time":12337.090538479,"data":"[ 205.6 min] 5518 rows written\n"}
,{"stream_name":"stdout","time":12397.395895014,"data":"[ 206.6 min] 5538 rows written\n"}
,{"stream_name":"stdout","time":12457.754987778,"data":"[ 207.6 min] 5558 rows written\n"}
,{"stream_name":"stdout","time":12518.112470805,"data":"[ 208.6 min] 5574 rows written\n"}
,{"stream_name":"stdout","time":12578.475812812,"data":"[ 209.6 min] 5601 rows written\n"}
,{"stream_name":"stdout","time":12638.958155059,"data":"[ 210.6 min] 5625 rows written\n"}
,{"stream_name":"stdout","time":12699.499923144,"data":"[ 211.6 min] 5656 rows written\n"}
,{"stream_name":"stdout","time":12760.049218717,"data":"[ 212.7 min] 5681 rows written\n"}
,{"stream_name":"stdout","time":12820.351927496,"data":"[ 213.7 min] 5712 rows written\n"}
,{"stream_name":"stdout","time":12880.686371483,"data":"[ 214.7 min] 5739 rows written\n"}
,{"stream_name":"stdout","time":12941.141637571,"data":"[ 215.7 min] 5763 rows written\n"}
,{"stream_name":"stdout","time":13001.643590037,"data":"[ 216.7 min] 5788 rows written\n"}
,{"stream_name":"stdout","time":13062.012234324,"data":"[ 217.7 min] 5813 rows written\n"}
,{"stream_name":"stdout","time":13122.403384889,"data":"[ 218.7 min] 5847 rows written\n"}
,{"stream_name":"stdout","time":13182.918077668,"data":"[ 219.7 min] 5873 rows written\n"}
,{"stream_name":"stdout","time":13243.228286871,"data":"[ 220.7 min] 5906 rows written\n"}
,{"stream_name":"stdout","time":13303.608032888,"data":"[ 221.7 min] 5939 rows written\n"}
,{"stream_name":"stdout","time":13364.083929568,"data":"[ 222.7 min] 5972 rows written\n"}
,{"stream_name":"stdout","time":13424.567316048,"data":"[ 223.7 min] 5995 rows written\n"}
,{"stream_name":"stdout","time":13485.045393512,"data":"[ 224.7 min] 6014 rows written\n"}
,{"stream_name":"stdout","time":13545.414011404,"data":"[ 225.7 min] 6036 rows written\n"}
,{"stream_name":"stdout","time":13605.75722965,"data":"[ 226.7 min] 6069 rows written\n"}
,{"stream_name":"stdout","time":13666.154331558,"data":"[ 227.8 min] 6103 rows written\n"}
,{"stream_name":"stdout","time":13726.510356617,"data":"[ 228.8 min] 6127 rows written\n"}
,{"stream_name":"stdout","time":13786.97247388,"data":"[ 229.8 min] 6149 rows written\n"}
,{"stream_name":"stdout","time":13847.404403075,"data":"[ 230.8 min] 6188 rows written\n"}
,{"stream_name":"stdout","time":13907.819619846,"data":"[ 231.8 min] 6229 rows written\n"}
,{"stream_name":"stdout","time":13968.211714938,"data":"[ 232.8 min] 6260 rows written\n"}
,{"stream_name":"stdout","time":14028.595895415,"data":"[ 233.8 min] 6298 rows written\n"}
,{"stream_name":"stdout","time":14089.005346741,"data":"[ 234.8 min] 6323 rows written\n"}
,{"stream_name":"stdout","time":14149.454392347,"data":"[ 235.8 min] 6347 rows written\n"}
,{"stream_name":"stdout","time":14209.963440106,"data":"[ 236.8 min] 6390 rows written\n"}
,{"stream_name":"stdout","time":14270.370604487,"data":"[ 237.8 min] 6437 rows written\n"}
,{"stream_name":"stdout","time":14330.964121969,"data":"[ 238.8 min] 6462 rows written\n"}
,{"stream_name":"stdout","time":14391.431250397,"data":"[ 239.8 min] 6488 rows written\n"}
,{"stream_name":"stdout","time":14451.892058784,"data":"[ 240.9 min] 6520 rows written\n"}
,{"stream_name":"stdout","time":14512.353311366,"data":"[ 241.9 min] 6568 rows written\n"}
,{"stream_name":"stdout","time":14572.703781779,"data":"[ 242.9 min] 6616 rows written\n"}
,{"stream_name":"stdout","time":14633.181482895,"data":"[ 243.9 min] 6639 rows written\n"}
,{"stream_name":"stdout","time":14693.738068904,"data":"[ 244.9 min] 6667 rows written\n"}
,{"stream_name":"stdout","time":14754.32097587,"data":"[ 245.9 min] 6705 rows written\n"}
,{"stream_name":"stdout","time":14814.741981961,"data":"[ 246.9 min] 6750 rows written\n"}
,{"stream_name":"stdout","time":14875.171063918,"data":"[ 247.9 min] 6792 rows written\n"}
,{"stream_name":"stdout","time":14935.683684589,"data":"[ 248.9 min] 6840 rows written\n"}
,{"stream_name":"stdout","time":14996.188997448,"data":"[ 249.9 min] 6887 rows written\n"}
,{"stream_name":"stdout","time":15056.704243687,"data":"[ 250.9 min] 6914 rows written\n"}
,{"stream_name":"stdout","time":15117.291281719,"data":"[ 251.9 min] 6938 rows written\n"}
,{"stream_name":"stdout","time":15177.799420589,"data":"[ 253.0 min] 6991 rows written\n"}
,{"stream_name":"stdout","time":15238.353722662,"data":"[ 254.0 min] 7037 rows written\n"}
,{"stream_name":"stdout","time":15298.691001653,"data":"[ 255.0 min] 7084 rows written\n"}
,{"stream_name":"stdout","time":15359.090928723,"data":"[ 256.0 min] 7118 rows written\n"}
,{"stream_name":"stdout","time":15419.539780709,"data":"[ 257.0 min] 7142 rows written\n"}
,{"stream_name":"stdout","time":15480.00129677,"data":"[ 258.0 min] 7176 rows written\n"}
,{"stream_name":"stdout","time":15540.41819498,"data":"[ 259.0 min] 7219 rows written\n"}
,{"stream_name":"stdout","time":15600.844703378,"data":"[ 260.0 min] 7271 rows written\n"}
,{"stream_name":"stdout","time":15661.402729068,"data":"[ 261.0 min] 7308 rows written\n"}
,{"stream_name":"stdout","time":15721.980269105,"data":"[ 262.0 min] 7327 rows written\n"}
,{"stream_name":"stdout","time":15782.557859582,"data":"[ 263.0 min] 7340 rows written\n"}
,{"stream_name":"stdout","time":15843.010810496,"data":"[ 264.0 min] 7359 rows written\n"}
,{"stream_name":"stdout","time":15903.451309142,"data":"[ 265.0 min] 7378 rows written\n"}
,{"stream_name":"stdout","time":15963.880615731,"data":"[ 266.1 min] 7392 rows written\n"}
,{"stream_name":"stdout","time":16024.34346807,"data":"[ 267.1 min] 7413 rows written\n"}
,{"stream_name":"stdout","time":16084.863380996,"data":"[ 268.1 min] 7425 rows written\n"}
,{"stream_name":"stdout","time":16145.246528498,"data":"[ 269.1 min] 7437 rows written\n"}
,{"stream_name":"stdout","time":16205.876710598,"data":"[ 270.1 min] 7449 rows written\n"}
,{"stream_name":"stdout","time":16266.525142087,"data":"[ 271.1 min] 7462 rows written\n"}
,{"stream_name":"stdout","time":16327.156343873,"data":"[ 272.1 min] 7478 rows written\n"}
,{"stream_name":"stdout","time":16387.770772793,"data":"[ 273.1 min] 7504 rows written\n"}
,{"stream_name":"stdout","time":16448.422014279,"data":"[ 274.1 min] 7534 rows written\n"}
,{"stream_name":"stdout","time":16508.991694572,"data":"[ 275.1 min] 7573 rows written\n"}
,{"stream_name":"stdout","time":16569.524493291,"data":"[ 276.1 min] 7598 rows written\n"}
,{"stream_name":"stdout","time":16630.032142703,"data":"[ 277.2 min] 7612 rows written\n"}
,{"stream_name":"stdout","time":16690.444977998,"data":"[ 278.2 min] 7629 rows written\n"}
,{"stream_name":"stdout","time":16751.005865779,"data":"[ 279.2 min] 7643 rows written\n"}
,{"stream_name":"stdout","time":16811.56582581,"data":"[ 280.2 min] 7661 rows written\n"}
,{"stream_name":"stdout","time":16872.19197343,"data":"[ 281.2 min] 7677 rows written\n"}
,{"stream_name":"stdout","time":16932.857132812,"data":"[ 282.2 min] 7697 rows written\n"}
,{"stream_name":"stdout","time":16993.422756234,"data":"[ 283.2 min] 7719 rows written\n"}
,{"stream_name":"stdout","time":17054.093585746,"data":"[ 284.2 min] 7740 rows written\n"}
,{"stream_name":"stdout","time":17114.583126767,"data":"[ 285.2 min] 7760 rows written\n"}
,{"stream_name":"stdout","time":17175.092221883,"data":"[ 286.2 min] 7772 rows written\n"}
,{"stream_name":"stdout","time":17235.726183375,"data":"[ 287.2 min] 7796 rows written\n"}
,{"stream_name":"stdout","time":17296.579037813,"data":"[ 288.3 min] 7819 rows written\n"}
,{"stream_name":"stdout","time":17357.29629605,"data":"[ 289.3 min] 7846 rows written\n"}
,{"stream_name":"stdout","time":17417.988044506,"data":"[ 290.3 min] 7879 rows written\n"}
,{"stream_name":"stdout","time":17478.501350632,"data":"[ 291.3 min] 7906 rows written\n"}
,{"stream_name":"stdout","time":17538.993188803,"data":"[ 292.3 min] 7923 rows written\n"}
,{"stream_name":"stdout","time":17599.536987642,"data":"[ 293.3 min] 7936 rows written\n"}
,{"stream_name":"stdout","time":17660.064169175,"data":"[ 294.3 min] 7951 rows written\n"}
,{"stream_name":"stdout","time":17720.587067159,"data":"[ 295.3 min] 7982 rows written\n"}
,{"stream_name":"stdout","time":17781.184607211,"data":"[ 296.3 min] 8002 rows written\n"}
,{"stream_name":"stdout","time":17841.762071245,"data":"[ 297.4 min] 8022 rows written\n"}
,{"stream_name":"stdout","time":17902.338895511,"data":"[ 298.4 min] 8035 rows written\n"}
,{"stream_name":"stdout","time":17962.847349633,"data":"[ 299.4 min] 8054 rows written\n"}
,{"stream_name":"stdout","time":18023.309156007,"data":"[ 300.4 min] 8083 rows written\n"}
,{"stream_name":"stdout","time":18083.796958245,"data":"[ 301.4 min] 8125 rows written\n"}
,{"stream_name":"stdout","time":18144.327400926,"data":"[ 302.4 min] 8171 rows written\n"}
,{"stream_name":"stdout","time":18204.928240569,"data":"[ 303.4 min] 8203 rows written\n"}
,{"stream_name":"stdout","time":18265.437122899,"data":"[ 304.4 min] 8232 rows written\n"}
,{"stream_name":"stdout","time":18325.915573168,"data":"[ 305.4 min] 8257 rows written\n"}
,{"stream_name":"stdout","time":18386.352426132,"data":"[ 306.4 min] 8284 rows written\n"}
,{"stream_name":"stdout","time":18446.803514735,"data":"[ 307.4 min] 8318 rows written\n"}
,{"stream_name":"stdout","time":18507.470000042,"data":"[ 308.4 min] 8331 rows written\n"}
,{"stream_name":"stdout","time":18568.196954309,"data":"[ 309.5 min] 8355 rows written\n"}
,{"stream_name":"stdout","time":18628.719741791,"data":"[ 310.5 min] 8374 rows written\n"}
,{"stream_name":"stdout","time":18689.401499079,"data":"[ 311.5 min] 8395 rows written\n"}
,{"stream_name":"stdout","time":18749.876663267,"data":"[ 312.5 min] 8409 rows written\n"}
,{"stream_name":"stdout","time":18810.601668821,"data":"[ 313.5 min] 8424 rows written\n"}
,{"stream_name":"stdout","time":18871.221244507,"data":"[ 314.5 min] 8447 rows written\n"}
,{"stream_name":"stdout","time":18931.7782195,"data":"[ 315.5 min] 8467 rows written\n"}
,{"stream_name":"stdout","time":18992.304756214,"data":"[ 316.5 min] 8484 rows written\n"}
,{"stream_name":"stdout","time":19052.846281431,"data":"[ 317.5 min] 8508 rows written\n"}
,{"stream_name":"stdout","time":19113.297096823,"data":"[ 318.5 min] 8527 rows written\n"}
,{"stream_name":"stdout","time":19173.913674193,"data":"[ 319.6 min] 8543 rows written\n"}
,{"stream_name":"stdout","time":19234.457985294,"data":"[ 320.6 min] 8564 rows written\n"}
,{"stream_name":"stdout","time":19295.202714068,"data":"[ 321.6 min] 8588 rows written\n"}
,{"stream_name":"stdout","time":19355.815452305,"data":"[ 322.6 min] 8610 rows written\n"}
,{"stream_name":"stdout","time":19416.351404867,"data":"[ 323.6 min] 8622 rows written\n"}
,{"stream_name":"stdout","time":19476.892120647,"data":"[ 324.6 min] 8636 rows written\n"}
,{"stream_name":"stdout","time":19537.375968723,"data":"[ 325.6 min] 8647 rows written\n"}
,{"stream_name":"stdout","time":19598.043086639,"data":"[ 326.6 min] 8656 rows written\n"}
,{"stream_name":"stdout","time":19658.65081377,"data":"[ 327.6 min] 8675 rows written\n"}
,{"stream_name":"stdout","time":19719.302239472,"data":"[ 328.6 min] 8696 rows written\n"}
,{"stream_name":"stdout","time":19779.832996906,"data":"[ 329.7 min] 8724 rows written\n"}
,{"stream_name":"stdout","time":19840.346300638,"data":"[ 330.7 min] 8748 rows written\n"}
,{"stream_name":"stdout","time":19900.946667811,"data":"[ 331.7 min] 8759 rows written\n"}
,{"stream_name":"stdout","time":19961.528085369,"data":"[ 332.7 min] 8775 rows written\n"}
,{"stream_name":"stdout","time":20021.995043018,"data":"[ 333.7 min] 8798 rows written\n"}
,{"stream_name":"stdout","time":20082.53396999,"data":"[ 334.7 min] 8828 rows written\n"}
,{"stream_name":"stdout","time":20143.213816089,"data":"[ 335.7 min] 8847 rows written\n"}
,{"stream_name":"stdout","time":20203.763328298,"data":"[ 336.7 min] 8860 rows written\n"}
,{"stream_name":"stdout","time":20264.414011927,"data":"[ 337.7 min] 8874 rows written\n"}
,{"stream_name":"stdout","time":20325.023814134,"data":"[ 338.7 min] 8898 rows written\n"}
,{"stream_name":"stdout","time":20385.692191714,"data":"[ 339.7 min] 8918 rows written\n"}
,{"stream_name":"stdout","time":20446.509000523,"data":"[ 340.8 min] 8930 rows written\n"}
,{"stream_name":"stdout","time":20507.016526361,"data":"[ 341.8 min] 8944 rows written\n"}
,{"stream_name":"stdout","time":20567.643799698,"data":"[ 342.8 min] 8965 rows written\n"}
,{"stream_name":"stdout","time":20628.169517859,"data":"[ 343.8 min] 8988 rows written\n"}
,{"stream_name":"stdout","time":20688.822016403,"data":"[ 344.8 min] 9006 rows written\n"}
,{"stream_name":"stdout","time":20749.504665043,"data":"[ 345.8 min] 9028 rows written\n"}
,{"stream_name":"stdout","time":20810.202281734,"data":"[ 346.8 min] 9054 rows written\n"}
,{"stream_name":"stdout","time":20870.798405347,"data":"[ 347.8 min] 9086 rows written\n"}
,{"stream_name":"stdout","time":20931.401366613,"data":"[ 348.8 min] 9111 rows written\n"}
,{"stream_name":"stdout","time":20992.054523405,"data":"[ 349.9 min] 9136 rows written\n"}
,{"stream_name":"stdout","time":21052.710261813,"data":"[ 350.9 min] 9167 rows written\n"}
,{"stream_name":"stdout","time":21113.282703338,"data":"[ 351.9 min] 9192 rows written\n"}
,{"stream_name":"stdout","time":21173.816566022,"data":"[ 352.9 min] 9221 rows written\n"}
,{"stream_name":"stdout","time":21234.411180743,"data":"[ 353.9 min] 9254 rows written\n"}
,{"stream_name":"stdout","time":21295.005947057,"data":"[ 354.9 min] 9290 rows written\n"}
,{"stream_name":"stdout","time":21355.680079667,"data":"[ 355.9 min] 9325 rows written\n"}
,{"stream_name":"stdout","time":21416.210754943,"data":"[ 356.9 min] 9362 rows written\n"}
,{"stream_name":"stdout","time":21476.893802429,"data":"[ 357.9 min] 9398 rows written\n"}
,{"stream_name":"stdout","time":21537.475914305,"data":"[ 358.9 min] 9426 rows written\n"}
,{"stream_name":"stdout","time":21598.15787603,"data":"[ 360.0 min] 9454 rows written\n"}
,{"stream_name":"stdout","time":21659.430277316,"data":"[ 361.0 min] 9483 rows written\n"}
,{"stream_name":"stdout","time":21719.981961871,"data":"[ 362.0 min] 9505 rows written\n"}
,{"stream_name":"stdout","time":21780.486379207,"data":"[ 363.0 min] 9528 rows written\n"}
,{"stream_name":"stdout","time":21841.616695626,"data":"[ 364.0 min] 9551 rows written\n"}
,{"stream_name":"stdout","time":21902.298391863,"data":"[ 365.0 min] 9572 rows written\n"}
,{"stream_name":"stdout","time":21962.830589469,"data":"[ 366.0 min] 9581 rows written\n"}
,{"stream_name":"stdout","time":22023.371581252,"data":"[ 367.0 min] 9592 rows written\n"}
,{"stream_name":"stdout","time":22083.892272093,"data":"[ 368.1 min] 9609 rows written\n"}
,{"stream_name":"stdout","time":22144.49090375,"data":"[ 369.1 min] 9634 rows written\n"}
,{"stream_name":"stdout","time":22205.097649633,"data":"[ 370.1 min] 9653 rows written\n"}
,{"stream_name":"stdout","time":22265.882670976,"data":"[ 371.1 min] 9667 rows written\n"}
,{"stream_name":"stdout","time":22326.53813732,"data":"[ 372.1 min] 9690 rows written\n"}
,{"stream_name":"stdout","time":22387.151585739,"data":"[ 373.1 min] 9710 rows written\n"}
,{"stream_name":"stdout","time":22447.853787662,"data":"[ 374.1 min] 9735 rows written\n"}
,{"stream_name":"stdout","time":22508.54457938,"data":"[ 375.1 min] 9760 rows written\n"}
,{"stream_name":"stdout","time":22569.156618718,"data":"[ 376.1 min] 9784 rows written\n"}
,{"stream_name":"stdout","time":22629.652117774,"data":"[ 377.1 min] 9795 rows written\n"}
,{"stream_name":"stdout","time":22691.904686708,"data":"[ 378.2 min] 9804 rows written\n"}
,{"stream_name":"stdout","time":22752.47345169,"data":"[ 379.2 min] 9820 rows written\n"}
,{"stream_name":"stdout","time":22813.366735569,"data":"[ 380.2 min] 9830 rows written\n"}
,{"stream_name":"stdout","time":22874.2580388,"data":"[ 381.2 min] 9847 rows written\n"}
,{"stream_name":"stdout","time":22934.916807677,"data":"[ 382.2 min] 9869 rows written\n"}
,{"stream_name":"stdout","time":22995.484841634,"data":"[ 383.2 min] 9892 rows written\n"}
,{"stream_name":"stdout","time":23056.049691052,"data":"[ 384.3 min] 9910 rows written\n"}
,{"stream_name":"stdout","time":23116.936414521,"data":"[ 385.3 min] 9929 rows written\n"}
,{"stream_name":"stdout","time":23177.530919065,"data":"[ 386.3 min] 9946 rows written\n"}
,{"stream_name":"stdout","time":23238.172637873,"data":"[ 387.3 min] 9966 rows written\n"}
,{"stream_name":"stdout","time":23298.815606148,"data":"[ 388.3 min] 9992 rows written\n"}
,{"stream_name":"stdout","time":23359.490519834,"data":"[ 389.3 min] 10014 rows written\n"}
,{"stream_name":"stdout","time":23420.123437576,"data":"[ 390.3 min] 10034 rows written\n"}
,{"stream_name":"stdout","time":23480.794043866,"data":"[ 391.3 min] 10048 rows written\n"}
,{"stream_name":"stdout","time":23541.676429663,"data":"[ 392.3 min] 10064 rows written\n"}
,{"stream_name":"stdout","time":23602.378098064,"data":"[ 393.4 min] 10080 rows written\n"}
,{"stream_name":"stdout","time":23662.977424555,"data":"[ 394.4 min] 10092 rows written\n"}
,{"stream_name":"stdout","time":23723.732099462,"data":"[ 395.4 min] 10110 rows written\n"}
,{"stream_name":"stdout","time":23784.500192338,"data":"[ 396.4 min] 10133 rows written\n"}
,{"stream_name":"stdout","time":23845.201549906,"data":"[ 397.4 min] 10160 rows written\n"}
,{"stream_name":"stdout","time":23905.863012191,"data":"[ 398.4 min] 10181 rows written\n"}
,{"stream_name":"stdout","time":23966.768833297,"data":"[ 399.4 min] 10195 rows written\n"}
,{"stream_name":"stdout","time":24027.552086809,"data":"[ 400.4 min] 10208 rows written\n"}
,{"stream_name":"stdout","time":24088.369154996,"data":"[ 401.5 min] 10222 rows written\n"}
,{"stream_name":"stdout","time":24149.263045042,"data":"[ 402.5 min] 10246 rows written\n"}
,{"stream_name":"stdout","time":24209.926129996,"data":"[ 403.5 min] 10264 rows written\n"}
,{"stream_name":"stdout","time":24270.670503846,"data":"[ 404.5 min] 10290 rows written\n"}
,{"stream_name":"stdout","time":24331.557055605,"data":"[ 405.5 min] 10319 rows written\n"}
,{"stream_name":"stdout","time":24392.211506832,"data":"[ 406.5 min] 10336 rows written\n"}
,{"stream_name":"stdout","time":24452.936503503,"data":"[ 407.5 min] 10351 rows written\n"}
,{"stream_name":"stdout","time":24513.679349907,"data":"[ 408.5 min] 10365 rows written\n"}
,{"stream_name":"stdout","time":24574.249776142,"data":"[ 409.6 min] 10382 rows written\n"}
,{"stream_name":"stdout","time":24635.251127474,"data":"[ 410.6 min] 10401 rows written\n"}
,{"stream_name":"stdout","time":24695.891614371,"data":"[ 411.6 min] 10430 rows written\n"}
,{"stream_name":"stdout","time":24756.650346915,"data":"[ 412.6 min] 10455 rows written\n"}
,{"stream_name":"stdout","time":24817.271958783,"data":"[ 413.6 min] 10491 rows written\n"}
,{"stream_name":"stdout","time":24878.176093285,"data":"[ 414.6 min] 10521 rows written\n"}
,{"stream_name":"stdout","time":24938.820300947,"data":"[ 415.6 min] 10558 rows written\n"}
,{"stream_name":"stdout","time":24999.557887268,"data":"[ 416.6 min] 10588 rows written\n"}
,{"stream_name":"stdout","time":25060.363022133,"data":"[ 417.7 min] 10619 rows written\n"}
,{"stream_name":"stdout","time":25121.531202465,"data":"[ 418.7 min] 10635 rows written\n"}
,{"stream_name":"stdout","time":25182.364769079,"data":"[ 419.7 min] 10657 rows written\n"}
,{"stream_name":"stdout","time":25243.251300883,"data":"[ 420.7 min] 10683 rows written\n"}
,{"stream_name":"stdout","time":25303.983125296,"data":"[ 421.7 min] 10699 rows written\n"}
,{"stream_name":"stdout","time":25364.829654334,"data":"[ 422.7 min] 10715 rows written\n"}
,{"stream_name":"stdout","time":25425.574218338,"data":"[ 423.7 min] 10735 rows written\n"}
,{"stream_name":"stdout","time":25486.54950741,"data":"[ 424.8 min] 10774 rows written\n"}
,{"stream_name":"stdout","time":25547.381698675,"data":"[ 425.8 min] 10816 rows written\n"}
,{"stream_name":"stdout","time":25608.350564731,"data":"[ 426.8 min] 10840 rows written\n"}
,{"stream_name":"stdout","time":25669.02565834,"data":"[ 427.8 min] 10860 rows written\n"}
,{"stream_name":"stdout","time":25729.66142797,"data":"[ 428.8 min] 10873 rows written\n"}
,{"stream_name":"stdout","time":25790.364705035,"data":"[ 429.8 min] 10885 rows written\n"}
,{"stream_name":"stdout","time":25851.180109031,"data":"[ 430.8 min] 10910 rows written\n"}
,{"stream_name":"stdout","time":25911.974815005,"data":"[ 431.9 min] 10923 rows written\n"}
,{"stream_name":"stdout","time":25972.64931947,"data":"[ 432.9 min] 10928 rows written\n"}
,{"stream_name":"stdout","time":26033.391562874,"data":"[ 433.9 min] 10942 rows written\n"}
,{"stream_name":"stdout","time":26094.26408592,"data":"[ 434.9 min] 10967 rows written\n"}
,{"stream_name":"stdout","time":26154.96018528,"data":"[ 435.9 min] 10998 rows written\n"}
,{"stream_name":"stdout","time":26215.614397964,"data":"[ 436.9 min] 11017 rows written\n"}
,{"stream_name":"stdout","time":26276.346884967,"data":"[ 437.9 min] 11037 rows written\n"}
,{"stream_name":"stdout","time":26337.048873613,"data":"[ 438.9 min] 11048 rows written\n"}
,{"stream_name":"stdout","time":26397.860959515,"data":"[ 440.0 min] 11060 rows written\n"}
,{"stream_name":"stdout","time":26458.701148865,"data":"[ 441.0 min] 11070 rows written\n"}
,{"stream_name":"stdout","time":26519.493230813,"data":"[ 442.0 min] 11086 rows written\n"}
,{"stream_name":"stdout","time":26580.431178353,"data":"[ 443.0 min] 11101 rows written\n"}
,{"stream_name":"stdout","time":26641.361039614,"data":"[ 444.0 min] 11116 rows written\n"}
,{"stream_name":"stdout","time":26702.286288582,"data":"[ 445.0 min] 11132 rows written\n"}
,{"stream_name":"stdout","time":26763.352132446,"data":"[ 446.0 min] 11146 rows written\n"}
,{"stream_name":"stdout","time":26824.190432974,"data":"[ 447.1 min] 11156 rows written\n"}
,{"stream_name":"stdout","time":26885.018362225,"data":"[ 448.1 min] 11170 rows written\n"}
,{"stream_name":"stdout","time":26945.661333577,"data":"[ 449.1 min] 11187 rows written\n"}
,{"stream_name":"stdout","time":27006.440740417,"data":"[ 450.1 min] 11210 rows written\n"}
,{"stream_name":"stdout","time":27067.11953969,"data":"[ 451.1 min] 11237 rows written\n"}
,{"stream_name":"stdout","time":27128.080777194,"data":"[ 452.1 min] 11263 rows written\n"}
,{"stream_name":"stdout","time":27188.951434873,"data":"[ 453.1 min] 11281 rows written\n"}
,{"stream_name":"stdout","time":27249.677131718,"data":"[ 454.1 min] 11296 rows written\n"}
,{"stream_name":"stdout","time":27310.426140145,"data":"[ 455.2 min] 11312 rows written\n"}
,{"stream_name":"stdout","time":27371.23774783,"data":"[ 456.2 min] 11327 rows written\n"}
,{"stream_name":"stdout","time":27431.905551164,"data":"[ 457.2 min] 11345 rows written\n"}
,{"stream_name":"stdout","time":27492.705338155,"data":"[ 458.2 min] 11363 rows written\n"}
,{"stream_name":"stdout","time":27553.484124903,"data":"[ 459.2 min] 11392 rows written\n"}
,{"stream_name":"stdout","time":27614.165462536,"data":"[ 460.2 min] 11418 rows written\n"}
,{"stream_name":"stdout","time":27674.906281771,"data":"[ 461.2 min] 11440 rows written\n"}
,{"stream_name":"stdout","time":27735.607916682,"data":"[ 462.2 min] 11459 rows written\n"}
,{"stream_name":"stdout","time":27796.324213155,"data":"[ 463.3 min] 11483 rows written\n"}
,{"stream_name":"stdout","time":27857.028489132,"data":"[ 464.3 min] 11510 rows written\n"}
,{"stream_name":"stdout","time":27917.672149844,"data":"[ 465.3 min] 11529 rows written\n"}
,{"stream_name":"stdout","time":27978.393340133,"data":"[ 466.3 min] 11550 rows written\n"}
,{"stream_name":"stdout","time":28039.194930969,"data":"[ 467.3 min] 11579 rows written\n"}
,{"stream_name":"stdout","time":28099.96290969,"data":"[ 468.3 min] 11588 rows written\n"}
,{"stream_name":"stdout","time":28160.663148208,"data":"[ 469.3 min] 11602 rows written\n"}
,{"stream_name":"stdout","time":28221.424467223,"data":"[ 470.3 min] 11619 rows written\n"}
,{"stream_name":"stdout","time":28282.981975307,"data":"[ 471.4 min] 11645 rows written\n"}
,{"stream_name":"stdout","time":28343.786345984,"data":"[ 472.4 min] 11671 rows written\n"}
,{"stream_name":"stdout","time":28404.482159835,"data":"[ 473.4 min] 11694 rows written\n"}
,{"stream_name":"stdout","time":28465.217657621,"data":"[ 474.4 min] 11724 rows written\n"}
,{"stream_name":"stdout","time":28525.847382544,"data":"[ 475.4 min] 11767 rows written\n"}
,{"stream_name":"stdout","time":28586.642042108,"data":"[ 476.4 min] 11805 rows written\n"}
,{"stream_name":"stdout","time":28647.460486527,"data":"[ 477.4 min] 11833 rows written\n"}
,{"stream_name":"stdout","time":28708.534053361,"data":"[ 478.5 min] 11855 rows written\n"}
,{"stream_name":"stdout","time":28769.213159701,"data":"[ 479.5 min] 11884 rows written\n"}
,{"stream_name":"stdout","time":28830.443604427,"data":"[ 480.5 min] 11910 rows written\n"}
,{"stream_name":"stdout","time":28891.597809689,"data":"[ 481.5 min] 11927 rows written\n"}
,{"stream_name":"stdout","time":28952.339258347,"data":"[ 482.5 min] 11938 rows written\n"}
,{"stream_name":"stdout","time":29013.215278373,"data":"[ 483.5 min] 11951 rows written\n"}
,{"stream_name":"stdout","time":29074.03922762,"data":"[ 484.6 min] 11965 rows written\n"}
,{"stream_name":"stdout","time":29134.712889608,"data":"[ 485.6 min] 11983 rows written\n"}
,{"stream_name":"stdout","time":29195.658534805,"data":"[ 486.6 min] 12002 rows written\n"}
,{"stream_name":"stdout","time":29256.327728211,"data":"[ 487.6 min] 12021 rows written\n"}
,{"stream_name":"stdout","time":29317.106963318,"data":"[ 488.6 min] 12033 rows written\n"}
,{"stream_name":"stdout","time":29377.812617396,"data":"[ 489.6 min] 12041 rows written\n"}
,{"stream_name":"stdout","time":29438.759174373,"data":"[ 490.6 min] 12048 rows written\n"}
,{"stream_name":"stdout","time":29499.563354737,"data":"[ 491.6 min] 12061 rows written\n"}
,{"stream_name":"stdout","time":29560.238051943,"data":"[ 492.7 min] 12069 rows written\n"}
,{"stream_name":"stdout","time":29620.94446968,"data":"[ 493.7 min] 12080 rows written\n"}
,{"stream_name":"stdout","time":29681.691650781,"data":"[ 494.7 min] 12092 rows written\n"}
,{"stream_name":"stdout","time":29742.556416485,"data":"[ 495.7 min] 12106 rows written\n"}
,{"stream_name":"stdout","time":29803.139154286,"data":"[ 496.7 min] 12129 rows written\n"}
,{"stream_name":"stdout","time":29863.823346718,"data":"[ 497.7 min] 12145 rows written\n"}
,{"stream_name":"stdout","time":29925.275621687,"data":"[ 498.7 min] 12152 rows written\n"}
,{"stream_name":"stdout","time":29985.94318313,"data":"[ 499.8 min] 12168 rows written\n"}
,{"stream_name":"stdout","time":30046.692641828,"data":"[ 500.8 min] 12178 rows written\n"}
,{"stream_name":"stdout","time":30107.544831871,"data":"[ 501.8 min] 12192 rows written\n"}
,{"stream_name":"stdout","time":30168.345735205,"data":"[ 502.8 min] 12213 rows written\n"}
,{"stream_name":"stdout","time":30229.116798076,"data":"[ 503.8 min] 12227 rows written\n"}
,{"stream_name":"stdout","time":30289.947477414,"data":"[ 504.8 min] 12254 rows written\n"}
,{"stream_name":"stdout","time":30350.603981656,"data":"[ 505.8 min] 12278 rows written\n"}
,{"stream_name":"stdout","time":30411.406344339,"data":"[ 506.8 min] 12295 rows written\n"}
,{"stream_name":"stdout","time":30472.16642802,"data":"[ 507.9 min] 12309 rows written\n"}
,{"stream_name":"stdout","time":30533.187748529,"data":"[ 508.9 min] 12324 rows written\n"}
,{"stream_name":"stdout","time":30593.871124802,"data":"[ 509.9 min] 12335 rows written\n"}
,{"stream_name":"stdout","time":30654.904248321,"data":"[ 510.9 min] 12346 rows written\n"}
,{"stream_name":"stdout","time":30715.652341002,"data":"[ 511.9 min] 12359 rows written\n"}
,{"stream_name":"stdout","time":30776.382674879,"data":"[ 512.9 min] 12378 rows written\n"}
,{"stream_name":"stdout","time":30837.252953684,"data":"[ 513.9 min] 12397 rows written\n"}
,{"stream_name":"stdout","time":30897.957035274,"data":"[ 515.0 min] 12413 rows written\n"}
,{"stream_name":"stdout","time":30958.669760298,"data":"[ 516.0 min] 12425 rows written\n"}
,{"stream_name":"stdout","time":31019.44099475,"data":"[ 517.0 min] 12436 rows written\n"}
,{"stream_name":"stdout","time":31080.405026647,"data":"[ 518.0 min] 12447 rows written\n"}
,{"stream_name":"stdout","time":31141.190110325,"data":"[ 519.0 min] 12462 rows written\n"}
,{"stream_name":"stdout","time":31201.837479003,"data":"[ 520.0 min] 12489 rows written\n"}
,{"stream_name":"stdout","time":31262.919836934,"data":"[ 521.0 min] 12514 rows written\n"}
,{"stream_name":"stdout","time":31323.698803158,"data":"[ 522.0 min] 12532 rows written\n"}
,{"stream_name":"stdout","time":31384.5071734,"data":"[ 523.1 min] 12556 rows written\n"}
,{"stream_name":"stdout","time":31445.300190739,"data":"[ 524.1 min] 12572 rows written\n"}
,{"stream_name":"stdout","time":31505.927939542,"data":"[ 525.1 min] 12586 rows written\n"}
,{"stream_name":"stdout","time":31566.597388479,"data":"[ 526.1 min] 12608 rows written\n"}
,{"stream_name":"stdout","time":31627.392753122,"data":"[ 527.1 min] 12624 rows written\n"}
,{"stream_name":"stdout","time":31688.145960084,"data":"[ 528.1 min] 12639 rows written\n"}
,{"stream_name":"stdout","time":31748.971662637,"data":"[ 529.1 min] 12658 rows written\n"}
,{"stream_name":"stdout","time":31809.847020361,"data":"[ 530.2 min] 12680 rows written\n"}
,{"stream_name":"stdout","time":31870.811842818,"data":"[ 531.2 min] 12696 rows written\n"}
,{"stream_name":"stdout","time":31931.995544525,"data":"[ 532.2 min] 12714 rows written\n"}
,{"stream_name":"stdout","time":31992.778177006,"data":"[ 533.2 min] 12745 rows written\n"}
,{"stream_name":"stdout","time":32053.517480703,"data":"[ 534.2 min] 12769 rows written\n"}
,{"stream_name":"stdout","time":32114.199838343,"data":"[ 535.2 min] 12788 rows written\n"}
,{"stream_name":"stdout","time":32174.878031253,"data":"[ 536.2 min] 12817 rows written\n"}
,{"stream_name":"stdout","time":32235.653108013,"data":"[ 537.2 min] 12842 rows written\n"}
,{"stream_name":"stdout","time":32296.491176742,"data":"[ 538.3 min] 12873 rows written\n"}
,{"stream_name":"stdout","time":32357.695914432,"data":"[ 539.3 min] 12894 rows written\n"}
,{"stream_name":"stdout","time":32418.47465427,"data":"[ 540.3 min] 12910 rows written\n"}
,{"stream_name":"stdout","time":32479.286724962,"data":"[ 541.3 min] 12930 rows written\n"}
,{"stream_name":"stdout","time":32540.30112598,"data":"[ 542.3 min] 12941 rows written\n"}
,{"stream_name":"stdout","time":32600.951745587,"data":"[ 543.3 min] 12949 rows written\n"}
,{"stream_name":"stdout","time":32661.754539498,"data":"[ 544.3 min] 12962 rows written\n"}
,{"stream_name":"stdout","time":32722.503643577,"data":"[ 545.4 min] 12972 rows written\n"}
,{"stream_name":"stdout","time":32783.312604845,"data":"[ 546.4 min] 12988 rows written\n"}
,{"stream_name":"stdout","time":32844.414198824,"data":"[ 547.4 min] 13004 rows written\n"}
,{"stream_name":"stdout","time":32905.313019016,"data":"[ 548.4 min] 13019 rows written\n"}
,{"stream_name":"stdout","time":32966.060484076,"data":"[ 549.4 min] 13034 rows written\n"}
,{"stream_name":"stdout","time":33027.041265865,"data":"[ 550.4 min] 13049 rows written\n"}
,{"stream_name":"stdout","time":33087.952315066,"data":"[ 551.5 min] 13063 rows written\n"}
,{"stream_name":"stdout","time":33148.697010236,"data":"[ 552.5 min] 13072 rows written\n"}
,{"stream_name":"stdout","time":33209.576634057,"data":"[ 553.5 min] 13082 rows written\n"}
,{"stream_name":"stdout","time":33270.597839215,"data":"[ 554.5 min] 13098 rows written\n"}
,{"stream_name":"stdout","time":33331.775741583,"data":"[ 555.5 min] 13127 rows written\n"}
,{"stream_name":"stdout","time":33392.649004578,"data":"[ 556.5 min] 13160 rows written\n"}
,{"stream_name":"stdout","time":33453.694269095,"data":"[ 557.5 min] 13186 rows written\n"}
,{"stream_name":"stdout","time":33514.554490945,"data":"[ 558.6 min] 13205 rows written\n"}
,{"stream_name":"stdout","time":33575.480027756,"data":"[ 559.6 min] 13210 rows written\n"}
,{"stream_name":"stdout","time":33636.366936422,"data":"[ 560.6 min] 13221 rows written\n"}
,{"stream_name":"stdout","time":33697.504707373,"data":"[ 561.6 min] 13237 rows written\n"}
,{"stream_name":"stdout","time":33758.566016137,"data":"[ 562.6 min] 13250 rows written\n"}
,{"stream_name":"stdout","time":33819.53105213,"data":"[ 563.6 min] 13266 rows written\n"}
,{"stream_name":"stdout","time":33880.327087499,"data":"[ 564.7 min] 13278 rows written\n"}
,{"stream_name":"stdout","time":33941.167620269,"data":"[ 565.7 min] 13299 rows written\n"}
,{"stream_name":"stdout","time":34002.002841304,"data":"[ 566.7 min] 13326 rows written\n"}
,{"stream_name":"stdout","time":34063.192567628,"data":"[ 567.7 min] 13341 rows written\n"}
,{"stream_name":"stdout","time":34124.102646285,"data":"[ 568.7 min] 13362 rows written\n"}
,{"stream_name":"stdout","time":34184.997479064,"data":"[ 569.7 min] 13377 rows written\n"}
,{"stream_name":"stdout","time":34245.696947251,"data":"[ 570.7 min] 13391 rows written\n"}
,{"stream_name":"stdout","time":34306.668115373,"data":"[ 571.8 min] 13416 rows written\n"}
,{"stream_name":"stdout","time":34367.497299063,"data":"[ 572.8 min] 13445 rows written\n"}
,{"stream_name":"stdout","time":34428.262950651,"data":"[ 573.8 min] 13471 rows written\n"}
,{"stream_name":"stdout","time":34488.963520788,"data":"[ 574.8 min] 13494 rows written\n"}
,{"stream_name":"stdout","time":34549.77386445,"data":"[ 575.8 min] 13517 rows written\n"}
,{"stream_name":"stdout","time":34610.777153048,"data":"[ 576.8 min] 13539 rows written\n"}
,{"stream_name":"stdout","time":34671.829699699,"data":"[ 577.9 min] 13561 rows written\n"}
,{"stream_name":"stdout","time":34732.701834331,"data":"[ 578.9 min] 13575 rows written\n"}
,{"stream_name":"stdout","time":34793.719598297,"data":"[ 579.9 min] 13591 rows written\n"}
,{"stream_name":"stdout","time":34854.462277868,"data":"[ 580.9 min] 13598 rows written\n"}
,{"stream_name":"stdout","time":34915.451921689,"data":"[ 581.9 min] 13604 rows written\n"}
,{"stream_name":"stdout","time":34976.336482798,"data":"[ 582.9 min] 13616 rows written\n"}
,{"stream_name":"stdout","time":35037.438188302,"data":"[ 583.9 min] 13632 rows written\n"}
,{"stream_name":"stdout","time":35098.226631895,"data":"[ 585.0 min] 13651 rows written\n"}
,{"stream_name":"stdout","time":35159.163837088,"data":"[ 586.0 min] 13667 rows written\n"}
,{"stream_name":"stdout","time":35220.32597487,"data":"[ 587.0 min] 13685 rows written\n"}
,{"stream_name":"stdout","time":35281.236466108,"data":"[ 588.0 min] 13707 rows written\n"}
,{"stream_name":"stdout","time":35342.123429703,"data":"[ 589.0 min] 13725 rows written\n"}
,{"stream_name":"stdout","time":35403.093739393,"data":"[ 590.0 min] 13744 rows written\n"}
,{"stream_name":"stdout","time":35463.906196606,"data":"[ 591.1 min] 13767 rows written\n"}
,{"stream_name":"stdout","time":35524.794923608,"data":"[ 592.1 min] 13787 rows written\n"}
,{"stream_name":"stdout","time":35585.876989864,"data":"[ 593.1 min] 13816 rows written\n"}
,{"stream_name":"stdout","time":35646.889438021,"data":"[ 594.1 min] 13831 rows written\n"}
,{"stream_name":"stdout","time":35708.160882074,"data":"[ 595.1 min] 13841 rows written\n"}
,{"stream_name":"stdout","time":35768.86798603,"data":"[ 596.1 min] 13854 rows written\n"}
,{"stream_name":"stdout","time":35829.651244036,"data":"[ 597.1 min] 13862 rows written\n"}
,{"stream_name":"stdout","time":35890.476400768,"data":"[ 598.2 min] 13883 rows written\n"}
,{"stream_name":"stdout","time":35951.566225391,"data":"[ 599.2 min] 13897 rows written\n"}
,{"stream_name":"stdout","time":36012.826064105,"data":"[ 600.2 min] 13905 rows written\n"}
,{"stream_name":"stdout","time":36073.695587326,"data":"[ 601.2 min] 13918 rows written\n"}
,{"stream_name":"stdout","time":36135.114076587,"data":"[ 602.2 min] 13926 rows written\n"}
,{"stream_name":"stdout","time":36196.295446934,"data":"[ 603.3 min] 13940 rows written\n"}
,{"stream_name":"stdout","time":36257.413317251,"data":"[ 604.3 min] 13952 rows written\n"}
,{"stream_name":"stdout","time":36318.207463702,"data":"[ 605.3 min] 13970 rows written\n"}
,{"stream_name":"stdout","time":36379.237951648,"data":"[ 606.3 min] 13985 rows written\n"}
,{"stream_name":"stdout","time":36439.942540047,"data":"[ 607.3 min] 14002 rows written\n"}
,{"stream_name":"stdout","time":36500.878448809,"data":"[ 608.3 min] 14021 rows written\n"}
,{"stream_name":"stdout","time":36561.822879285,"data":"[ 609.4 min] 14034 rows written\n"}
,{"stream_name":"stdout","time":36622.666298108,"data":"[ 610.4 min] 14056 rows written\n"}
,{"stream_name":"stdout","time":36683.662565383,"data":"[ 611.4 min] 14071 rows written\n"}
,{"stream_name":"stdout","time":36744.41704059,"data":"[ 612.4 min] 14089 rows written\n"}
,{"stream_name":"stdout","time":36805.335564659,"data":"[ 613.4 min] 14111 rows written\n"}
,{"stream_name":"stdout","time":36866.377046059,"data":"[ 614.4 min] 14128 rows written\n"}
,{"stream_name":"stdout","time":36927.188275779,"data":"[ 615.4 min] 14145 rows written\n"}
,{"stream_name":"stdout","time":36988.481095322,"data":"[ 616.5 min] 14162 rows written\n"}
,{"stream_name":"stdout","time":37049.4224355,"data":"[ 617.5 min] 14173 rows written\n"}
,{"stream_name":"stdout","time":37110.171719278,"data":"[ 618.5 min] 14183 rows written\n"}
,{"stream_name":"stdout","time":37171.289884763,"data":"[ 619.5 min] 14198 rows written\n"}
,{"stream_name":"stdout","time":37232.07102015,"data":"[ 620.5 min] 14219 rows written\n"}
,{"stream_name":"stdout","time":37292.878376907,"data":"[ 621.5 min] 14243 rows written\n"}
,{"stream_name":"stdout","time":37353.674554709,"data":"[ 622.5 min] 14260 rows written\n"}
,{"stream_name":"stdout","time":37414.609383886,"data":"[ 623.6 min] 14277 rows written\n"}
,{"stream_name":"stdout","time":37475.571543297,"data":"[ 624.6 min] 14288 rows written\n"}
,{"stream_name":"stdout","time":37536.890031944,"data":"[ 625.6 min] 14298 rows written\n"}
,{"stream_name":"stdout","time":37597.711003253,"data":"[ 626.6 min] 14313 rows written\n"}
,{"stream_name":"stdout","time":37658.700012145,"data":"[ 627.6 min] 14328 rows written\n"}
,{"stream_name":"stdout","time":37719.40357199,"data":"[ 628.6 min] 14344 rows written\n"}
,{"stream_name":"stdout","time":37780.271463962,"data":"[ 629.7 min] 14365 rows written\n"}
,{"stream_name":"stdout","time":37841.136982374,"data":"[ 630.7 min] 14384 rows written\n"}
,{"stream_name":"stdout","time":37902.154933557,"data":"[ 631.7 min] 14396 rows written\n"}
,{"stream_name":"stdout","time":37962.875209368,"data":"[ 632.7 min] 14415 rows written\n"}
,{"stream_name":"stdout","time":38023.778382664,"data":"[ 633.7 min] 14431 rows written\n"}
,{"stream_name":"stdout","time":38084.499063584,"data":"[ 634.7 min] 14453 rows written\n"}
,{"stream_name":"stdout","time":38145.370434784,"data":"[ 635.7 min] 14470 rows written\n"}
,{"stream_name":"stdout","time":38206.419862059,"data":"[ 636.8 min] 14485 rows written\n"}
,{"stream_name":"stdout","time":38267.478366797,"data":"[ 637.8 min] 14504 rows written\n"}
,{"stream_name":"stdout","time":38328.333051144,"data":"[ 638.8 min] 14522 rows written\n"}
,{"stream_name":"stdout","time":38389.268771689,"data":"[ 639.8 min] 14540 rows written\n"}
,{"stream_name":"stdout","time":38450.262588286,"data":"[ 640.8 min] 14559 rows written\n"}
,{"stream_name":"stdout","time":38511.265793427,"data":"[ 641.8 min] 14578 rows written\n"}
,{"stream_name":"stdout","time":38572.239421549,"data":"[ 642.9 min] 14593 rows written\n"}
,{"stream_name":"stdout","time":38633.173201507,"data":"[ 643.9 min] 14604 rows written\n"}
,{"stream_name":"stdout","time":38694.187379312,"data":"[ 644.9 min] 14621 rows written\n"}
,{"stream_name":"stdout","time":38755.186148907,"data":"[ 645.9 min] 14638 rows written\n"}
,{"stream_name":"stdout","time":38816.130224063,"data":"[ 646.9 min] 14649 rows written\n"}
,{"stream_name":"stdout","time":38877.498546776,"data":"[ 647.9 min] 14670 rows written\n"}
,{"stream_name":"stdout","time":38938.446613669,"data":"[ 649.0 min] 14685 rows written\n"}
,{"stream_name":"stdout","time":38999.382167642,"data":"[ 650.0 min] 14700 rows written\n"}
,{"stream_name":"stdout","time":39060.344744253,"data":"[ 651.0 min] 14723 rows written\n"}
,{"stream_name":"stdout","time":39121.351832216,"data":"[ 652.0 min] 14745 rows written\n"}
,{"stream_name":"stdout","time":39182.49303231,"data":"[ 653.0 min] 14771 rows written\n"}
,{"stream_name":"stdout","time":39243.476081184,"data":"[ 654.0 min] 14791 rows written\n"}
,{"stream_name":"stdout","time":39304.397681522,"data":"[ 655.1 min] 14818 rows written\n"}
,{"stream_name":"stdout","time":39365.258695874,"data":"[ 656.1 min] 14832 rows written\n"}
,{"stream_name":"stdout","time":39426.365831372,"data":"[ 657.1 min] 14845 rows written\n"}
,{"stream_name":"stdout","time":39487.221213551,"data":"[ 658.1 min] 14857 rows written\n"}
,{"stream_name":"stdout","time":39548.281113934,"data":"[ 659.1 min] 14876 rows written\n"}
,{"stream_name":"stdout","time":39609.278066968,"data":"[ 660.1 min] 14898 rows written\n"}
,{"stream_name":"stdout","time":39670.111782317,"data":"[ 661.2 min] 14923 rows written\n"}
,{"stream_name":"stdout","time":39730.971353899,"data":"[ 662.2 min] 14950 rows written\n"}
,{"stream_name":"stdout","time":39791.769342753,"data":"[ 663.2 min] 14987 rows written\n"}
,{"stream_name":"stdout","time":39852.648619688,"data":"[ 664.2 min] 15017 rows written\n"}
,{"stream_name":"stdout","time":39913.585963179,"data":"[ 665.2 min] 15053 rows written\n"}
,{"stream_name":"stdout","time":39974.48771865,"data":"[ 666.2 min] 15092 rows written\n"}
,{"stream_name":"stdout","time":40035.348132935,"data":"[ 667.2 min] 15120 rows written\n"}
,{"stream_name":"stdout","time":40096.336480824,"data":"[ 668.3 min] 15155 rows written\n"}
,{"stream_name":"stdout","time":40157.003793115,"data":"[ 669.3 min] 15172 rows written\n"}
,{"stream_name":"stdout","time":40217.582761597,"data":"[ 670.3 min] 15188 rows written\n"}
,{"stream_name":"stdout","time":40278.368838923,"data":"[ 671.3 min] 15205 rows written\n"}
,{"stream_name":"stdout","time":40339.050955998,"data":"[ 672.3 min] 15225 rows written\n"}
,{"stream_name":"stdout","time":40399.749834849,"data":"[ 673.3 min] 15240 rows written\n"}
,{"stream_name":"stdout","time":40460.634498049,"data":"[ 674.3 min] 15250 rows written\n"}
,{"stream_name":"stdout","time":40521.459926867,"data":"[ 675.3 min] 15264 rows written\n"}
,{"stream_name":"stdout","time":40582.368443125,"data":"[ 676.4 min] 15282 rows written\n"}
,{"stream_name":"stdout","time":40643.060212454,"data":"[ 677.4 min] 15303 rows written\n"}
,{"stream_name":"stdout","time":40703.750408434,"data":"[ 678.4 min] 15320 rows written\n"}
,{"stream_name":"stdout","time":40764.420379189,"data":"[ 679.4 min] 15333 rows written\n"}
,{"stream_name":"stdout","time":40825.287630283,"data":"[ 680.4 min] 15346 rows written\n"}
,{"stream_name":"stdout","time":40886.053646624,"data":"[ 681.4 min] 15360 rows written\n"}
,{"stream_name":"stdout","time":40946.869729436,"data":"[ 682.4 min] 15372 rows written\n"}
,{"stream_name":"stdout","time":41007.710415128,"data":"[ 683.4 min] 15387 rows written\n"}
,{"stream_name":"stdout","time":41068.318353977,"data":"[ 684.5 min] 15401 rows written\n"}
,{"stream_name":"stdout","time":41129.012801559,"data":"[ 685.5 min] 15420 rows written\n"}
,{"stream_name":"stdout","time":41189.716925726,"data":"[ 686.5 min] 15436 rows written\n"}
,{"stream_name":"stdout","time":41250.428286559,"data":"[ 687.5 min] 15448 rows written\n"}
,{"stream_name":"stdout","time":41311.181262186,"data":"[ 688.5 min] 15476 rows written\n"}
,{"stream_name":"stdout","time":41371.893444783,"data":"[ 689.5 min] 15498 rows written\n"}
,{"stream_name":"stdout","time":41432.690656004,"data":"[ 690.5 min] 15511 rows written\n"}
,{"stream_name":"stdout","time":41432.691338885,"data":"[ 690.5 min] deadline reached; stopping benchmark processes (rows so far are kept)\n"}
,{"stream_name":"stdout","time":41432.693630233,"data":"[ 690.5 min] done\n"}
,{"stream_name":"stderr","time":41435.914798115,"data":"/usr/local/lib/python3.12/dist-packages/mistune.py:435: SyntaxWarning: invalid escape sequence '\\|'\n"}
,{"stream_name":"stderr","time":41435.914987282,"data":"  cells[i][c] = re.sub('\\\\\\\\\\|', '|', cell)\n"}
,{"stream_name":"stderr","time":41436.307400713,"data":"/usr/local/lib/python3.12/dist-packages/nbconvert/filters/filter_links.py:36: SyntaxWarning: invalid escape sequence '\\_'\n"}
,{"stream_name":"stderr","time":41436.307439339,"data":"  text = re.sub(r'_', '\\_', text) # Escape underscores in display text\n"}
,{"stream_name":"stderr","time":41437.877201514,"data":"[NbConvertApp] Converting notebook __script__.ipynb to html\n"}
,{"stream_name":"stderr","time":41439.606047997,"data":"[NbConvertApp] Writing 310156 bytes to __results__.html\n"}
]