[{"stream_name":"stdout","time":1.942715501,"data":"[   0.0 min] code in /kaggle/tmp/qaari; config {'reciters': ['Abdurrahmaan_As-Sudais_192kbps', 'Abdullaah_3awwaad_Al-Juhaynee_128kbps', 'Saood_ash-Shuraym_128kbps', 'Nasser_Alqatami_128kbps', 'Yasser_Ad-Dussary_128kbps', 'Husary_128kbps', 'Husary_Muallim_128kbps', 'Minshawy_Murattal_128kbps', 'Hudhaify_128kbps', 'Abdul_Basit_Murattal_192kbps', 'Alafasy_128kbps'], 'verses': 'all', 'modes': ['studio', 'taraweeh_adapted'], 'procs': 4, 'shard_base': 16, 'shard_total': 20, 'octave': False, 'tag': 'fill', 'pip': 'praat-parselmouth faiss-cpu nara_wpe soxr speechbrain', 'hours': 11.5, 'skip_done': 'benchmarks/done_full.json'}\n"}
,{"stream_name":"stdout","time":33.973842215,"data":"[   0.6 min] internet: OFF (kernel internet disabled; using the attached qaari-eval-deps bundle)\n"}
,{"stream_name":"stdout","time":34.095091343,"data":"[   0.6 min] $ /usr/bin/python3 -m pip install -q --no-index --find-links /kaggle/input/datasets/razanashrafalnajjar/qaari-eval-deps/wheels ruamel.yaml.clib\n"}
,{"stream_name":"stdout","time":42.372914906,"data":"[   0.7 min] $ /usr/bin/python3 -m pip install -q --no-index --find-links /kaggle/input/datasets/razanashrafalnajjar/qaari-eval-deps/wheels ruamel.yaml\n"}
,{"stream_name":"stdout","time":47.008292523,"data":"[   0.8 min] $ /usr/bin/python3 -m pip install -q --no-index --find-links /kaggle/input/datasets/razanashrafalnajjar/qaari-eval-deps/wheels hyperpyyaml\n"}
,{"stream_name":"stdout","time":52.459132437,"data":"[   0.9 min] $ /usr/bin/python3 -m pip install -q --no-index --find-links /kaggle/input/datasets/razanashrafalnajjar/qaari-eval-deps/wheels bottleneck\n"}
,{"stream_name":"stdout","time":57.631783509,"data":"[   0.9 min] $ /usr/bin/python3 -m pip install -q --no-index --find-links /kaggle/input/datasets/razanashrafalnajjar/qaari-eval-deps/wheels sentencepiece\n"}
,{"stream_name":"stdout","time":62.445346754,"data":"[   1.0 min] $ /usr/bin/python3 -m pip install -q --no-index --find-links /kaggle/input/datasets/razanashrafalnajjar/qaari-eval-deps/wheels praat-parselmouth\n"}
,{"stream_name":"stdout","time":67.564257062,"data":"[   1.1 min] $ /usr/bin/python3 -m pip install -q --no-index --find-links /kaggle/input/datasets/razanashrafalnajjar/qaari-eval-deps/wheels faiss-cpu\n"}
,{"stream_name":"stdout","time":73.792041403,"data":"[   1.2 min] $ /usr/bin/python3 -m pip install -q --no-index --find-links /kaggle/input/datasets/razanashrafalnajjar/qaari-eval-deps/wheels nara_wpe\n"}
,{"stream_name":"stdout","time":79.46729575,"data":"[   1.3 min] $ /usr/bin/python3 -m pip install -q --no-index --find-links /kaggle/input/datasets/razanashrafalnajjar/qaari-eval-deps/wheels soxr\n"}
,{"stream_name":"stdout","time":84.552078759,"data":"[   1.4 min] $ /usr/bin/python3 -m pip install -q --no-index --find-links /kaggle/input/datasets/razanashrafalnajjar/qaari-eval-deps/wheels speechbrain\n"}
,{"stream_name":"stdout","time":100.298133756,"data":"[   1.7 min] dependencies import cleanly\n"}
,{"stream_name":"stdout","time":109.068402213,"data":"[   1.8 min] model snapshots copied to /root/.cache/huggingface/hub\n"}
,{"stream_name":"stdout","time":115.054022163,"data":"[   1.9 min] ECAPA pre-warmed\n"}
,{"stream_name":"stdout","time":195.061531327,"data":"[   3.2 min] started 4 benchmark processes\n"}
,{"stream_name":"stdout","time":255.06782085,"data":"[   4.2 min] 28 rows written\n"}
,{"stream_name":"stdout","time":315.075420424,"data":"[   5.2 min] 42 rows written\n"}
,{"stream_name":"stdout","time":375.084745115,"data":"[   6.2 min] 60 rows written\n"}
,{"stream_name":"stdout","time":435.096511992,"data":"[   7.2 min] 68 rows written\n"}
,{"stream_name":"stdout","time":495.114825627,"data":"[   8.2 min] 84 rows written\n"}
,{"stream_name":"stdout","time":555.132961096,"data":"[   9.2 min] 95 rows written\n"}
,{"stream_name":"stdout","time":615.152967266,"data":"[  10.2 min] 106 rows written\n"}
,{"stream_name":"stdout","time":675.172997878,"data":"[  11.2 min] 119 rows written\n"}
,{"stream_name":"stdout","time":735.193634392,"data":"[  12.2 min] 131 rows written\n"}
,{"stream_name":"stdout","time":795.222103937,"data":"[  13.2 min] 143 rows written\n"}
,{"stream_name":"stdout","time":855.251703844,"data":"[  14.2 min] 154 rows written\n"}
,{"stream_name":"stdout","time":915.280512076,"data":"[  15.2 min] 164 rows written\n"}
,{"stream_name":"stdout","time":975.314558688,"data":"[  16.2 min] 176 rows written\n"}
,{"stream_name":"stdout","time":1035.363513573,"data":"[  17.2 min] 184 rows written\n"}
,{"stream_name":"stdout","time":1095.401036189,"data":"[  18.2 min] 198 rows written\n"}
,{"stream_name":"stdout","time":1155.437971783,"data":"[  19.2 min] 210 rows written\n"}
,{"stream_name":"stdout","time":1215.483529902,"data":"[  20.2 min] 229 rows written\n"}
,{"stream_name":"stdout","time":1275.525983109,"data":"[  21.2 min] 241 rows written\n"}
,{"stream_name":"stdout","time":1335.569620332,"data":"[  22.2 min] 257 rows written\n"}
,{"stream_name":"stdout","time":1395.613379518,"data":"[  23.2 min] 268 rows written\n"}
,{"stream_name":"stdout","time":1455.659597479,"data":"[  24.2 min] 282 rows written\n"}
,{"stream_name":"stdout","time":1515.744651222,"data":"[  25.2 min] 289 rows written\n"}
,{"stream_name":"stdout","time":1575.826463031,"data":"[  26.3 min] 297 rows written\n"}
,{"stream_name":"stdout","time":1635.877399419,"data":"[  27.3 min] 318 rows written\n"}
,{"stream_name":"stdout","time":1695.936529633,"data":"[  28.3 min] 333 rows written\n"}
,{"stream_name":"stdout","time":1755.994510238,"data":"[  29.3 min] 346 rows written\n"}
,{"stream_name":"stdout","time":1816.054548556,"data":"[  30.3 min] 362 rows written\n"}
,{"stream_name":"stdout","time":1876.137579144,"data":"[  31.3 min] 376 rows written\n"}
,{"stream_name":"stdout","time":1936.203948524,"data":"[  32.3 min] 390 rows written\n"}
,{"stream_name":"stdout","time":1996.273110226,"data":"[  33.3 min] 405 rows written\n"}
,{"stream_name":"stdout","time":2056.342479917,"data":"[  34.3 min] 419 rows written\n"}
,{"stream_name":"stdout","time":2116.413243446,"data":"[  35.3 min] 434 rows written\n"}
,{"stream_name":"stdout","time":2176.486453858,"data":"[  36.3 min] 447 rows written\n"}
,{"stream_name":"stdout","time":2236.556376046,"data":"[  37.3 min] 459 rows written\n"}
,{"stream_name":"stdout","time":2296.66549186,"data":"[  38.3 min] 473 rows written\n"}
,{"stream_name":"stdout","time":2356.749843191,"data":"[  39.3 min] 489 rows written\n"}
,{"stream_name":"stdout","time":2416.868754472,"data":"[  40.3 min] 507 rows written\n"}
,{"stream_name":"stdout","time":2476.912788334,"data":"[  41.3 min] 520 rows written\n"}
,{"stream_name":"stdout","time":2536.999507037,"data":"[  42.3 min] 538 rows written\n"}
,{"stream_name":"stdout","time":2597.087522232,"data":"[  43.3 min] 555 rows written\n"}
,{"stream_name":"stdout","time":2657.175891514,"data":"[  44.3 min] 571 rows written\n"}
,{"stream_name":"stdout","time":2717.262466855,"data":"[  45.3 min] 589 rows written\n"}
,{"stream_name":"stdout","time":2777.35918549,"data":"[  46.3 min] 608 rows written\n"}
,{"stream_name":"stdout","time":2837.453519336,"data":"[  47.3 min] 622 rows written\n"}
,{"stream_name":"stdout","time":2897.60745351,"data":"[  48.3 min] 635 rows written\n"}
,{"stream_name":"stdout","time":2957.706529943,"data":"[  49.3 min] 653 rows written\n"}
,{"stream_name":"stdout","time":3017.840207562,"data":"[  50.3 min] 668 rows written\n"}
,{"stream_name":"stdout","time":3077.941526091,"data":"[  51.3 min] 700 rows written\n"}
,{"stream_name":"stdout","time":3138.049361224,"data":"[  52.3 min] 721 rows written\n"}
,{"stream_name":"stdout","time":3198.158719163,"data":"[  53.3 min] 742 rows written\n"}
,{"stream_name":"stdout","time":3258.25715034,"data":"[  54.3 min] 764 rows written\n"}
,{"stream_name":"stdout","time":3318.378001866,"data":"[  55.3 min] 790 rows written\n"}
,{"stream_name":"stdout","time":3378.48218541,"data":"[  56.3 min] 802 rows written\n"}
,{"stream_name":"stdout","time":3438.604049592,"data":"[  57.3 min] 815 rows written\n"}
,{"stream_name":"stdout","time":3498.714355009,"data":"[  58.3 min] 839 rows written\n"}
,{"stream_name":"stdout","time":3558.837579339,"data":"[  59.3 min] 867 rows written\n"}
,{"stream_name":"stdout","time":3618.969512455,"data":"[  60.3 min] 895 rows written\n"}
,{"stream_name":"stdout","time":3679.084745477,"data":"[  61.3 min] 914 rows written\n"}
,{"stream_name":"stdout","time":3739.2424654,"data":"[  62.3 min] 935 rows written\n"}
,{"stream_name":"stdout","time":3799.352060408,"data":"[  63.3 min] 958 rows written\n"}
,{"stream_name":"stdout","time":3859.463554814,"data":"[  64.3 min] 990 rows written\n"}
,{"stream_name":"stdout","time":3919.601105018,"data":"[  65.3 min] 1021 rows written\n"}
,{"stream_name":"stdout","time":3979.778519884,"data":"[  66.3 min] 1048 rows written\n"}
,{"stream_name":"stdout","time":4039.909525312,"data":"[  67.3 min] 1075 rows written\n"}
,{"stream_name":"stdout","time":4100.061543861,"data":"[  68.3 min] 1106 rows written\n"}
,{"stream_name":"stdout","time":4160.212059999,"data":"[  69.3 min] 1146 rows written\n"}
,{"stream_name":"stdout","time":4220.381541079,"data":"[  70.3 min] 1170 rows written\n"}
,{"stream_name":"stdout","time":4280.51025292,"data":"[  71.3 min] 1182 rows written\n"}
,{"stream_name":"stdout","time":4340.681256855,"data":"[  72.3 min] 1195 rows written\n"}
,{"stream_name":"stdout","time":4400.82640716,"data":"[  73.3 min] 1213 rows written\n"}
,{"stream_name":"stdout","time":4460.972936345,"data":"[  74.3 min] 1238 rows written\n"}
,{"stream_name":"stdout","time":4521.139274099,"data":"[  75.3 min] 1261 rows written\n"}
,{"stream_name":"stdout","time":4581.276864453,"data":"[  76.3 min] 1289 rows written\n"}
,{"stream_name":"stdout","time":4641.427994584,"data":"[  77.3 min] 1308 rows written\n"}
,{"stream_name":"stdout","time":4701.591200969,"data":"[  78.3 min] 1325 rows written\n"}
,{"stream_name":"stdout","time":4761.728716668,"data":"[  79.3 min] 1351 rows written\n"}
,{"stream_name":"stdout","time":4821.880690052,"data":"[  80.4 min] 1376 rows written\n"}
,{"stream_name":"stdout","time":4882.072400539,"data":"[  81.4 min] 1391 rows written\n"}
,{"stream_name":"stdout","time":4942.255045357,"data":"[  82.4 min] 1412 rows written\n"}
,{"stream_name":"stdout","time":5002.447752105,"data":"[  83.4 min] 1431 rows written\n"}
,{"stream_name":"stdout","time":5062.591467942,"data":"[  84.4 min] 1457 rows written\n"}
,{"stream_name":"stdout","time":5122.787394859,"data":"[  85.4 min] 1477 rows written\n"}
,{"stream_name":"stdout","time":5182.932702126,"data":"[  86.4 min] 1503 rows written\n"}
,{"stream_name":"stdout","time":5243.075060411,"data":"[  87.4 min] 1532 rows written\n"}
,{"stream_name":"stdout","time":5303.270272179,"data":"[  88.4 min] 1563 rows written\n"}
,{"stream_name":"stdout","time":5363.477433379,"data":"[  89.4 min] 1590 rows written\n"}
,{"stream_name":"stdout","time":5423.66393183,"data":"[  90.4 min] 1613 rows written\n"}
,{"stream_name":"stdout","time":5483.865420307,"data":"[  91.4 min] 1634 rows written\n"}
,{"stream_name":"stdout","time":5544.082225692,"data":"[  92.4 min] 1650 rows written\n"}
,{"stream_name":"stdout","time":5604.293799137,"data":"[  93.4 min] 1676 rows written\n"}
,{"stream_name":"stdout","time":5664.515022524,"data":"[  94.4 min] 1704 rows written\n"}
,{"stream_name":"stdout","time":5724.70412028,"data":"[  95.4 min] 1729 rows written\n"}
,{"stream_name":"stdout","time":5784.941141594,"data":"[  96.4 min] 1750 rows written\n"}
,{"stream_name":"stdout","time":5845.156830203,"data":"[  97.4 min] 1765 rows written\n"}
,{"stream_name":"stdout","time":5905.41654119,"data":"[  98.4 min] 1784 rows written\n"}
,{"stream_name":"stdout","time":5965.643429923,"data":"[  99.4 min] 1804 rows written\n"}
,{"stream_name":"stdout","time":6025.871649782,"data":"[ 100.4 min] 1826 rows written\n"}
,{"stream_name":"stdout","time":6086.142445455,"data":"[ 101.4 min] 1855 rows written\n"}
,{"stream_name":"stdout","time":6146.376440313,"data":"[ 102.4 min] 1890 rows written\n"}
,{"stream_name":"stdout","time":6206.61007096,"data":"[ 103.4 min] 1926 rows written\n"}
,{"stream_name":"stdout","time":6266.827318729,"data":"[ 104.4 min] 1967 rows written\n"}
,{"stream_name":"stdout","time":6326.995201432,"data":"[ 105.4 min] 1991 rows written\n"}
,{"stream_name":"stdout","time":6387.210011823,"data":"[ 106.4 min] 2002 rows written\n"}
,{"stream_name":"stdout","time":6447.42874325,"data":"[ 107.4 min] 2017 rows written\n"}
,{"stream_name":"stdout","time":6507.61057785,"data":"[ 108.4 min] 2038 rows written\n"}
,{"stream_name":"stdout","time":6567.800476183,"data":"[ 109.4 min] 2065 rows written\n"}
,{"stream_name":"stdout","time":6628.062531399,"data":"[ 110.5 min] 2102 rows written\n"}
,{"stream_name":"stdout","time":6688.234524361,"data":"[ 111.5 min] 2141 rows written\n"}
,{"stream_name":"stdout","time":6748.440829249,"data":"[ 112.5 min] 2187 rows written\n"}
,{"stream_name":"stdout","time":6808.701834404,"data":"[ 113.5 min] 2232 rows written\n"}
,{"stream_name":"stdout","time":6868.964551607,"data":"[ 114.5 min] 2283 rows written\n"}
,{"stream_name":"stdout","time":6929.21711613,"data":"[ 115.5 min] 2322 rows written\n"}
,{"stream_name":"stdout","time":6989.510428237,"data":"[ 116.5 min] 2362 rows written\n"}
,{"stream_name":"stdout","time":7049.697693799,"data":"[ 117.5 min] 2396 rows written\n"}
,{"stream_name":"stdout","time":7109.934838061,"data":"[ 118.5 min] 2417 rows written\n"}
,{"stream_name":"stdout","time":7170.18142611,"data":"[ 119.5 min] 2433 rows written\n"}
,{"stream_name":"stdout","time":7230.404427467,"data":"[ 120.5 min] 2451 rows written\n"}
,{"stream_name":"stdout","time":7290.686816808,"data":"[ 121.5 min] 2467 rows written\n"}
,{"stream_name":"stdout","time":7350.901832529,"data":"[ 122.5 min] 2486 rows written\n"}
,{"stream_name":"stdout","time":7411.120283533,"data":"[ 123.5 min] 2508 rows written\n"}
,{"stream_name":"stdout","time":7471.366641561,"data":"[ 124.5 min] 2531 rows written\n"}
,{"stream_name":"stdout","time":7531.582089299,"data":"[ 125.5 min] 2552 rows written\n"}
,{"stream_name":"stdout","time":7591.884830067,"data":"[ 126.5 min] 2581 rows written\n"}
,{"stream_name":"stdout","time":7652.194402047,"data":"[ 127.5 min] 2602 rows written\n"}
,{"stream_name":"stdout","time":7712.391704558,"data":"[ 128.5 min] 2618 rows written\n"}
,{"stream_name":"stdout","time":7772.68946232,"data":"[ 129.5 min] 2636 rows written\n"}
,{"stream_name":"stdout","time":7832.991579373,"data":"[ 130.5 min] 2654 rows written\n"}
,{"stream_name":"stdout","time":7893.298615146,"data":"[ 131.5 min] 2669 rows written\n"}
,{"stream_name":"stdout","time":7953.576292804,"data":"[ 132.5 min] 2683 rows written\n"}
,{"stream_name":"stdout","time":8013.791785077,"data":"[ 133.5 min] 2696 rows written\n"}
,{"stream_name":"stdout","time":8074.068492479,"data":"[ 134.6 min] 2708 rows written\n"}
,{"stream_name":"stdout","time":8134.333691039,"data":"[ 135.6 min] 2715 rows written\n"}
,{"stream_name":"stdout","time":8194.574550596,"data":"[ 136.6 min] 2727 rows written\n"}
,{"stream_name":"stdout","time":8254.805716106,"data":"[ 137.6 min] 2734 rows written\n"}
,{"stream_name":"stdout","time":8315.077877429,"data":"[ 138.6 min] 2747 rows written\n"}
,{"stream_name":"stdout","time":8375.407535333,"data":"[ 139.6 min] 2762 rows written\n"}
,{"stream_name":"stdout","time":8435.702543693,"data":"[ 140.6 min] 2773 rows written\n"}
,{"stream_name":"stdout","time":8496.050098218,"data":"[ 141.6 min] 2786 rows written\n"}
,{"stream_name":"stdout","time":8556.277552743,"data":"[ 142.6 min] 2801 rows written\n"}
,{"stream_name":"stdout","time":8616.47605243,"data":"[ 143.6 min] 2810 rows written\n"}
,{"stream_name":"stdout","time":8676.742232533,"data":"[ 144.6 min] 2827 rows written\n"}
,{"stream_name":"stdout","time":8737.01712227,"data":"[ 145.6 min] 2840 rows written\n"}
,{"stream_name":"stdout","time":8797.245293541,"data":"[ 146.6 min] 2853 rows written\n"}
,{"stream_name":"stdout","time":8857.47887669,"data":"[ 147.6 min] 2864 rows written\n"}
,{"stream_name":"stdout","time":8917.850428587,"data":"[ 148.6 min] 2875 rows written\n"}
,{"stream_name":"stdout","time":8978.159310292,"data":"[ 149.6 min] 2891 rows written\n"}
,{"stream_name":"stdout","time":9038.487319326,"data":"[ 150.6 min] 2902 rows written\n"}
,{"stream_name":"stdout","time":9098.718833921,"data":"[ 151.6 min] 2915 rows written\n"}
,{"stream_name":"stdout","time":9159.067901545,"data":"[ 152.6 min] 2929 rows written\n"}
,{"stream_name":"stdout","time":9219.397894884,"data":"[ 153.6 min] 2941 rows written\n"}
,{"stream_name":"stdout","time":9279.827694952,"data":"[ 154.7 min] 2949 rows written\n"}
,{"stream_name":"stdout","time":9340.277504195,"data":"[ 155.7 min] 2962 rows written\n"}
,{"stream_name":"stdout","time":9400.556427753,"data":"[ 156.7 min] 2978 rows written\n"}
,{"stream_name":"stdout","time":9460.946547021,"data":"[ 157.7 min] 2994 rows written\n"}
,{"stream_name":"stdout","time":9521.282794837,"data":"[ 158.7 min] 3012 rows written\n"}
,{"stream_name":"stdout","time":9581.552186468,"data":"[ 159.7 min] 3032 rows written\n"}
,{"stream_name":"stdout","time":9642.037691548,"data":"[ 160.7 min] 3049 rows written\n"}
,{"stream_name":"stdout","time":9702.34597366,"data":"[ 161.7 min] 3069 rows written\n"}
,{"stream_name":"stdout","time":9762.864446077,"data":"[ 162.7 min] 3085 rows written\n"}
,{"stream_name":"stdout","time":9823.266540375,"data":"[ 163.7 min] 3100 rows written\n"}
,{"stream_name":"stdout","time":9883.686498958,"data":"[ 164.7 min] 3114 rows written\n"}
,{"stream_name":"stdout","time":9943.979395806,"data":"[ 165.7 min] 3128 rows written\n"}
,{"stream_name":"stdout","time":10004.219778124,"data":"[ 166.7 min] 3154 rows written\n"}
,{"stream_name":"stdout","time":10064.471966688,"data":"[ 167.7 min] 3174 rows written\n"}
,{"stream_name":"stdout","time":10124.836976316,"data":"[ 168.7 min] 3191 rows written\n"}
,{"stream_name":"stdout","time":10185.101079664,"data":"[ 169.7 min] 3212 rows written\n"}
,{"stream_name":"stdout","time":10245.497122206,"data":"[ 170.7 min] 3237 rows written\n"}
,{"stream_name":"stdout","time":10305.824945423,"data":"[ 171.8 min] 3266 rows written\n"}
,{"stream_name":"stdout","time":10366.157271102,"data":"[ 172.8 min] 3290 rows written\n"}
,{"stream_name":"stdout","time":10426.459016309,"data":"[ 173.8 min] 3311 rows written\n"}
,{"stream_name":"stdout","time":10486.759217251,"data":"[ 174.8 min] 3335 rows written\n"}
,{"stream_name":"stdout","time":10547.084000066,"data":"[ 175.8 min] 3358 rows written\n"}
,{"stream_name":"stdout","time":10607.385522212,"data":"[ 176.8 min] 3386 rows written\n"}
,{"stream_name":"stdout","time":10667.632397882,"data":"[ 177.8 min] 3416 rows written\n"}
,{"stream_name":"stdout","time":10727.901909391,"data":"[ 178.8 min] 3430 rows written\n"}
,{"stream_name":"stdout","time":10788.399010123,"data":"[ 179.8 min] 3448 rows written\n"}
,{"stream_name":"stdout","time":10848.778702618,"data":"[ 180.8 min] 3475 rows written\n"}
,{"stream_name":"stdout","time":10909.20741999,"data":"[ 181.8 min] 3497 rows written\n"}
,{"stream_name":"stdout","time":10969.538727671,"data":"[ 182.8 min] 3532 rows written\n"}
,{"stream_name":"stdout","time":11029.949260486,"data":"[ 183.8 min] 3563 rows written\n"}
,{"stream_name":"stdout","time":11090.432267445,"data":"[ 184.8 min] 3579 rows written\n"}
,{"stream_name":"stdout","time":11150.693976242,"data":"[ 185.8 min] 3595 rows written\n"}
,{"stream_name":"stdout","time":11211.03244028,"data":"[ 186.8 min] 3618 rows written\n"}
,{"stream_name":"stdout","time":11271.615538927,"data":"[ 187.8 min] 3641 rows written\n"}
,{"stream_name":"stdout","time":11331.96793061,"data":"[ 188.9 min] 3673 rows written\n"}
,{"stream_name":"stdout","time":11392.424596149,"data":"[ 189.9 min] 3696 rows written\n"}
,{"stream_name":"stdout","time":11452.842575664,"data":"[ 190.9 min] 3733 rows written\n"}
,{"stream_name":"stdout","time":11513.33515359,"data":"[ 191.9 min] 3754 rows written\n"}
,{"stream_name":"stdout","time":11573.659582868,"data":"[ 192.9 min] 3780 rows written\n"}
,{"stream_name":"stdout","time":11633.939276557,"data":"[ 193.9 min] 3796 rows written\n"}
,{"stream_name":"stdout","time":11694.275103155,"data":"[ 194.9 min] 3812 rows written\n"}
,{"stream_name":"stdout","time":11754.60036692,"data":"[ 195.9 min] 3827 rows written\n"}
,{"stream_name":"stdout","time":11814.881411522,"data":"[ 196.9 min] 3843 rows written\n"}
,{"stream_name":"stdout","time":11875.198964793,"data":"[ 197.9 min] 3865 rows written\n"}
,{"stream_name":"stdout","time":11935.718911118,"data":"[ 198.9 min] 3886 rows written\n"}
,{"stream_name":"stdout","time":11996.059369813,"data":"[ 199.9 min] 3920 rows written\n"}
,{"stream_name":"stdout","time":12056.360103242,"data":"[ 200.9 min] 3956 rows written\n"}
,{"stream_name":"stdout","time":12116.703505737,"data":"[ 201.9 min] 3986 rows written\n"}
,{"stream_name":"stdout","time":12177.077898142,"data":"[ 202.9 min] 4005 rows written\n"}
,{"stream_name":"stdout","time":12237.659490564,"data":"[ 203.9 min] 4023 rows written\n"}
,{"stream_name":"stdout","time":12298.011870977,"data":"[ 205.0 min] 4041 rows written\n"}
,{"stream_name":"stdout","time":12358.574727451,"data":"[ 206.0 min] 4064 rows written\n"}
,{"stream_name":"stdout","time":12419.051531236,"data":"[ 207.0 min] 4093 rows written\n"}
,{"stream_name":"stdout","time":12479.529929166,"data":"[ 208.0 min] 4113 rows written\n"}
,{"stream_name":"stdout","time":12539.853032078,"data":"[ 209.0 min] 4139 rows written\n"}
,{"stream_name":"stdout","time":12600.151185512,"data":"[ 210.0 min] 4160 rows written\n"}
,{"stream_name":"stdout","time":12660.558866602,"data":"[ 211.0 min] 4187 rows written\n"}
,{"stream_name":"stdout","time":12720.864510371,"data":"[ 212.0 min] 4206 rows written\n"}
,{"stream_name":"stdout","time":12781.174601251,"data":"[ 213.0 min] 4233 rows written\n"}
,{"stream_name":"stdout","time":12841.565938837,"data":"[ 214.0 min] 4260 rows written\n"}
,{"stream_name":"stdout","time":12901.965436203,"data":"[ 215.0 min] 4288 rows written\n"}
,{"stream_name":"stdout","time":12962.399975881,"data":"[ 216.0 min] 4328 rows written\n"}
,{"stream_name":"stdout","time":13022.769738835,"data":"[ 217.0 min] 4377 rows written\n"}
,{"stream_name":"stdout","time":13083.228990951,"data":"[ 218.0 min] 4418 rows written\n"}
,{"stream_name":"stdout","time":13143.568692267,"data":"[ 219.0 min] 4447 rows written\n"}
,{"stream_name":"stdout","time":13204.051844881,"data":"[ 220.1 min] 4475 rows written\n"}
,{"stream_name":"stdout","time":13264.534908621,"data":"[ 221.1 min] 4498 rows written\n"}
,{"stream_name":"stdout","time":13324.867583679,"data":"[ 222.1 min] 4523 rows written\n"}
,{"stream_name":"stdout","time":13385.245611116,"data":"[ 223.1 min] 4556 rows written\n"}
,{"stream_name":"stdout","time":13445.58408537,"data":"[ 224.1 min] 4592 rows written\n"}
,{"stream_name":"stdout","time":13506.037111772,"data":"[ 225.1 min] 4646 rows written\n"}
,{"stream_name":"stdout","time":13566.529584325,"data":"[ 226.1 min] 4715 rows written\n"}
,{"stream_name":"stdout","time":13626.870132059,"data":"[ 227.1 min] 4775 rows written\n"}
,{"stream_name":"stdout","time":13687.161347971,"data":"[ 228.1 min] 4811 rows written\n"}
,{"stream_name":"stdout","time":13747.446466187,"data":"[ 229.1 min] 4843 rows written\n"}
,{"stream_name":"stdout","time":13807.799233878,"data":"[ 230.1 min] 4875 rows written\n"}
,{"stream_name":"stdout","time":13868.154142054,"data":"[ 231.1 min] 4913 rows written\n"}
,{"stream_name":"stdout","time":13928.582885251,"data":"[ 232.1 min] 4946 rows written\n"}
,{"stream_name":"stdout","time":13988.914055835,"data":"[ 233.1 min] 4972 rows written\n"}
,{"stream_name":"stdout","time":14049.263271191,"data":"[ 234.1 min] 5005 rows written\n"}
,{"stream_name":"stdout","time":14109.609441157,"data":"[ 235.1 min] 5041 rows written\n"}
,{"stream_name":"stdout","time":14170.001009768,"data":"[ 236.2 min] 5073 rows written\n"}
,{"stream_name":"stdout","time":14230.428831138,"data":"[ 237.2 min] 5095 rows written\n"}
,{"stream_name":"stdout","time":14290.857388254,"data":"[ 238.2 min] 5106 rows written\n"}
,{"stream_name":"stdout","time":14351.214378774,"data":"[ 239.2 min] 5116 rows written\n"}
,{"stream_name":"stdout","time":14411.677170455,"data":"[ 240.2 min] 5126 rows written\n"}
,{"stream_name":"stdout","time":14472.141579617,"data":"[ 241.2 min] 5141 rows written\n"}
,{"stream_name":"stdout","time":14532.757998321,"data":"[ 242.2 min] 5155 rows written\n"}
,{"stream_name":"stdout","time":14593.331867302,"data":"[ 243.2 min] 5169 rows written\n"}
,{"stream_name":"stdout","time":14653.681470975,"data":"[ 244.2 min] 5181 rows written\n"}
,{"stream_name":"stdout","time":14714.361481455,"data":"[ 245.2 min] 5195 rows written\n"}
,{"stream_name":"stdout","time":14774.893407567,"data":"[ 246.2 min] 5213 rows written\n"}
,{"stream_name":"stdout","time":14835.406184441,"data":"[ 247.2 min] 5228 rows written\n"}
,{"stream_name":"stdout","time":14895.805203825,"data":"[ 248.2 min] 5249 rows written\n"}
,{"stream_name":"stdout","time":14956.348806432,"data":"[ 249.3 min] 5263 rows written\n"}
,{"stream_name":"stdout","time":15016.953670529,"data":"[ 250.3 min] 5276 rows written\n"}
,{"stream_name":"stdout","time":15077.437427194,"data":"[ 251.3 min] 5291 rows written\n"}
,{"stream_name":"stdout","time":15137.932265107,"data":"[ 252.3 min] 5303 rows written\n"}
,{"stream_name":"stdout","time":15198.446484704,"data":"[ 253.3 min] 5315 rows written\n"}
,{"stream_name":"stdout","time":15258.806364939,"data":"[ 254.3 min] 5328 rows written\n"}
,{"stream_name":"stdout","time":15319.277404385,"data":"[ 255.3 min] 5343 rows written\n"}
,{"stream_name":"stdout","time":15379.816070285,"data":"[ 256.3 min] 5364 rows written\n"}
,{"stream_name":"stdout","time":15440.283081877,"data":"[ 257.3 min] 5381 rows written\n"}
,{"stream_name":"stdout","time":15500.686370955,"data":"[ 258.3 min] 5400 rows written\n"}
,{"stream_name":"stdout","time":15561.536395336,"data":"[ 259.3 min] 5416 rows written\n"}
,{"stream_name":"stdout","time":15622.191544539,"data":"[ 260.4 min] 5434 rows written\n"}
,{"stream_name":"stdout","time":15682.662748025,"data":"[ 261.4 min] 5448 rows written\n"}
,{"stream_name":"stdout","time":15743.10115509,"data":"[ 262.4 min] 5464 rows written\n"}
,{"stream_name":"stdout","time":15803.620134595,"data":"[ 263.4 min] 5476 rows written\n"}
,{"stream_name":"stdout","time":15864.101590516,"data":"[ 264.4 min] 5491 rows written\n"}
,{"stream_name":"stdout","time":15924.755434925,"data":"[ 265.4 min] 5508 rows written\n"}
,{"stream_name":"stdout","time":15985.281136636,"data":"[ 266.4 min] 5528 rows written\n"}
,{"stream_name":"stdout","time":16045.701373412,"data":"[ 267.4 min] 5545 rows written\n"}
,{"stream_name":"stdout","time":16106.051480013,"data":"[ 268.4 min] 5562 rows written\n"}
,{"stream_name":"stdout","time":16166.415219543,"data":"[ 269.4 min] 5580 rows written\n"}
,{"stream_name":"stdout","time":16226.947912761,"data":"[ 270.4 min] 5601 rows written\n"}
,{"stream_name":"stdout","time":16287.52496066,"data":"[ 271.4 min] 5624 rows written\n"}
,{"stream_name":"stdout","time":16348.152813157,"data":"[ 272.5 min] 5654 rows written\n"}
,{"stream_name":"stdout","time":16408.818496218,"data":"[ 273.5 min] 5677 rows written\n"}
,{"stream_name":"stdout","time":16469.359164431,"data":"[ 274.5 min] 5695 rows written\n"}
,{"stream_name":"stdout","time":16529.767739948,"data":"[ 275.5 min] 5711 rows written\n"}
,{"stream_name":"stdout","time":16590.3875334,"data":"[ 276.5 min] 5733 rows written\n"}
,{"stream_name":"stdout","time":16650.983460171,"data":"[ 277.5 min] 5758 rows written\n"}
,{"stream_name":"stdout","time":16711.497264484,"data":"[ 278.5 min] 5792 rows written\n"}
,{"stream_name":"stdout","time":16772.00739181,"data":"[ 279.5 min] 5827 rows written\n"}
,{"stream_name":"stdout","time":16832.488582403,"data":"[ 280.5 min] 5851 rows written\n"}
,{"stream_name":"stdout","time":16893.011494996,"data":"[ 281.5 min] 5879 rows written\n"}
,{"stream_name":"stdout","time":16953.431614046,"data":"[ 282.5 min] 5899 rows written\n"}
,{"stream_name":"stdout","time":17014.134804661,"data":"[ 283.6 min] 5927 rows written\n"}
,{"stream_name":"stdout","time":17074.607413144,"data":"[ 284.6 min] 5955 rows written\n"}
,{"stream_name":"stdout","time":17135.149409473,"data":"[ 285.6 min] 5978 rows written\n"}
,{"stream_name":"stdout","time":17195.613517891,"data":"[ 286.6 min] 6009 rows written\n"}
,{"stream_name":"stdout","time":17256.18988211,"data":"[ 287.6 min] 6040 rows written\n"}
,{"stream_name":"stdout","time":17316.599906363,"data":"[ 288.6 min] 6077 rows written\n"}
,{"stream_name":"stdout","time":17377.171261556,"data":"[ 289.6 min] 6116 rows written\n"}
,{"stream_name":"stdout","time":17437.606890348,"data":"[ 290.6 min] 6141 rows written\n"}
,{"stream_name":"stdout","time":17498.39474745,"data":"[ 291.6 min] 6164 rows written\n"}
,{"stream_name":"stdout","time":17559.115060298,"data":"[ 292.6 min] 6185 rows written\n"}
,{"stream_name":"stdout","time":17619.721556954,"data":"[ 293.6 min] 6205 rows written\n"}
,{"stream_name":"stdout","time":17680.374790916,"data":"[ 294.7 min] 6226 rows written\n"}
,{"stream_name":"stdout","time":17741.083289457,"data":"[ 295.7 min] 6249 rows written\n"}
,{"stream_name":"stdout","time":17801.604498116,"data":"[ 296.7 min] 6285 rows written\n"}
,{"stream_name":"stdout","time":17862.290549635,"data":"[ 297.7 min] 6311 rows written\n"}
,{"stream_name":"stdout","time":17923.070046971,"data":"[ 298.7 min] 6337 rows written\n"}
,{"stream_name":"stdout","time":17983.592167496,"data":"[ 299.7 min] 6366 rows written\n"}
,{"stream_name":"stdout","time":18044.158266326,"data":"[ 300.7 min] 6411 rows written\n"}
,{"stream_name":"stdout","time":18104.803420852,"data":"[ 301.7 min] 6450 rows written\n"}
,{"stream_name":"stdout","time":18165.411280253,"data":"[ 302.7 min] 6478 rows written\n"}
,{"stream_name":"stdout","time":18226.084749136,"data":"[ 303.8 min] 6494 rows written\n"}
,{"stream_name":"stdout","time":18286.838949583,"data":"[ 304.8 min] 6511 rows written\n"}
,{"stream_name":"stdout","time":18347.322641283,"data":"[ 305.8 min] 6531 rows written\n"}
,{"stream_name":"stdout","time":18407.87736361,"data":"[ 306.8 min] 6550 rows written\n"}
,{"stream_name":"stdout","time":18468.381183007,"data":"[ 307.8 min] 6564 rows written\n"}
,{"stream_name":"stdout","time":18528.901294258,"data":"[ 308.8 min] 6593 rows written\n"}
,{"stream_name":"stdout","time":18589.438809704,"data":"[ 309.8 min] 6632 rows written\n"}
,{"stream_name":"stdout","time":18650.161752929,"data":"[ 310.8 min] 6660 rows written\n"}
,{"stream_name":"stdout","time":18710.626090444,"data":"[ 311.8 min] 6675 rows written\n"}
,{"stream_name":"stdout","time":18771.25940576,"data":"[ 312.8 min] 6697 rows written\n"}
,{"stream_name":"stdout","time":18831.794538984,"data":"[ 313.8 min] 6740 rows written\n"}
,{"stream_name":"stdout","time":18892.321721379,"data":"[ 314.9 min] 6766 rows written\n"}
,{"stream_name":"stdout","time":18952.872549382,"data":"[ 315.9 min] 6817 rows written\n"}
,{"stream_name":"stdout","time":19013.703217286,"data":"[ 316.9 min] 6863 rows written\n"}
,{"stream_name":"stdout","time":19074.329702813,"data":"[ 317.9 min] 6889 rows written\n"}
,{"stream_name":"stdout","time":19134.780287902,"data":"[ 318.9 min] 6908 rows written\n"}
,{"stream_name":"stdout","time":19195.336521086,"data":"[ 319.9 min] 6940 rows written\n"}
,{"stream_name":"stdout","time":19256.059756949,"data":"[ 320.9 min] 6980 rows written\n"}
,{"stream_name":"stdout","time":19316.67041473,"data":"[ 321.9 min] 7038 rows written\n"}
,{"stream_name":"stdout","time":19377.214269982,"data":"[ 322.9 min] 7092 rows written\n"}
,{"stream_name":"stdout","time":19437.839095651,"data":"[ 324.0 min] 7147 rows written\n"}
,{"stream_name":"stdout","time":19498.338015276,"data":"[ 325.0 min] 7180 rows written\n"}
,{"stream_name":"stdout","time":19558.841141708,"data":"[ 326.0 min] 7218 rows written\n"}
,{"stream_name":"stdout","time":19619.343565923,"data":"[ 327.0 min] 7256 rows written\n"}
,{"stream_name":"stdout","time":19679.94542617,"data":"[ 328.0 min] 7294 rows written\n"}
,{"stream_name":"stdout","time":19740.456534868,"data":"[ 329.0 min] 7318 rows written\n"}
,{"stream_name":"stdout","time":19800.944175018,"data":"[ 330.0 min] 7332 rows written\n"}
,{"stream_name":"stdout","time":19861.644061141,"data":"[ 331.0 min] 7352 rows written\n"}
,{"stream_name":"stdout","time":19922.22103326,"data":"[ 332.0 min] 7381 rows written\n"}
,{"stream_name":"stdout","time":19982.838070536,"data":"[ 333.0 min] 7416 rows written\n"}
,{"stream_name":"stdout","time":20043.415735783,"data":"[ 334.0 min] 7452 rows written\n"}
,{"stream_name":"stdout","time":20103.954500698,"data":"[ 335.1 min] 7479 rows written\n"}
,{"stream_name":"stdout","time":20164.636887098,"data":"[ 336.1 min] 7512 rows written\n"}
,{"stream_name":"stdout","time":20225.208791516,"data":"[ 337.1 min] 7554 rows written\n"}
,{"stream_name":"stdout","time":20285.779246122,"data":"[ 338.1 min] 7600 rows written\n"}
,{"stream_name":"stdout","time":20346.410497579,"data":"[ 339.1 min] 7651 rows written\n"}
,{"stream_name":"stdout","time":20406.968744508,"data":"[ 340.1 min] 7675 rows written\n"}
,{"stream_name":"stdout","time":20467.517666678,"data":"[ 341.1 min] 7685 rows written\n"}
,{"stream_name":"stdout","time":20528.192384271,"data":"[ 342.1 min] 7696 rows written\n"}
,{"stream_name":"stdout","time":20588.849582843,"data":"[ 343.1 min] 7701 rows written\n"}
,{"stream_name":"stdout","time":20649.369200219,"data":"[ 344.1 min] 7710 rows written\n"}
,{"stream_name":"stdout","time":20709.971429944,"data":"[ 345.2 min] 7720 rows written\n"}
,{"stream_name":"stdout","time":20770.572062245,"data":"[ 346.2 min] 7730 rows written\n"}
,{"stream_name":"stdout","time":20831.154822412,"data":"[ 347.2 min] 7748 rows written\n"}
,{"stream_name":"stdout","time":20891.82417894,"data":"[ 348.2 min] 7772 rows written\n"}
,{"stream_name":"stdout","time":20952.491297536,"data":"[ 349.2 min] 7800 rows written\n"}
,{"stream_name":"stdout","time":21013.001191456,"data":"[ 350.2 min] 7825 rows written\n"}
,{"stream_name":"stdout","time":21073.803240739,"data":"[ 351.2 min] 7848 rows written\n"}
,{"stream_name":"stdout","time":21134.474516173,"data":"[ 352.2 min] 7877 rows written\n"}
,{"stream_name":"stdout","time":21195.176650417,"data":"[ 353.2 min] 7914 rows written\n"}
,{"stream_name":"stdout","time":21255.753897512,"data":"[ 354.2 min] 7946 rows written\n"}
,{"stream_name":"stdout","time":21316.295015334,"data":"[ 355.3 min] 7978 rows written\n"}
,{"stream_name":"stdout","time":21377.113261196,"data":"[ 356.3 min] 7989 rows written\n"}
,{"stream_name":"stdout","time":21437.759366033,"data":"[ 357.3 min] 8000 rows written\n"}
,{"stream_name":"stdout","time":21498.27443317,"data":"[ 358.3 min] 8016 rows written\n"}
,{"stream_name":"stdout","time":21558.889643588,"data":"[ 359.3 min] 8025 rows written\n"}
,{"stream_name":"stdout","time":21619.499397786,"data":"[ 360.3 min] 8038 rows written\n"}
,{"stream_name":"stdout","time":21680.389095679,"data":"[ 361.3 min] 8050 rows written\n"}
,{"stream_name":"stdout","time":21741.048005938,"data":"[ 362.3 min] 8056 rows written\n"}
,{"stream_name":"stdout","time":21801.637303826,"data":"[ 363.3 min] 8061 rows written\n"}
,{"stream_name":"stdout","time":21862.235504764,"data":"[ 364.4 min] 8070 rows written\n"}
,{"stream_name":"stdout","time":21923.029680002,"data":"[ 365.4 min] 8080 rows written\n"}
,{"stream_name":"stdout","time":21984.435524228,"data":"[ 366.4 min] 8092 rows written\n"}
,{"stream_name":"stdout","time":22045.103072125,"data":"[ 367.4 min] 8103 rows written\n"}
,{"stream_name":"stdout","time":22105.82742993,"data":"[ 368.4 min] 8113 rows written\n"}
,{"stream_name":"stdout","time":22166.557931929,"data":"[ 369.4 min] 8124 rows written\n"}
,{"stream_name":"stdout","time":22227.373991531,"data":"[ 370.4 min] 8138 rows written\n"}
,{"stream_name":"stdout","time":22288.06383766,"data":"[ 371.5 min] 8146 rows written\n"}
,{"stream_name":"stdout","time":22348.84389158,"data":"[ 372.5 min] 8156 rows written\n"}
,{"stream_name":"stdout","time":22409.462869658,"data":"[ 373.5 min] 8165 rows written\n"}
,{"stream_name":"stdout","time":22470.2134403,"data":"[ 374.5 min] 8175 rows written\n"}
,{"stream_name":"stdout","time":22530.963439988,"data":"[ 375.5 min] 8185 rows written\n"}
,{"stream_name":"stdout","time":22591.488230544,"data":"[ 376.5 min] 8195 rows written\n"}
,{"stream_name":"stdout","time":22652.272651302,"data":"[ 377.5 min] 8207 rows written\n"}
,{"stream_name":"stdout","time":22712.883289174,"data":"[ 378.5 min] 8218 rows written\n"}
,{"stream_name":"stdout","time":22773.600616179,"data":"[ 379.5 min] 8228 rows written\n"}
,{"stream_name":"stdout","time":22834.290846627,"data":"[ 380.6 min] 8239 rows written\n"}
,{"stream_name":"stdout","time":22894.946858711,"data":"[ 381.6 min] 8249 rows written\n"}
,{"stream_name":"stdout","time":22955.50085653,"data":"[ 382.6 min] 8259 rows written\n"}
,{"stream_name":"stdout","time":23016.090060234,"data":"[ 383.6 min] 8267 rows written\n"}
,{"stream_name":"stdout","time":23076.642479201,"data":"[ 384.6 min] 8279 rows written\n"}
,{"stream_name":"stdout","time":23137.413862111,"data":"[ 385.6 min] 8289 rows written\n"}
,{"stream_name":"stdout","time":23198.148222834,"data":"[ 386.6 min] 8296 rows written\n"}
,{"stream_name":"stdout","time":23258.778901522,"data":"[ 387.6 min] 8308 rows written\n"}
,{"stream_name":"stdout","time":23319.403252107,"data":"[ 388.6 min] 8321 rows written\n"}
,{"stream_name":"stdout","time":23379.933761631,"data":"[ 389.7 min] 8336 rows written\n"}
,{"stream_name":"stdout","time":23440.569240724,"data":"[ 390.7 min] 8349 rows written\n"}
,{"stream_name":"stdout","time":23501.160046804,"data":"[ 391.7 min] 8363 rows written\n"}
,{"stream_name":"stdout","time":23561.833682375,"data":"[ 392.7 min] 8379 rows written\n"}
,{"stream_name":"stdout","time":23622.384439501,"data":"[ 393.7 min] 8391 rows written\n"}
,{"stream_name":"stdout","time":23683.094352679,"data":"[ 394.7 min] 8404 rows written\n"}
,{"stream_name":"stdout","time":23743.875021509,"data":"[ 395.7 min] 8416 rows written\n"}
,{"stream_name":"stdout","time":23804.660908826,"data":"[ 396.7 min] 8432 rows written\n"}
,{"stream_name":"stdout","time":23865.250551997,"data":"[ 397.7 min] 8451 rows written\n"}
,{"stream_name":"stdout","time":23925.812467413,"data":"[ 398.8 min] 8467 rows written\n"}
,{"stream_name":"stdout","time":23986.534566769,"data":"[ 399.8 min] 8476 rows written\n"}
,{"stream_name":"stdout","time":24047.3332195,"data":"[ 400.8 min] 8489 rows written\n"}
,{"stream_name":"stdout","time":24108.033502194,"data":"[ 401.8 min] 8505 rows written\n"}
,{"stream_name":"stdout","time":24168.599882544,"data":"[ 402.8 min] 8520 rows written\n"}
,{"stream_name":"stdout","time":24229.384538867,"data":"[ 403.8 min] 8530 rows written\n"}
,{"stream_name":"stdout","time":24290.042153013,"data":"[ 404.8 min] 8540 rows written\n"}
,{"stream_name":"stdout","time":24350.681136213,"data":"[ 405.8 min] 8551 rows written\n"}
,{"stream_name":"stdout","time":24411.287666436,"data":"[ 406.8 min] 8563 rows written\n"}
,{"stream_name":"stdout","time":24472.386816284,"data":"[ 407.9 min] 8572 rows written\n"}
,{"stream_name":"stdout","time":24533.122637852,"data":"[ 408.9 min] 8583 rows written\n"}
,{"stream_name":"stdout","time":24593.940641791,"data":"[ 409.9 min] 8603 rows written\n"}
,{"stream_name":"stdout","time":24654.626001983,"data":"[ 410.9 min] 8619 rows written\n"}
,{"stream_name":"stdout","time":24715.26288229,"data":"[ 411.9 min] 8638 rows written\n"}
,{"stream_name":"stdout","time":24776.180673207,"data":"[ 412.9 min] 8646 rows written\n"}
,{"stream_name":"stdout","time":24837.109847024,"data":"[ 413.9 min] 8662 rows written\n"}
,{"stream_name":"stdout","time":24897.704737823,"data":"[ 414.9 min] 8672 rows written\n"}
,{"stream_name":"stdout","time":24958.393201327,"data":"[ 416.0 min] 8686 rows written\n"}
,{"stream_name":"stdout","time":25019.052484334,"data":"[ 417.0 min] 8699 rows written\n"}
,{"stream_name":"stdout","time":25079.790064617,"data":"[ 418.0 min] 8716 rows written\n"}
,{"stream_name":"stdout","time":25140.33990364,"data":"[ 419.0 min] 8734 rows written\n"}
,{"stream_name":"stdout","time":25201.025635162,"data":"[ 420.0 min] 8754 rows written\n"}
,{"stream_name":"stdout","time":25261.645193405,"data":"[ 421.0 min] 8774 rows written\n"}
,{"stream_name":"stdout","time":25322.476561898,"data":"[ 422.0 min] 8798 rows written\n"}
,{"stream_name":"stdout","time":25383.286837057,"data":"[ 423.0 min] 8817 rows written\n"}
,{"stream_name":"stdout","time":25444.354707519,"data":"[ 424.1 min] 8833 rows written\n"}
,{"stream_name":"stdout","time":25505.047266541,"data":"[ 425.1 min] 8852 rows written\n"}
,{"stream_name":"stdout","time":25565.853423886,"data":"[ 426.1 min] 8870 rows written\n"}
,{"stream_name":"stdout","time":25626.484446821,"data":"[ 427.1 min] 8890 rows written\n"}
,{"stream_name":"stdout","time":25687.131766999,"data":"[ 428.1 min] 8908 rows written\n"}
,{"stream_name":"stdout","time":25747.84998649,"data":"[ 429.1 min] 8923 rows written\n"}
,{"stream_name":"stdout","time":25808.635571859,"data":"[ 430.1 min] 8939 rows written\n"}
,{"stream_name":"stdout","time":25869.634649697,"data":"[ 431.1 min] 8961 rows written\n"}
,{"stream_name":"stdout","time":25930.387719817,"data":"[ 432.2 min] 8978 rows written\n"}
,{"stream_name":"stdout","time":25991.117421381,"data":"[ 433.2 min] 8993 rows written\n"}
,{"stream_name":"stdout","time":26051.987031633,"data":"[ 434.2 min] 9015 rows written\n"}
,{"stream_name":"stdout","time":26113.121557693,"data":"[ 435.2 min] 9028 rows written\n"}
,{"stream_name":"stdout","time":26174.005879275,"data":"[ 436.2 min] 9043 rows written\n"}
,{"stream_name":"stdout","time":26234.878467887,"data":"[ 437.2 min] 9060 rows written\n"}
,{"stream_name":"stdout","time":26295.534188833,"data":"[ 438.2 min] 9076 rows written\n"}
,{"stream_name":"stdout","time":26356.36664705,"data":"[ 439.3 min] 9087 rows written\n"}
,{"stream_name":"stdout","time":26417.093015144,"data":"[ 440.3 min] 9111 rows written\n"}
,{"stream_name":"stdout","time":26477.753677825,"data":"[ 441.3 min] 9129 rows written\n"}
,{"stream_name":"stdout","time":26538.580181209,"data":"[ 442.3 min] 9145 rows written\n"}
,{"stream_name":"stdout","time":26599.638577463,"data":"[ 443.3 min] 9169 rows written\n"}
,{"stream_name":"stdout","time":26660.675755638,"data":"[ 444.3 min] 9198 rows written\n"}
,{"stream_name":"stdout","time":26721.607503308,"data":"[ 445.3 min] 9216 rows written\n"}
,{"stream_name":"stdout","time":26782.319295412,"data":"[ 446.4 min] 9235 rows written\n"}
,{"stream_name":"stdout","time":26843.08395812,"data":"[ 447.4 min] 9253 rows written\n"}
,{"stream_name":"stdout","time":26903.667498174,"data":"[ 448.4 min] 9265 rows written\n"}
,{"stream_name":"stdout","time":26964.803178406,"data":"[ 449.4 min] 9284 rows written\n"}
,{"stream_name":"stdout","time":27025.521873181,"data":"[ 450.4 min] 9303 rows written\n"}
,{"stream_name":"stdout","time":27086.309020434,"data":"[ 451.4 min] 9326 rows written\n"}
,{"stream_name":"stdout","time":27146.915896921,"data":"[ 452.4 min] 9346 rows written\n"}
,{"stream_name":"stdout","time":27208.102516553,"data":"[ 453.5 min] 9364 rows written\n"}
,{"stream_name":"stdout","time":27269.153252101,"data":"[ 454.5 min] 9380 rows written\n"}
,{"stream_name":"stdout","time":27329.822176649,"data":"[ 455.5 min] 9398 rows written\n"}
,{"stream_name":"stdout","time":27390.498640968,"data":"[ 456.5 min] 9414 rows written\n"}
,{"stream_name":"stdout","time":27451.415380011,"data":"[ 457.5 min] 9428 rows written\n"}
,{"stream_name":"stdout","time":27512.219029524,"data":"[ 458.5 min] 9452 rows written\n"}
,{"stream_name":"stdout","time":27573.011953946,"data":"[ 459.5 min] 9478 rows written\n"}
,{"stream_name":"stdout","time":27633.984549226,"data":"[ 460.6 min] 9507 rows written\n"}
,{"stream_name":"stdout","time":27694.808953586,"data":"[ 461.6 min] 9528 rows written\n"}
,{"stream_name":"stdout","time":27755.824522805,"data":"[ 462.6 min] 9549 rows written\n"}
,{"stream_name":"stdout","time":27816.512040281,"data":"[ 463.6 min] 9572 rows written\n"}
,{"stream_name":"stdout","time":27877.268602921,"data":"[ 464.6 min] 9593 rows written\n"}
,{"stream_name":"stdout","time":27938.080754992,"data":"[ 465.6 min] 9613 rows written\n"}
,{"stream_name":"stdout","time":27999.001466856,"data":"[ 466.6 min] 9630 rows written\n"}
,{"stream_name":"stdout","time":28059.760751601,"data":"[ 467.6 min] 9649 rows written\n"}
,{"stream_name":"stdout","time":28120.439627297,"data":"[ 468.7 min] 9675 rows written\n"}
,{"stream_name":"stdout","time":28181.185214235,"data":"[ 469.7 min] 9703 rows written\n"}
,{"stream_name":"stdout","time":28242.036473958,"data":"[ 470.7 min] 9724 rows written\n"}
,{"stream_name":"stdout","time":28302.96635248,"data":"[ 471.7 min] 9740 rows written\n"}
,{"stream_name":"stdout","time":28363.872621795,"data":"[ 472.7 min] 9753 rows written\n"}
,{"stream_name":"stdout","time":28424.695473388,"data":"[ 473.7 min] 9770 rows written\n"}
,{"stream_name":"stdout","time":28485.479566231,"data":"[ 474.7 min] 9789 rows written\n"}
,{"stream_name":"stdout","time":28546.160406092,"data":"[ 475.8 min] 9817 rows written\n"}
,{"stream_name":"stdout","time":28607.050734161,"data":"[ 476.8 min] 9850 rows written\n"}
,{"stream_name":"stdout","time":28667.813731294,"data":"[ 477.8 min] 9885 rows written\n"}
,{"stream_name":"stdout","time":28728.551603422,"data":"[ 478.8 min] 9927 rows written\n"}
,{"stream_name":"stdout","time":28789.432383761,"data":"[ 479.8 min] 9953 rows written\n"}
,{"stream_name":"stdout","time":28850.433670083,"data":"[ 480.8 min] 9978 rows written\n"}
,{"stream_name":"stdout","time":28911.214410889,"data":"[ 481.8 min] 10002 rows written\n"}
,{"stream_name":"stdout","time":28971.915526701,"data":"[ 482.9 min] 10012 rows written\n"}
,{"stream_name":"stdout","time":29032.693515743,"data":"[ 483.9 min] 10030 rows written\n"}
,{"stream_name":"stdout","time":29093.526544399,"data":"[ 484.9 min] 10051 rows written\n"}
,{"stream_name":"stdout","time":29154.496919436,"data":"[ 485.9 min] 10080 rows written\n"}
,{"stream_name":"stdout","time":29215.21918478,"data":"[ 486.9 min] 10116 rows written\n"}
,{"stream_name":"stdout","time":29275.948003003,"data":"[ 487.9 min] 10141 rows written\n"}
,{"stream_name":"stdout","time":29337.047370723,"data":"[ 488.9 min] 10162 rows written\n"}
,{"stream_name":"stdout","time":29397.747167788,"data":"[ 489.9 min] 10173 rows written\n"}
,{"stream_name":"stdout","time":29458.561355432,"data":"[ 491.0 min] 10186 rows written\n"}
,{"stream_name":"stdout","time":29519.281012353,"data":"[ 492.0 min] 10211 rows written\n"}
,{"stream_name":"stdout","time":29579.993514504,"data":"[ 493.0 min] 10237 rows written\n"}
,{"stream_name":"stdout","time":29640.80894715,"data":"[ 494.0 min] 10278 rows written\n"}
,{"stream_name":"stdout","time":29701.351689298,"data":"[ 495.0 min] 10308 rows written\n"}
,{"stream_name":"stdout","time":29761.932415406,"data":"[ 496.0 min] 10338 rows written\n"}
,{"stream_name":"stdout","time":29822.639220531,"data":"[ 497.0 min] 10370 rows written\n"}
,{"stream_name":"stdout","time":29883.233577146,"data":"[ 498.0 min] 10409 rows written\n"}
,{"stream_name":"stdout","time":29943.830615295,"data":"[ 499.1 min] 10433 rows written\n"}
,{"stream_name":"stdout","time":30004.576417465,"data":"[ 500.1 min] 10451 rows written\n"}
,{"stream_name":"stdout","time":30065.077926184,"data":"[ 501.1 min] 10460 rows written\n"}
,{"stream_name":"stdout","time":30125.652120567,"data":"[ 502.1 min] 10469 rows written\n"}
,{"stream_name":"stdout","time":30186.23240619,"data":"[ 503.1 min] 10477 rows written\n"}
,{"stream_name":"stdout","time":30246.806364763,"data":"[ 504.1 min] 10482 rows written\n"}
,{"stream_name":"stdout","time":30307.455087311,"data":"[ 505.1 min] 10486 rows written\n"}
,{"stream_name":"stdout","time":30368.049500035,"data":"[ 506.1 min] 10495 rows written\n"}
,{"stream_name":"stdout","time":30428.499521081,"data":"[ 507.1 min] 10502 rows written\n"}
,{"stream_name":"stdout","time":30489.089944826,"data":"[ 508.1 min] 10508 rows written\n"}
,{"stream_name":"stdout","time":30549.673125142,"data":"[ 509.1 min] 10516 rows written\n"}
,{"stream_name":"stdout","time":30610.304596552,"data":"[ 510.2 min] 10520 rows written\n"}
,{"stream_name":"stdout","time":30670.884110562,"data":"[ 511.2 min] 10528 rows written\n"}
,{"stream_name":"stdout","time":30731.387306089,"data":"[ 512.2 min] 10535 rows written\n"}
,{"stream_name":"stdout","time":30791.997451344,"data":"[ 513.2 min] 10545 rows written\n"}
,{"stream_name":"stdout","time":30852.592624984,"data":"[ 514.2 min] 10548 rows written\n"}
,{"stream_name":"stdout","time":30913.148116415,"data":"[ 515.2 min] 10556 rows written\n"}
,{"stream_name":"stdout","time":30973.68912497,"data":"[ 516.2 min] 10565 rows written\n"}
,{"stream_name":"stdout","time":31034.269108405,"data":"[ 517.2 min] 10571 rows written\n"}
,{"stream_name":"stdout","time":31094.868673343,"data":"[ 518.2 min] 10580 rows written\n"}
,{"stream_name":"stdout","time":31155.444074322,"data":"[ 519.2 min] 10590 rows written\n"}
,{"stream_name":"stdout","time":31215.993874965,"data":"[ 520.3 min] 10600 rows written\n"}
,{"stream_name":"stdout","time":31276.571922775,"data":"[ 521.3 min] 10607 rows written\n"}
,{"stream_name":"stdout","time":31337.14718671,"data":"[ 522.3 min] 10617 rows written\n"}
,{"stream_name":"stdout","time":31397.733303112,"data":"[ 523.3 min] 10622 rows written\n"}
,{"stream_name":"stdout","time":31458.359579141,"data":"[ 524.3 min] 10627 rows written\n"}
,{"stream_name":"stdout","time":31518.948143872,"data":"[ 525.3 min] 10638 rows written\n"}
,{"stream_name":"stdout","time":31579.548357231,"data":"[ 526.3 min] 10645 rows written\n"}
,{"stream_name":"stdout","time":31640.142423222,"data":"[ 527.3 min] 10651 rows written\n"}
,{"stream_name":"stdout","time":31700.738917942,"data":"[ 528.3 min] 10664 rows written\n"}
,{"stream_name":"stdout","time":31761.31716778,"data":"[ 529.3 min] 10673 rows written\n"}
,{"stream_name":"stdout","time":31821.900179477,"data":"[ 530.4 min] 10682 rows written\n"}
,{"stream_name":"stdout","time":31882.479925,"data":"[ 531.4 min] 10694 rows written\n"}
,{"stream_name":"stdout","time":31942.879778281,"data":"[ 532.4 min] 10701 rows written\n"}
,{"stream_name":"stdout","time":32003.500992189,"data":"[ 533.4 min] 10713 rows written\n"}
,{"stream_name":"stdout","time":32064.117780525,"data":"[ 534.4 min] 10730 rows written\n"}
,{"stream_name":"stdout","time":32124.747773515,"data":"[ 535.4 min] 10742 rows written\n"}
,{"stream_name":"stdout","time":32185.353897672,"data":"[ 536.4 min] 10756 rows written\n"}
,{"stream_name":"stdout","time":32245.996540725,"data":"[ 537.4 min] 10770 rows written\n"}
,{"stream_name":"stdout","time":32306.575933908,"data":"[ 538.4 min] 10783 rows written\n"}
,{"stream_name":"stdout","time":32367.16493832,"data":"[ 539.4 min] 10789 rows written\n"}
,{"stream_name":"stdout","time":32427.772355345,"data":"[ 540.4 min] 10797 rows written\n"}
,{"stream_name":"stdout","time":32488.354598509,"data":"[ 541.5 min] 10812 rows written\n"}
,{"stream_name":"stdout","time":32548.956471747,"data":"[ 542.5 min] 10831 rows written\n"}
,{"stream_name":"stdout","time":32609.539627015,"data":"[ 543.5 min] 10841 rows written\n"}
,{"stream_name":"stdout","time":32670.115888285,"data":"[ 544.5 min] 10850 rows written\n"}
,{"stream_name":"stdout","time":32730.716936543,"data":"[ 545.5 min] 10862 rows written\n"}
,{"stream_name":"stdout","time":32791.314995314,"data":"[ 546.5 min] 10873 rows written\n"}
,{"stream_name":"stdout","time":32851.898281425,"data":"[ 547.5 min] 10885 rows written\n"}
,{"stream_name":"stdout","time":32912.351549096,"data":"[ 548.5 min] 10892 rows written\n"}
,{"stream_name":"stdout","time":32972.950467878,"data":"[ 549.5 min] 10906 rows written\n"}
,{"stream_name":"stdout","time":33033.555358725,"data":"[ 550.5 min] 10930 rows written\n"}
,{"stream_name":"stdout","time":33094.118213058,"data":"[ 551.6 min] 10940 rows written\n"}
,{"stream_name":"stdout","time":33154.713739473,"data":"[ 552.6 min] 10953 rows written\n"}
,{"stream_name":"stdout","time":33215.306770605,"data":"[ 553.6 min] 10966 rows written\n"}
,{"stream_name":"stdout","time":33275.932363312,"data":"[ 554.6 min] 10975 rows written\n"}
,{"stream_name":"stdout","time":33336.534432679,"data":"[ 555.6 min] 10984 rows written\n"}
,{"stream_name":"stdout","time":33397.19151635,"data":"[ 556.6 min] 11001 rows written\n"}
,{"stream_name":"stdout","time":33457.782410566,"data":"[ 557.6 min] 11013 rows written\n"}
,{"stream_name":"stdout","time":33518.364202326,"data":"[ 558.6 min] 11022 rows written\n"}
,{"stream_name":"stdout","time":33578.976922232,"data":"[ 559.6 min] 11036 rows written\n"}
,{"stream_name":"stdout","time":33639.514823003,"data":"[ 560.6 min] 11060 rows written\n"}
,{"stream_name":"stdout","time":33700.116497902,"data":"[ 561.7 min] 11077 rows written\n"}
,{"stream_name":"stdout","time":33760.788820166,"data":"[ 562.7 min] 11097 rows written\n"}
,{"stream_name":"stdout","time":33821.42859571,"data":"[ 563.7 min] 11108 rows written\n"}
,{"stream_name":"stdout","time":33882.127069506,"data":"[ 564.7 min] 11112 rows written\n"}
,{"stream_name":"stdout","time":33942.491347137,"data":"[ 565.7 min] 11122 rows written\n"}
,{"stream_name":"stdout","time":34003.157263063,"data":"[ 566.7 min] 11129 rows written\n"}
,{"stream_name":"stdout","time":34063.679258395,"data":"[ 567.7 min] 11151 rows written\n"}
,{"stream_name":"stdout","time":34124.373543426,"data":"[ 568.7 min] 11177 rows written\n"}
,{"stream_name":"stdout","time":34185.007916384,"data":"[ 569.7 min] 11211 rows written\n"}
,{"stream_name":"stdout","time":34245.623844814,"data":"[ 570.7 min] 11250 rows written\n"}
,{"stream_name":"stdout","time":34305.977636417,"data":"[ 571.8 min] 11257 rows written\n"}
,{"stream_name":"stdout","time":34366.353941668,"data":"[ 572.8 min] 11262 rows written\n"}
,{"stream_name":"stdout","time":34426.695849976,"data":"[ 573.8 min] 11268 rows written\n"}
,{"stream_name":"stdout","time":34487.134317284,"data":"[ 574.8 min] 11274 rows written\n"}
,{"stream_name":"stdout","time":34547.940141589,"data":"[ 575.8 min] 11279 rows written\n"}
,{"stream_name":"stdout","time":34608.311554019,"data":"[ 576.8 min] 11289 rows written\n"}
,{"stream_name":"stdout","time":34668.660442357,"data":"[ 577.8 min] 11293 rows written\n"}
,{"stream_name":"stdout","time":34729.012289594,"data":"[ 578.8 min] 11297 rows written\n"}
,{"stream_name":"stdout","time":34789.364183544,"data":"[ 579.8 min] 11303 rows written\n"}
,{"stream_name":"stdout","time":34849.722511544,"data":"[ 580.8 min] 11311 rows written\n"}
,{"stream_name":"stdout","time":34910.072703999,"data":"[ 581.8 min] 11320 rows written\n"}
,{"stream_name":"stdout","time":34970.42555655,"data":"[ 582.8 min] 11326 rows written\n"}
,{"stream_name":"stdout","time":35030.77622937,"data":"[ 583.8 min] 11330 rows written\n"}
,{"stream_name":"stdout","time":35091.131188478,"data":"[ 584.8 min] 11331 rows written\n"}
,{"stream_name":"stdout","time":35151.479495133,"data":"[ 585.8 min] 11333 rows written\n"}
,{"stream_name":"stdout","time":35211.827510292,"data":"[ 586.9 min] 11336 rows written\n"}
,{"stream_name":"stdout","time":35272.350079886,"data":"[ 587.9 min] 11338 rows written\n"}
,{"stream_name":"stdout","time":35332.79076778,"data":"[ 588.9 min] 11340 rows written\n"}
,{"stream_name":"stdout","time":35393.142731345,"data":"[ 589.9 min] 11344 rows written\n"}
,{"stream_name":"stdout","time":35453.520230186,"data":"[ 590.9 min] 11348 rows written\n"}
,{"stream_name":"stdout","time":35514.027090275,"data":"[ 591.9 min] 11353 rows written\n"}
,{"stream_name":"stdout","time":35574.37903399,"data":"[ 592.9 min] 11356 rows written\n"}
,{"stream_name":"stdout","time":35634.72820544,"data":"[ 593.9 min] 11359 rows written\n"}
,{"stream_name":"stdout","time":35695.158587305,"data":"[ 594.9 min] 11362 rows written\n"}
,{"stream_name":"stdout","time":35755.497908141,"data":"[ 595.9 min] 11365 rows written\n"}
,{"stream_name":"stdout","time":35815.849710566,"data":"[ 596.9 min] 11371 rows written\n"}
,{"stream_name":"stdout","time":35876.200417214,"data":"[ 597.9 min] 11374 rows written\n"}
,{"stream_name":"stdout","time":35936.55181592,"data":"[ 598.9 min] 11377 rows written\n"}
,{"stream_name":"stdout","time":35997.009988714,"data":"[ 599.9 min] 11383 rows written\n"}
,{"stream_name":"stdout","time":36057.377172731,"data":"[ 600.9 min] 11389 rows written\n"}
,{"stream_name":"stdout","time":36117.725094013,"data":"[ 601.9 min] 11398 rows written\n"}
,{"stream_name":"stdout","time":36178.081855494,"data":"[ 603.0 min] 11409 rows written\n"}
,{"stream_name":"stdout","time":36238.5592415,"data":"[ 604.0 min] 11417 rows written\n"}
,{"stream_name":"stdout","time":36298.91843331,"data":"[ 605.0 min] 11419 rows written\n"}
,{"stream_name":"stdout","time":36359.423624608,"data":"[ 606.0 min] 11421 rows written\n"}
,{"stream_name":"stdout","time":36419.779506248,"data":"[ 607.0 min] 11426 rows written\n"}
,{"stream_name":"stdout","time":36480.12855836,"data":"[ 608.0 min] 11430 rows written\n"}
,{"stream_name":"stdout","time":36540.481138539,"data":"[ 609.0 min] 11436 rows written\n"}
,{"stream_name":"stdout","time":36600.82846661,"data":"[ 610.0 min] 11439 rows written\n"}
,{"stream_name":"stdout","time":36661.234857462,"data":"[ 611.0 min] 11442 rows written\n"}
,{"stream_name":"stdout","time":36721.639761766,"data":"[ 612.0 min] 11449 rows written\n"}
,{"stream_name":"stdout","time":36782.279054985,"data":"[ 613.0 min] 11458 rows written\n"}
,{"stream_name":"stdout","time":36842.63315511,"data":"[ 614.0 min] 11462 rows written\n"}
,{"stream_name":"stdout","time":36902.988843789,"data":"[ 615.0 min] 11466 rows written\n"}
,{"stream_name":"stdout","time":36963.332571322,"data":"[ 616.0 min] 11470 rows written\n"}
,{"stream_name":"stdout","time":37023.706267329,"data":"[ 617.0 min] 11472 rows written\n"}
,{"stream_name":"stdout","time":37084.075386044,"data":"[ 618.1 min] 11474 rows written\n"}
,{"stream_name":"stdout","time":37144.482652402,"data":"[ 619.1 min] 11486 rows written\n"}
,{"stream_name":"stdout","time":37204.991076055,"data":"[ 620.1 min] 11497 rows written\n"}
,{"stream_name":"stdout","time":37265.418971355,"data":"[ 621.1 min] 11509 rows written\n"}
,{"stream_name":"stdout","time":37325.790179778,"data":"[ 622.1 min] 11518 rows written\n"}
,{"stream_name":"stdout","time":37386.163602283,"data":"[ 623.1 min] 11520 rows written\n"}
,{"stream_name":"stdout","time":37446.511752404,"data":"[ 624.1 min] 11525 rows written\n"}
,{"stream_name":"stdout","time":37507.257940445,"data":"[ 625.1 min] 11528 rows written\n"}
,{"stream_name":"stdout","time":37567.608545635,"data":"[ 626.1 min] 11532 rows written\n"}
,{"stream_name":"stdout","time":37627.962145239,"data":"[ 627.1 min] 11534 rows written\n"}
,{"stream_name":"stdout","time":37688.308559653,"data":"[ 628.1 min] 11539 rows written\n"}
,{"stream_name":"stdout","time":37748.8284781,"data":"[ 629.1 min] 11549 rows written\n"}
,{"stream_name":"stdout","time":37809.176541238,"data":"[ 630.1 min] 11560 rows written\n"}
,{"stream_name":"stdout","time":37869.528394645,"data":"[ 631.1 min] 11573 rows written\n"}
,{"stream_name":"stdout","time":37929.88044588,"data":"[ 632.2 min] 11590 rows written\n"}
,{"stream_name":"stdout","time":37990.248367012,"data":"[ 633.2 min] 11602 rows written\n"}
,{"stream_name":"stdout","time":38050.593726079,"data":"[ 634.2 min] 11615 rows written\n"}
,{"stream_name":"stdout","time":38110.948695841,"data":"[ 635.2 min] 11632 rows written\n"}
,{"stream_name":"stdout","time":38171.2979272,"data":"[ 636.2 min] 11638 rows written\n"}
,{"stream_name":"stdout","time":38231.65495453,"data":"[ 637.2 min] 11642 rows written\n"}
,{"stream_name":"stdout","time":38292.00465362,"data":"[ 638.2 min] 11644 rows written\n"}
,{"stream_name":"stdout","time":38352.417313125,"data":"[ 639.2 min] 11647 rows written\n"}
,{"stream_name":"stdout","time":38412.773764269,"data":"[ 640.2 min] 11648 rows written\n"}
,{"stream_name":"stdout","time":38473.124861007,"data":"[ 641.2 min] 11650 rows written\n"}
,{"stream_name":"stdout","time":38533.490569954,"data":"[ 642.2 min] 11654 rows written\n"}
,{"stream_name":"stdout","time":38593.863371054,"data":"[ 643.2 min] 11654 rows written\n"}
,{"stream_name":"stdout","time":38654.232997503,"data":"[ 644.2 min] 11655 rows written\n"}
,{"stream_name":"stdout","time":38714.583210837,"data":"[ 645.2 min] 11656 rows written\n"}
,{"stream_name":"stdout","time":38774.939636786,"data":"[ 646.2 min] 11658 rows written\n"}
,{"stream_name":"stdout","time":38835.292107694,"data":"[ 647.2 min] 11660 rows written\n"}
,{"stream_name":"stdout","time":38895.641563748,"data":"[ 648.2 min] 11664 rows written\n"}
,{"stream_name":"stdout","time":38956.207485684,"data":"[ 649.3 min] 11667 rows written\n"}
,{"stream_name":"stdout","time":39016.565968263,"data":"[ 650.3 min] 11669 rows written\n"}
,{"stream_name":"stdout","time":39076.925242691,"data":"[ 651.3 min] 11673 rows written\n"}
,{"stream_name":"stdout","time":39137.275478871,"data":"[ 652.3 min] 11675 rows written\n"}
,{"stream_name":"stdout","time":39197.629430601,"data":"[ 653.3 min] 11680 rows written\n"}
,{"stream_name":"stdout","time":39257.980433684,"data":"[ 654.3 min] 11683 rows written\n"}
,{"stream_name":"stdout","time":39318.337226881,"data":"[ 655.3 min] 11687 rows written\n"}
,{"stream_name":"stdout","time":39378.687790388,"data":"[ 656.3 min] 11692 rows written\n"}
,{"stream_name":"stdout","time":39439.047212004,"data":"[ 657.3 min] 11693 rows written\n"}
,{"stream_name":"stdout","time":39499.407216323,"data":"[ 658.3 min] 11696 rows written\n"}
,{"stream_name":"stdout","time":39559.766246031,"data":"[ 659.3 min] 11699 rows written\n"}
,{"stream_name":"stdout","time":39620.188588351,"data":"[ 660.3 min] 11701 rows written\n"}
,{"stream_name":"stdout","time":39680.674675777,"data":"[ 661.3 min] 11703 rows written\n"}
,{"stream_name":"stdout","time":39741.04166943,"data":"[ 662.3 min] 11706 rows written\n"}
,{"stream_name":"stdout","time":39801.403445662,"data":"[ 663.3 min] 11707 rows written\n"}
,{"stream_name":"stdout","time":39862.022027355,"data":"[ 664.4 min] 11709 rows written\n"}
,{"stream_name":"stdout","time":39922.38879463,"data":"[ 665.4 min] 11712 rows written\n"}
,{"stream_name":"stdout","time":39982.760430251,"data":"[ 666.4 min] 11713 rows written\n"}
,{"stream_name":"stdout","time":40043.153353081,"data":"[ 667.4 min] 11716 rows written\n"}
,{"stream_name":"stdout","time":40103.53264307,"data":"[ 668.4 min] 11718 rows written\n"}
,{"stream_name":"stdout","time":40164.231685784,"data":"[ 669.4 min] 11719 rows written\n"}
,{"stream_name":"stdout","time":40224.587200435,"data":"[ 670.4 min] 11722 rows written\n"}
,{"stream_name":"stdout","time":40284.948549524,"data":"[ 671.4 min] 11724 rows written\n"}
,{"stream_name":"stdout","time":40345.307104976,"data":"[ 672.4 min] 11728 rows written\n"}
,{"stream_name":"stdout","time":40405.666732757,"data":"[ 673.4 min] 11731 rows written\n"}
,{"stream_name":"stdout","time":40466.027445836,"data":"[ 674.4 min] 11735 rows written\n"}
,{"stream_name":"stdout","time":40526.841049092,"data":"[ 675.4 min] 11737 rows written\n"}
,{"stream_name":"stdout","time":40587.210590345,"data":"[ 676.4 min] 11739 rows written\n"}
,{"stream_name":"stdout","time":40647.575411982,"data":"[ 677.4 min] 11743 rows written\n"}
,{"stream_name":"stdout","time":40707.980309865,"data":"[ 678.5 min] 11746 rows written\n"}
,{"stream_name":"stdout","time":40768.359813593,"data":"[ 679.5 min] 11747 rows written\n"}
,{"stream_name":"stdout","time":40828.724446977,"data":"[ 680.5 min] 11749 rows written\n"}
,{"stream_name":"stdout","time":40889.083827851,"data":"[ 681.5 min] 11753 rows written\n"}
,{"stream_name":"stdout","time":40949.44169931,"data":"[ 682.5 min] 11756 rows written\n"}
,{"stream_name":"stdout","time":41009.797681388,"data":"[ 683.5 min] 11758 rows written\n"}
,{"stream_name":"stdout","time":41070.153780197,"data":"[ 684.5 min] 11760 rows written\n"}
,{"stream_name":"stdout","time":41130.512865013,"data":"[ 685.5 min] 11762 rows written\n"}
,{"stream_name":"stdout","time":41190.868375306,"data":"[ 686.5 min] 11765 rows written\n"}
,{"stream_name":"stdout","time":41251.227214687,"data":"[ 687.5 min] 11768 rows written\n"}
,{"stream_name":"stdout","time":41311.831828197,"data":"[ 688.5 min] 11770 rows written\n"}
,{"stream_name":"stdout","time":41372.221140624,"data":"[ 689.5 min] 11774 rows written\n"}
,{"stream_name":"stdout","time":41432.632643959,"data":"[ 690.5 min] 11776 rows written\n"}
,{"stream_name":"stdout","time":41432.632762432,"data":"[ 690.5 min] deadline reached; stopping benchmark processes (rows so far are kept)\n"}
,{"stream_name":"stdout","time":41432.633989222,"data":"[ 690.5 min] done\n"}
,{"stream_name":"stderr","time":41436.016503394,"data":"/usr/local/lib/python3.12/dist-packages/mistune.py:435: SyntaxWarning: invalid escape sequence '\\|'\n"}
,{"stream_name":"stderr","time":41436.016703501,"data":"  cells[i][c] = re.sub('\\\\\\\\\\|', '|', cell)\n"}
,{"stream_name":"stderr","time":41436.417037868,"data":"/usr/local/lib/python3.12/dist-packages/nbconvert/filters/filter_links.py:36: SyntaxWarning: invalid escape sequence '\\_'\n"}
,{"stream_name":"stderr","time":41436.417081004,"data":"  text = re.sub(r'_', '\\_', text) # Escape underscores in display text\n"}
,{"stream_name":"stderr","time":41437.383260428,"data":"[NbConvertApp] Converting notebook __script__.ipynb to html\n"}
,{"stream_name":"stderr","time":41439.217423163,"data":"[NbConvertApp] Writing 310156 bytes to __results__.html\n"}
]