[{"stream_name":"stdout","time":2.301360942,"data":"[   0.0 min] code in /kaggle/tmp/qaari; config {'reciters': ['Husary_128kbps', 'Husary_Muallim_128kbps', 'Minshawy_Murattal_128kbps', 'Hudhaify_128kbps', 'Abdul_Basit_Murattal_192kbps', 'Alafasy_128kbps', 'Yasser_Ad-Dussary_128kbps', 'Nasser_Alqatami_128kbps', 'Saood_ash-Shuraym_128kbps', 'Abdurrahmaan_As-Sudais_192kbps', 'Abdullaah_3awwaad_Al-Juhaynee_128kbps'], 'verses': 'all', 'modes': ['studio', 'taraweeh_adapted'], 'procs': 4, 'shard_base': 0, 'shard_total': 20, 'octave': False, 'tag': 'full', 'pip': 'praat-parselmouth faiss-cpu nara_wpe soxr speechbrain', 'hours': 11.5}\n"}
,{"stream_name":"stdout","time":34.36034995,"data":"[   0.5 min] internet: OFF (kernel internet disabled; using the attached qaari-eval-deps bundle)\n"}
,{"stream_name":"stdout","time":34.422591718,"data":"[   0.5 min] $ /usr/bin/python3 -m pip install -q --no-index --find-links /kaggle/input/datasets/razanashrafalnajjar/qaari-eval-deps/wheels ruamel.yaml.clib\n"}
,{"stream_name":"stdout","time":42.803838733,"data":"[   0.7 min] $ /usr/bin/python3 -m pip install -q --no-index --find-links /kaggle/input/datasets/razanashrafalnajjar/qaari-eval-deps/wheels ruamel.yaml\n"}
,{"stream_name":"stdout","time":46.947106775,"data":"[   0.8 min] $ /usr/bin/python3 -m pip install -q --no-index --find-links /kaggle/input/datasets/razanashrafalnajjar/qaari-eval-deps/wheels hyperpyyaml\n"}
,{"stream_name":"stdout","time":51.526666932,"data":"[   0.8 min] $ /usr/bin/python3 -m pip install -q --no-index --find-links /kaggle/input/datasets/razanashrafalnajjar/qaari-eval-deps/wheels bottleneck\n"}
,{"stream_name":"stdout","time":55.714238792,"data":"[   0.9 min] $ /usr/bin/python3 -m pip install -q --no-index --find-links /kaggle/input/datasets/razanashrafalnajjar/qaari-eval-deps/wheels sentencepiece\n"}
,{"stream_name":"stdout","time":59.796693521,"data":"[   1.0 min] $ /usr/bin/python3 -m pip install -q --no-index --find-links /kaggle/input/datasets/razanashrafalnajjar/qaari-eval-deps/wheels praat-parselmouth\n"}
,{"stream_name":"stdout","time":64.461910826,"data":"[   1.0 min] $ /usr/bin/python3 -m pip install -q --no-index --find-links /kaggle/input/datasets/razanashrafalnajjar/qaari-eval-deps/wheels faiss-cpu\n"}
,{"stream_name":"stdout","time":69.518827471,"data":"[   1.1 min] $ /usr/bin/python3 -m pip install -q --no-index --find-links /kaggle/input/datasets/razanashrafalnajjar/qaari-eval-deps/wheels nara_wpe\n"}
,{"stream_name":"stdout","time":73.783552554,"data":"[   1.2 min] $ /usr/bin/python3 -m pip install -q --no-index --find-links /kaggle/input/datasets/razanashrafalnajjar/qaari-eval-deps/wheels soxr\n"}
,{"stream_name":"stdout","time":77.814207228,"data":"[   1.3 min] $ /usr/bin/python3 -m pip install -q --no-index --find-links /kaggle/input/datasets/razanashrafalnajjar/qaari-eval-deps/wheels speechbrain\n"}
,{"stream_name":"stdout","time":92.282839266,"data":"[   1.5 min] dependencies import cleanly\n"}
,{"stream_name":"stdout","time":97.305741337,"data":"[   1.6 min] model snapshots copied to /root/.cache/huggingface/hub\n"}
,{"stream_name":"stdout","time":97.310792318,"data":"[   1.6 min] started 4 benchmark processes\n"}
,{"stream_name":"stdout","time":157.310208152,"data":"[   2.6 min] 4 rows written\n"}
,{"stream_name":"stdout","time":217.311829215,"data":"[   3.6 min] 10 rows written\n"}
,{"stream_name":"stdout","time":277.313772089,"data":"[   4.6 min] 15 rows written\n"}
,{"stream_name":"stdout","time":337.31621965,"data":"[   5.6 min] 19 rows written\n"}
,{"stream_name":"stdout","time":397.319274519,"data":"[   6.6 min] 25 rows written\n"}
,{"stream_name":"stdout","time":457.322293519,"data":"[   7.6 min] 29 rows written\n"}
,{"stream_name":"stdout","time":517.325665141,"data":"[   8.6 min] 36 rows written\n"}
,{"stream_name":"stdout","time":577.329779338,"data":"[   9.6 min] 39 rows written\n"}
,{"stream_name":"stdout","time":637.333355172,"data":"[  10.6 min] 41 rows written\n"}
,{"stream_name":"stdout","time":697.338036472,"data":"[  11.6 min] 44 rows written\n"}
,{"stream_name":"stdout","time":757.343165588,"data":"[  12.6 min] 47 rows written\n"}
,{"stream_name":"stdout","time":817.348319418,"data":"[  13.6 min] 52 rows written\n"}
,{"stream_name":"stdout","time":877.35338421,"data":"[  14.6 min] 58 rows written\n"}
,{"stream_name":"stdout","time":937.359544615,"data":"[  15.6 min] 66 rows written\n"}
,{"stream_name":"stdout","time":997.366631981,"data":"[  16.6 min] 74 rows written\n"}
,{"stream_name":"stdout","time":1057.373336771,"data":"[  17.6 min] 83 rows written\n"}
,{"stream_name":"stdout","time":1117.380749079,"data":"[  18.6 min] 89 rows written\n"}
,{"stream_name":"stdout","time":1177.388646062,"data":"[  19.6 min] 98 rows written\n"}
,{"stream_name":"stdout","time":1237.397296343,"data":"[  20.6 min] 108 rows written\n"}
,{"stream_name":"stdout","time":1297.40685763,"data":"[  21.6 min] 118 rows written\n"}
,{"stream_name":"stdout","time":1357.415219901,"data":"[  22.6 min] 121 rows written\n"}
,{"stream_name":"stdout","time":1417.424384628,"data":"[  23.6 min] 129 rows written\n"}
,{"stream_name":"stdout","time":1477.435316201,"data":"[  24.6 min] 134 rows written\n"}
,{"stream_name":"stdout","time":1537.446102081,"data":"[  25.6 min] 137 rows written\n"}
,{"stream_name":"stdout","time":1597.457495591,"data":"[  26.6 min] 140 rows written\n"}
,{"stream_name":"stdout","time":1657.468611513,"data":"[  27.6 min] 144 rows written\n"}
,{"stream_name":"stdout","time":1717.480396272,"data":"[  28.6 min] 147 rows written\n"}
,{"stream_name":"stdout","time":1777.492730764,"data":"[  29.6 min] 152 rows written\n"}
,{"stream_name":"stdout","time":1837.50643282,"data":"[  30.6 min] 157 rows written\n"}
,{"stream_name":"stdout","time":1897.51915801,"data":"[  31.6 min] 161 rows written\n"}
,{"stream_name":"stdout","time":1957.532781332,"data":"[  32.6 min] 166 rows written\n"}
,{"stream_name":"stdout","time":2017.545534972,"data":"[  33.6 min] 170 rows written\n"}
,{"stream_name":"stdout","time":2077.560066605,"data":"[  34.6 min] 177 rows written\n"}
,{"stream_name":"stdout","time":2137.575368273,"data":"[  35.6 min] 180 rows written\n"}
,{"stream_name":"stdout","time":2197.606361848,"data":"[  36.6 min] 185 rows written\n"}
,{"stream_name":"stdout","time":2257.621992527,"data":"[  37.6 min] 191 rows written\n"}
,{"stream_name":"stdout","time":2317.639107256,"data":"[  38.6 min] 196 rows written\n"}
,{"stream_name":"stdout","time":2377.657543932,"data":"[  39.6 min] 201 rows written\n"}
,{"stream_name":"stdout","time":2437.676429035,"data":"[  40.6 min] 208 rows written\n"}
,{"stream_name":"stdout","time":2497.693551739,"data":"[  41.6 min] 214 rows written\n"}
,{"stream_name":"stdout","time":2557.711641813,"data":"[  42.6 min] 220 rows written\n"}
,{"stream_name":"stdout","time":2617.730274473,"data":"[  43.6 min] 225 rows written\n"}
,{"stream_name":"stdout","time":2677.749931583,"data":"[  44.6 min] 229 rows written\n"}
,{"stream_name":"stdout","time":2737.767566783,"data":"[  45.6 min] 236 rows written\n"}
,{"stream_name":"stdout","time":2797.785973477,"data":"[  46.6 min] 241 rows written\n"}
,{"stream_name":"stdout","time":2857.806146578,"data":"[  47.6 min] 247 rows written\n"}
,{"stream_name":"stdout","time":2917.828706971,"data":"[  48.6 min] 253 rows written\n"}
,{"stream_name":"stdout","time":2977.85207987,"data":"[  49.6 min] 258 rows written\n"}
,{"stream_name":"stdout","time":3037.874125345,"data":"[  50.6 min] 264 rows written\n"}
,{"stream_name":"stdout","time":3097.896769402,"data":"[  51.6 min] 271 rows written\n"}
,{"stream_name":"stdout","time":3157.926105482,"data":"[  52.6 min] 279 rows written\n"}
,{"stream_name":"stdout","time":3217.951000867,"data":"[  53.6 min] 286 rows written\n"}
,{"stream_name":"stdout","time":3277.975094737,"data":"[  54.6 min] 294 rows written\n"}
,{"stream_name":"stdout","time":3337.999403575,"data":"[  55.6 min] 302 rows written\n"}
,{"stream_name":"stdout","time":3398.024075914,"data":"[  56.6 min] 310 rows written\n"}
,{"stream_name":"stdout","time":3458.048378696,"data":"[  57.6 min] 317 rows written\n"}
,{"stream_name":"stdout","time":3518.103413896,"data":"[  58.6 min] 325 rows written\n"}
,{"stream_name":"stdout","time":3578.130867912,"data":"[  59.6 min] 333 rows written\n"}
,{"stream_name":"stdout","time":3638.156371001,"data":"[  60.6 min] 341 rows written\n"}
,{"stream_name":"stdout","time":3698.186602723,"data":"[  61.6 min] 346 rows written\n"}
,{"stream_name":"stdout","time":3758.213583883,"data":"[  62.6 min] 350 rows written\n"}
,{"stream_name":"stdout","time":3818.241022211,"data":"[  63.6 min] 355 rows written\n"}
,{"stream_name":"stdout","time":3878.269001917,"data":"[  64.6 min] 365 rows written\n"}
,{"stream_name":"stdout","time":3938.297155115,"data":"[  65.6 min] 379 rows written\n"}
,{"stream_name":"stdout","time":3998.325429079,"data":"[  66.6 min] 389 rows written\n"}
,{"stream_name":"stdout","time":4058.356894873,"data":"[  67.6 min] 395 rows written\n"}
,{"stream_name":"stdout","time":4118.386577334,"data":"[  68.6 min] 405 rows written\n"}
,{"stream_name":"stdout","time":4178.414270601,"data":"[  69.6 min] 415 rows written\n"}
,{"stream_name":"stdout","time":4238.487763822,"data":"[  70.6 min] 425 rows written\n"}
,{"stream_name":"stdout","time":4298.516098984,"data":"[  71.6 min] 437 rows written\n"}
,{"stream_name":"stdout","time":4358.54871242,"data":"[  72.6 min] 446 rows written\n"}
,{"stream_name":"stdout","time":4418.583114413,"data":"[  73.6 min] 462 rows written\n"}
,{"stream_name":"stdout","time":4478.618097986,"data":"[  74.6 min] 482 rows written\n"}
,{"stream_name":"stdout","time":4538.684756231,"data":"[  75.6 min] 492 rows written\n"}
,{"stream_name":"stdout","time":4598.719568575,"data":"[  76.6 min] 506 rows written\n"}
,{"stream_name":"stdout","time":4658.754514202,"data":"[  77.6 min] 518 rows written\n"}
,{"stream_name":"stdout","time":4718.79123496,"data":"[  78.6 min] 528 rows written\n"}
,{"stream_name":"stdout","time":4778.827170897,"data":"[  79.6 min] 538 rows written\n"}
,{"stream_name":"stdout","time":4838.866111255,"data":"[  80.6 min] 548 rows written\n"}
,{"stream_name":"stdout","time":4898.905378884,"data":"[  81.6 min] 559 rows written\n"}
,{"stream_name":"stdout","time":4958.943464298,"data":"[  82.6 min] 568 rows written\n"}
,{"stream_name":"stdout","time":5018.980862304,"data":"[  83.6 min] 576 rows written\n"}
,{"stream_name":"stdout","time":5079.041874876,"data":"[  84.6 min] 586 rows written\n"}
,{"stream_name":"stdout","time":5139.087109118,"data":"[  85.6 min] 599 rows written\n"}
,{"stream_name":"stdout","time":5199.12696128,"data":"[  86.6 min] 617 rows written\n"}
,{"stream_name":"stdout","time":5259.164549415,"data":"[  87.6 min] 630 rows written\n"}
,{"stream_name":"stdout","time":5319.203312017,"data":"[  88.6 min] 640 rows written\n"}
,{"stream_name":"stdout","time":5379.244772665,"data":"[  89.6 min] 644 rows written\n"}
,{"stream_name":"stdout","time":5439.285195367,"data":"[  90.6 min] 651 rows written\n"}
,{"stream_name":"stdout","time":5499.326793043,"data":"[  91.6 min] 656 rows written\n"}
,{"stream_name":"stdout","time":5559.366893133,"data":"[  92.6 min] 661 rows written\n"}
,{"stream_name":"stdout","time":5619.410029622,"data":"[  93.6 min] 672 rows written\n"}
,{"stream_name":"stdout","time":5679.45249042,"data":"[  94.6 min] 679 rows written\n"}
,{"stream_name":"stdout","time":5739.495659061,"data":"[  95.6 min] 688 rows written\n"}
,{"stream_name":"stdout","time":5799.539446163,"data":"[  96.6 min] 696 rows written\n"}
,{"stream_name":"stdout","time":5859.5834295,"data":"[  97.6 min] 700 rows written\n"}
,{"stream_name":"stdout","time":5919.624362917,"data":"[  98.6 min] 707 rows written\n"}
,{"stream_name":"stdout","time":5979.67169679,"data":"[  99.6 min] 715 rows written\n"}
,{"stream_name":"stdout","time":6039.715089515,"data":"[ 100.6 min] 721 rows written\n"}
,{"stream_name":"stdout","time":6099.761171599,"data":"[ 101.6 min] 728 rows written\n"}
,{"stream_name":"stdout","time":6159.806041756,"data":"[ 102.6 min] 733 rows written\n"}
,{"stream_name":"stdout","time":6219.873606988,"data":"[ 103.6 min] 743 rows written\n"}
,{"stream_name":"stdout","time":6279.920579647,"data":"[ 104.6 min] 756 rows written\n"}
,{"stream_name":"stdout","time":6339.967631046,"data":"[ 105.6 min] 770 rows written\n"}
,{"stream_name":"stdout","time":6400.019344929,"data":"[ 106.6 min] 777 rows written\n"}
,{"stream_name":"stdout","time":6460.067460544,"data":"[ 107.6 min] 780 rows written\n"}
,{"stream_name":"stdout","time":6520.166743082,"data":"[ 108.6 min] 790 rows written\n"}
,{"stream_name":"stdout","time":6580.214873275,"data":"[ 109.6 min] 804 rows written\n"}
,{"stream_name":"stdout","time":6640.261156247,"data":"[ 110.6 min] 815 rows written\n"}
,{"stream_name":"stdout","time":6700.311248069,"data":"[ 111.6 min] 824 rows written\n"}
,{"stream_name":"stdout","time":6760.360991837,"data":"[ 112.6 min] 835 rows written\n"}
,{"stream_name":"stdout","time":6820.41125276,"data":"[ 113.6 min] 844 rows written\n"}
,{"stream_name":"stdout","time":6880.461001077,"data":"[ 114.6 min] 851 rows written\n"}
,{"stream_name":"stdout","time":6940.511443126,"data":"[ 115.7 min] 861 rows written\n"}
,{"stream_name":"stdout","time":7000.562176706,"data":"[ 116.7 min] 873 rows written\n"}
,{"stream_name":"stdout","time":7060.607278504,"data":"[ 117.7 min] 879 rows written\n"}
,{"stream_name":"stdout","time":7120.723936819,"data":"[ 118.7 min] 887 rows written\n"}
,{"stream_name":"stdout","time":7180.777275845,"data":"[ 119.7 min] 894 rows written\n"}
,{"stream_name":"stdout","time":7240.833200683,"data":"[ 120.7 min] 903 rows written\n"}
,{"stream_name":"stdout","time":7300.890293039,"data":"[ 121.7 min] 911 rows written\n"}
,{"stream_name":"stdout","time":7360.947498279,"data":"[ 122.7 min] 924 rows written\n"}
,{"stream_name":"stdout","time":7421.05784089,"data":"[ 123.7 min] 941 rows written\n"}
,{"stream_name":"stdout","time":7481.115138089,"data":"[ 124.7 min] 953 rows written\n"}
,{"stream_name":"stdout","time":7541.173197611,"data":"[ 125.7 min] 966 rows written\n"}
,{"stream_name":"stdout","time":7601.237527551,"data":"[ 126.7 min] 973 rows written\n"}
,{"stream_name":"stdout","time":7661.294498628,"data":"[ 127.7 min] 979 rows written\n"}
,{"stream_name":"stdout","time":7721.351161536,"data":"[ 128.7 min] 990 rows written\n"}
,{"stream_name":"stdout","time":7781.404138818,"data":"[ 129.7 min] 1003 rows written\n"}
,{"stream_name":"stdout","time":7841.465274886,"data":"[ 130.7 min] 1018 rows written\n"}
,{"stream_name":"stdout","time":7901.526244689,"data":"[ 131.7 min] 1038 rows written\n"}
,{"stream_name":"stdout","time":7961.58255003,"data":"[ 132.7 min] 1057 rows written\n"}
,{"stream_name":"stdout","time":8021.636444613,"data":"[ 133.7 min] 1072 rows written\n"}
,{"stream_name":"stdout","time":8081.701918473,"data":"[ 134.7 min] 1087 rows written\n"}
,{"stream_name":"stdout","time":8141.74999927,"data":"[ 135.7 min] 1106 rows written\n"}
,{"stream_name":"stdout","time":8201.812082681,"data":"[ 136.7 min] 1122 rows written\n"}
,{"stream_name":"stdout","time":8261.869554126,"data":"[ 137.7 min] 1139 rows written\n"}
,{"stream_name":"stdout","time":8321.934701825,"data":"[ 138.7 min] 1158 rows written\n"}
,{"stream_name":"stdout","time":8381.997727574,"data":"[ 139.7 min] 1172 rows written\n"}
,{"stream_name":"stdout","time":8442.06120811,"data":"[ 140.7 min] 1179 rows written\n"}
,{"stream_name":"stdout","time":8502.125255096,"data":"[ 141.7 min] 1200 rows written\n"}
,{"stream_name":"stdout","time":8562.192423788,"data":"[ 142.7 min] 1218 rows written\n"}
,{"stream_name":"stdout","time":8622.298748179,"data":"[ 143.7 min] 1236 rows written\n"}
,{"stream_name":"stdout","time":8682.366831807,"data":"[ 144.7 min] 1255 rows written\n"}
,{"stream_name":"stdout","time":8742.434017631,"data":"[ 145.7 min] 1270 rows written\n"}
,{"stream_name":"stdout","time":8802.500361336,"data":"[ 146.7 min] 1273 rows written\n"}
,{"stream_name":"stdout","time":8862.566650364,"data":"[ 147.7 min] 1280 rows written\n"}
,{"stream_name":"stdout","time":8922.634001968,"data":"[ 148.7 min] 1283 rows written\n"}
,{"stream_name":"stdout","time":8982.703993341,"data":"[ 149.7 min] 1289 rows written\n"}
,{"stream_name":"stdout","time":9042.772856488,"data":"[ 150.7 min] 1296 rows written\n"}
,{"stream_name":"stdout","time":9102.840214472,"data":"[ 151.7 min] 1299 rows written\n"}
,{"stream_name":"stdout","time":9162.909384327,"data":"[ 152.7 min] 1305 rows written\n"}
,{"stream_name":"stdout","time":9222.978518327,"data":"[ 153.7 min] 1309 rows written\n"}
,{"stream_name":"stdout","time":9283.049185875,"data":"[ 154.7 min] 1314 rows written\n"}
,{"stream_name":"stdout","time":9343.119471886,"data":"[ 155.7 min] 1317 rows written\n"}
,{"stream_name":"stdout","time":9403.194202963,"data":"[ 156.7 min] 1320 rows written\n"}
,{"stream_name":"stdout","time":9463.336392126,"data":"[ 157.7 min] 1324 rows written\n"}
,{"stream_name":"stdout","time":9523.409365546,"data":"[ 158.7 min] 1328 rows written\n"}
,{"stream_name":"stdout","time":9583.479475142,"data":"[ 159.7 min] 1331 rows written\n"}
,{"stream_name":"stdout","time":9643.553637483,"data":"[ 160.7 min] 1338 rows written\n"}
,{"stream_name":"stdout","time":9703.625728988,"data":"[ 161.7 min] 1342 rows written\n"}
,{"stream_name":"stdout","time":9763.697383574,"data":"[ 162.7 min] 1347 rows written\n"}
,{"stream_name":"stdout","time":9823.849228245,"data":"[ 163.7 min] 1350 rows written\n"}
,{"stream_name":"stdout","time":9883.919366891,"data":"[ 164.7 min] 1351 rows written\n"}
,{"stream_name":"stdout","time":9943.995537953,"data":"[ 165.7 min] 1353 rows written\n"}
,{"stream_name":"stdout","time":10004.064625322,"data":"[ 166.7 min] 1359 rows written\n"}
,{"stream_name":"stdout","time":10064.141290552,"data":"[ 167.7 min] 1365 rows written\n"}
,{"stream_name":"stdout","time":10124.219534479,"data":"[ 168.7 min] 1368 rows written\n"}
,{"stream_name":"stdout","time":10184.285849544,"data":"[ 169.7 min] 1372 rows written\n"}
,{"stream_name":"stdout","time":10244.360826478,"data":"[ 170.7 min] 1380 rows written\n"}
,{"stream_name":"stdout","time":10304.438471809,"data":"[ 171.7 min] 1384 rows written\n"}
,{"stream_name":"stdout","time":10364.518178773,"data":"[ 172.7 min] 1386 rows written\n"}
,{"stream_name":"stdout","time":10424.595526005,"data":"[ 173.7 min] 1390 rows written\n"}
,{"stream_name":"stdout","time":10484.671184762,"data":"[ 174.7 min] 1398 rows written\n"}
,{"stream_name":"stdout","time":10544.748603197,"data":"[ 175.7 min] 1403 rows written\n"}
,{"stream_name":"stdout","time":10604.87168561,"data":"[ 176.7 min] 1407 rows written\n"}
,{"stream_name":"stdout","time":10664.952293087,"data":"[ 177.7 min] 1413 rows written\n"}
,{"stream_name":"stdout","time":10725.027504788,"data":"[ 178.7 min] 1421 rows written\n"}
,{"stream_name":"stdout","time":10785.091173447,"data":"[ 179.7 min] 1429 rows written\n"}
,{"stream_name":"stdout","time":10845.15691899,"data":"[ 180.7 min] 1436 rows written\n"}
,{"stream_name":"stdout","time":10905.224862694,"data":"[ 181.7 min] 1446 rows written\n"}
,{"stream_name":"stdout","time":10965.290898776,"data":"[ 182.7 min] 1453 rows written\n"}
,{"stream_name":"stdout","time":11025.358665167,"data":"[ 183.7 min] 1459 rows written\n"}
,{"stream_name":"stdout","time":11085.426197373,"data":"[ 184.7 min] 1467 rows written\n"}
,{"stream_name":"stdout","time":11145.496352954,"data":"[ 185.7 min] 1472 rows written\n"}
,{"stream_name":"stdout","time":11205.564955437,"data":"[ 186.7 min] 1477 rows written\n"}
,{"stream_name":"stdout","time":11265.633407003,"data":"[ 187.7 min] 1485 rows written\n"}
,{"stream_name":"stdout","time":11325.710998572,"data":"[ 188.7 min] 1490 rows written\n"}
,{"stream_name":"stdout","time":11385.782536355,"data":"[ 189.7 min] 1498 rows written\n"}
,{"stream_name":"stdout","time":11445.855595598,"data":"[ 190.7 min] 1505 rows written\n"}
,{"stream_name":"stdout","time":11505.926436804,"data":"[ 191.7 min] 1512 rows written\n"}
,{"stream_name":"stdout","time":11565.999533837,"data":"[ 192.7 min] 1516 rows written\n"}
,{"stream_name":"stdout","time":11626.079756456,"data":"[ 193.7 min] 1524 rows written\n"}
,{"stream_name":"stdout","time":11686.144297155,"data":"[ 194.7 min] 1528 rows written\n"}
,{"stream_name":"stdout","time":11746.254870222,"data":"[ 195.7 min] 1535 rows written\n"}
,{"stream_name":"stdout","time":11806.329852593,"data":"[ 196.7 min] 1542 rows written\n"}
,{"stream_name":"stdout","time":11866.402384225,"data":"[ 197.7 min] 1549 rows written\n"}
,{"stream_name":"stdout","time":11926.478008139,"data":"[ 198.7 min] 1558 rows written\n"}
,{"stream_name":"stdout","time":11986.556161133,"data":"[ 199.8 min] 1565 rows written\n"}
,{"stream_name":"stdout","time":12046.630470893,"data":"[ 200.8 min] 1571 rows written\n"}
,{"stream_name":"stdout","time":12106.709461457,"data":"[ 201.8 min] 1580 rows written\n"}
,{"stream_name":"stdout","time":12166.785815699,"data":"[ 202.8 min] 1591 rows written\n"}
,{"stream_name":"stdout","time":12226.862223768,"data":"[ 203.8 min] 1605 rows written\n"}
,{"stream_name":"stdout","time":12286.938404633,"data":"[ 204.8 min] 1609 rows written\n"}
,{"stream_name":"stdout","time":12347.015233148,"data":"[ 205.8 min] 1617 rows written\n"}
,{"stream_name":"stdout","time":12407.118126964,"data":"[ 206.8 min] 1626 rows written\n"}
,{"stream_name":"stdout","time":12467.195816163,"data":"[ 207.8 min] 1636 rows written\n"}
,{"stream_name":"stdout","time":12527.281199056,"data":"[ 208.8 min] 1643 rows written\n"}
,{"stream_name":"stdout","time":12587.353981543,"data":"[ 209.8 min] 1651 rows written\n"}
,{"stream_name":"stdout","time":12647.424918154,"data":"[ 210.8 min] 1664 rows written\n"}
,{"stream_name":"stdout","time":12707.504103279,"data":"[ 211.8 min] 1673 rows written\n"}
,{"stream_name":"stdout","time":12767.586152299,"data":"[ 212.8 min] 1686 rows written\n"}
,{"stream_name":"stdout","time":12827.669970258,"data":"[ 213.8 min] 1692 rows written\n"}
,{"stream_name":"stdout","time":12887.751489612,"data":"[ 214.8 min] 1700 rows written\n"}
,{"stream_name":"stdout","time":12947.831189056,"data":"[ 215.8 min] 1712 rows written\n"}
,{"stream_name":"stdout","time":13007.926571133,"data":"[ 216.8 min] 1722 rows written\n"}
,{"stream_name":"stdout","time":13068.010218252,"data":"[ 217.8 min] 1730 rows written\n"}
,{"stream_name":"stdout","time":13128.090909114,"data":"[ 218.8 min] 1743 rows written\n"}
,{"stream_name":"stdout","time":13188.182388829,"data":"[ 219.8 min] 1755 rows written\n"}
,{"stream_name":"stdout","time":13248.237629647,"data":"[ 220.8 min] 1766 rows written\n"}
,{"stream_name":"stdout","time":13308.350052665,"data":"[ 221.8 min] 1774 rows written\n"}
,{"stream_name":"stdout","time":13368.433949212,"data":"[ 222.8 min] 1790 rows written\n"}
,{"stream_name":"stdout","time":13428.523946125,"data":"[ 223.8 min] 1803 rows written\n"}
,{"stream_name":"stdout","time":13488.609382673,"data":"[ 224.8 min] 1817 rows written\n"}
,{"stream_name":"stdout","time":13548.694553943,"data":"[ 225.8 min] 1829 rows written\n"}
,{"stream_name":"stdout","time":13608.781195671,"data":"[ 226.8 min] 1838 rows written\n"}
,{"stream_name":"stdout","time":13668.870470251,"data":"[ 227.8 min] 1845 rows written\n"}
,{"stream_name":"stdout","time":13728.957714731,"data":"[ 228.8 min] 1852 rows written\n"}
,{"stream_name":"stdout","time":13789.046376651,"data":"[ 229.8 min] 1860 rows written\n"}
,{"stream_name":"stdout","time":13849.137765687,"data":"[ 230.8 min] 1871 rows written\n"}
,{"stream_name":"stdout","time":13909.231761523,"data":"[ 231.8 min] 1882 rows written\n"}
,{"stream_name":"stdout","time":13969.323640949,"data":"[ 232.8 min] 1893 rows written\n"}
,{"stream_name":"stdout","time":14029.426239336,"data":"[ 233.8 min] 1909 rows written\n"}
,{"stream_name":"stdout","time":14089.514871705,"data":"[ 234.8 min] 1923 rows written\n"}
,{"stream_name":"stdout","time":14149.602920667,"data":"[ 235.8 min] 1932 rows written\n"}
,{"stream_name":"stdout","time":14209.693908758,"data":"[ 236.8 min] 1939 rows written\n"}
,{"stream_name":"stdout","time":14269.78433014,"data":"[ 237.8 min] 1944 rows written\n"}
,{"stream_name":"stdout","time":14329.870108035,"data":"[ 238.8 min] 1951 rows written\n"}
,{"stream_name":"stdout","time":14389.938095527,"data":"[ 239.8 min] 1961 rows written\n"}
,{"stream_name":"stdout","time":14450.114750021,"data":"[ 240.8 min] 1975 rows written\n"}
,{"stream_name":"stdout","time":14510.211435491,"data":"[ 241.8 min] 1991 rows written\n"}
,{"stream_name":"stdout","time":14570.304737435,"data":"[ 242.8 min] 2001 rows written\n"}
,{"stream_name":"stdout","time":14630.424462499,"data":"[ 243.8 min] 2006 rows written\n"}
,{"stream_name":"stdout","time":14690.50518769,"data":"[ 244.8 min] 2015 rows written\n"}
,{"stream_name":"stdout","time":14750.596770115,"data":"[ 245.8 min] 2025 rows written\n"}
,{"stream_name":"stdout","time":14810.689777214,"data":"[ 246.8 min] 2039 rows written\n"}
,{"stream_name":"stdout","time":14870.787098151,"data":"[ 247.8 min] 2045 rows written\n"}
,{"stream_name":"stdout","time":14930.880152409,"data":"[ 248.8 min] 2056 rows written\n"}
,{"stream_name":"stdout","time":14991.016776078,"data":"[ 249.8 min] 2072 rows written\n"}
,{"stream_name":"stdout","time":15051.111887174,"data":"[ 250.8 min] 2090 rows written\n"}
,{"stream_name":"stdout","time":15111.206867716,"data":"[ 251.8 min] 2104 rows written\n"}
,{"stream_name":"stdout","time":15171.302580195,"data":"[ 252.8 min] 2110 rows written\n"}
,{"stream_name":"stdout","time":15231.380548616,"data":"[ 253.8 min] 2113 rows written\n"}
,{"stream_name":"stdout","time":15291.478305603,"data":"[ 254.8 min] 2121 rows written\n"}
,{"stream_name":"stdout","time":15351.577509524,"data":"[ 255.8 min] 2130 rows written\n"}
,{"stream_name":"stdout","time":15411.673939265,"data":"[ 256.8 min] 2138 rows written\n"}
,{"stream_name":"stdout","time":15471.773229391,"data":"[ 257.8 min] 2147 rows written\n"}
,{"stream_name":"stdout","time":15531.873617074,"data":"[ 258.8 min] 2165 rows written\n"}
,{"stream_name":"stdout","time":15591.972068091,"data":"[ 259.8 min] 2186 rows written\n"}
,{"stream_name":"stdout","time":15652.073445876,"data":"[ 260.8 min] 2205 rows written\n"}
,{"stream_name":"stdout","time":15712.178103274,"data":"[ 261.8 min] 2212 rows written\n"}
,{"stream_name":"stdout","time":15772.280935155,"data":"[ 262.8 min] 2221 rows written\n"}
,{"stream_name":"stdout","time":15832.384399853,"data":"[ 263.8 min] 2229 rows written\n"}
,{"stream_name":"stdout","time":15892.487363758,"data":"[ 264.9 min] 2239 rows written\n"}
,{"stream_name":"stdout","time":15952.593736156,"data":"[ 265.9 min] 2261 rows written\n"}
,{"stream_name":"stdout","time":16012.71009121,"data":"[ 266.9 min] 2281 rows written\n"}
,{"stream_name":"stdout","time":16072.816887235,"data":"[ 267.9 min] 2303 rows written\n"}
,{"stream_name":"stdout","time":16132.918796264,"data":"[ 268.9 min] 2338 rows written\n"}
,{"stream_name":"stdout","time":16193.026810587,"data":"[ 269.9 min] 2364 rows written\n"}
,{"stream_name":"stdout","time":16253.133331619,"data":"[ 270.9 min] 2383 rows written\n"}
,{"stream_name":"stdout","time":16313.24066126,"data":"[ 271.9 min] 2396 rows written\n"}
,{"stream_name":"stdout","time":16373.346190531,"data":"[ 272.9 min] 2405 rows written\n"}
,{"stream_name":"stdout","time":16433.453447458,"data":"[ 273.9 min] 2417 rows written\n"}
,{"stream_name":"stdout","time":16493.565062913,"data":"[ 274.9 min] 2434 rows written\n"}
,{"stream_name":"stdout","time":16553.675917379,"data":"[ 275.9 min] 2454 rows written\n"}
,{"stream_name":"stdout","time":16613.859521563,"data":"[ 276.9 min] 2471 rows written\n"}
,{"stream_name":"stdout","time":16673.971103162,"data":"[ 277.9 min] 2487 rows written\n"}
,{"stream_name":"stdout","time":16734.081699956,"data":"[ 278.9 min] 2509 rows written\n"}
,{"stream_name":"stdout","time":16794.196781445,"data":"[ 279.9 min] 2529 rows written\n"}
,{"stream_name":"stdout","time":16854.312387603,"data":"[ 280.9 min] 2543 rows written\n"}
,{"stream_name":"stdout","time":16914.421621849,"data":"[ 281.9 min] 2554 rows written\n"}
,{"stream_name":"stdout","time":16974.530742321,"data":"[ 282.9 min] 2559 rows written\n"}
,{"stream_name":"stdout","time":17034.644154451,"data":"[ 283.9 min] 2567 rows written\n"}
,{"stream_name":"stdout","time":17094.754587716,"data":"[ 284.9 min] 2578 rows written\n"}
,{"stream_name":"stdout","time":17154.85603122,"data":"[ 285.9 min] 2586 rows written\n"}
,{"stream_name":"stdout","time":17214.972483271,"data":"[ 286.9 min] 2597 rows written\n"}
,{"stream_name":"stdout","time":17275.090138746,"data":"[ 287.9 min] 2606 rows written\n"}
,{"stream_name":"stdout","time":17335.205325955,"data":"[ 288.9 min] 2614 rows written\n"}
,{"stream_name":"stdout","time":17395.321735786,"data":"[ 289.9 min] 2628 rows written\n"}
,{"stream_name":"stdout","time":17455.442900111,"data":"[ 290.9 min] 2636 rows written\n"}
,{"stream_name":"stdout","time":17515.560818624,"data":"[ 291.9 min] 2645 rows written\n"}
,{"stream_name":"stdout","time":17575.677509605,"data":"[ 292.9 min] 2662 rows written\n"}
,{"stream_name":"stdout","time":17635.860850074,"data":"[ 293.9 min] 2668 rows written\n"}
,{"stream_name":"stdout","time":17695.980300938,"data":"[ 294.9 min] 2677 rows written\n"}
,{"stream_name":"stdout","time":17756.105385627,"data":"[ 295.9 min] 2686 rows written\n"}
,{"stream_name":"stdout","time":17816.227337894,"data":"[ 296.9 min] 2701 rows written\n"}
,{"stream_name":"stdout","time":17876.350184935,"data":"[ 297.9 min] 2714 rows written\n"}
,{"stream_name":"stdout","time":17936.476161807,"data":"[ 298.9 min] 2724 rows written\n"}
,{"stream_name":"stdout","time":17996.604760808,"data":"[ 299.9 min] 2731 rows written\n"}
,{"stream_name":"stdout","time":18056.731014311,"data":"[ 300.9 min] 2743 rows written\n"}
,{"stream_name":"stdout","time":18116.866657058,"data":"[ 301.9 min] 2756 rows written\n"}
,{"stream_name":"stdout","time":18177.017668832,"data":"[ 302.9 min] 2765 rows written\n"}
,{"stream_name":"stdout","time":18237.22555704,"data":"[ 303.9 min] 2777 rows written\n"}
,{"stream_name":"stdout","time":18297.362893966,"data":"[ 304.9 min] 2790 rows written\n"}
,{"stream_name":"stdout","time":18357.492149674,"data":"[ 305.9 min] 2801 rows written\n"}
,{"stream_name":"stdout","time":18417.762757632,"data":"[ 306.9 min] 2814 rows written\n"}
,{"stream_name":"stdout","time":18477.909828958,"data":"[ 307.9 min] 2833 rows written\n"}
,{"stream_name":"stdout","time":18538.029058564,"data":"[ 308.9 min] 2847 rows written\n"}
,{"stream_name":"stdout","time":18598.16008261,"data":"[ 309.9 min] 2860 rows written\n"}
,{"stream_name":"stdout","time":18658.296608771,"data":"[ 310.9 min] 2871 rows written\n"}
,{"stream_name":"stdout","time":18718.453896997,"data":"[ 311.9 min] 2883 rows written\n"}
,{"stream_name":"stdout","time":18778.585029653,"data":"[ 313.0 min] 2904 rows written\n"}
,{"stream_name":"stdout","time":18838.720982602,"data":"[ 314.0 min] 2922 rows written\n"}
,{"stream_name":"stdout","time":18898.858765182,"data":"[ 315.0 min] 2947 rows written\n"}
,{"stream_name":"stdout","time":18958.98052096,"data":"[ 316.0 min] 2960 rows written\n"}
,{"stream_name":"stdout","time":19019.121323083,"data":"[ 317.0 min] 2987 rows written\n"}
,{"stream_name":"stdout","time":19079.25919357,"data":"[ 318.0 min] 2998 rows written\n"}
,{"stream_name":"stdout","time":19139.395020469,"data":"[ 319.0 min] 3017 rows written\n"}
,{"stream_name":"stdout","time":19199.535799963,"data":"[ 320.0 min] 3045 rows written\n"}
,{"stream_name":"stdout","time":19259.679294193,"data":"[ 321.0 min] 3072 rows written\n"}
,{"stream_name":"stdout","time":19319.828151275,"data":"[ 322.0 min] 3088 rows written\n"}
,{"stream_name":"stdout","time":19379.970531378,"data":"[ 323.0 min] 3103 rows written\n"}
,{"stream_name":"stdout","time":19440.115996387,"data":"[ 324.0 min] 3120 rows written\n"}
,{"stream_name":"stdout","time":19500.262809997,"data":"[ 325.0 min] 3139 rows written\n"}
,{"stream_name":"stdout","time":19560.502461211,"data":"[ 326.0 min] 3154 rows written\n"}
,{"stream_name":"stdout","time":19620.648106043,"data":"[ 327.0 min] 3179 rows written\n"}
,{"stream_name":"stdout","time":19680.79597227,"data":"[ 328.0 min] 3203 rows written\n"}
,{"stream_name":"stdout","time":19740.94245424,"data":"[ 329.0 min] 3232 rows written\n"}
,{"stream_name":"stdout","time":19801.091215696,"data":"[ 330.0 min] 3248 rows written\n"}
,{"stream_name":"stdout","time":19861.241105687,"data":"[ 331.0 min] 3268 rows written\n"}
,{"stream_name":"stdout","time":19921.391552408,"data":"[ 332.0 min] 3287 rows written\n"}
,{"stream_name":"stdout","time":19981.541118478,"data":"[ 333.0 min] 3305 rows written\n"}
,{"stream_name":"stdout","time":20041.6919003,"data":"[ 334.0 min] 3331 rows written\n"}
,{"stream_name":"stdout","time":20101.842846235,"data":"[ 335.0 min] 3357 rows written\n"}
,{"stream_name":"stdout","time":20161.995370338,"data":"[ 336.0 min] 3375 rows written\n"}
,{"stream_name":"stdout","time":20222.14971937,"data":"[ 337.0 min] 3405 rows written\n"}
,{"stream_name":"stdout","time":20282.30577447,"data":"[ 338.0 min] 3434 rows written\n"}
,{"stream_name":"stdout","time":20342.464236679,"data":"[ 339.0 min] 3454 rows written\n"}
,{"stream_name":"stdout","time":20402.618964542,"data":"[ 340.0 min] 3471 rows written\n"}
,{"stream_name":"stdout","time":20462.774660455,"data":"[ 341.0 min] 3493 rows written\n"}
,{"stream_name":"stdout","time":20522.931358977,"data":"[ 342.0 min] 3533 rows written\n"}
,{"stream_name":"stdout","time":20583.070959203,"data":"[ 343.0 min] 3569 rows written\n"}
,{"stream_name":"stdout","time":20643.231432306,"data":"[ 344.0 min] 3595 rows written\n"}
,{"stream_name":"stdout","time":20703.392405853,"data":"[ 345.0 min] 3619 rows written\n"}
,{"stream_name":"stdout","time":20763.551430605,"data":"[ 346.0 min] 3645 rows written\n"}
,{"stream_name":"stdout","time":20823.715414873,"data":"[ 347.0 min] 3670 rows written\n"}
,{"stream_name":"stdout","time":20883.879324816,"data":"[ 348.0 min] 3694 rows written\n"}
,{"stream_name":"stdout","time":20944.041115452,"data":"[ 349.0 min] 3723 rows written\n"}
,{"stream_name":"stdout","time":21004.205788466,"data":"[ 350.0 min] 3753 rows written\n"}
,{"stream_name":"stdout","time":21064.36931059,"data":"[ 351.0 min] 3774 rows written\n"}
,{"stream_name":"stdout","time":21124.536498331,"data":"[ 352.1 min] 3784 rows written\n"}
,{"stream_name":"stdout","time":21184.772548365,"data":"[ 353.1 min] 3797 rows written\n"}
,{"stream_name":"stdout","time":21244.962862153,"data":"[ 354.1 min] 3809 rows written\n"}
,{"stream_name":"stdout","time":21305.140086122,"data":"[ 355.1 min] 3818 rows written\n"}
,{"stream_name":"stdout","time":21365.310361331,"data":"[ 356.1 min] 3831 rows written\n"}
,{"stream_name":"stdout","time":21425.484127452,"data":"[ 357.1 min] 3848 rows written\n"}
,{"stream_name":"stdout","time":21485.649640508,"data":"[ 358.1 min] 3861 rows written\n"}
,{"stream_name":"stdout","time":21545.82657343,"data":"[ 359.1 min] 3872 rows written\n"}
,{"stream_name":"stdout","time":21606.000435561,"data":"[ 360.1 min] 3875 rows written\n"}
,{"stream_name":"stdout","time":21666.177542593,"data":"[ 361.1 min] 3884 rows written\n"}
,{"stream_name":"stdout","time":21726.411939762,"data":"[ 362.1 min] 3894 rows written\n"}
,{"stream_name":"stdout","time":21786.584308735,"data":"[ 363.1 min] 3901 rows written\n"}
,{"stream_name":"stdout","time":21846.763799137,"data":"[ 364.1 min] 3909 rows written\n"}
,{"stream_name":"stdout","time":21906.948667953,"data":"[ 365.1 min] 3918 rows written\n"}
,{"stream_name":"stdout","time":21967.104550182,"data":"[ 366.1 min] 3931 rows written\n"}
,{"stream_name":"stdout","time":22027.280386738,"data":"[ 367.1 min] 3946 rows written\n"}
,{"stream_name":"stdout","time":22087.45965815,"data":"[ 368.1 min] 3961 rows written\n"}
,{"stream_name":"stdout","time":22147.624140885,"data":"[ 369.1 min] 3978 rows written\n"}
,{"stream_name":"stdout","time":22207.874421495,"data":"[ 370.1 min] 3989 rows written\n"}
,{"stream_name":"stdout","time":22268.07289985,"data":"[ 371.1 min] 4008 rows written\n"}
,{"stream_name":"stdout","time":22328.259190321,"data":"[ 372.1 min] 4020 rows written\n"}
,{"stream_name":"stdout","time":22388.433018481,"data":"[ 373.1 min] 4031 rows written\n"}
,{"stream_name":"stdout","time":22448.617610839,"data":"[ 374.1 min] 4041 rows written\n"}
,{"stream_name":"stdout","time":22508.809109111,"data":"[ 375.1 min] 4053 rows written\n"}
,{"stream_name":"stdout","time":22569.057120804,"data":"[ 376.1 min] 4066 rows written\n"}
,{"stream_name":"stdout","time":22629.297781712,"data":"[ 377.1 min] 4087 rows written\n"}
,{"stream_name":"stdout","time":22689.484806436,"data":"[ 378.1 min] 4098 rows written\n"}
,{"stream_name":"stdout","time":22749.647631118,"data":"[ 379.1 min] 4114 rows written\n"}
,{"stream_name":"stdout","time":22809.83425226,"data":"[ 380.1 min] 4134 rows written\n"}
,{"stream_name":"stdout","time":22870.022172051,"data":"[ 381.1 min] 4155 rows written\n"}
,{"stream_name":"stdout","time":22930.210601497,"data":"[ 382.1 min] 4183 rows written\n"}
,{"stream_name":"stdout","time":22990.403642487,"data":"[ 383.1 min] 4202 rows written\n"}
,{"stream_name":"stdout","time":23050.601036305,"data":"[ 384.2 min] 4218 rows written\n"}
,{"stream_name":"stdout","time":23110.798261557,"data":"[ 385.2 min] 4230 rows written\n"}
,{"stream_name":"stdout","time":23170.997801634,"data":"[ 386.2 min] 4252 rows written\n"}
,{"stream_name":"stdout","time":23231.200617438,"data":"[ 387.2 min] 4268 rows written\n"}
,{"stream_name":"stdout","time":23291.42338942,"data":"[ 388.2 min] 4285 rows written\n"}
,{"stream_name":"stdout","time":23351.630976688,"data":"[ 389.2 min] 4304 rows written\n"}
,{"stream_name":"stdout","time":23411.876748404,"data":"[ 390.2 min] 4335 rows written\n"}
,{"stream_name":"stdout","time":23472.123612431,"data":"[ 391.2 min] 4356 rows written\n"}
,{"stream_name":"stdout","time":23532.367308781,"data":"[ 392.2 min] 4371 rows written\n"}
,{"stream_name":"stdout","time":23592.547455524,"data":"[ 393.2 min] 4391 rows written\n"}
,{"stream_name":"stdout","time":23652.751871331,"data":"[ 394.2 min] 4412 rows written\n"}
,{"stream_name":"stdout","time":23712.954332432,"data":"[ 395.2 min] 4423 rows written\n"}
,{"stream_name":"stdout","time":23773.162699461,"data":"[ 396.2 min] 4437 rows written\n"}
,{"stream_name":"stdout","time":23833.368314842,"data":"[ 397.2 min] 4451 rows written\n"}
,{"stream_name":"stdout","time":23893.551477436,"data":"[ 398.2 min] 4479 rows written\n"}
,{"stream_name":"stdout","time":23953.755785876,"data":"[ 399.2 min] 4499 rows written\n"}
,{"stream_name":"stdout","time":24013.900247296,"data":"[ 400.2 min] 4517 rows written\n"}
,{"stream_name":"stdout","time":24074.102411278,"data":"[ 401.2 min] 4534 rows written\n"}
,{"stream_name":"stdout","time":24134.317534589,"data":"[ 402.2 min] 4560 rows written\n"}
,{"stream_name":"stdout","time":24194.527169975,"data":"[ 403.2 min] 4586 rows written\n"}
,{"stream_name":"stdout","time":24254.74211856,"data":"[ 404.2 min] 4609 rows written\n"}
,{"stream_name":"stdout","time":24314.951835698,"data":"[ 405.2 min] 4626 rows written\n"}
,{"stream_name":"stdout","time":24375.172354283,"data":"[ 406.2 min] 4646 rows written\n"}
,{"stream_name":"stdout","time":24435.441778555,"data":"[ 407.2 min] 4679 rows written\n"}
,{"stream_name":"stdout","time":24495.659223646,"data":"[ 408.2 min] 4710 rows written\n"}
,{"stream_name":"stdout","time":24555.868980747,"data":"[ 409.2 min] 4718 rows written\n"}
,{"stream_name":"stdout","time":24616.086544357,"data":"[ 410.2 min] 4739 rows written\n"}
,{"stream_name":"stdout","time":24676.308610456,"data":"[ 411.2 min] 4764 rows written\n"}
,{"stream_name":"stdout","time":24736.527486617,"data":"[ 412.3 min] 4799 rows written\n"}
,{"stream_name":"stdout","time":24796.751385455,"data":"[ 413.3 min] 4822 rows written\n"}
,{"stream_name":"stdout","time":24856.969574184,"data":"[ 414.3 min] 4855 rows written\n"}
,{"stream_name":"stdout","time":24917.246775956,"data":"[ 415.3 min] 4888 rows written\n"}
,{"stream_name":"stdout","time":24977.430071713,"data":"[ 416.3 min] 4898 rows written\n"}
,{"stream_name":"stdout","time":25037.645134066,"data":"[ 417.3 min] 4919 rows written\n"}
,{"stream_name":"stdout","time":25097.863401444,"data":"[ 418.3 min] 4930 rows written\n"}
,{"stream_name":"stdout","time":25158.248573335,"data":"[ 419.3 min] 4934 rows written\n"}
,{"stream_name":"stdout","time":25218.482796735,"data":"[ 420.3 min] 4966 rows written\n"}
,{"stream_name":"stdout","time":25278.696376259,"data":"[ 421.3 min] 4992 rows written\n"}
,{"stream_name":"stdout","time":25338.931705878,"data":"[ 422.3 min] 5020 rows written\n"}
,{"stream_name":"stdout","time":25399.155981588,"data":"[ 423.3 min] 5036 rows written\n"}
,{"stream_name":"stdout","time":25459.384921478,"data":"[ 424.3 min] 5043 rows written\n"}
,{"stream_name":"stdout","time":25519.611796878,"data":"[ 425.3 min] 5055 rows written\n"}
,{"stream_name":"stdout","time":25579.841296563,"data":"[ 426.3 min] 5064 rows written\n"}
,{"stream_name":"stdout","time":25640.042213179,"data":"[ 427.3 min] 5072 rows written\n"}
,{"stream_name":"stdout","time":25700.29508028,"data":"[ 428.3 min] 5083 rows written\n"}
,{"stream_name":"stdout","time":25760.525162964,"data":"[ 429.3 min] 5092 rows written\n"}
,{"stream_name":"stdout","time":25820.78018399,"data":"[ 430.3 min] 5104 rows written\n"}
,{"stream_name":"stdout","time":25881.053095423,"data":"[ 431.3 min] 5110 rows written\n"}
,{"stream_name":"stdout","time":25941.300966569,"data":"[ 432.3 min] 5115 rows written\n"}
,{"stream_name":"stdout","time":26001.602630515,"data":"[ 433.3 min] 5121 rows written\n"}
,{"stream_name":"stdout","time":26061.882479668,"data":"[ 434.3 min] 5137 rows written\n"}
,{"stream_name":"stdout","time":26122.118814795,"data":"[ 435.3 min] 5150 rows written\n"}
,{"stream_name":"stdout","time":26182.364267345,"data":"[ 436.3 min] 5158 rows written\n"}
,{"stream_name":"stdout","time":26242.600417207,"data":"[ 437.4 min] 5161 rows written\n"}
,{"stream_name":"stdout","time":26302.833301302,"data":"[ 438.4 min] 5168 rows written\n"}
,{"stream_name":"stdout","time":26363.087942344,"data":"[ 439.4 min] 5175 rows written\n"}
,{"stream_name":"stdout","time":26423.324879376,"data":"[ 440.4 min] 5181 rows written\n"}
,{"stream_name":"stdout","time":26483.556792703,"data":"[ 441.4 min] 5190 rows written\n"}
,{"stream_name":"stdout","time":26543.796544577,"data":"[ 442.4 min] 5195 rows written\n"}
,{"stream_name":"stdout","time":26604.053486475,"data":"[ 443.4 min] 5207 rows written\n"}
,{"stream_name":"stdout","time":26664.314715194,"data":"[ 444.4 min] 5215 rows written\n"}
,{"stream_name":"stdout","time":26724.547387302,"data":"[ 445.4 min] 5228 rows written\n"}
,{"stream_name":"stdout","time":26784.847058993,"data":"[ 446.4 min] 5239 rows written\n"}
,{"stream_name":"stdout","time":26845.093617612,"data":"[ 447.4 min] 5251 rows written\n"}
,{"stream_name":"stdout","time":26905.4232916,"data":"[ 448.4 min] 5264 rows written\n"}
,{"stream_name":"stdout","time":26965.635595376,"data":"[ 449.4 min] 5273 rows written\n"}
,{"stream_name":"stdout","time":27025.87938829,"data":"[ 450.4 min] 5287 rows written\n"}
,{"stream_name":"stdout","time":27086.114335462,"data":"[ 451.4 min] 5297 rows written\n"}
,{"stream_name":"stdout","time":27146.362070333,"data":"[ 452.4 min] 5308 rows written\n"}
,{"stream_name":"stdout","time":27206.599738551,"data":"[ 453.4 min] 5331 rows written\n"}
,{"stream_name":"stdout","time":27266.831562563,"data":"[ 454.4 min] 5346 rows written\n"}
,{"stream_name":"stdout","time":27327.083428959,"data":"[ 455.4 min] 5356 rows written\n"}
,{"stream_name":"stdout","time":27387.341279973,"data":"[ 456.4 min] 5373 rows written\n"}
,{"stream_name":"stdout","time":27447.762066226,"data":"[ 457.4 min] 5382 rows written\n"}
,{"stream_name":"stdout","time":27508.030368101,"data":"[ 458.4 min] 5405 rows written\n"}
,{"stream_name":"stdout","time":27568.308583987,"data":"[ 459.4 min] 5418 rows written\n"}
,{"stream_name":"stdout","time":27628.606306411,"data":"[ 460.5 min] 5438 rows written\n"}
,{"stream_name":"stdout","time":27688.860528681,"data":"[ 461.5 min] 5454 rows written\n"}
,{"stream_name":"stdout","time":27749.130618134,"data":"[ 462.5 min] 5468 rows written\n"}
,{"stream_name":"stdout","time":27809.399955846,"data":"[ 463.5 min] 5482 rows written\n"}
,{"stream_name":"stdout","time":27869.67503796,"data":"[ 464.5 min] 5501 rows written\n"}
,{"stream_name":"stdout","time":27929.941114275,"data":"[ 465.5 min] 5514 rows written\n"}
,{"stream_name":"stdout","time":27990.198590049,"data":"[ 466.5 min] 5528 rows written\n"}
,{"stream_name":"stdout","time":28050.462832223,"data":"[ 467.5 min] 5545 rows written\n"}
,{"stream_name":"stdout","time":28110.795397757,"data":"[ 468.5 min] 5576 rows written\n"}
,{"stream_name":"stdout","time":28171.069304258,"data":"[ 469.5 min] 5594 rows written\n"}
,{"stream_name":"stdout","time":28231.363662032,"data":"[ 470.5 min] 5616 rows written\n"}
,{"stream_name":"stdout","time":28291.575764478,"data":"[ 471.5 min] 5634 rows written\n"}
,{"stream_name":"stdout","time":28351.827318567,"data":"[ 472.5 min] 5644 rows written\n"}
,{"stream_name":"stdout","time":28412.091781384,"data":"[ 473.5 min] 5654 rows written\n"}
,{"stream_name":"stdout","time":28472.359817228,"data":"[ 474.5 min] 5661 rows written\n"}
,{"stream_name":"stdout","time":28532.60708455,"data":"[ 475.5 min] 5670 rows written\n"}
,{"stream_name":"stdout","time":28592.890215633,"data":"[ 476.5 min] 5683 rows written\n"}
,{"stream_name":"stdout","time":28653.161156856,"data":"[ 477.5 min] 5698 rows written\n"}
,{"stream_name":"stdout","time":28713.446735199,"data":"[ 478.5 min] 5713 rows written\n"}
,{"stream_name":"stdout","time":28773.617887501,"data":"[ 479.5 min] 5743 rows written\n"}
,{"stream_name":"stdout","time":28833.983530259,"data":"[ 480.5 min] 5763 rows written\n"}
,{"stream_name":"stdout","time":28894.258024521,"data":"[ 481.5 min] 5774 rows written\n"}
,{"stream_name":"stdout","time":28954.504463812,"data":"[ 482.6 min] 5790 rows written\n"}
,{"stream_name":"stdout","time":29014.767360639,"data":"[ 483.6 min] 5814 rows written\n"}
,{"stream_name":"stdout","time":29075.051373081,"data":"[ 484.6 min] 5832 rows written\n"}
,{"stream_name":"stdout","time":29135.316785859,"data":"[ 485.6 min] 5844 rows written\n"}
,{"stream_name":"stdout","time":29195.597480842,"data":"[ 486.6 min] 5861 rows written\n"}
,{"stream_name":"stdout","time":29255.864029239,"data":"[ 487.6 min] 5873 rows written\n"}
,{"stream_name":"stdout","time":29316.134244213,"data":"[ 488.6 min] 5886 rows written\n"}
,{"stream_name":"stdout","time":29376.35549705,"data":"[ 489.6 min] 5917 rows written\n"}
,{"stream_name":"stdout","time":29436.654709478,"data":"[ 490.6 min] 5944 rows written\n"}
,{"stream_name":"stdout","time":29496.944853289,"data":"[ 491.6 min] 5958 rows written\n"}
,{"stream_name":"stdout","time":29557.215202787,"data":"[ 492.6 min] 5967 rows written\n"}
,{"stream_name":"stdout","time":29617.50250254,"data":"[ 493.6 min] 5975 rows written\n"}
,{"stream_name":"stdout","time":29677.776469791,"data":"[ 494.6 min] 6000 rows written\n"}
,{"stream_name":"stdout","time":29738.078994799,"data":"[ 495.6 min] 6023 rows written\n"}
,{"stream_name":"stdout","time":29798.357599444,"data":"[ 496.6 min] 6045 rows written\n"}
,{"stream_name":"stdout","time":29858.625753837,"data":"[ 497.6 min] 6070 rows written\n"}
,{"stream_name":"stdout","time":29918.902193613,"data":"[ 498.6 min] 6102 rows written\n"}
,{"stream_name":"stdout","time":29979.175466613,"data":"[ 499.6 min] 6129 rows written\n"}
,{"stream_name":"stdout","time":30039.462179471,"data":"[ 500.6 min] 6158 rows written\n"}
,{"stream_name":"stdout","time":30099.743419868,"data":"[ 501.6 min] 6183 rows written\n"}
,{"stream_name":"stdout","time":30160.017549017,"data":"[ 502.6 min] 6213 rows written\n"}
,{"stream_name":"stdout","time":30220.281624965,"data":"[ 503.6 min] 6244 rows written\n"}
,{"stream_name":"stdout","time":30280.594016835,"data":"[ 504.7 min] 6267 rows written\n"}
,{"stream_name":"stdout","time":30340.875797688,"data":"[ 505.7 min] 6279 rows written\n"}
,{"stream_name":"stdout","time":30401.168266097,"data":"[ 506.7 min] 6291 rows written\n"}
,{"stream_name":"stdout","time":30461.463129991,"data":"[ 507.7 min] 6305 rows written\n"}
,{"stream_name":"stdout","time":30521.77644903,"data":"[ 508.7 min] 6316 rows written\n"}
,{"stream_name":"stdout","time":30582.04630828,"data":"[ 509.7 min] 6330 rows written\n"}
,{"stream_name":"stdout","time":30642.311081784,"data":"[ 510.7 min] 6342 rows written\n"}
,{"stream_name":"stdout","time":30702.589153137,"data":"[ 511.7 min] 6351 rows written\n"}
,{"stream_name":"stdout","time":30762.845647604,"data":"[ 512.7 min] 6361 rows written\n"}
,{"stream_name":"stdout","time":30823.129270612,"data":"[ 513.7 min] 6372 rows written\n"}
,{"stream_name":"stdout","time":30883.418729291,"data":"[ 514.7 min] 6385 rows written\n"}
,{"stream_name":"stdout","time":30943.710806576,"data":"[ 515.7 min] 6396 rows written\n"}
,{"stream_name":"stdout","time":31004.033005791,"data":"[ 516.7 min] 6404 rows written\n"}
,{"stream_name":"stdout","time":31064.39258935,"data":"[ 517.7 min] 6413 rows written\n"}
,{"stream_name":"stdout","time":31124.701393714,"data":"[ 518.7 min] 6424 rows written\n"}
,{"stream_name":"stdout","time":31184.958387242,"data":"[ 519.7 min] 6434 rows written\n"}
,{"stream_name":"stdout","time":31245.282819214,"data":"[ 520.7 min] 6445 rows written\n"}
,{"stream_name":"stdout","time":31305.570562162,"data":"[ 521.7 min] 6456 rows written\n"}
,{"stream_name":"stdout","time":31365.86191919,"data":"[ 522.7 min] 6462 rows written\n"}
,{"stream_name":"stdout","time":31426.157365111,"data":"[ 523.7 min] 6473 rows written\n"}
,{"stream_name":"stdout","time":31486.491342332,"data":"[ 524.8 min] 6483 rows written\n"}
,{"stream_name":"stdout","time":31546.687055716,"data":"[ 525.8 min] 6491 rows written\n"}
,{"stream_name":"stdout","time":31606.999810268,"data":"[ 526.8 min] 6504 rows written\n"}
,{"stream_name":"stdout","time":31667.332303712,"data":"[ 527.8 min] 6514 rows written\n"}
,{"stream_name":"stdout","time":31727.610306619,"data":"[ 528.8 min] 6524 rows written\n"}
,{"stream_name":"stdout","time":31787.940118158,"data":"[ 529.8 min] 6535 rows written\n"}
,{"stream_name":"stdout","time":31848.151709628,"data":"[ 530.8 min] 6546 rows written\n"}
,{"stream_name":"stdout","time":31908.464288822,"data":"[ 531.8 min] 6560 rows written\n"}
,{"stream_name":"stdout","time":31968.772100196,"data":"[ 532.8 min] 6572 rows written\n"}
,{"stream_name":"stdout","time":32029.002524461,"data":"[ 533.8 min] 6586 rows written\n"}
,{"stream_name":"stdout","time":32089.313828307,"data":"[ 534.8 min] 6606 rows written\n"}
,{"stream_name":"stdout","time":32149.634322423,"data":"[ 535.8 min] 6615 rows written\n"}
,{"stream_name":"stdout","time":32209.968213692,"data":"[ 536.8 min] 6631 rows written\n"}
,{"stream_name":"stdout","time":32270.316897859,"data":"[ 537.8 min] 6646 rows written\n"}
,{"stream_name":"stdout","time":32330.660454136,"data":"[ 538.8 min] 6669 rows written\n"}
,{"stream_name":"stdout","time":32391.232563375,"data":"[ 539.8 min] 6691 rows written\n"}
,{"stream_name":"stdout","time":32451.582761834,"data":"[ 540.8 min] 6715 rows written\n"}
,{"stream_name":"stdout","time":32511.945870203,"data":"[ 541.8 min] 6737 rows written\n"}
,{"stream_name":"stdout","time":32572.322866008,"data":"[ 542.8 min] 6757 rows written\n"}
,{"stream_name":"stdout","time":32632.605172231,"data":"[ 543.9 min] 6780 rows written\n"}
,{"stream_name":"stdout","time":32692.914037785,"data":"[ 544.9 min] 6802 rows written\n"}
,{"stream_name":"stdout","time":32753.242344299,"data":"[ 545.9 min] 6824 rows written\n"}
,{"stream_name":"stdout","time":32813.556059574,"data":"[ 546.9 min] 6848 rows written\n"}
,{"stream_name":"stdout","time":32873.865892723,"data":"[ 547.9 min] 6866 rows written\n"}
,{"stream_name":"stdout","time":32934.165654849,"data":"[ 548.9 min] 6886 rows written\n"}
,{"stream_name":"stdout","time":32994.475669015,"data":"[ 549.9 min] 6901 rows written\n"}
,{"stream_name":"stdout","time":33054.972934126,"data":"[ 550.9 min] 6918 rows written\n"}
,{"stream_name":"stdout","time":33115.281776286,"data":"[ 551.9 min] 6935 rows written\n"}
,{"stream_name":"stdout","time":33175.599042869,"data":"[ 552.9 min] 6950 rows written\n"}
,{"stream_name":"stdout","time":33235.93656572,"data":"[ 553.9 min] 6965 rows written\n"}
,{"stream_name":"stdout","time":33296.234432298,"data":"[ 554.9 min] 6986 rows written\n"}
,{"stream_name":"stdout","time":33356.544759758,"data":"[ 555.9 min] 7001 rows written\n"}
,{"stream_name":"stdout","time":33416.865588343,"data":"[ 556.9 min] 7011 rows written\n"}
,{"stream_name":"stdout","time":33477.214750402,"data":"[ 557.9 min] 7023 rows written\n"}
,{"stream_name":"stdout","time":33537.534525144,"data":"[ 558.9 min] 7042 rows written\n"}
,{"stream_name":"stdout","time":33597.866134993,"data":"[ 559.9 min] 7070 rows written\n"}
,{"stream_name":"stdout","time":33658.098302856,"data":"[ 560.9 min] 7091 rows written\n"}
,{"stream_name":"stdout","time":33718.420235675,"data":"[ 561.9 min] 7109 rows written\n"}
,{"stream_name":"stdout","time":33778.742652244,"data":"[ 563.0 min] 7119 rows written\n"}
,{"stream_name":"stdout","time":33839.064149692,"data":"[ 564.0 min] 7130 rows written\n"}
,{"stream_name":"stdout","time":33899.525236547,"data":"[ 565.0 min] 7152 rows written\n"}
,{"stream_name":"stdout","time":33959.849051981,"data":"[ 566.0 min] 7184 rows written\n"}
,{"stream_name":"stdout","time":34020.172120993,"data":"[ 567.0 min] 7206 rows written\n"}
,{"stream_name":"stdout","time":34080.570338489,"data":"[ 568.0 min] 7217 rows written\n"}
,{"stream_name":"stdout","time":34141.191582833,"data":"[ 569.0 min] 7225 rows written\n"}
,{"stream_name":"stdout","time":34201.52435515,"data":"[ 570.0 min] 7262 rows written\n"}
,{"stream_name":"stdout","time":34261.852160281,"data":"[ 571.0 min] 7306 rows written\n"}
,{"stream_name":"stdout","time":34322.207514696,"data":"[ 572.0 min] 7346 rows written\n"}
,{"stream_name":"stdout","time":34382.54011661,"data":"[ 573.0 min] 7380 rows written\n"}
,{"stream_name":"stdout","time":34443.021758476,"data":"[ 574.0 min] 7393 rows written\n"}
,{"stream_name":"stdout","time":34503.419317286,"data":"[ 575.0 min] 7405 rows written\n"}
,{"stream_name":"stdout","time":34563.762824577,"data":"[ 576.0 min] 7423 rows written\n"}
,{"stream_name":"stdout","time":34624.061892418,"data":"[ 577.0 min] 7455 rows written\n"}
,{"stream_name":"stdout","time":34684.418784015,"data":"[ 578.0 min] 7490 rows written\n"}
,{"stream_name":"stdout","time":34744.713480034,"data":"[ 579.1 min] 7523 rows written\n"}
,{"stream_name":"stdout","time":34805.046093723,"data":"[ 580.1 min] 7534 rows written\n"}
,{"stream_name":"stdout","time":34865.389140286,"data":"[ 581.1 min] 7546 rows written\n"}
,{"stream_name":"stdout","time":34925.718549639,"data":"[ 582.1 min] 7555 rows written\n"}
,{"stream_name":"stdout","time":34986.063596846,"data":"[ 583.1 min] 7564 rows written\n"}
,{"stream_name":"stdout","time":35046.442128885,"data":"[ 584.1 min] 7572 rows written\n"}
,{"stream_name":"stdout","time":35106.806003996,"data":"[ 585.1 min] 7585 rows written\n"}
,{"stream_name":"stdout","time":35167.155557516,"data":"[ 586.1 min] 7598 rows written\n"}
,{"stream_name":"stdout","time":35227.708694993,"data":"[ 587.1 min] 7607 rows written\n"}
,{"stream_name":"stdout","time":35288.070108436,"data":"[ 588.1 min] 7620 rows written\n"}
,{"stream_name":"stdout","time":35348.693042603,"data":"[ 589.1 min] 7632 rows written\n"}
,{"stream_name":"stdout","time":35408.993843056,"data":"[ 590.1 min] 7640 rows written\n"}
,{"stream_name":"stdout","time":35469.345791553,"data":"[ 591.1 min] 7652 rows written\n"}
,{"stream_name":"stdout","time":35529.668222809,"data":"[ 592.1 min] 7660 rows written\n"}
,{"stream_name":"stdout","time":35590.015497397,"data":"[ 593.1 min] 7677 rows written\n"}
,{"stream_name":"stdout","time":35650.356644995,"data":"[ 594.1 min] 7694 rows written\n"}
,{"stream_name":"stdout","time":35710.696135142,"data":"[ 595.2 min] 7707 rows written\n"}
,{"stream_name":"stdout","time":35771.059315707,"data":"[ 596.2 min] 7719 rows written\n"}
,{"stream_name":"stdout","time":35831.532861599,"data":"[ 597.2 min] 7728 rows written\n"}
,{"stream_name":"stdout","time":35891.907841517,"data":"[ 598.2 min] 7738 rows written\n"}
,{"stream_name":"stdout","time":35952.342315095,"data":"[ 599.2 min] 7751 rows written\n"}
,{"stream_name":"stdout","time":36012.722856125,"data":"[ 600.2 min] 7766 rows written\n"}
,{"stream_name":"stdout","time":36073.090659412,"data":"[ 601.2 min] 7783 rows written\n"}
,{"stream_name":"stdout","time":36133.490396565,"data":"[ 602.2 min] 7793 rows written\n"}
,{"stream_name":"stdout","time":36193.850396883,"data":"[ 603.2 min] 7816 rows written\n"}
,{"stream_name":"stdout","time":36254.208410297,"data":"[ 604.2 min] 7833 rows written\n"}
,{"stream_name":"stdout","time":36314.560823242,"data":"[ 605.2 min] 7849 rows written\n"}
,{"stream_name":"stdout","time":36374.971699687,"data":"[ 606.2 min] 7869 rows written\n"}
,{"stream_name":"stdout","time":36435.324298327,"data":"[ 607.2 min] 7888 rows written\n"}
,{"stream_name":"stdout","time":36495.665761834,"data":"[ 608.2 min] 7902 rows written\n"}
,{"stream_name":"stdout","time":36555.991849157,"data":"[ 609.2 min] 7922 rows written\n"}
,{"stream_name":"stdout","time":36616.316722842,"data":"[ 610.2 min] 7946 rows written\n"}
,{"stream_name":"stdout","time":36676.67309376,"data":"[ 611.3 min] 7966 rows written\n"}
,{"stream_name":"stdout","time":36737.19505789,"data":"[ 612.3 min] 7980 rows written\n"}
,{"stream_name":"stdout","time":36797.569781302,"data":"[ 613.3 min] 8007 rows written\n"}
,{"stream_name":"stdout","time":36857.822530605,"data":"[ 614.3 min] 8034 rows written\n"}
,{"stream_name":"stdout","time":36918.318722436,"data":"[ 615.3 min] 8058 rows written\n"}
,{"stream_name":"stdout","time":36978.78070483,"data":"[ 616.3 min] 8079 rows written\n"}
,{"stream_name":"stdout","time":37039.095663937,"data":"[ 617.3 min] 8093 rows written\n"}
,{"stream_name":"stdout","time":37099.426200816,"data":"[ 618.3 min] 8108 rows written\n"}
,{"stream_name":"stdout","time":37159.808650735,"data":"[ 619.3 min] 8127 rows written\n"}
,{"stream_name":"stdout","time":37220.189737063,"data":"[ 620.3 min] 8148 rows written\n"}
,{"stream_name":"stdout","time":37280.560221472,"data":"[ 621.3 min] 8178 rows written\n"}
,{"stream_name":"stdout","time":37340.948558519,"data":"[ 622.3 min] 8210 rows written\n"}
,{"stream_name":"stdout","time":37401.326320752,"data":"[ 623.3 min] 8227 rows written\n"}
,{"stream_name":"stdout","time":37461.728159893,"data":"[ 624.3 min] 8242 rows written\n"}
,{"stream_name":"stdout","time":37522.115901906,"data":"[ 625.3 min] 8262 rows written\n"}
,{"stream_name":"stdout","time":37582.489549729,"data":"[ 626.4 min] 8280 rows written\n"}
,{"stream_name":"stdout","time":37642.858315507,"data":"[ 627.4 min] 8303 rows written\n"}
,{"stream_name":"stdout","time":37703.276520396,"data":"[ 628.4 min] 8325 rows written\n"}
,{"stream_name":"stdout","time":37763.654360221,"data":"[ 629.4 min] 8349 rows written\n"}
,{"stream_name":"stdout","time":37824.047860199,"data":"[ 630.4 min] 8363 rows written\n"}
,{"stream_name":"stdout","time":37884.486555315,"data":"[ 631.4 min] 8400 rows written\n"}
,{"stream_name":"stdout","time":37944.903505963,"data":"[ 632.4 min] 8422 rows written\n"}
,{"stream_name":"stdout","time":38005.283325219,"data":"[ 633.4 min] 8451 rows written\n"}
,{"stream_name":"stdout","time":38065.688787822,"data":"[ 634.4 min] 8475 rows written\n"}
,{"stream_name":"stdout","time":38126.106466453,"data":"[ 635.4 min] 8507 rows written\n"}
,{"stream_name":"stdout","time":38186.48507375,"data":"[ 636.4 min] 8559 rows written\n"}
,{"stream_name":"stdout","time":38246.867998351,"data":"[ 637.4 min] 8608 rows written\n"}
,{"stream_name":"stdout","time":38307.262427358,"data":"[ 638.4 min] 8629 rows written\n"}
,{"stream_name":"stdout","time":38367.551243716,"data":"[ 639.4 min] 8638 rows written\n"}
,{"stream_name":"stdout","time":38427.956264362,"data":"[ 640.4 min] 8662 rows written\n"}
,{"stream_name":"stdout","time":38488.343344878,"data":"[ 641.4 min] 8692 rows written\n"}
,{"stream_name":"stdout","time":38548.750750839,"data":"[ 642.5 min] 8731 rows written\n"}
,{"stream_name":"stdout","time":38609.296599849,"data":"[ 643.5 min] 8763 rows written\n"}
,{"stream_name":"stdout","time":38669.714857314,"data":"[ 644.5 min] 8774 rows written\n"}
,{"stream_name":"stdout","time":38730.062814321,"data":"[ 645.5 min] 8788 rows written\n"}
,{"stream_name":"stdout","time":38790.468569459,"data":"[ 646.5 min] 8795 rows written\n"}
,{"stream_name":"stdout","time":38850.858771675,"data":"[ 647.5 min] 8811 rows written\n"}
,{"stream_name":"stdout","time":38911.268169904,"data":"[ 648.5 min] 8819 rows written\n"}
,{"stream_name":"stdout","time":38971.828299785,"data":"[ 649.5 min] 8835 rows written\n"}
,{"stream_name":"stdout","time":39032.252121961,"data":"[ 650.5 min] 8840 rows written\n"}
,{"stream_name":"stdout","time":39092.681767394,"data":"[ 651.5 min] 8853 rows written\n"}
,{"stream_name":"stdout","time":39153.071590827,"data":"[ 652.5 min] 8865 rows written\n"}
,{"stream_name":"stdout","time":39213.727775908,"data":"[ 653.5 min] 8875 rows written\n"}
,{"stream_name":"stdout","time":39274.072972181,"data":"[ 654.5 min] 8891 rows written\n"}
,{"stream_name":"stdout","time":39334.356763328,"data":"[ 655.5 min] 8905 rows written\n"}
,{"stream_name":"stdout","time":39394.756123514,"data":"[ 656.6 min] 8921 rows written\n"}
,{"stream_name":"stdout","time":39455.148075749,"data":"[ 657.6 min] 8935 rows written\n"}
,{"stream_name":"stdout","time":39515.549498757,"data":"[ 658.6 min] 8948 rows written\n"}
,{"stream_name":"stdout","time":39575.949714014,"data":"[ 659.6 min] 8960 rows written\n"}
,{"stream_name":"stdout","time":39636.345744654,"data":"[ 660.6 min] 8970 rows written\n"}
,{"stream_name":"stdout","time":39696.743057396,"data":"[ 661.6 min] 8980 rows written\n"}
,{"stream_name":"stdout","time":39757.140784457,"data":"[ 662.6 min] 8995 rows written\n"}
,{"stream_name":"stdout","time":39817.522894648,"data":"[ 663.6 min] 9011 rows written\n"}
,{"stream_name":"stdout","time":39877.9186889,"data":"[ 664.6 min] 9027 rows written\n"}
,{"stream_name":"stdout","time":39938.295002696,"data":"[ 665.6 min] 9041 rows written\n"}
,{"stream_name":"stdout","time":39998.708507057,"data":"[ 666.6 min] 9054 rows written\n"}
,{"stream_name":"stdout","time":40059.121110377,"data":"[ 667.6 min] 9076 rows written\n"}
,{"stream_name":"stdout","time":40119.633990281,"data":"[ 668.6 min] 9092 rows written\n"}
,{"stream_name":"stdout","time":40180.033644079,"data":"[ 669.6 min] 9111 rows written\n"}
,{"stream_name":"stdout","time":40240.43749988,"data":"[ 670.6 min] 9125 rows written\n"}
,{"stream_name":"stdout","time":40300.84906134,"data":"[ 671.7 min] 9141 rows written\n"}
,{"stream_name":"stdout","time":40361.259372727,"data":"[ 672.7 min] 9160 rows written\n"}
,{"stream_name":"stdout","time":40421.715901258,"data":"[ 673.7 min] 9184 rows written\n"}
,{"stream_name":"stdout","time":40482.139294803,"data":"[ 674.7 min] 9207 rows written\n"}
,{"stream_name":"stdout","time":40542.405629647,"data":"[ 675.7 min] 9221 rows written\n"}
,{"stream_name":"stdout","time":40602.83019734,"data":"[ 676.7 min] 9254 rows written\n"}
,{"stream_name":"stdout","time":40663.285257623,"data":"[ 677.7 min] 9272 rows written\n"}
,{"stream_name":"stdout","time":40723.688918055,"data":"[ 678.7 min] 9294 rows written\n"}
,{"stream_name":"stdout","time":40784.105551547,"data":"[ 679.7 min] 9321 rows written\n"}
,{"stream_name":"stdout","time":40844.520992397,"data":"[ 680.7 min] 9346 rows written\n"}
,{"stream_name":"stdout","time":40904.792580378,"data":"[ 681.7 min] 9364 rows written\n"}
,{"stream_name":"stdout","time":40965.209275394,"data":"[ 682.7 min] 9394 rows written\n"}
,{"stream_name":"stdout","time":41025.625046356,"data":"[ 683.7 min] 9413 rows written\n"}
,{"stream_name":"stdout","time":41086.05518442,"data":"[ 684.7 min] 9428 rows written\n"}
,{"stream_name":"stdout","time":41146.465476182,"data":"[ 685.7 min] 9446 rows written\n"}
,{"stream_name":"stdout","time":41206.901457886,"data":"[ 686.8 min] 9472 rows written\n"}
,{"stream_name":"stdout","time":41267.314117505,"data":"[ 687.8 min] 9502 rows written\n"}
,{"stream_name":"stdout","time":41327.740973483,"data":"[ 688.8 min] 9526 rows written\n"}
,{"stream_name":"stdout","time":41388.178388105,"data":"[ 689.8 min] 9553 rows written\n"}
,{"stream_name":"stdout","time":41448.563921268,"data":"[ 690.8 min] 9568 rows written\n"}
,{"stream_name":"stdout","time":41448.563974145,"data":"[ 690.8 min] deadline reached; stopping benchmark processes (rows so far are kept)\n"}
,{"stream_name":"stdout","time":41448.565274566,"data":"[ 690.8 min] done\n"}
,{"stream_name":"stderr","time":41452.131270559,"data":"/usr/local/lib/python3.12/dist-packages/mistune.py:435: SyntaxWarning: invalid escape sequence '\\|'\n"}
,{"stream_name":"stderr","time":41452.131506708,"data":"  cells[i][c] = re.sub('\\\\\\\\\\|', '|', cell)\n"}
,{"stream_name":"stderr","time":41452.578302893,"data":"/usr/local/lib/python3.12/dist-packages/nbconvert/filters/filter_links.py:36: SyntaxWarning: invalid escape sequence '\\_'\n"}
,{"stream_name":"stderr","time":41452.578342407,"data":"  text = re.sub(r'_', '\\_', text) # Escape underscores in display text\n"}
,{"stream_name":"stderr","time":41453.428420985,"data":"[NbConvertApp] Converting notebook __script__.ipynb to html\n"}
,{"stream_name":"stderr","time":41455.210528255,"data":"[NbConvertApp] Writing 307029 bytes to __results__.html\n"}
]