[{"stream_name":"stdout","time":1.382320386,"data":"[   0.0 min] code in /kaggle/tmp/qaari; config {'reciters': ['Husary_128kbps', 'Husary_Muallim_128kbps', 'Minshawy_Murattal_128kbps', 'Hudhaify_128kbps', 'Abdul_Basit_Murattal_192kbps', 'Alafasy_128kbps', 'Yasser_Ad-Dussary_128kbps', 'Nasser_Alqatami_128kbps', 'Saood_ash-Shuraym_128kbps', 'Abdurrahmaan_As-Sudais_192kbps', 'Abdullaah_3awwaad_Al-Juhaynee_128kbps'], 'verses': 'all', 'modes': ['studio', 'taraweeh_adapted'], 'procs': 4, 'shard_base': 4, 'shard_total': 20, 'octave': False, 'tag': 'full', 'pip': 'praat-parselmouth faiss-cpu nara_wpe soxr speechbrain', 'hours': 11.5}\n"}
,{"stream_name":"stdout","time":33.417783521,"data":"[   0.5 min] internet: OFF (kernel internet disabled; using the attached qaari-eval-deps bundle)\n"}
,{"stream_name":"stdout","time":33.467841908,"data":"[   0.5 min] $ /usr/bin/python3 -m pip install -q --no-index --find-links /kaggle/input/datasets/razanashrafalnajjar/qaari-eval-deps/wheels ruamel.yaml.clib\n"}
,{"stream_name":"stdout","time":39.311270765,"data":"[   0.6 min] $ /usr/bin/python3 -m pip install -q --no-index --find-links /kaggle/input/datasets/razanashrafalnajjar/qaari-eval-deps/wheels ruamel.yaml\n"}
,{"stream_name":"stdout","time":42.910375612,"data":"[   0.7 min] $ /usr/bin/python3 -m pip install -q --no-index --find-links /kaggle/input/datasets/razanashrafalnajjar/qaari-eval-deps/wheels hyperpyyaml\n"}
,{"stream_name":"stdout","time":46.830963916,"data":"[   0.8 min] $ /usr/bin/python3 -m pip install -q --no-index --find-links /kaggle/input/datasets/razanashrafalnajjar/qaari-eval-deps/wheels bottleneck\n"}
,{"stream_name":"stdout","time":50.415861933,"data":"[   0.8 min] $ /usr/bin/python3 -m pip install -q --no-index --find-links /kaggle/input/datasets/razanashrafalnajjar/qaari-eval-deps/wheels sentencepiece\n"}
,{"stream_name":"stdout","time":53.981140777,"data":"[   0.9 min] $ /usr/bin/python3 -m pip install -q --no-index --find-links /kaggle/input/datasets/razanashrafalnajjar/qaari-eval-deps/wheels praat-parselmouth\n"}
,{"stream_name":"stdout","time":58.052407922,"data":"[   1.0 min] $ /usr/bin/python3 -m pip install -q --no-index --find-links /kaggle/input/datasets/razanashrafalnajjar/qaari-eval-deps/wheels faiss-cpu\n"}
,{"stream_name":"stdout","time":62.765879277,"data":"[   1.0 min] $ /usr/bin/python3 -m pip install -q --no-index --find-links /kaggle/input/datasets/razanashrafalnajjar/qaari-eval-deps/wheels nara_wpe\n"}
,{"stream_name":"stdout","time":66.397184232,"data":"[   1.1 min] $ /usr/bin/python3 -m pip install -q --no-index --find-links /kaggle/input/datasets/razanashrafalnajjar/qaari-eval-deps/wheels soxr\n"}
,{"stream_name":"stdout","time":69.96290098,"data":"[   1.2 min] $ /usr/bin/python3 -m pip install -q --no-index --find-links /kaggle/input/datasets/razanashrafalnajjar/qaari-eval-deps/wheels speechbrain\n"}
,{"stream_name":"stdout","time":82.089752727,"data":"[   1.4 min] dependencies import cleanly\n"}
,{"stream_name":"stdout","time":86.611024709,"data":"[   1.4 min] model snapshots copied to /root/.cache/huggingface/hub\n"}
,{"stream_name":"stdout","time":86.614654722,"data":"[   1.4 min] started 4 benchmark processes\n"}
,{"stream_name":"stdout","time":146.620964105,"data":"[   2.4 min] 7 rows written\n"}
,{"stream_name":"stdout","time":206.623680627,"data":"[   3.4 min] 18 rows written\n"}
,{"stream_name":"stdout","time":266.626668491,"data":"[   4.4 min] 26 rows written\n"}
,{"stream_name":"stdout","time":326.636121456,"data":"[   5.4 min] 33 rows written\n"}
,{"stream_name":"stdout","time":386.643369614,"data":"[   6.4 min] 40 rows written\n"}
,{"stream_name":"stdout","time":446.650421674,"data":"[   7.4 min] 48 rows written\n"}
,{"stream_name":"stdout","time":506.657996228,"data":"[   8.4 min] 56 rows written\n"}
,{"stream_name":"stdout","time":566.665413343,"data":"[   9.4 min] 62 rows written\n"}
,{"stream_name":"stdout","time":626.674350724,"data":"[  10.4 min] 71 rows written\n"}
,{"stream_name":"stdout","time":686.683592164,"data":"[  11.4 min] 79 rows written\n"}
,{"stream_name":"stdout","time":746.696485339,"data":"[  12.4 min] 87 rows written\n"}
,{"stream_name":"stdout","time":806.709795961,"data":"[  13.4 min] 94 rows written\n"}
,{"stream_name":"stdout","time":866.724391057,"data":"[  14.4 min] 98 rows written\n"}
,{"stream_name":"stdout","time":926.737469675,"data":"[  15.4 min] 103 rows written\n"}
,{"stream_name":"stdout","time":986.765703139,"data":"[  16.4 min] 114 rows written\n"}
,{"stream_name":"stdout","time":1046.783801583,"data":"[  17.4 min] 122 rows written\n"}
,{"stream_name":"stdout","time":1106.805693936,"data":"[  18.4 min] 132 rows written\n"}
,{"stream_name":"stdout","time":1166.824097069,"data":"[  19.4 min] 139 rows written\n"}
,{"stream_name":"stdout","time":1226.850206377,"data":"[  20.4 min] 148 rows written\n"}
,{"stream_name":"stdout","time":1286.872686557,"data":"[  21.4 min] 158 rows written\n"}
,{"stream_name":"stdout","time":1346.907673336,"data":"[  22.4 min] 165 rows written\n"}
,{"stream_name":"stdout","time":1406.935653114,"data":"[  23.4 min] 170 rows written\n"}
,{"stream_name":"stdout","time":1466.960387104,"data":"[  24.4 min] 179 rows written\n"}
,{"stream_name":"stdout","time":1526.987679487,"data":"[  25.4 min] 186 rows written\n"}
,{"stream_name":"stdout","time":1587.012277249,"data":"[  26.4 min] 189 rows written\n"}
,{"stream_name":"stdout","time":1647.04236088,"data":"[  27.4 min] 196 rows written\n"}
,{"stream_name":"stdout","time":1707.070634852,"data":"[  28.4 min] 205 rows written\n"}
,{"stream_name":"stdout","time":1767.100710283,"data":"[  29.4 min] 211 rows written\n"}
,{"stream_name":"stdout","time":1827.135795232,"data":"[  30.4 min] 217 rows written\n"}
,{"stream_name":"stdout","time":1887.183794959,"data":"[  31.4 min] 226 rows written\n"}
,{"stream_name":"stdout","time":1947.217568338,"data":"[  32.4 min] 234 rows written\n"}
,{"stream_name":"stdout","time":2007.248835615,"data":"[  33.4 min] 238 rows written\n"}
,{"stream_name":"stdout","time":2067.302671991,"data":"[  34.4 min] 242 rows written\n"}
,{"stream_name":"stdout","time":2127.341553379,"data":"[  35.4 min] 250 rows written\n"}
,{"stream_name":"stdout","time":2187.379253529,"data":"[  36.4 min] 257 rows written\n"}
,{"stream_name":"stdout","time":2247.416344804,"data":"[  37.4 min] 266 rows written\n"}
,{"stream_name":"stdout","time":2307.457822948,"data":"[  38.4 min] 274 rows written\n"}
,{"stream_name":"stdout","time":2367.49766922,"data":"[  39.4 min] 280 rows written\n"}
,{"stream_name":"stdout","time":2427.538607944,"data":"[  40.4 min] 287 rows written\n"}
,{"stream_name":"stdout","time":2487.581675363,"data":"[  41.4 min] 296 rows written\n"}
,{"stream_name":"stdout","time":2547.62441175,"data":"[  42.4 min] 303 rows written\n"}
,{"stream_name":"stdout","time":2607.668040287,"data":"[  43.4 min] 315 rows written\n"}
,{"stream_name":"stdout","time":2667.718417911,"data":"[  44.4 min] 325 rows written\n"}
,{"stream_name":"stdout","time":2727.765424365,"data":"[  45.4 min] 335 rows written\n"}
,{"stream_name":"stdout","time":2787.813772076,"data":"[  46.4 min] 343 rows written\n"}
,{"stream_name":"stdout","time":2847.881285035,"data":"[  47.5 min] 350 rows written\n"}
,{"stream_name":"stdout","time":2907.935676863,"data":"[  48.5 min] 358 rows written\n"}
,{"stream_name":"stdout","time":2967.983716091,"data":"[  49.5 min] 365 rows written\n"}
,{"stream_name":"stdout","time":3028.037320677,"data":"[  50.5 min] 371 rows written\n"}
,{"stream_name":"stdout","time":3088.091313197,"data":"[  51.5 min] 379 rows written\n"}
,{"stream_name":"stdout","time":3148.145640453,"data":"[  52.5 min] 387 rows written\n"}
,{"stream_name":"stdout","time":3208.201081796,"data":"[  53.5 min] 393 rows written\n"}
,{"stream_name":"stdout","time":3268.259717279,"data":"[  54.5 min] 401 rows written\n"}
,{"stream_name":"stdout","time":3328.32268733,"data":"[  55.5 min] 411 rows written\n"}
,{"stream_name":"stdout","time":3388.3837294,"data":"[  56.5 min] 419 rows written\n"}
,{"stream_name":"stdout","time":3448.443828057,"data":"[  57.5 min] 427 rows written\n"}
,{"stream_name":"stdout","time":3508.508150306,"data":"[  58.5 min] 439 rows written\n"}
,{"stream_name":"stdout","time":3568.576788995,"data":"[  59.5 min] 453 rows written\n"}
,{"stream_name":"stdout","time":3628.643843709,"data":"[  60.5 min] 459 rows written\n"}
,{"stream_name":"stdout","time":3688.7100347,"data":"[  61.5 min] 468 rows written\n"}
,{"stream_name":"stdout","time":3748.775999007,"data":"[  62.5 min] 474 rows written\n"}
,{"stream_name":"stdout","time":3808.858872941,"data":"[  63.5 min] 483 rows written\n"}
,{"stream_name":"stdout","time":3868.930399814,"data":"[  64.5 min] 492 rows written\n"}
,{"stream_name":"stdout","time":3929.000187758,"data":"[  65.5 min] 500 rows written\n"}
,{"stream_name":"stdout","time":3989.069031106,"data":"[  66.5 min] 510 rows written\n"}
,{"stream_name":"stdout","time":4049.135689306,"data":"[  67.5 min] 521 rows written\n"}
,{"stream_name":"stdout","time":4109.19615756,"data":"[  68.5 min] 525 rows written\n"}
,{"stream_name":"stdout","time":4169.267693283,"data":"[  69.5 min] 531 rows written\n"}
,{"stream_name":"stdout","time":4229.344688955,"data":"[  70.5 min] 538 rows written\n"}
,{"stream_name":"stdout","time":4289.41652376,"data":"[  71.5 min] 545 rows written\n"}
,{"stream_name":"stdout","time":4349.495614742,"data":"[  72.5 min] 553 rows written\n"}
,{"stream_name":"stdout","time":4409.580052931,"data":"[  73.5 min] 560 rows written\n"}
,{"stream_name":"stdout","time":4469.661478181,"data":"[  74.5 min] 570 rows written\n"}
,{"stream_name":"stdout","time":4529.739993305,"data":"[  75.5 min] 583 rows written\n"}
,{"stream_name":"stdout","time":4589.826686005,"data":"[  76.5 min] 592 rows written\n"}
,{"stream_name":"stdout","time":4649.906119962,"data":"[  77.5 min] 603 rows written\n"}
,{"stream_name":"stdout","time":4709.98969788,"data":"[  78.5 min] 615 rows written\n"}
,{"stream_name":"stdout","time":4770.078725128,"data":"[  79.5 min] 624 rows written\n"}
,{"stream_name":"stdout","time":4830.161194943,"data":"[  80.5 min] 633 rows written\n"}
,{"stream_name":"stdout","time":4890.266931378,"data":"[  81.5 min] 643 rows written\n"}
,{"stream_name":"stdout","time":4950.354437566,"data":"[  82.5 min] 650 rows written\n"}
,{"stream_name":"stdout","time":5010.440302213,"data":"[  83.5 min] 661 rows written\n"}
,{"stream_name":"stdout","time":5070.531853521,"data":"[  84.5 min] 675 rows written\n"}
,{"stream_name":"stdout","time":5130.621683963,"data":"[  85.5 min] 692 rows written\n"}
,{"stream_name":"stdout","time":5190.71162178,"data":"[  86.5 min] 707 rows written\n"}
,{"stream_name":"stdout","time":5250.807311809,"data":"[  87.5 min] 719 rows written\n"}
,{"stream_name":"stdout","time":5310.908246347,"data":"[  88.5 min] 737 rows written\n"}
,{"stream_name":"stdout","time":5370.957745399,"data":"[  89.5 min] 750 rows written\n"}
,{"stream_name":"stdout","time":5431.115695394,"data":"[  90.5 min] 759 rows written\n"}
,{"stream_name":"stdout","time":5491.228719057,"data":"[  91.5 min] 775 rows written\n"}
,{"stream_name":"stdout","time":5551.328714276,"data":"[  92.5 min] 790 rows written\n"}
,{"stream_name":"stdout","time":5611.435657831,"data":"[  93.5 min] 806 rows written\n"}
,{"stream_name":"stdout","time":5671.539692327,"data":"[  94.5 min] 817 rows written\n"}
,{"stream_name":"stdout","time":5731.64221578,"data":"[  95.5 min] 830 rows written\n"}
,{"stream_name":"stdout","time":5791.755651786,"data":"[  96.5 min] 843 rows written\n"}
,{"stream_name":"stdout","time":5851.858908163,"data":"[  97.5 min] 855 rows written\n"}
,{"stream_name":"stdout","time":5911.963263641,"data":"[  98.5 min] 873 rows written\n"}
,{"stream_name":"stdout","time":5972.069672724,"data":"[  99.5 min] 884 rows written\n"}
,{"stream_name":"stdout","time":6032.170629171,"data":"[ 100.5 min] 895 rows written\n"}
,{"stream_name":"stdout","time":6092.286657256,"data":"[ 101.5 min] 912 rows written\n"}
,{"stream_name":"stdout","time":6152.452699689,"data":"[ 102.5 min] 926 rows written\n"}
,{"stream_name":"stdout","time":6212.561027416,"data":"[ 103.5 min] 944 rows written\n"}
,{"stream_name":"stdout","time":6272.684265439,"data":"[ 104.5 min] 961 rows written\n"}
,{"stream_name":"stdout","time":6332.858079497,"data":"[ 105.5 min] 979 rows written\n"}
,{"stream_name":"stdout","time":6392.982259805,"data":"[ 106.5 min] 996 rows written\n"}
,{"stream_name":"stdout","time":6453.099342703,"data":"[ 107.5 min] 1010 rows written\n"}
,{"stream_name":"stdout","time":6513.216866728,"data":"[ 108.5 min] 1026 rows written\n"}
,{"stream_name":"stdout","time":6573.339536938,"data":"[ 109.5 min] 1037 rows written\n"}
,{"stream_name":"stdout","time":6633.462972376,"data":"[ 110.5 min] 1051 rows written\n"}
,{"stream_name":"stdout","time":6693.583769048,"data":"[ 111.5 min] 1062 rows written\n"}
,{"stream_name":"stdout","time":6753.711627776,"data":"[ 112.5 min] 1075 rows written\n"}
,{"stream_name":"stdout","time":6813.831978097,"data":"[ 113.5 min] 1091 rows written\n"}
,{"stream_name":"stdout","time":6873.967031725,"data":"[ 114.6 min] 1102 rows written\n"}
,{"stream_name":"stdout","time":6934.082044753,"data":"[ 115.6 min] 1114 rows written\n"}
,{"stream_name":"stdout","time":6994.216316317,"data":"[ 116.6 min] 1125 rows written\n"}
,{"stream_name":"stdout","time":7054.384606738,"data":"[ 117.6 min] 1137 rows written\n"}
,{"stream_name":"stdout","time":7114.577646016,"data":"[ 118.6 min] 1155 rows written\n"}
,{"stream_name":"stdout","time":7174.691349279,"data":"[ 119.6 min] 1169 rows written\n"}
,{"stream_name":"stdout","time":7234.998267823,"data":"[ 120.6 min] 1189 rows written\n"}
,{"stream_name":"stdout","time":7295.111598189,"data":"[ 121.6 min] 1204 rows written\n"}
,{"stream_name":"stdout","time":7355.297381106,"data":"[ 122.6 min] 1223 rows written\n"}
,{"stream_name":"stdout","time":7415.443293332,"data":"[ 123.6 min] 1243 rows written\n"}
,{"stream_name":"stdout","time":7475.612337344,"data":"[ 124.6 min] 1262 rows written\n"}
,{"stream_name":"stdout","time":7535.750663842,"data":"[ 125.6 min] 1280 rows written\n"}
,{"stream_name":"stdout","time":7595.900708832,"data":"[ 126.6 min] 1293 rows written\n"}
,{"stream_name":"stdout","time":7656.043583236,"data":"[ 127.6 min] 1309 rows written\n"}
,{"stream_name":"stdout","time":7716.187912746,"data":"[ 128.6 min] 1321 rows written\n"}
,{"stream_name":"stdout","time":7776.307758005,"data":"[ 129.6 min] 1329 rows written\n"}
,{"stream_name":"stdout","time":7836.422122282,"data":"[ 130.6 min] 1340 rows written\n"}
,{"stream_name":"stdout","time":7896.549883608,"data":"[ 131.6 min] 1348 rows written\n"}
,{"stream_name":"stdout","time":7956.707677057,"data":"[ 132.6 min] 1358 rows written\n"}
,{"stream_name":"stdout","time":8016.836691548,"data":"[ 133.6 min] 1368 rows written\n"}
,{"stream_name":"stdout","time":8076.994802469,"data":"[ 134.6 min] 1376 rows written\n"}
,{"stream_name":"stdout","time":8137.11920168,"data":"[ 135.6 min] 1384 rows written\n"}
,{"stream_name":"stdout","time":8197.255087168,"data":"[ 136.6 min] 1393 rows written\n"}
,{"stream_name":"stdout","time":8257.426059171,"data":"[ 137.6 min] 1403 rows written\n"}
,{"stream_name":"stdout","time":8317.585139668,"data":"[ 138.6 min] 1413 rows written\n"}
,{"stream_name":"stdout","time":8377.708555268,"data":"[ 139.6 min] 1420 rows written\n"}
,{"stream_name":"stdout","time":8437.85521972,"data":"[ 140.6 min] 1429 rows written\n"}
,{"stream_name":"stdout","time":8498.021536145,"data":"[ 141.6 min] 1437 rows written\n"}
,{"stream_name":"stdout","time":8558.188693539,"data":"[ 142.6 min] 1448 rows written\n"}
,{"stream_name":"stdout","time":8618.347085155,"data":"[ 143.6 min] 1462 rows written\n"}
,{"stream_name":"stdout","time":8678.552771217,"data":"[ 144.6 min] 1478 rows written\n"}
,{"stream_name":"stdout","time":8738.725326093,"data":"[ 145.6 min] 1493 rows written\n"}
,{"stream_name":"stdout","time":8798.888253545,"data":"[ 146.6 min] 1508 rows written\n"}
,{"stream_name":"stdout","time":8859.026794902,"data":"[ 147.6 min] 1522 rows written\n"}
,{"stream_name":"stdout","time":8919.186520986,"data":"[ 148.6 min] 1540 rows written\n"}
,{"stream_name":"stdout","time":8979.337168092,"data":"[ 149.6 min] 1556 rows written\n"}
,{"stream_name":"stdout","time":9039.47504454,"data":"[ 150.6 min] 1575 rows written\n"}
,{"stream_name":"stdout","time":9099.595471372,"data":"[ 151.6 min] 1587 rows written\n"}
,{"stream_name":"stdout","time":9159.772052005,"data":"[ 152.6 min] 1607 rows written\n"}
,{"stream_name":"stdout","time":9219.983349716,"data":"[ 153.7 min] 1627 rows written\n"}
,{"stream_name":"stdout","time":9280.119812946,"data":"[ 154.7 min] 1641 rows written\n"}
,{"stream_name":"stdout","time":9340.274458095,"data":"[ 155.7 min] 1656 rows written\n"}
,{"stream_name":"stdout","time":9400.434200382,"data":"[ 156.7 min] 1672 rows written\n"}
,{"stream_name":"stdout","time":9460.578848624,"data":"[ 157.7 min] 1682 rows written\n"}
,{"stream_name":"stdout","time":9520.744313939,"data":"[ 158.7 min] 1692 rows written\n"}
,{"stream_name":"stdout","time":9580.876019399,"data":"[ 159.7 min] 1713 rows written\n"}
,{"stream_name":"stdout","time":9640.98575286,"data":"[ 160.7 min] 1725 rows written\n"}
,{"stream_name":"stdout","time":9701.129473705,"data":"[ 161.7 min] 1743 rows written\n"}
,{"stream_name":"stdout","time":9761.33739264,"data":"[ 162.7 min] 1755 rows written\n"}
,{"stream_name":"stdout","time":9821.603669006,"data":"[ 163.7 min] 1763 rows written\n"}
,{"stream_name":"stdout","time":9881.765131712,"data":"[ 164.7 min] 1775 rows written\n"}
,{"stream_name":"stdout","time":9941.907049408,"data":"[ 165.7 min] 1785 rows written\n"}
,{"stream_name":"stdout","time":10002.067585252,"data":"[ 166.7 min] 1794 rows written\n"}
,{"stream_name":"stdout","time":10062.266999776,"data":"[ 167.7 min] 1808 rows written\n"}
,{"stream_name":"stdout","time":10122.45794226,"data":"[ 168.7 min] 1826 rows written\n"}
,{"stream_name":"stdout","time":10182.609357726,"data":"[ 169.7 min] 1842 rows written\n"}
,{"stream_name":"stdout","time":10242.740761611,"data":"[ 170.7 min] 1856 rows written\n"}
,{"stream_name":"stdout","time":10302.90853947,"data":"[ 171.7 min] 1874 rows written\n"}
,{"stream_name":"stdout","time":10363.055953489,"data":"[ 172.7 min] 1895 rows written\n"}
,{"stream_name":"stdout","time":10423.219076605,"data":"[ 173.7 min] 1911 rows written\n"}
,{"stream_name":"stdout","time":10483.357197489,"data":"[ 174.7 min] 1926 rows written\n"}
,{"stream_name":"stdout","time":10543.470558935,"data":"[ 175.7 min] 1946 rows written\n"}
,{"stream_name":"stdout","time":10603.671444155,"data":"[ 176.7 min] 1960 rows written\n"}
,{"stream_name":"stdout","time":10663.822181423,"data":"[ 177.7 min] 1968 rows written\n"}
,{"stream_name":"stdout","time":10724.024410512,"data":"[ 178.7 min] 1984 rows written\n"}
,{"stream_name":"stdout","time":10784.194680574,"data":"[ 179.7 min] 2005 rows written\n"}
,{"stream_name":"stdout","time":10844.436735896,"data":"[ 180.7 min] 2027 rows written\n"}
,{"stream_name":"stdout","time":10904.620708112,"data":"[ 181.7 min] 2051 rows written\n"}
,{"stream_name":"stdout","time":10964.783953267,"data":"[ 182.7 min] 2066 rows written\n"}
,{"stream_name":"stdout","time":11024.978991652,"data":"[ 183.7 min] 2088 rows written\n"}
,{"stream_name":"stdout","time":11085.183764418,"data":"[ 184.7 min] 2112 rows written\n"}
,{"stream_name":"stdout","time":11145.328231623,"data":"[ 185.7 min] 2129 rows written\n"}
,{"stream_name":"stdout","time":11205.522860671,"data":"[ 186.7 min] 2149 rows written\n"}
,{"stream_name":"stdout","time":11265.694165581,"data":"[ 187.7 min] 2170 rows written\n"}
,{"stream_name":"stdout","time":11325.91669011,"data":"[ 188.8 min] 2203 rows written\n"}
,{"stream_name":"stdout","time":11386.085930959,"data":"[ 189.8 min] 2235 rows written\n"}
,{"stream_name":"stdout","time":11446.338969283,"data":"[ 190.8 min] 2265 rows written\n"}
,{"stream_name":"stdout","time":11506.506207633,"data":"[ 191.8 min] 2305 rows written\n"}
,{"stream_name":"stdout","time":11566.682043605,"data":"[ 192.8 min] 2339 rows written\n"}
,{"stream_name":"stdout","time":11626.91207382,"data":"[ 193.8 min] 2358 rows written\n"}
,{"stream_name":"stdout","time":11687.074607111,"data":"[ 194.8 min] 2379 rows written\n"}
,{"stream_name":"stdout","time":11747.313230989,"data":"[ 195.8 min] 2395 rows written\n"}
,{"stream_name":"stdout","time":11807.475571833,"data":"[ 196.8 min] 2413 rows written\n"}
,{"stream_name":"stdout","time":11867.641164601,"data":"[ 197.8 min] 2422 rows written\n"}
,{"stream_name":"stdout","time":11927.845255916,"data":"[ 198.8 min] 2434 rows written\n"}
,{"stream_name":"stdout","time":11988.071512678,"data":"[ 199.8 min] 2448 rows written\n"}
,{"stream_name":"stdout","time":12048.335969164,"data":"[ 200.8 min] 2456 rows written\n"}
,{"stream_name":"stdout","time":12108.56668427,"data":"[ 201.8 min] 2474 rows written\n"}
,{"stream_name":"stdout","time":12168.788060968,"data":"[ 202.8 min] 2490 rows written\n"}
,{"stream_name":"stdout","time":12229.01018675,"data":"[ 203.8 min] 2509 rows written\n"}
,{"stream_name":"stdout","time":12289.235992833,"data":"[ 204.8 min] 2523 rows written\n"}
,{"stream_name":"stdout","time":12349.471637701,"data":"[ 205.8 min] 2535 rows written\n"}
,{"stream_name":"stdout","time":12409.712695682,"data":"[ 206.8 min] 2552 rows written\n"}
,{"stream_name":"stdout","time":12469.956730306,"data":"[ 207.8 min] 2568 rows written\n"}
,{"stream_name":"stdout","time":12530.175184305,"data":"[ 208.8 min] 2574 rows written\n"}
,{"stream_name":"stdout","time":12590.487103095,"data":"[ 209.8 min] 2579 rows written\n"}
,{"stream_name":"stdout","time":12650.675435842,"data":"[ 210.8 min] 2588 rows written\n"}
,{"stream_name":"stdout","time":12710.879250592,"data":"[ 211.8 min] 2598 rows written\n"}
,{"stream_name":"stdout","time":12771.087804424,"data":"[ 212.8 min] 2603 rows written\n"}
,{"stream_name":"stdout","time":12831.333774536,"data":"[ 213.8 min] 2609 rows written\n"}
,{"stream_name":"stdout","time":12891.548298365,"data":"[ 214.8 min] 2614 rows written\n"}
,{"stream_name":"stdout","time":12951.721752238,"data":"[ 215.8 min] 2619 rows written\n"}
,{"stream_name":"stdout","time":13012.012763584,"data":"[ 216.9 min] 2625 rows written\n"}
,{"stream_name":"stdout","time":13072.274793446,"data":"[ 217.9 min] 2633 rows written\n"}
,{"stream_name":"stdout","time":13132.471097775,"data":"[ 218.9 min] 2640 rows written\n"}
,{"stream_name":"stdout","time":13192.648988424,"data":"[ 219.9 min] 2648 rows written\n"}
,{"stream_name":"stdout","time":13252.868307008,"data":"[ 220.9 min] 2653 rows written\n"}
,{"stream_name":"stdout","time":13313.07148009,"data":"[ 221.9 min] 2657 rows written\n"}
,{"stream_name":"stdout","time":13373.276372697,"data":"[ 222.9 min] 2667 rows written\n"}
,{"stream_name":"stdout","time":13433.515787425,"data":"[ 223.9 min] 2672 rows written\n"}
,{"stream_name":"stdout","time":13493.690378426,"data":"[ 224.9 min] 2678 rows written\n"}
,{"stream_name":"stdout","time":13554.018614967,"data":"[ 225.9 min] 2682 rows written\n"}
,{"stream_name":"stdout","time":13614.275246746,"data":"[ 226.9 min] 2688 rows written\n"}
,{"stream_name":"stdout","time":13674.510703111,"data":"[ 227.9 min] 2695 rows written\n"}
,{"stream_name":"stdout","time":13734.737618531,"data":"[ 228.9 min] 2700 rows written\n"}
,{"stream_name":"stdout","time":13794.990661376,"data":"[ 229.9 min] 2707 rows written\n"}
,{"stream_name":"stdout","time":13855.232962132,"data":"[ 230.9 min] 2712 rows written\n"}
,{"stream_name":"stdout","time":13915.45799001,"data":"[ 231.9 min] 2717 rows written\n"}
,{"stream_name":"stdout","time":13975.715712644,"data":"[ 232.9 min] 2725 rows written\n"}
,{"stream_name":"stdout","time":14035.948514912,"data":"[ 233.9 min] 2735 rows written\n"}
,{"stream_name":"stdout","time":14096.175798864,"data":"[ 234.9 min] 2741 rows written\n"}
,{"stream_name":"stdout","time":14156.430682541,"data":"[ 235.9 min] 2745 rows written\n"}
,{"stream_name":"stdout","time":14216.664183522,"data":"[ 236.9 min] 2752 rows written\n"}
,{"stream_name":"stdout","time":14276.909443963,"data":"[ 237.9 min] 2757 rows written\n"}
,{"stream_name":"stdout","time":14337.246666202,"data":"[ 238.9 min] 2763 rows written\n"}
,{"stream_name":"stdout","time":14397.495909343,"data":"[ 239.9 min] 2768 rows written\n"}
,{"stream_name":"stdout","time":14457.726649388,"data":"[ 240.9 min] 2777 rows written\n"}
,{"stream_name":"stdout","time":14517.947924346,"data":"[ 242.0 min] 2784 rows written\n"}
,{"stream_name":"stdout","time":14578.130004769,"data":"[ 243.0 min] 2793 rows written\n"}
,{"stream_name":"stdout","time":14638.399118491,"data":"[ 244.0 min] 2802 rows written\n"}
,{"stream_name":"stdout","time":14698.603823335,"data":"[ 245.0 min] 2811 rows written\n"}
,{"stream_name":"stdout","time":14758.826198179,"data":"[ 246.0 min] 2819 rows written\n"}
,{"stream_name":"stdout","time":14819.031110788,"data":"[ 247.0 min] 2824 rows written\n"}
,{"stream_name":"stdout","time":14879.288959433,"data":"[ 248.0 min] 2832 rows written\n"}
,{"stream_name":"stdout","time":14939.543243035,"data":"[ 249.0 min] 2840 rows written\n"}
,{"stream_name":"stdout","time":14999.819382565,"data":"[ 250.0 min] 2844 rows written\n"}
,{"stream_name":"stdout","time":15060.018250202,"data":"[ 251.0 min] 2853 rows written\n"}
,{"stream_name":"stdout","time":15120.233995835,"data":"[ 252.0 min] 2861 rows written\n"}
,{"stream_name":"stdout","time":15180.423590891,"data":"[ 253.0 min] 2871 rows written\n"}
,{"stream_name":"stdout","time":15240.619520413,"data":"[ 254.0 min] 2878 rows written\n"}
,{"stream_name":"stdout","time":15300.878765475,"data":"[ 255.0 min] 2885 rows written\n"}
,{"stream_name":"stdout","time":15361.065556588,"data":"[ 256.0 min] 2892 rows written\n"}
,{"stream_name":"stdout","time":15421.430707317,"data":"[ 257.0 min] 2902 rows written\n"}
,{"stream_name":"stdout","time":15481.656448635,"data":"[ 258.0 min] 2907 rows written\n"}
,{"stream_name":"stdout","time":15541.948235914,"data":"[ 259.0 min] 2913 rows written\n"}
,{"stream_name":"stdout","time":15602.241994506,"data":"[ 260.0 min] 2917 rows written\n"}
,{"stream_name":"stdout","time":15662.447300372,"data":"[ 261.0 min] 2923 rows written\n"}
,{"stream_name":"stdout","time":15722.654716506,"data":"[ 262.0 min] 2932 rows written\n"}
,{"stream_name":"stdout","time":15782.957650298,"data":"[ 263.0 min] 2937 rows written\n"}
,{"stream_name":"stdout","time":15843.206276493,"data":"[ 264.0 min] 2944 rows written\n"}
,{"stream_name":"stdout","time":15903.426057432,"data":"[ 265.0 min] 2950 rows written\n"}
,{"stream_name":"stdout","time":15963.664228067,"data":"[ 266.0 min] 2961 rows written\n"}
,{"stream_name":"stdout","time":16023.964779397,"data":"[ 267.1 min] 2968 rows written\n"}
,{"stream_name":"stdout","time":16084.246688385,"data":"[ 268.1 min] 2974 rows written\n"}
,{"stream_name":"stdout","time":16144.57972105,"data":"[ 269.1 min] 2983 rows written\n"}
,{"stream_name":"stdout","time":16204.871077449,"data":"[ 270.1 min] 2994 rows written\n"}
,{"stream_name":"stdout","time":16265.126540416,"data":"[ 271.1 min] 3004 rows written\n"}
,{"stream_name":"stdout","time":16325.471682584,"data":"[ 272.1 min] 3013 rows written\n"}
,{"stream_name":"stdout","time":16385.682871907,"data":"[ 273.1 min] 3025 rows written\n"}
,{"stream_name":"stdout","time":16445.942655698,"data":"[ 274.1 min] 3031 rows written\n"}
,{"stream_name":"stdout","time":16506.224400594,"data":"[ 275.1 min] 3037 rows written\n"}
,{"stream_name":"stdout","time":16566.553882518,"data":"[ 276.1 min] 3047 rows written\n"}
,{"stream_name":"stdout","time":16626.923025452,"data":"[ 277.1 min] 3059 rows written\n"}
,{"stream_name":"stdout","time":16687.167920371,"data":"[ 278.1 min] 3066 rows written\n"}
,{"stream_name":"stdout","time":16747.549732996,"data":"[ 279.1 min] 3073 rows written\n"}
,{"stream_name":"stdout","time":16807.807171179,"data":"[ 280.1 min] 3084 rows written\n"}
,{"stream_name":"stdout","time":16868.085961242,"data":"[ 281.1 min] 3097 rows written\n"}
,{"stream_name":"stdout","time":16928.288267642,"data":"[ 282.1 min] 3107 rows written\n"}
,{"stream_name":"stdout","time":16988.555213893,"data":"[ 283.1 min] 3112 rows written\n"}
,{"stream_name":"stdout","time":17048.782304713,"data":"[ 284.1 min] 3120 rows written\n"}
,{"stream_name":"stdout","time":17108.99111693,"data":"[ 285.1 min] 3128 rows written\n"}
,{"stream_name":"stdout","time":17169.200446798,"data":"[ 286.1 min] 3140 rows written\n"}
,{"stream_name":"stdout","time":17229.479174913,"data":"[ 287.1 min] 3152 rows written\n"}
,{"stream_name":"stdout","time":17289.74008349,"data":"[ 288.1 min] 3165 rows written\n"}
,{"stream_name":"stdout","time":17350.139124915,"data":"[ 289.2 min] 3173 rows written\n"}
,{"stream_name":"stdout","time":17410.392755776,"data":"[ 290.2 min] 3182 rows written\n"}
,{"stream_name":"stdout","time":17470.610759904,"data":"[ 291.2 min] 3194 rows written\n"}
,{"stream_name":"stdout","time":17530.821823755,"data":"[ 292.2 min] 3203 rows written\n"}
,{"stream_name":"stdout","time":17591.052261,"data":"[ 293.2 min] 3212 rows written\n"}
,{"stream_name":"stdout","time":17651.365606515,"data":"[ 294.2 min] 3226 rows written\n"}
,{"stream_name":"stdout","time":17711.650093593,"data":"[ 295.2 min] 3236 rows written\n"}
,{"stream_name":"stdout","time":17771.881790616,"data":"[ 296.2 min] 3247 rows written\n"}
,{"stream_name":"stdout","time":17832.149235755,"data":"[ 297.2 min] 3256 rows written\n"}
,{"stream_name":"stdout","time":17892.377844066,"data":"[ 298.2 min] 3264 rows written\n"}
,{"stream_name":"stdout","time":17952.610260988,"data":"[ 299.2 min] 3271 rows written\n"}
,{"stream_name":"stdout","time":18012.87617872,"data":"[ 300.2 min] 3277 rows written\n"}
,{"stream_name":"stdout","time":18073.122630783,"data":"[ 301.2 min] 3290 rows written\n"}
,{"stream_name":"stdout","time":18133.458404562,"data":"[ 302.2 min] 3302 rows written\n"}
,{"stream_name":"stdout","time":18193.690694143,"data":"[ 303.2 min] 3317 rows written\n"}
,{"stream_name":"stdout","time":18253.934666071,"data":"[ 304.2 min] 3325 rows written\n"}
,{"stream_name":"stdout","time":18314.310699022,"data":"[ 305.2 min] 3338 rows written\n"}
,{"stream_name":"stdout","time":18374.650371041,"data":"[ 306.2 min] 3347 rows written\n"}
,{"stream_name":"stdout","time":18434.919983048,"data":"[ 307.2 min] 3362 rows written\n"}
,{"stream_name":"stdout","time":18495.143107445,"data":"[ 308.2 min] 3373 rows written\n"}
,{"stream_name":"stdout","time":18555.38707017,"data":"[ 309.2 min] 3387 rows written\n"}
,{"stream_name":"stdout","time":18615.734853566,"data":"[ 310.2 min] 3400 rows written\n"}
,{"stream_name":"stdout","time":18675.967390533,"data":"[ 311.3 min] 3415 rows written\n"}
,{"stream_name":"stdout","time":18736.285097052,"data":"[ 312.3 min] 3425 rows written\n"}
,{"stream_name":"stdout","time":18796.602217309,"data":"[ 313.3 min] 3434 rows written\n"}
,{"stream_name":"stdout","time":18856.948184924,"data":"[ 314.3 min] 3445 rows written\n"}
,{"stream_name":"stdout","time":18917.353891256,"data":"[ 315.3 min] 3457 rows written\n"}
,{"stream_name":"stdout","time":18977.591591578,"data":"[ 316.3 min] 3470 rows written\n"}
,{"stream_name":"stdout","time":19037.928567872,"data":"[ 317.3 min] 3480 rows written\n"}
,{"stream_name":"stdout","time":19098.221790504,"data":"[ 318.3 min] 3492 rows written\n"}
,{"stream_name":"stdout","time":19158.625902468,"data":"[ 319.3 min] 3505 rows written\n"}
,{"stream_name":"stdout","time":19218.883674325,"data":"[ 320.3 min] 3516 rows written\n"}
,{"stream_name":"stdout","time":19279.139107887,"data":"[ 321.3 min] 3525 rows written\n"}
,{"stream_name":"stdout","time":19339.404099484,"data":"[ 322.3 min] 3536 rows written\n"}
,{"stream_name":"stdout","time":19399.80767593,"data":"[ 323.3 min] 3547 rows written\n"}
,{"stream_name":"stdout","time":19460.055104684,"data":"[ 324.3 min] 3553 rows written\n"}
,{"stream_name":"stdout","time":19520.274295712,"data":"[ 325.3 min] 3568 rows written\n"}
,{"stream_name":"stdout","time":19580.550109551,"data":"[ 326.3 min] 3584 rows written\n"}
,{"stream_name":"stdout","time":19640.859480976,"data":"[ 327.3 min] 3599 rows written\n"}
,{"stream_name":"stdout","time":19701.180559281,"data":"[ 328.3 min] 3618 rows written\n"}
,{"stream_name":"stdout","time":19761.481837785,"data":"[ 329.3 min] 3637 rows written\n"}
,{"stream_name":"stdout","time":19821.815446292,"data":"[ 330.3 min] 3658 rows written\n"}
,{"stream_name":"stdout","time":19882.154079023,"data":"[ 331.4 min] 3677 rows written\n"}
,{"stream_name":"stdout","time":19942.440160933,"data":"[ 332.4 min] 3688 rows written\n"}
,{"stream_name":"stdout","time":20002.703553303,"data":"[ 333.4 min] 3701 rows written\n"}
,{"stream_name":"stdout","time":20062.963935546,"data":"[ 334.4 min] 3711 rows written\n"}
,{"stream_name":"stdout","time":20123.272555276,"data":"[ 335.4 min] 3723 rows written\n"}
,{"stream_name":"stdout","time":20183.726286683,"data":"[ 336.4 min] 3732 rows written\n"}
,{"stream_name":"stdout","time":20243.964523812,"data":"[ 337.4 min] 3744 rows written\n"}
,{"stream_name":"stdout","time":20304.245382239,"data":"[ 338.4 min] 3754 rows written\n"}
,{"stream_name":"stdout","time":20364.510647969,"data":"[ 339.4 min] 3765 rows written\n"}
,{"stream_name":"stdout","time":20424.817308351,"data":"[ 340.4 min] 3779 rows written\n"}
,{"stream_name":"stdout","time":20485.098837067,"data":"[ 341.4 min] 3786 rows written\n"}
,{"stream_name":"stdout","time":20545.308411873,"data":"[ 342.4 min] 3799 rows written\n"}
,{"stream_name":"stdout","time":20605.570177701,"data":"[ 343.4 min] 3811 rows written\n"}
,{"stream_name":"stdout","time":20665.900476504,"data":"[ 344.4 min] 3825 rows written\n"}
,{"stream_name":"stdout","time":20726.098988525,"data":"[ 345.4 min] 3833 rows written\n"}
,{"stream_name":"stdout","time":20786.411346073,"data":"[ 346.4 min] 3845 rows written\n"}
,{"stream_name":"stdout","time":20846.684216261,"data":"[ 347.4 min] 3855 rows written\n"}
,{"stream_name":"stdout","time":20907.130308603,"data":"[ 348.4 min] 3861 rows written\n"}
,{"stream_name":"stdout","time":20967.508639866,"data":"[ 349.4 min] 3867 rows written\n"}
,{"stream_name":"stdout","time":21027.786362934,"data":"[ 350.4 min] 3874 rows written\n"}
,{"stream_name":"stdout","time":21088.17037654,"data":"[ 351.5 min] 3884 rows written\n"}
,{"stream_name":"stdout","time":21148.535536179,"data":"[ 352.5 min] 3893 rows written\n"}
,{"stream_name":"stdout","time":21208.799732161,"data":"[ 353.5 min] 3911 rows written\n"}
,{"stream_name":"stdout","time":21269.051209084,"data":"[ 354.5 min] 3935 rows written\n"}
,{"stream_name":"stdout","time":21329.453123741,"data":"[ 355.5 min] 3954 rows written\n"}
,{"stream_name":"stdout","time":21389.840722493,"data":"[ 356.5 min] 3974 rows written\n"}
,{"stream_name":"stdout","time":21450.139740488,"data":"[ 357.5 min] 3988 rows written\n"}
,{"stream_name":"stdout","time":21510.367903372,"data":"[ 358.5 min] 4003 rows written\n"}
,{"stream_name":"stdout","time":21570.720092879,"data":"[ 359.5 min] 4018 rows written\n"}
,{"stream_name":"stdout","time":21630.981375868,"data":"[ 360.5 min] 4037 rows written\n"}
,{"stream_name":"stdout","time":21691.483422859,"data":"[ 361.5 min] 4049 rows written\n"}
,{"stream_name":"stdout","time":21751.695588636,"data":"[ 362.5 min] 4061 rows written\n"}
,{"stream_name":"stdout","time":21812.085733894,"data":"[ 363.5 min] 4074 rows written\n"}
,{"stream_name":"stdout","time":21872.361911758,"data":"[ 364.5 min] 4084 rows written\n"}
,{"stream_name":"stdout","time":21932.652268695,"data":"[ 365.5 min] 4096 rows written\n"}
,{"stream_name":"stdout","time":21992.943220439,"data":"[ 366.5 min] 4108 rows written\n"}
,{"stream_name":"stdout","time":22053.268743361,"data":"[ 367.5 min] 4121 rows written\n"}
,{"stream_name":"stdout","time":22113.515424846,"data":"[ 368.5 min] 4134 rows written\n"}
,{"stream_name":"stdout","time":22173.824142092,"data":"[ 369.5 min] 4146 rows written\n"}
,{"stream_name":"stdout","time":22234.233909535,"data":"[ 370.6 min] 4160 rows written\n"}
,{"stream_name":"stdout","time":22294.652902506,"data":"[ 371.6 min] 4174 rows written\n"}
,{"stream_name":"stdout","time":22354.924967349,"data":"[ 372.6 min] 4188 rows written\n"}
,{"stream_name":"stdout","time":22415.317286389,"data":"[ 373.6 min] 4202 rows written\n"}
,{"stream_name":"stdout","time":22475.60241629,"data":"[ 374.6 min] 4216 rows written\n"}
,{"stream_name":"stdout","time":22536.130960083,"data":"[ 375.6 min] 4229 rows written\n"}
,{"stream_name":"stdout","time":22596.439101654,"data":"[ 376.6 min] 4240 rows written\n"}
,{"stream_name":"stdout","time":22656.874679509,"data":"[ 377.6 min] 4253 rows written\n"}
,{"stream_name":"stdout","time":22717.142250605,"data":"[ 378.6 min] 4271 rows written\n"}
,{"stream_name":"stdout","time":22777.50094596,"data":"[ 379.6 min] 4283 rows written\n"}
,{"stream_name":"stdout","time":22837.804144472,"data":"[ 380.6 min] 4294 rows written\n"}
,{"stream_name":"stdout","time":22898.05112399,"data":"[ 381.6 min] 4307 rows written\n"}
,{"stream_name":"stdout","time":22958.329033032,"data":"[ 382.6 min] 4325 rows written\n"}
,{"stream_name":"stdout","time":23018.691769112,"data":"[ 383.6 min] 4339 rows written\n"}
,{"stream_name":"stdout","time":23079.021162647,"data":"[ 384.6 min] 4354 rows written\n"}
,{"stream_name":"stdout","time":23139.394014921,"data":"[ 385.6 min] 4372 rows written\n"}
,{"stream_name":"stdout","time":23199.671734017,"data":"[ 386.6 min] 4393 rows written\n"}
,{"stream_name":"stdout","time":23260.078465581,"data":"[ 387.7 min] 4405 rows written\n"}
,{"stream_name":"stdout","time":23320.544144787,"data":"[ 388.7 min] 4417 rows written\n"}
,{"stream_name":"stdout","time":23380.880874554,"data":"[ 389.7 min] 4435 rows written\n"}
,{"stream_name":"stdout","time":23441.212828669,"data":"[ 390.7 min] 4456 rows written\n"}
,{"stream_name":"stdout","time":23501.515824254,"data":"[ 391.7 min] 4471 rows written\n"}
,{"stream_name":"stdout","time":23561.986651373,"data":"[ 392.7 min] 4482 rows written\n"}
,{"stream_name":"stdout","time":23622.305537418,"data":"[ 393.7 min] 4500 rows written\n"}
,{"stream_name":"stdout","time":23682.702612794,"data":"[ 394.7 min] 4516 rows written\n"}
,{"stream_name":"stdout","time":23743.105696165,"data":"[ 395.7 min] 4533 rows written\n"}
,{"stream_name":"stdout","time":23803.37705721,"data":"[ 396.7 min] 4553 rows written\n"}
,{"stream_name":"stdout","time":23863.708593256,"data":"[ 397.7 min] 4584 rows written\n"}
,{"stream_name":"stdout","time":23924.002750326,"data":"[ 398.7 min] 4605 rows written\n"}
,{"stream_name":"stdout","time":23984.30758725,"data":"[ 399.7 min] 4627 rows written\n"}
,{"stream_name":"stdout","time":24044.747735049,"data":"[ 400.7 min] 4656 rows written\n"}
,{"stream_name":"stdout","time":24105.075029789,"data":"[ 401.7 min] 4681 rows written\n"}
,{"stream_name":"stdout","time":24165.443882432,"data":"[ 402.7 min] 4702 rows written\n"}
,{"stream_name":"stdout","time":24225.754523487,"data":"[ 403.7 min] 4729 rows written\n"}
,{"stream_name":"stdout","time":24286.429852398,"data":"[ 404.8 min] 4755 rows written\n"}
,{"stream_name":"stdout","time":24346.798018845,"data":"[ 405.8 min] 4781 rows written\n"}
,{"stream_name":"stdout","time":24407.082323219,"data":"[ 406.8 min] 4805 rows written\n"}
,{"stream_name":"stdout","time":24467.51066551,"data":"[ 407.8 min] 4832 rows written\n"}
,{"stream_name":"stdout","time":24527.853997553,"data":"[ 408.8 min] 4853 rows written\n"}
,{"stream_name":"stdout","time":24588.121676198,"data":"[ 409.8 min] 4858 rows written\n"}
,{"stream_name":"stdout","time":24648.586235269,"data":"[ 410.8 min] 4870 rows written\n"}
,{"stream_name":"stdout","time":24709.009402911,"data":"[ 411.8 min] 4884 rows written\n"}
,{"stream_name":"stdout","time":24769.416229937,"data":"[ 412.8 min] 4902 rows written\n"}
,{"stream_name":"stdout","time":24829.744001176,"data":"[ 413.8 min] 4917 rows written\n"}
,{"stream_name":"stdout","time":24890.768326056,"data":"[ 414.8 min] 4934 rows written\n"}
,{"stream_name":"stdout","time":24951.148173147,"data":"[ 415.8 min] 4943 rows written\n"}
,{"stream_name":"stdout","time":25011.606274959,"data":"[ 416.8 min] 4959 rows written\n"}
,{"stream_name":"stdout","time":25071.98741511,"data":"[ 417.9 min] 4973 rows written\n"}
,{"stream_name":"stdout","time":25132.454676384,"data":"[ 418.9 min] 4987 rows written\n"}
,{"stream_name":"stdout","time":25192.720773647,"data":"[ 419.9 min] 4996 rows written\n"}
,{"stream_name":"stdout","time":25252.991972449,"data":"[ 420.9 min] 5003 rows written\n"}
,{"stream_name":"stdout","time":25313.313839905,"data":"[ 421.9 min] 5014 rows written\n"}
,{"stream_name":"stdout","time":25373.654222672,"data":"[ 422.9 min] 5020 rows written\n"}
,{"stream_name":"stdout","time":25433.988865728,"data":"[ 423.9 min] 5025 rows written\n"}
,{"stream_name":"stdout","time":25494.298173565,"data":"[ 424.9 min] 5036 rows written\n"}
,{"stream_name":"stdout","time":25554.9128028,"data":"[ 425.9 min] 5043 rows written\n"}
,{"stream_name":"stdout","time":25615.310385106,"data":"[ 426.9 min] 5053 rows written\n"}
,{"stream_name":"stdout","time":25675.680770434,"data":"[ 427.9 min] 5065 rows written\n"}
,{"stream_name":"stdout","time":25736.356112505,"data":"[ 428.9 min] 5076 rows written\n"}
,{"stream_name":"stdout","time":25796.661101426,"data":"[ 429.9 min] 5090 rows written\n"}
,{"stream_name":"stdout","time":25857.023939143,"data":"[ 430.9 min] 5102 rows written\n"}
,{"stream_name":"stdout","time":25917.444651939,"data":"[ 431.9 min] 5118 rows written\n"}
,{"stream_name":"stdout","time":25977.839222733,"data":"[ 432.9 min] 5131 rows written\n"}
,{"stream_name":"stdout","time":26038.156977179,"data":"[ 434.0 min] 5149 rows written\n"}
,{"stream_name":"stdout","time":26098.499875027,"data":"[ 435.0 min] 5162 rows written\n"}
,{"stream_name":"stdout","time":26158.859003729,"data":"[ 436.0 min] 5179 rows written\n"}
,{"stream_name":"stdout","time":26219.247825857,"data":"[ 437.0 min] 5189 rows written\n"}
,{"stream_name":"stdout","time":26279.652785058,"data":"[ 438.0 min] 5206 rows written\n"}
,{"stream_name":"stdout","time":26339.996384171,"data":"[ 439.0 min] 5226 rows written\n"}
,{"stream_name":"stdout","time":26400.322590971,"data":"[ 440.0 min] 5249 rows written\n"}
,{"stream_name":"stdout","time":26460.69968637,"data":"[ 441.0 min] 5271 rows written\n"}
,{"stream_name":"stdout","time":26521.122762941,"data":"[ 442.0 min] 5289 rows written\n"}
,{"stream_name":"stdout","time":26581.536062255,"data":"[ 443.0 min] 5304 rows written\n"}
,{"stream_name":"stdout","time":26641.980439325,"data":"[ 444.0 min] 5313 rows written\n"}
,{"stream_name":"stdout","time":26702.289431755,"data":"[ 445.0 min] 5324 rows written\n"}
,{"stream_name":"stdout","time":26762.719400529,"data":"[ 446.0 min] 5335 rows written\n"}
,{"stream_name":"stdout","time":26822.997841257,"data":"[ 447.0 min] 5349 rows written\n"}
,{"stream_name":"stdout","time":26883.375915285,"data":"[ 448.0 min] 5366 rows written\n"}
,{"stream_name":"stdout","time":26943.683566789,"data":"[ 449.0 min] 5375 rows written\n"}
,{"stream_name":"stdout","time":27003.989657742,"data":"[ 450.1 min] 5392 rows written\n"}
,{"stream_name":"stdout","time":27064.369791277,"data":"[ 451.1 min] 5401 rows written\n"}
,{"stream_name":"stdout","time":27124.704981292,"data":"[ 452.1 min] 5415 rows written\n"}
,{"stream_name":"stdout","time":27185.107152153,"data":"[ 453.1 min] 5425 rows written\n"}
,{"stream_name":"stdout","time":27245.610584473,"data":"[ 454.1 min] 5436 rows written\n"}
,{"stream_name":"stdout","time":27306.059805903,"data":"[ 455.1 min] 5451 rows written\n"}
,{"stream_name":"stdout","time":27366.391895872,"data":"[ 456.1 min] 5470 rows written\n"}
,{"stream_name":"stdout","time":27426.799402305,"data":"[ 457.1 min] 5484 rows written\n"}
,{"stream_name":"stdout","time":27487.161964146,"data":"[ 458.1 min] 5498 rows written\n"}
,{"stream_name":"stdout","time":27547.512808336,"data":"[ 459.1 min] 5512 rows written\n"}
,{"stream_name":"stdout","time":27607.936038217,"data":"[ 460.1 min] 5533 rows written\n"}
,{"stream_name":"stdout","time":27668.2790988,"data":"[ 461.1 min] 5546 rows written\n"}
,{"stream_name":"stdout","time":27728.759049684,"data":"[ 462.1 min] 5557 rows written\n"}
,{"stream_name":"stdout","time":27789.118580254,"data":"[ 463.1 min] 5567 rows written\n"}
,{"stream_name":"stdout","time":27849.479643844,"data":"[ 464.1 min] 5580 rows written\n"}
,{"stream_name":"stdout","time":27909.792687303,"data":"[ 465.1 min] 5594 rows written\n"}
,{"stream_name":"stdout","time":27970.125730195,"data":"[ 466.2 min] 5606 rows written\n"}
,{"stream_name":"stdout","time":28030.502783344,"data":"[ 467.2 min] 5623 rows written\n"}
,{"stream_name":"stdout","time":28091.415924671,"data":"[ 468.2 min] 5645 rows written\n"}
,{"stream_name":"stdout","time":28151.8754395,"data":"[ 469.2 min] 5663 rows written\n"}
,{"stream_name":"stdout","time":28212.322420498,"data":"[ 470.2 min] 5684 rows written\n"}
,{"stream_name":"stdout","time":28272.642258163,"data":"[ 471.2 min] 5698 rows written\n"}
,{"stream_name":"stdout","time":28333.138114397,"data":"[ 472.2 min] 5716 rows written\n"}
,{"stream_name":"stdout","time":28393.481787305,"data":"[ 473.2 min] 5734 rows written\n"}
,{"stream_name":"stdout","time":28453.888286937,"data":"[ 474.2 min] 5749 rows written\n"}
,{"stream_name":"stdout","time":28514.21862168,"data":"[ 475.2 min] 5770 rows written\n"}
,{"stream_name":"stdout","time":28574.597617951,"data":"[ 476.2 min] 5790 rows written\n"}
,{"stream_name":"stdout","time":28635.130743324,"data":"[ 477.2 min] 5811 rows written\n"}
,{"stream_name":"stdout","time":28695.448148617,"data":"[ 478.2 min] 5835 rows written\n"}
,{"stream_name":"stdout","time":28755.85870662,"data":"[ 479.3 min] 5860 rows written\n"}
,{"stream_name":"stdout","time":28816.20808629,"data":"[ 480.3 min] 5889 rows written\n"}
,{"stream_name":"stdout","time":28876.555990282,"data":"[ 481.3 min] 5916 rows written\n"}
,{"stream_name":"stdout","time":28936.953003605,"data":"[ 482.3 min] 5932 rows written\n"}
,{"stream_name":"stdout","time":28997.319513821,"data":"[ 483.3 min] 5953 rows written\n"}
,{"stream_name":"stdout","time":29057.889381533,"data":"[ 484.3 min] 5967 rows written\n"}
,{"stream_name":"stdout","time":29118.40241726,"data":"[ 485.3 min] 5985 rows written\n"}
,{"stream_name":"stdout","time":29178.881962834,"data":"[ 486.3 min] 6010 rows written\n"}
,{"stream_name":"stdout","time":29239.225623219,"data":"[ 487.3 min] 6026 rows written\n"}
,{"stream_name":"stdout","time":29299.636944034,"data":"[ 488.3 min] 6038 rows written\n"}
,{"stream_name":"stdout","time":29360.101841781,"data":"[ 489.3 min] 6049 rows written\n"}
,{"stream_name":"stdout","time":29420.574310582,"data":"[ 490.3 min] 6070 rows written\n"}
,{"stream_name":"stdout","time":29480.969316679,"data":"[ 491.3 min] 6100 rows written\n"}
,{"stream_name":"stdout","time":29541.332233243,"data":"[ 492.3 min] 6136 rows written\n"}
,{"stream_name":"stdout","time":29601.781685421,"data":"[ 493.3 min] 6165 rows written\n"}
,{"stream_name":"stdout","time":29662.146871867,"data":"[ 494.4 min] 6196 rows written\n"}
,{"stream_name":"stdout","time":29722.633113626,"data":"[ 495.4 min] 6214 rows written\n"}
,{"stream_name":"stdout","time":29783.074746254,"data":"[ 496.4 min] 6234 rows written\n"}
,{"stream_name":"stdout","time":29843.490215709,"data":"[ 497.4 min] 6255 rows written\n"}
,{"stream_name":"stdout","time":29903.942921481,"data":"[ 498.4 min] 6275 rows written\n"}
,{"stream_name":"stdout","time":29964.507910232,"data":"[ 499.4 min] 6296 rows written\n"}
,{"stream_name":"stdout","time":30024.84934797,"data":"[ 500.4 min] 6314 rows written\n"}
,{"stream_name":"stdout","time":30085.286703045,"data":"[ 501.4 min] 6338 rows written\n"}
,{"stream_name":"stdout","time":30145.671801593,"data":"[ 502.4 min] 6361 rows written\n"}
,{"stream_name":"stdout","time":30206.146972381,"data":"[ 503.4 min] 6382 rows written\n"}
,{"stream_name":"stdout","time":30266.500101679,"data":"[ 504.4 min] 6398 rows written\n"}
,{"stream_name":"stdout","time":30326.969000412,"data":"[ 505.4 min] 6426 rows written\n"}
,{"stream_name":"stdout","time":30387.560628223,"data":"[ 506.4 min] 6458 rows written\n"}
,{"stream_name":"stdout","time":30448.03614427,"data":"[ 507.5 min] 6495 rows written\n"}
,{"stream_name":"stdout","time":30508.425281721,"data":"[ 508.5 min] 6518 rows written\n"}
,{"stream_name":"stdout","time":30568.920696141,"data":"[ 509.5 min] 6533 rows written\n"}
,{"stream_name":"stdout","time":30629.397457956,"data":"[ 510.5 min] 6547 rows written\n"}
,{"stream_name":"stdout","time":30689.85123162,"data":"[ 511.5 min] 6562 rows written\n"}
,{"stream_name":"stdout","time":30750.278932488,"data":"[ 512.5 min] 6585 rows written\n"}
,{"stream_name":"stdout","time":30810.687470984,"data":"[ 513.5 min] 6607 rows written\n"}
,{"stream_name":"stdout","time":30871.261241256,"data":"[ 514.5 min] 6629 rows written\n"}
,{"stream_name":"stdout","time":30931.683006305,"data":"[ 515.5 min] 6644 rows written\n"}
,{"stream_name":"stdout","time":30992.148841924,"data":"[ 516.5 min] 6667 rows written\n"}
,{"stream_name":"stdout","time":31052.653084375,"data":"[ 517.5 min] 6697 rows written\n"}
,{"stream_name":"stdout","time":31113.162481683,"data":"[ 518.5 min] 6737 rows written\n"}
,{"stream_name":"stdout","time":31173.836129128,"data":"[ 519.5 min] 6764 rows written\n"}
,{"stream_name":"stdout","time":31234.445162793,"data":"[ 520.6 min] 6799 rows written\n"}
,{"stream_name":"stdout","time":31294.912866292,"data":"[ 521.6 min] 6818 rows written\n"}
,{"stream_name":"stdout","time":31355.368968865,"data":"[ 522.6 min] 6844 rows written\n"}
,{"stream_name":"stdout","time":31415.821263575,"data":"[ 523.6 min] 6869 rows written\n"}
,{"stream_name":"stdout","time":31476.306662446,"data":"[ 524.6 min] 6893 rows written\n"}
,{"stream_name":"stdout","time":31536.865450418,"data":"[ 525.6 min] 6921 rows written\n"}
,{"stream_name":"stdout","time":31597.476725872,"data":"[ 526.6 min] 6941 rows written\n"}
,{"stream_name":"stdout","time":31657.911402791,"data":"[ 527.6 min] 6976 rows written\n"}
,{"stream_name":"stdout","time":31718.464104524,"data":"[ 528.6 min] 7015 rows written\n"}
,{"stream_name":"stdout","time":31778.987623785,"data":"[ 529.6 min] 7050 rows written\n"}
,{"stream_name":"stdout","time":31839.500618002,"data":"[ 530.6 min] 7098 rows written\n"}
,{"stream_name":"stdout","time":31900.023962352,"data":"[ 531.7 min] 7140 rows written\n"}
,{"stream_name":"stdout","time":31960.49258994,"data":"[ 532.7 min] 7177 rows written\n"}
,{"stream_name":"stdout","time":32020.984661895,"data":"[ 533.7 min] 7211 rows written\n"}
,{"stream_name":"stdout","time":32081.482168075,"data":"[ 534.7 min] 7239 rows written\n"}
,{"stream_name":"stdout","time":32142.00222907,"data":"[ 535.7 min] 7253 rows written\n"}
,{"stream_name":"stdout","time":32202.537951622,"data":"[ 536.7 min] 7267 rows written\n"}
,{"stream_name":"stdout","time":32263.145934427,"data":"[ 537.7 min] 7282 rows written\n"}
,{"stream_name":"stdout","time":32323.598039977,"data":"[ 538.7 min] 7298 rows written\n"}
,{"stream_name":"stdout","time":32384.024084942,"data":"[ 539.7 min] 7314 rows written\n"}
,{"stream_name":"stdout","time":32444.385776993,"data":"[ 540.7 min] 7324 rows written\n"}
,{"stream_name":"stdout","time":32504.943189232,"data":"[ 541.7 min] 7341 rows written\n"}
,{"stream_name":"stdout","time":32565.387532038,"data":"[ 542.7 min] 7360 rows written\n"}
,{"stream_name":"stdout","time":32625.791573657,"data":"[ 543.7 min] 7377 rows written\n"}
,{"stream_name":"stdout","time":32686.496550823,"data":"[ 544.8 min] 7393 rows written\n"}
,{"stream_name":"stdout","time":32747.048638238,"data":"[ 545.8 min] 7412 rows written\n"}
,{"stream_name":"stdout","time":32807.560265808,"data":"[ 546.8 min] 7425 rows written\n"}
,{"stream_name":"stdout","time":32868.306466168,"data":"[ 547.8 min] 7438 rows written\n"}
,{"stream_name":"stdout","time":32928.793912913,"data":"[ 548.8 min] 7452 rows written\n"}
,{"stream_name":"stdout","time":32989.245324974,"data":"[ 549.8 min] 7464 rows written\n"}
,{"stream_name":"stdout","time":33049.923741915,"data":"[ 550.8 min] 7478 rows written\n"}
,{"stream_name":"stdout","time":33110.420093459,"data":"[ 551.8 min] 7491 rows written\n"}
,{"stream_name":"stdout","time":33170.974714925,"data":"[ 552.8 min] 7506 rows written\n"}
,{"stream_name":"stdout","time":33231.560314165,"data":"[ 553.8 min] 7521 rows written\n"}
,{"stream_name":"stdout","time":33292.129323108,"data":"[ 554.9 min] 7533 rows written\n"}
,{"stream_name":"stdout","time":33352.73747404,"data":"[ 555.9 min] 7549 rows written\n"}
,{"stream_name":"stdout","time":33413.277841721,"data":"[ 556.9 min] 7569 rows written\n"}
,{"stream_name":"stdout","time":33473.845872358,"data":"[ 557.9 min] 7586 rows written\n"}
,{"stream_name":"stdout","time":33534.273545232,"data":"[ 558.9 min] 7596 rows written\n"}
,{"stream_name":"stdout","time":33594.870079793,"data":"[ 559.9 min] 7615 rows written\n"}
,{"stream_name":"stdout","time":33655.498670437,"data":"[ 560.9 min] 7642 rows written\n"}
,{"stream_name":"stdout","time":33716.008223773,"data":"[ 561.9 min] 7658 rows written\n"}
,{"stream_name":"stdout","time":33776.602676505,"data":"[ 562.9 min] 7671 rows written\n"}
,{"stream_name":"stdout","time":33837.068758266,"data":"[ 563.9 min] 7689 rows written\n"}
,{"stream_name":"stdout","time":33897.672923718,"data":"[ 564.9 min] 7699 rows written\n"}
,{"stream_name":"stdout","time":33958.106981568,"data":"[ 566.0 min] 7721 rows written\n"}
,{"stream_name":"stdout","time":34018.7450872,"data":"[ 567.0 min] 7744 rows written\n"}
,{"stream_name":"stdout","time":34079.220461852,"data":"[ 568.0 min] 7771 rows written\n"}
,{"stream_name":"stdout","time":34139.691645403,"data":"[ 569.0 min] 7797 rows written\n"}
,{"stream_name":"stdout","time":34200.185394321,"data":"[ 570.0 min] 7820 rows written\n"}
,{"stream_name":"stdout","time":34260.639136967,"data":"[ 571.0 min] 7838 rows written\n"}
,{"stream_name":"stdout","time":34321.18470182,"data":"[ 572.0 min] 7865 rows written\n"}
,{"stream_name":"stdout","time":34381.763194816,"data":"[ 573.0 min] 7886 rows written\n"}
,{"stream_name":"stdout","time":34442.255486348,"data":"[ 574.0 min] 7900 rows written\n"}
,{"stream_name":"stdout","time":34502.808764402,"data":"[ 575.0 min] 7915 rows written\n"}
,{"stream_name":"stdout","time":34563.21602004,"data":"[ 576.0 min] 7930 rows written\n"}
,{"stream_name":"stdout","time":34623.605749637,"data":"[ 577.0 min] 7941 rows written\n"}
,{"stream_name":"stdout","time":34684.073549469,"data":"[ 578.1 min] 7957 rows written\n"}
,{"stream_name":"stdout","time":34744.781702932,"data":"[ 579.1 min] 7978 rows written\n"}
,{"stream_name":"stdout","time":34805.295783143,"data":"[ 580.1 min] 7993 rows written\n"}
,{"stream_name":"stdout","time":34866.131662134,"data":"[ 581.1 min] 8011 rows written\n"}
,{"stream_name":"stdout","time":34926.641263182,"data":"[ 582.1 min] 8026 rows written\n"}
,{"stream_name":"stdout","time":34987.127482684,"data":"[ 583.1 min] 8041 rows written\n"}
,{"stream_name":"stdout","time":35047.739083065,"data":"[ 584.1 min] 8052 rows written\n"}
,{"stream_name":"stdout","time":35108.332719103,"data":"[ 585.1 min] 8073 rows written\n"}
,{"stream_name":"stdout","time":35168.86581925,"data":"[ 586.1 min] 8089 rows written\n"}
,{"stream_name":"stdout","time":35229.317624533,"data":"[ 587.1 min] 8102 rows written\n"}
,{"stream_name":"stdout","time":35289.91519564,"data":"[ 588.2 min] 8117 rows written\n"}
,{"stream_name":"stdout","time":35350.405579828,"data":"[ 589.2 min] 8139 rows written\n"}
,{"stream_name":"stdout","time":35410.860954111,"data":"[ 590.2 min] 8169 rows written\n"}
,{"stream_name":"stdout","time":35471.437554151,"data":"[ 591.2 min] 8192 rows written\n"}
,{"stream_name":"stdout","time":35531.913442731,"data":"[ 592.2 min] 8208 rows written\n"}
,{"stream_name":"stdout","time":35592.508966164,"data":"[ 593.2 min] 8230 rows written\n"}
,{"stream_name":"stdout","time":35653.001753988,"data":"[ 594.2 min] 8254 rows written\n"}
,{"stream_name":"stdout","time":35714.003732132,"data":"[ 595.2 min] 8274 rows written\n"}
,{"stream_name":"stdout","time":35774.502456531,"data":"[ 596.2 min] 8294 rows written\n"}
,{"stream_name":"stdout","time":35835.025803685,"data":"[ 597.2 min] 8312 rows written\n"}
,{"stream_name":"stdout","time":35895.48329162,"data":"[ 598.2 min] 8338 rows written\n"}
,{"stream_name":"stdout","time":35956.134230196,"data":"[ 599.3 min] 8378 rows written\n"}
,{"stream_name":"stdout","time":36016.615660475,"data":"[ 600.3 min] 8401 rows written\n"}
,{"stream_name":"stdout","time":36077.29730796,"data":"[ 601.3 min] 8416 rows written\n"}
,{"stream_name":"stdout","time":36137.836376708,"data":"[ 602.3 min] 8432 rows written\n"}
,{"stream_name":"stdout","time":36198.38493116,"data":"[ 603.3 min] 8459 rows written\n"}
,{"stream_name":"stdout","time":36259.949014198,"data":"[ 604.3 min] 8475 rows written\n"}
,{"stream_name":"stdout","time":36320.562548469,"data":"[ 605.3 min] 8490 rows written\n"}
,{"stream_name":"stdout","time":36381.200484537,"data":"[ 606.3 min] 8502 rows written\n"}
,{"stream_name":"stdout","time":36441.870655531,"data":"[ 607.4 min] 8518 rows written\n"}
,{"stream_name":"stdout","time":36502.338158701,"data":"[ 608.4 min] 8537 rows written\n"}
,{"stream_name":"stdout","time":36563.011608878,"data":"[ 609.4 min] 8557 rows written\n"}
,{"stream_name":"stdout","time":36623.65590205,"data":"[ 610.4 min] 8580 rows written\n"}
,{"stream_name":"stdout","time":36684.211476787,"data":"[ 611.4 min] 8593 rows written\n"}
,{"stream_name":"stdout","time":36744.779242828,"data":"[ 612.4 min] 8610 rows written\n"}
,{"stream_name":"stdout","time":36805.381857506,"data":"[ 613.4 min] 8621 rows written\n"}
,{"stream_name":"stdout","time":36865.917933477,"data":"[ 614.4 min] 8638 rows written\n"}
,{"stream_name":"stdout","time":36926.404342297,"data":"[ 615.4 min] 8649 rows written\n"}
,{"stream_name":"stdout","time":36986.885835214,"data":"[ 616.4 min] 8671 rows written\n"}
,{"stream_name":"stdout","time":37047.486168385,"data":"[ 617.4 min] 8688 rows written\n"}
,{"stream_name":"stdout","time":37108.290701192,"data":"[ 618.5 min] 8701 rows written\n"}
,{"stream_name":"stdout","time":37169.096294754,"data":"[ 619.5 min] 8726 rows written\n"}
,{"stream_name":"stdout","time":37229.699997238,"data":"[ 620.5 min] 8754 rows written\n"}
,{"stream_name":"stdout","time":37290.352293335,"data":"[ 621.5 min] 8777 rows written\n"}
,{"stream_name":"stdout","time":37350.904672419,"data":"[ 622.5 min] 8799 rows written\n"}
,{"stream_name":"stdout","time":37411.47891357,"data":"[ 623.5 min] 8819 rows written\n"}
,{"stream_name":"stdout","time":37472.025571692,"data":"[ 624.5 min] 8834 rows written\n"}
,{"stream_name":"stdout","time":37532.649014948,"data":"[ 625.5 min] 8855 rows written\n"}
,{"stream_name":"stdout","time":37593.199768673,"data":"[ 626.5 min] 8881 rows written\n"}
,{"stream_name":"stdout","time":37653.930964364,"data":"[ 627.6 min] 8897 rows written\n"}
,{"stream_name":"stdout","time":37714.633236848,"data":"[ 628.6 min] 8925 rows written\n"}
,{"stream_name":"stdout","time":37775.221381119,"data":"[ 629.6 min] 8949 rows written\n"}
,{"stream_name":"stdout","time":37835.925093141,"data":"[ 630.6 min] 8964 rows written\n"}
,{"stream_name":"stdout","time":37896.459533912,"data":"[ 631.6 min] 8982 rows written\n"}
,{"stream_name":"stdout","time":37957.696256804,"data":"[ 632.6 min] 8994 rows written\n"}
,{"stream_name":"stdout","time":38018.303898306,"data":"[ 633.6 min] 9006 rows written\n"}
,{"stream_name":"stdout","time":38078.900460559,"data":"[ 634.6 min] 9027 rows written\n"}
,{"stream_name":"stdout","time":38139.477823081,"data":"[ 635.6 min] 9056 rows written\n"}
,{"stream_name":"stdout","time":38199.97998821,"data":"[ 636.7 min] 9084 rows written\n"}
,{"stream_name":"stdout","time":38260.528483871,"data":"[ 637.7 min] 9115 rows written\n"}
,{"stream_name":"stdout","time":38321.07103996,"data":"[ 638.7 min] 9142 rows written\n"}
,{"stream_name":"stdout","time":38381.676615174,"data":"[ 639.7 min] 9167 rows written\n"}
,{"stream_name":"stdout","time":38442.409998792,"data":"[ 640.7 min] 9198 rows written\n"}
,{"stream_name":"stdout","time":38502.91448151,"data":"[ 641.7 min] 9228 rows written\n"}
,{"stream_name":"stdout","time":38563.634709621,"data":"[ 642.7 min] 9254 rows written\n"}
,{"stream_name":"stdout","time":38624.331233297,"data":"[ 643.7 min] 9273 rows written\n"}
,{"stream_name":"stdout","time":38684.870108314,"data":"[ 644.7 min] 9299 rows written\n"}
,{"stream_name":"stdout","time":38745.450574336,"data":"[ 645.7 min] 9319 rows written\n"}
,{"stream_name":"stdout","time":38806.183421672,"data":"[ 646.8 min] 9342 rows written\n"}
,{"stream_name":"stdout","time":38866.846216147,"data":"[ 647.8 min] 9371 rows written\n"}
,{"stream_name":"stdout","time":38927.556075884,"data":"[ 648.8 min] 9404 rows written\n"}
,{"stream_name":"stdout","time":38988.187775029,"data":"[ 649.8 min] 9432 rows written\n"}
,{"stream_name":"stdout","time":39048.79161381,"data":"[ 650.8 min] 9471 rows written\n"}
,{"stream_name":"stdout","time":39109.482291902,"data":"[ 651.8 min] 9504 rows written\n"}
,{"stream_name":"stdout","time":39170.131147728,"data":"[ 652.8 min] 9538 rows written\n"}
,{"stream_name":"stdout","time":39230.912434921,"data":"[ 653.8 min] 9569 rows written\n"}
,{"stream_name":"stdout","time":39291.808416513,"data":"[ 654.8 min] 9602 rows written\n"}
,{"stream_name":"stdout","time":39352.416192207,"data":"[ 655.9 min] 9629 rows written\n"}
,{"stream_name":"stdout","time":39413.103679235,"data":"[ 656.9 min] 9656 rows written\n"}
,{"stream_name":"stdout","time":39473.759604039,"data":"[ 657.9 min] 9691 rows written\n"}
,{"stream_name":"stdout","time":39534.356707773,"data":"[ 658.9 min] 9712 rows written\n"}
,{"stream_name":"stdout","time":39594.966364125,"data":"[ 659.9 min] 9723 rows written\n"}
,{"stream_name":"stdout","time":39655.579703436,"data":"[ 660.9 min] 9731 rows written\n"}
,{"stream_name":"stdout","time":39716.307057736,"data":"[ 661.9 min] 9737 rows written\n"}
,{"stream_name":"stdout","time":39776.906397006,"data":"[ 662.9 min] 9748 rows written\n"}
,{"stream_name":"stdout","time":39837.990927405,"data":"[ 664.0 min] 9757 rows written\n"}
,{"stream_name":"stdout","time":39898.650646753,"data":"[ 665.0 min] 9770 rows written\n"}
,{"stream_name":"stdout","time":39959.16737527,"data":"[ 666.0 min] 9784 rows written\n"}
,{"stream_name":"stdout","time":40020.052664043,"data":"[ 667.0 min] 9796 rows written\n"}
,{"stream_name":"stdout","time":40080.624215137,"data":"[ 668.0 min] 9807 rows written\n"}
,{"stream_name":"stdout","time":40141.430816828,"data":"[ 669.0 min] 9825 rows written\n"}
,{"stream_name":"stdout","time":40202.007994909,"data":"[ 670.0 min] 9841 rows written\n"}
,{"stream_name":"stdout","time":40262.57888412,"data":"[ 671.0 min] 9861 rows written\n"}
,{"stream_name":"stdout","time":40323.49227925,"data":"[ 672.0 min] 9874 rows written\n"}
,{"stream_name":"stdout","time":40384.128199962,"data":"[ 673.1 min] 9900 rows written\n"}
,{"stream_name":"stdout","time":40444.920681116,"data":"[ 674.1 min] 9923 rows written\n"}
,{"stream_name":"stdout","time":40505.680688603,"data":"[ 675.1 min] 9937 rows written\n"}
,{"stream_name":"stdout","time":40566.286738867,"data":"[ 676.1 min] 9949 rows written\n"}
,{"stream_name":"stdout","time":40626.928178552,"data":"[ 677.1 min] 9964 rows written\n"}
,{"stream_name":"stdout","time":40687.626797832,"data":"[ 678.1 min] 9975 rows written\n"}
,{"stream_name":"stdout","time":40748.289731838,"data":"[ 679.1 min] 9985 rows written\n"}
,{"stream_name":"stdout","time":40809.010920416,"data":"[ 680.1 min] 9994 rows written\n"}
,{"stream_name":"stdout","time":40869.652867108,"data":"[ 681.1 min] 10004 rows written\n"}
,{"stream_name":"stdout","time":40930.464697377,"data":"[ 682.2 min] 10012 rows written\n"}
,{"stream_name":"stdout","time":40991.257706297,"data":"[ 683.2 min] 10026 rows written\n"}
,{"stream_name":"stdout","time":41052.203012846,"data":"[ 684.2 min] 10033 rows written\n"}
,{"stream_name":"stdout","time":41113.188262994,"data":"[ 685.2 min] 10045 rows written\n"}
,{"stream_name":"stdout","time":41173.815988603,"data":"[ 686.2 min] 10065 rows written\n"}
,{"stream_name":"stdout","time":41234.481858571,"data":"[ 687.2 min] 10074 rows written\n"}
,{"stream_name":"stdout","time":41295.041789629,"data":"[ 688.2 min] 10085 rows written\n"}
,{"stream_name":"stdout","time":41355.633422628,"data":"[ 689.2 min] 10094 rows written\n"}
,{"stream_name":"stdout","time":41416.350024613,"data":"[ 690.3 min] 10103 rows written\n"}
,{"stream_name":"stdout","time":41416.350184606,"data":"[ 690.3 min] deadline reached; stopping benchmark processes (rows so far are kept)\n"}
,{"stream_name":"stdout","time":41416.358240772,"data":"[ 690.3 min] done\n"}
,{"stream_name":"stderr","time":41420.081563068,"data":"/usr/local/lib/python3.12/dist-packages/mistune.py:435: SyntaxWarning: invalid escape sequence '\\|'\n"}
,{"stream_name":"stderr","time":41420.081607925,"data":"  cells[i][c] = re.sub('\\\\\\\\\\|', '|', cell)\n"}
,{"stream_name":"stderr","time":41420.556809459,"data":"/usr/local/lib/python3.12/dist-packages/nbconvert/filters/filter_links.py:36: SyntaxWarning: invalid escape sequence '\\_'\n"}
,{"stream_name":"stderr","time":41420.55685848,"data":"  text = re.sub(r'_', '\\_', text) # Escape underscores in display text\n"}
,{"stream_name":"stderr","time":41422.381010542,"data":"[NbConvertApp] Converting notebook __script__.ipynb to html\n"}
,{"stream_name":"stderr","time":41424.322874523,"data":"[NbConvertApp] Writing 307029 bytes to __results__.html\n"}
]