[{"stream_name":"stdout","time":1.242296075,"data":"[   0.0 min] code in /kaggle/tmp/qaari; config {'reciters': ['Husary_128kbps', 'Husary_Muallim_128kbps', 'Minshawy_Murattal_128kbps', 'Hudhaify_128kbps', 'Abdul_Basit_Murattal_192kbps', 'Alafasy_128kbps', 'Yasser_Ad-Dussary_128kbps', 'Nasser_Alqatami_128kbps', 'Saood_ash-Shuraym_128kbps', 'Abdurrahmaan_As-Sudais_192kbps', 'Abdullaah_3awwaad_Al-Juhaynee_128kbps'], 'verses': 'all', 'modes': ['studio', 'taraweeh_adapted'], 'procs': 4, 'shard_base': 8, 'shard_total': 20, 'octave': False, 'tag': 'full', 'pip': 'praat-parselmouth faiss-cpu nara_wpe soxr speechbrain', 'hours': 11.5}\n"}
,{"stream_name":"stdout","time":33.276227304,"data":"[   0.5 min] internet: OFF (kernel internet disabled; using the attached qaari-eval-deps bundle)\n"}
,{"stream_name":"stdout","time":33.317704684,"data":"[   0.5 min] $ /usr/bin/python3 -m pip install -q --no-index --find-links /kaggle/input/datasets/razanashrafalnajjar/qaari-eval-deps/wheels ruamel.yaml.clib\n"}
,{"stream_name":"stdout","time":39.151643869,"data":"[   0.6 min] $ /usr/bin/python3 -m pip install -q --no-index --find-links /kaggle/input/datasets/razanashrafalnajjar/qaari-eval-deps/wheels ruamel.yaml\n"}
,{"stream_name":"stdout","time":42.68520131,"data":"[   0.7 min] $ /usr/bin/python3 -m pip install -q --no-index --find-links /kaggle/input/datasets/razanashrafalnajjar/qaari-eval-deps/wheels hyperpyyaml\n"}
,{"stream_name":"stdout","time":46.478269652,"data":"[   0.8 min] $ /usr/bin/python3 -m pip install -q --no-index --find-links /kaggle/input/datasets/razanashrafalnajjar/qaari-eval-deps/wheels bottleneck\n"}
,{"stream_name":"stdout","time":49.917012821,"data":"[   0.8 min] $ /usr/bin/python3 -m pip install -q --no-index --find-links /kaggle/input/datasets/razanashrafalnajjar/qaari-eval-deps/wheels sentencepiece\n"}
,{"stream_name":"stdout","time":53.425029069,"data":"[   0.9 min] $ /usr/bin/python3 -m pip install -q --no-index --find-links /kaggle/input/datasets/razanashrafalnajjar/qaari-eval-deps/wheels praat-parselmouth\n"}
,{"stream_name":"stdout","time":57.308795176,"data":"[   0.9 min] $ /usr/bin/python3 -m pip install -q --no-index --find-links /kaggle/input/datasets/razanashrafalnajjar/qaari-eval-deps/wheels faiss-cpu\n"}
,{"stream_name":"stdout","time":61.837840602,"data":"[   1.0 min] $ /usr/bin/python3 -m pip install -q --no-index --find-links /kaggle/input/datasets/razanashrafalnajjar/qaari-eval-deps/wheels nara_wpe\n"}
,{"stream_name":"stdout","time":65.407927801,"data":"[   1.1 min] $ /usr/bin/python3 -m pip install -q --no-index --find-links /kaggle/input/datasets/razanashrafalnajjar/qaari-eval-deps/wheels soxr\n"}
,{"stream_name":"stdout","time":68.849760378,"data":"[   1.1 min] $ /usr/bin/python3 -m pip install -q --no-index --find-links /kaggle/input/datasets/razanashrafalnajjar/qaari-eval-deps/wheels speechbrain\n"}
,{"stream_name":"stdout","time":80.513898474,"data":"[   1.3 min] dependencies import cleanly\n"}
,{"stream_name":"stdout","time":85.657289243,"data":"[   1.4 min] model snapshots copied to /root/.cache/huggingface/hub\n"}
,{"stream_name":"stdout","time":85.660315138,"data":"[   1.4 min] started 4 benchmark processes\n"}
,{"stream_name":"stdout","time":145.661291002,"data":"[   2.4 min] 2 rows written\n"}
,{"stream_name":"stdout","time":205.662190274,"data":"[   3.4 min] 3 rows written\n"}
,{"stream_name":"stdout","time":265.663199635,"data":"[   4.4 min] 8 rows written\n"}
,{"stream_name":"stdout","time":325.664285742,"data":"[   5.4 min] 9 rows written\n"}
,{"stream_name":"stdout","time":385.665762354,"data":"[   6.4 min] 12 rows written\n"}
,{"stream_name":"stdout","time":445.6673134,"data":"[   7.4 min] 15 rows written\n"}
,{"stream_name":"stdout","time":505.668822132,"data":"[   8.4 min] 17 rows written\n"}
,{"stream_name":"stdout","time":565.670642525,"data":"[   9.4 min] 19 rows written\n"}
,{"stream_name":"stdout","time":625.672804422,"data":"[  10.4 min] 24 rows written\n"}
,{"stream_name":"stdout","time":685.675075257,"data":"[  11.4 min] 27 rows written\n"}
,{"stream_name":"stdout","time":745.677155736,"data":"[  12.4 min] 29 rows written\n"}
,{"stream_name":"stdout","time":805.679761665,"data":"[  13.4 min] 32 rows written\n"}
,{"stream_name":"stdout","time":865.683427605,"data":"[  14.4 min] 36 rows written\n"}
,{"stream_name":"stdout","time":925.686035067,"data":"[  15.4 min] 39 rows written\n"}
,{"stream_name":"stdout","time":985.688574618,"data":"[  16.4 min] 41 rows written\n"}
,{"stream_name":"stdout","time":1045.691538999,"data":"[  17.4 min] 45 rows written\n"}
,{"stream_name":"stdout","time":1105.694409086,"data":"[  18.4 min] 47 rows written\n"}
,{"stream_name":"stdout","time":1165.697594367,"data":"[  19.4 min] 50 rows written\n"}
,{"stream_name":"stdout","time":1225.701032846,"data":"[  20.4 min] 51 rows written\n"}
,{"stream_name":"stdout","time":1285.704375209,"data":"[  21.4 min] 55 rows written\n"}
,{"stream_name":"stdout","time":1345.71136121,"data":"[  22.4 min] 60 rows written\n"}
,{"stream_name":"stdout","time":1405.715880789,"data":"[  23.4 min] 63 rows written\n"}
,{"stream_name":"stdout","time":1465.722464843,"data":"[  24.4 min] 66 rows written\n"}
,{"stream_name":"stdout","time":1525.726391126,"data":"[  25.4 min] 67 rows written\n"}
,{"stream_name":"stdout","time":1585.730763474,"data":"[  26.4 min] 71 rows written\n"}
,{"stream_name":"stdout","time":1645.737567949,"data":"[  27.4 min] 75 rows written\n"}
,{"stream_name":"stdout","time":1705.742420015,"data":"[  28.4 min] 80 rows written\n"}
,{"stream_name":"stdout","time":1765.749242224,"data":"[  29.4 min] 85 rows written\n"}
,{"stream_name":"stdout","time":1825.757047898,"data":"[  30.4 min] 90 rows written\n"}
,{"stream_name":"stdout","time":1885.761815136,"data":"[  31.4 min] 93 rows written\n"}
,{"stream_name":"stdout","time":1945.769273461,"data":"[  32.4 min] 98 rows written\n"}
,{"stream_name":"stdout","time":2005.774416041,"data":"[  33.4 min] 100 rows written\n"}
,{"stream_name":"stdout","time":2065.783028325,"data":"[  34.4 min] 108 rows written\n"}
,{"stream_name":"stdout","time":2125.788427707,"data":"[  35.4 min] 110 rows written\n"}
,{"stream_name":"stdout","time":2185.793869065,"data":"[  36.4 min] 115 rows written\n"}
,{"stream_name":"stdout","time":2245.80309785,"data":"[  37.4 min] 120 rows written\n"}
,{"stream_name":"stdout","time":2305.811006726,"data":"[  38.4 min] 122 rows written\n"}
,{"stream_name":"stdout","time":2365.81707669,"data":"[  39.4 min] 124 rows written\n"}
,{"stream_name":"stdout","time":2425.827214829,"data":"[  40.4 min] 126 rows written\n"}
,{"stream_name":"stdout","time":2485.833394485,"data":"[  41.4 min] 131 rows written\n"}
,{"stream_name":"stdout","time":2545.839891352,"data":"[  42.4 min] 135 rows written\n"}
,{"stream_name":"stdout","time":2605.846379136,"data":"[  43.4 min] 139 rows written\n"}
,{"stream_name":"stdout","time":2665.853103179,"data":"[  44.4 min] 144 rows written\n"}
,{"stream_name":"stdout","time":2725.859931714,"data":"[  45.4 min] 146 rows written\n"}
,{"stream_name":"stdout","time":2785.86674406,"data":"[  46.4 min] 153 rows written\n"}
,{"stream_name":"stdout","time":2845.87771685,"data":"[  47.4 min] 160 rows written\n"}
,{"stream_name":"stdout","time":2905.898707512,"data":"[  48.4 min] 163 rows written\n"}
,{"stream_name":"stdout","time":2965.906945736,"data":"[  49.4 min] 167 rows written\n"}
,{"stream_name":"stdout","time":3025.915086486,"data":"[  50.4 min] 170 rows written\n"}
,{"stream_name":"stdout","time":3085.923462333,"data":"[  51.4 min] 173 rows written\n"}
,{"stream_name":"stdout","time":3145.93477473,"data":"[  52.4 min] 176 rows written\n"}
,{"stream_name":"stdout","time":3205.947813657,"data":"[  53.4 min] 179 rows written\n"}
,{"stream_name":"stdout","time":3265.955663636,"data":"[  54.4 min] 190 rows written\n"}
,{"stream_name":"stdout","time":3325.968441143,"data":"[  55.4 min] 196 rows written\n"}
,{"stream_name":"stdout","time":3385.976804538,"data":"[  56.4 min] 200 rows written\n"}
,{"stream_name":"stdout","time":3445.985288659,"data":"[  57.4 min] 204 rows written\n"}
,{"stream_name":"stdout","time":3505.99394985,"data":"[  58.4 min] 210 rows written\n"}
,{"stream_name":"stdout","time":3566.002709948,"data":"[  59.4 min] 218 rows written\n"}
,{"stream_name":"stdout","time":3626.015860818,"data":"[  60.4 min] 230 rows written\n"}
,{"stream_name":"stdout","time":3686.030659492,"data":"[  61.4 min] 244 rows written\n"}
,{"stream_name":"stdout","time":3746.040093319,"data":"[  62.4 min] 251 rows written\n"}
,{"stream_name":"stdout","time":3806.053108131,"data":"[  63.4 min] 259 rows written\n"}
,{"stream_name":"stdout","time":3866.082794776,"data":"[  64.4 min] 262 rows written\n"}
,{"stream_name":"stdout","time":3926.09355814,"data":"[  65.4 min] 268 rows written\n"}
,{"stream_name":"stdout","time":3986.103884397,"data":"[  66.4 min] 278 rows written\n"}
,{"stream_name":"stdout","time":4046.114400781,"data":"[  67.4 min] 281 rows written\n"}
,{"stream_name":"stdout","time":4106.126179941,"data":"[  68.4 min] 284 rows written\n"}
,{"stream_name":"stdout","time":4166.136658245,"data":"[  69.4 min] 284 rows written\n"}
,{"stream_name":"stdout","time":4226.147314826,"data":"[  70.4 min] 285 rows written\n"}
,{"stream_name":"stdout","time":4286.158148779,"data":"[  71.4 min] 289 rows written\n"}
,{"stream_name":"stdout","time":4346.168903158,"data":"[  72.4 min] 296 rows written\n"}
,{"stream_name":"stdout","time":4406.179944757,"data":"[  73.4 min] 310 rows written\n"}
,{"stream_name":"stdout","time":4466.192784495,"data":"[  74.4 min] 319 rows written\n"}
,{"stream_name":"stdout","time":4526.204612977,"data":"[  75.4 min] 326 rows written\n"}
,{"stream_name":"stdout","time":4586.215976921,"data":"[  76.4 min] 330 rows written\n"}
,{"stream_name":"stdout","time":4646.227542569,"data":"[  77.4 min] 334 rows written\n"}
,{"stream_name":"stdout","time":4706.242230225,"data":"[  78.4 min] 339 rows written\n"}
,{"stream_name":"stdout","time":4766.254709393,"data":"[  79.4 min] 344 rows written\n"}
,{"stream_name":"stdout","time":4826.266732757,"data":"[  80.4 min] 351 rows written\n"}
,{"stream_name":"stdout","time":4886.279430668,"data":"[  81.4 min] 355 rows written\n"}
,{"stream_name":"stdout","time":4946.291807672,"data":"[  82.4 min] 359 rows written\n"}
,{"stream_name":"stdout","time":5006.304763113,"data":"[  83.4 min] 364 rows written\n"}
,{"stream_name":"stdout","time":5066.31832524,"data":"[  84.4 min] 367 rows written\n"}
,{"stream_name":"stdout","time":5126.331816012,"data":"[  85.4 min] 373 rows written\n"}
,{"stream_name":"stdout","time":5186.345083192,"data":"[  86.4 min] 377 rows written\n"}
,{"stream_name":"stdout","time":5246.359123093,"data":"[  87.4 min] 392 rows written\n"}
,{"stream_name":"stdout","time":5306.379328661,"data":"[  88.4 min] 399 rows written\n"}
,{"stream_name":"stdout","time":5366.39833482,"data":"[  89.4 min] 410 rows written\n"}
,{"stream_name":"stdout","time":5426.416760981,"data":"[  90.4 min] 418 rows written\n"}
,{"stream_name":"stdout","time":5486.431118493,"data":"[  91.4 min] 423 rows written\n"}
,{"stream_name":"stdout","time":5546.445739518,"data":"[  92.4 min] 429 rows written\n"}
,{"stream_name":"stdout","time":5606.459993816,"data":"[  93.4 min] 435 rows written\n"}
,{"stream_name":"stdout","time":5666.474333266,"data":"[  94.4 min] 444 rows written\n"}
,{"stream_name":"stdout","time":5726.489043487,"data":"[  95.4 min] 452 rows written\n"}
,{"stream_name":"stdout","time":5786.503455637,"data":"[  96.4 min] 459 rows written\n"}
,{"stream_name":"stdout","time":5846.521754476,"data":"[  97.4 min] 460 rows written\n"}
,{"stream_name":"stdout","time":5906.536644973,"data":"[  98.4 min] 462 rows written\n"}
,{"stream_name":"stdout","time":5966.552331045,"data":"[  99.4 min] 472 rows written\n"}
,{"stream_name":"stdout","time":6026.567588187,"data":"[ 100.4 min] 484 rows written\n"}
,{"stream_name":"stdout","time":6086.583583853,"data":"[ 101.4 min] 498 rows written\n"}
,{"stream_name":"stdout","time":6146.599839638,"data":"[ 102.4 min] 508 rows written\n"}
,{"stream_name":"stdout","time":6206.615516702,"data":"[ 103.4 min] 511 rows written\n"}
,{"stream_name":"stdout","time":6266.631290082,"data":"[ 104.4 min] 513 rows written\n"}
,{"stream_name":"stdout","time":6326.647563572,"data":"[ 105.4 min] 518 rows written\n"}
,{"stream_name":"stdout","time":6386.663554886,"data":"[ 106.4 min] 522 rows written\n"}
,{"stream_name":"stdout","time":6446.683321899,"data":"[ 107.4 min] 530 rows written\n"}
,{"stream_name":"stdout","time":6506.700176776,"data":"[ 108.4 min] 546 rows written\n"}
,{"stream_name":"stdout","time":6566.717545581,"data":"[ 109.4 min] 560 rows written\n"}
,{"stream_name":"stdout","time":6626.73440919,"data":"[ 110.4 min] 571 rows written\n"}
,{"stream_name":"stdout","time":6686.753432592,"data":"[ 111.4 min] 590 rows written\n"}
,{"stream_name":"stdout","time":6746.772286843,"data":"[ 112.4 min] 611 rows written\n"}
,{"stream_name":"stdout","time":6806.790593817,"data":"[ 113.4 min] 625 rows written\n"}
,{"stream_name":"stdout","time":6866.808478525,"data":"[ 114.4 min] 628 rows written\n"}
,{"stream_name":"stdout","time":6926.82670089,"data":"[ 115.4 min] 631 rows written\n"}
,{"stream_name":"stdout","time":6986.845760291,"data":"[ 116.4 min] 634 rows written\n"}
,{"stream_name":"stdout","time":7046.864001089,"data":"[ 117.4 min] 636 rows written\n"}
,{"stream_name":"stdout","time":7106.882160346,"data":"[ 118.4 min] 640 rows written\n"}
,{"stream_name":"stdout","time":7166.900976708,"data":"[ 119.4 min] 644 rows written\n"}
,{"stream_name":"stdout","time":7226.959794847,"data":"[ 120.4 min] 646 rows written\n"}
,{"stream_name":"stdout","time":7286.983099626,"data":"[ 121.4 min] 647 rows written\n"}
,{"stream_name":"stdout","time":7347.001938514,"data":"[ 122.4 min] 648 rows written\n"}
,{"stream_name":"stdout","time":7407.021213482,"data":"[ 123.4 min] 649 rows written\n"}
,{"stream_name":"stdout","time":7467.045120019,"data":"[ 124.4 min] 654 rows written\n"}
,{"stream_name":"stdout","time":7527.065349987,"data":"[ 125.4 min] 660 rows written\n"}
,{"stream_name":"stdout","time":7587.090184637,"data":"[ 126.4 min] 662 rows written\n"}
,{"stream_name":"stdout","time":7647.11465638,"data":"[ 127.4 min] 665 rows written\n"}
,{"stream_name":"stdout","time":7707.134397385,"data":"[ 128.4 min] 670 rows written\n"}
,{"stream_name":"stdout","time":7767.159052108,"data":"[ 129.4 min] 672 rows written\n"}
,{"stream_name":"stdout","time":7827.179068194,"data":"[ 130.4 min] 674 rows written\n"}
,{"stream_name":"stdout","time":7887.199529274,"data":"[ 131.4 min] 674 rows written\n"}
,{"stream_name":"stdout","time":7947.2331501,"data":"[ 132.4 min] 675 rows written\n"}
,{"stream_name":"stdout","time":8007.253325279,"data":"[ 133.4 min] 676 rows written\n"}
,{"stream_name":"stdout","time":8067.277423416,"data":"[ 134.4 min] 678 rows written\n"}
,{"stream_name":"stdout","time":8127.298417431,"data":"[ 135.4 min] 681 rows written\n"}
,{"stream_name":"stdout","time":8187.319731521,"data":"[ 136.4 min] 684 rows written\n"}
,{"stream_name":"stdout","time":8247.34079314,"data":"[ 137.4 min] 688 rows written\n"}
,{"stream_name":"stdout","time":8307.363087344,"data":"[ 138.4 min] 689 rows written\n"}
,{"stream_name":"stdout","time":8367.390337792,"data":"[ 139.4 min] 692 rows written\n"}
,{"stream_name":"stdout","time":8427.412911266,"data":"[ 140.4 min] 695 rows written\n"}
,{"stream_name":"stdout","time":8487.435168766,"data":"[ 141.4 min] 698 rows written\n"}
,{"stream_name":"stdout","time":8547.455757044,"data":"[ 142.4 min] 700 rows written\n"}
,{"stream_name":"stdout","time":8607.48098106,"data":"[ 143.4 min] 702 rows written\n"}
,{"stream_name":"stdout","time":8667.502113197,"data":"[ 144.4 min] 707 rows written\n"}
,{"stream_name":"stdout","time":8727.528794389,"data":"[ 145.4 min] 713 rows written\n"}
,{"stream_name":"stdout","time":8787.555453165,"data":"[ 146.4 min] 720 rows written\n"}
,{"stream_name":"stdout","time":8847.581362352,"data":"[ 147.4 min] 721 rows written\n"}
,{"stream_name":"stdout","time":8907.608733059,"data":"[ 148.4 min] 727 rows written\n"}
,{"stream_name":"stdout","time":8967.636797192,"data":"[ 149.4 min] 733 rows written\n"}
,{"stream_name":"stdout","time":9027.669399777,"data":"[ 150.4 min] 738 rows written\n"}
,{"stream_name":"stdout","time":9087.692245068,"data":"[ 151.4 min] 742 rows written\n"}
,{"stream_name":"stdout","time":9147.71934771,"data":"[ 152.4 min] 746 rows written\n"}
,{"stream_name":"stdout","time":9207.747189248,"data":"[ 153.4 min] 751 rows written\n"}
,{"stream_name":"stdout","time":9267.771079554,"data":"[ 154.4 min] 754 rows written\n"}
,{"stream_name":"stdout","time":9327.798898207,"data":"[ 155.5 min] 756 rows written\n"}
,{"stream_name":"stdout","time":9387.828359699,"data":"[ 156.5 min] 759 rows written\n"}
,{"stream_name":"stdout","time":9447.858055546,"data":"[ 157.5 min] 762 rows written\n"}
,{"stream_name":"stdout","time":9507.887431295,"data":"[ 158.5 min] 768 rows written\n"}
,{"stream_name":"stdout","time":9567.910512839,"data":"[ 159.5 min] 771 rows written\n"}
,{"stream_name":"stdout","time":9627.933543417,"data":"[ 160.5 min] 774 rows written\n"}
,{"stream_name":"stdout","time":9687.956993106,"data":"[ 161.5 min] 777 rows written\n"}
,{"stream_name":"stdout","time":9747.980065382,"data":"[ 162.5 min] 782 rows written\n"}
,{"stream_name":"stdout","time":9808.056798682,"data":"[ 163.5 min] 786 rows written\n"}
,{"stream_name":"stdout","time":9868.080162581,"data":"[ 164.5 min] 790 rows written\n"}
,{"stream_name":"stdout","time":9928.104020504,"data":"[ 165.5 min] 791 rows written\n"}
,{"stream_name":"stdout","time":9988.132443409,"data":"[ 166.5 min] 793 rows written\n"}
,{"stream_name":"stdout","time":10048.158515244,"data":"[ 167.5 min] 798 rows written\n"}
,{"stream_name":"stdout","time":10108.182768126,"data":"[ 168.5 min] 801 rows written\n"}
,{"stream_name":"stdout","time":10168.262659937,"data":"[ 169.5 min] 809 rows written\n"}
,{"stream_name":"stdout","time":10228.286982145,"data":"[ 170.5 min] 816 rows written\n"}
,{"stream_name":"stdout","time":10288.311911741,"data":"[ 171.5 min] 820 rows written\n"}
,{"stream_name":"stdout","time":10348.336483071,"data":"[ 172.5 min] 822 rows written\n"}
,{"stream_name":"stdout","time":10408.362478421,"data":"[ 173.5 min] 826 rows written\n"}
,{"stream_name":"stdout","time":10468.387412725,"data":"[ 174.5 min] 830 rows written\n"}
,{"stream_name":"stdout","time":10528.46623355,"data":"[ 175.5 min] 833 rows written\n"}
,{"stream_name":"stdout","time":10588.491740937,"data":"[ 176.5 min] 838 rows written\n"}
,{"stream_name":"stdout","time":10648.517039767,"data":"[ 177.5 min] 842 rows written\n"}
,{"stream_name":"stdout","time":10708.604806817,"data":"[ 178.5 min] 846 rows written\n"}
,{"stream_name":"stdout","time":10768.630491701,"data":"[ 179.5 min] 850 rows written\n"}
,{"stream_name":"stdout","time":10828.656348078,"data":"[ 180.5 min] 856 rows written\n"}
,{"stream_name":"stdout","time":10888.6822947,"data":"[ 181.5 min] 866 rows written\n"}
,{"stream_name":"stdout","time":10948.70806781,"data":"[ 182.5 min] 872 rows written\n"}
,{"stream_name":"stdout","time":11008.734084265,"data":"[ 183.5 min] 878 rows written\n"}
,{"stream_name":"stdout","time":11068.760923157,"data":"[ 184.5 min] 886 rows written\n"}
,{"stream_name":"stdout","time":11128.823655088,"data":"[ 185.5 min] 889 rows written\n"}
,{"stream_name":"stdout","time":11188.855307997,"data":"[ 186.5 min] 897 rows written\n"}
,{"stream_name":"stdout","time":11248.926944039,"data":"[ 187.5 min] 903 rows written\n"}
,{"stream_name":"stdout","time":11308.957215668,"data":"[ 188.5 min] 907 rows written\n"}
,{"stream_name":"stdout","time":11368.989163317,"data":"[ 189.5 min] 911 rows written\n"}
,{"stream_name":"stdout","time":11429.016090016,"data":"[ 190.5 min] 917 rows written\n"}
,{"stream_name":"stdout","time":11489.048161472,"data":"[ 191.5 min] 926 rows written\n"}
,{"stream_name":"stdout","time":11549.079157742,"data":"[ 192.5 min] 936 rows written\n"}
,{"stream_name":"stdout","time":11609.111654855,"data":"[ 193.5 min] 943 rows written\n"}
,{"stream_name":"stdout","time":11669.144034778,"data":"[ 194.5 min] 949 rows written\n"}
,{"stream_name":"stdout","time":11729.180025159,"data":"[ 195.5 min] 954 rows written\n"}
,{"stream_name":"stdout","time":11789.208553005,"data":"[ 196.5 min] 959 rows written\n"}
,{"stream_name":"stdout","time":11849.246291063,"data":"[ 197.5 min] 965 rows written\n"}
,{"stream_name":"stdout","time":11909.275062296,"data":"[ 198.5 min] 969 rows written\n"}
,{"stream_name":"stdout","time":11969.309109196,"data":"[ 199.5 min] 972 rows written\n"}
,{"stream_name":"stdout","time":12029.338096973,"data":"[ 200.5 min] 978 rows written\n"}
,{"stream_name":"stdout","time":12089.379653378,"data":"[ 201.5 min] 982 rows written\n"}
,{"stream_name":"stdout","time":12149.409378145,"data":"[ 202.5 min] 987 rows written\n"}
,{"stream_name":"stdout","time":12209.444321942,"data":"[ 203.5 min] 993 rows written\n"}
,{"stream_name":"stdout","time":12269.480021856,"data":"[ 204.5 min] 999 rows written\n"}
,{"stream_name":"stdout","time":12329.514660715,"data":"[ 205.5 min] 1009 rows written\n"}
,{"stream_name":"stdout","time":12389.548749816,"data":"[ 206.5 min] 1022 rows written\n"}
,{"stream_name":"stdout","time":12449.578542007,"data":"[ 207.5 min] 1024 rows written\n"}
,{"stream_name":"stdout","time":12509.610151265,"data":"[ 208.5 min] 1031 rows written\n"}
,{"stream_name":"stdout","time":12569.645963032,"data":"[ 209.5 min] 1033 rows written\n"}
,{"stream_name":"stdout","time":12629.682876051,"data":"[ 210.5 min] 1037 rows written\n"}
,{"stream_name":"stdout","time":12689.713562862,"data":"[ 211.5 min] 1042 rows written\n"}
,{"stream_name":"stdout","time":12749.744503724,"data":"[ 212.5 min] 1050 rows written\n"}
,{"stream_name":"stdout","time":12809.787854219,"data":"[ 213.5 min] 1053 rows written\n"}
,{"stream_name":"stdout","time":12869.823234913,"data":"[ 214.5 min] 1057 rows written\n"}
,{"stream_name":"stdout","time":12929.854810792,"data":"[ 215.5 min] 1062 rows written\n"}
,{"stream_name":"stdout","time":12989.885984775,"data":"[ 216.5 min] 1072 rows written\n"}
,{"stream_name":"stdout","time":13049.923736582,"data":"[ 217.5 min] 1076 rows written\n"}
,{"stream_name":"stdout","time":13109.95714999,"data":"[ 218.5 min] 1079 rows written\n"}
,{"stream_name":"stdout","time":13169.990017157,"data":"[ 219.5 min] 1086 rows written\n"}
,{"stream_name":"stdout","time":13230.024214855,"data":"[ 220.5 min] 1098 rows written\n"}
,{"stream_name":"stdout","time":13290.059761409,"data":"[ 221.5 min] 1104 rows written\n"}
,{"stream_name":"stdout","time":13350.096471051,"data":"[ 222.5 min] 1105 rows written\n"}
,{"stream_name":"stdout","time":13410.133324968,"data":"[ 223.5 min] 1116 rows written\n"}
,{"stream_name":"stdout","time":13470.166766454,"data":"[ 224.5 min] 1130 rows written\n"}
,{"stream_name":"stdout","time":13530.200064402,"data":"[ 225.5 min] 1134 rows written\n"}
,{"stream_name":"stdout","time":13590.234831479,"data":"[ 226.5 min] 1137 rows written\n"}
,{"stream_name":"stdout","time":13650.267759065,"data":"[ 227.5 min] 1141 rows written\n"}
,{"stream_name":"stdout","time":13710.305415859,"data":"[ 228.5 min] 1146 rows written\n"}
,{"stream_name":"stdout","time":13770.345107312,"data":"[ 229.5 min] 1157 rows written\n"}
,{"stream_name":"stdout","time":13830.381497279,"data":"[ 230.5 min] 1169 rows written\n"}
,{"stream_name":"stdout","time":13890.428493862,"data":"[ 231.5 min] 1186 rows written\n"}
,{"stream_name":"stdout","time":13950.46542489,"data":"[ 232.5 min] 1206 rows written\n"}
,{"stream_name":"stdout","time":14010.503775728,"data":"[ 233.5 min] 1224 rows written\n"}
,{"stream_name":"stdout","time":14070.53903355,"data":"[ 234.5 min] 1237 rows written\n"}
,{"stream_name":"stdout","time":14130.573875588,"data":"[ 235.5 min] 1248 rows written\n"}
,{"stream_name":"stdout","time":14190.6084959,"data":"[ 236.5 min] 1254 rows written\n"}
,{"stream_name":"stdout","time":14250.643405677,"data":"[ 237.5 min] 1259 rows written\n"}
,{"stream_name":"stdout","time":14310.681093177,"data":"[ 238.5 min] 1264 rows written\n"}
,{"stream_name":"stdout","time":14370.718036205,"data":"[ 239.5 min] 1269 rows written\n"}
,{"stream_name":"stdout","time":14430.754864102,"data":"[ 240.5 min] 1270 rows written\n"}
,{"stream_name":"stdout","time":14490.791112499,"data":"[ 241.5 min] 1272 rows written\n"}
,{"stream_name":"stdout","time":14550.838251927,"data":"[ 242.5 min] 1274 rows written\n"}
,{"stream_name":"stdout","time":14610.87648114,"data":"[ 243.5 min] 1276 rows written\n"}
,{"stream_name":"stdout","time":14670.914248451,"data":"[ 244.5 min] 1280 rows written\n"}
,{"stream_name":"stdout","time":14730.951195538,"data":"[ 245.5 min] 1288 rows written\n"}
,{"stream_name":"stdout","time":14790.98926242,"data":"[ 246.5 min] 1293 rows written\n"}
,{"stream_name":"stdout","time":14851.038814308,"data":"[ 247.5 min] 1297 rows written\n"}
,{"stream_name":"stdout","time":14911.092860805,"data":"[ 248.5 min] 1302 rows written\n"}
,{"stream_name":"stdout","time":14971.142047454,"data":"[ 249.5 min] 1308 rows written\n"}
,{"stream_name":"stdout","time":15031.179290473,"data":"[ 250.5 min] 1314 rows written\n"}
,{"stream_name":"stdout","time":15091.221854446,"data":"[ 251.5 min] 1317 rows written\n"}
,{"stream_name":"stdout","time":15151.260339715,"data":"[ 252.5 min] 1322 rows written\n"}
,{"stream_name":"stdout","time":15211.300442059,"data":"[ 253.5 min] 1329 rows written\n"}
,{"stream_name":"stdout","time":15271.339651304,"data":"[ 254.5 min] 1333 rows written\n"}
,{"stream_name":"stdout","time":15331.385335396,"data":"[ 255.5 min] 1335 rows written\n"}
,{"stream_name":"stdout","time":15391.424403386,"data":"[ 256.5 min] 1340 rows written\n"}
,{"stream_name":"stdout","time":15451.462987881,"data":"[ 257.5 min] 1346 rows written\n"}
,{"stream_name":"stdout","time":15511.501953503,"data":"[ 258.5 min] 1353 rows written\n"}
,{"stream_name":"stdout","time":15571.627806624,"data":"[ 259.5 min] 1357 rows written\n"}
,{"stream_name":"stdout","time":15631.673097132,"data":"[ 260.5 min] 1368 rows written\n"}
,{"stream_name":"stdout","time":15691.717773827,"data":"[ 261.5 min] 1371 rows written\n"}
,{"stream_name":"stdout","time":15751.758744978,"data":"[ 262.5 min] 1378 rows written\n"}
,{"stream_name":"stdout","time":15811.799979481,"data":"[ 263.5 min] 1385 rows written\n"}
,{"stream_name":"stdout","time":15871.843074957,"data":"[ 264.5 min] 1394 rows written\n"}
,{"stream_name":"stdout","time":15931.88407377,"data":"[ 265.5 min] 1398 rows written\n"}
,{"stream_name":"stdout","time":15991.927640058,"data":"[ 266.5 min] 1404 rows written\n"}
,{"stream_name":"stdout","time":16051.977657535,"data":"[ 267.5 min] 1412 rows written\n"}
,{"stream_name":"stdout","time":16112.021559749,"data":"[ 268.5 min] 1419 rows written\n"}
,{"stream_name":"stdout","time":16172.068754051,"data":"[ 269.5 min] 1422 rows written\n"}
,{"stream_name":"stdout","time":16232.119747318,"data":"[ 270.5 min] 1432 rows written\n"}
,{"stream_name":"stdout","time":16292.170904385,"data":"[ 271.5 min] 1446 rows written\n"}
,{"stream_name":"stdout","time":16352.218187943,"data":"[ 272.5 min] 1454 rows written\n"}
,{"stream_name":"stdout","time":16412.261385615,"data":"[ 273.5 min] 1461 rows written\n"}
,{"stream_name":"stdout","time":16472.310389555,"data":"[ 274.5 min] 1471 rows written\n"}
,{"stream_name":"stdout","time":16532.358902376,"data":"[ 275.5 min] 1486 rows written\n"}
,{"stream_name":"stdout","time":16592.473033774,"data":"[ 276.5 min] 1497 rows written\n"}
,{"stream_name":"stdout","time":16652.51712496,"data":"[ 277.5 min] 1506 rows written\n"}
,{"stream_name":"stdout","time":16712.561111609,"data":"[ 278.5 min] 1507 rows written\n"}
,{"stream_name":"stdout","time":16772.60755038,"data":"[ 279.5 min] 1510 rows written\n"}
,{"stream_name":"stdout","time":16832.651620272,"data":"[ 280.5 min] 1516 rows written\n"}
,{"stream_name":"stdout","time":16892.695863057,"data":"[ 281.5 min] 1524 rows written\n"}
,{"stream_name":"stdout","time":16952.742827406,"data":"[ 282.5 min] 1537 rows written\n"}
,{"stream_name":"stdout","time":17012.789619287,"data":"[ 283.5 min] 1560 rows written\n"}
,{"stream_name":"stdout","time":17072.83517333,"data":"[ 284.5 min] 1570 rows written\n"}
,{"stream_name":"stdout","time":17132.886585913,"data":"[ 285.5 min] 1577 rows written\n"}
,{"stream_name":"stdout","time":17192.936997552,"data":"[ 286.5 min] 1584 rows written\n"}
,{"stream_name":"stdout","time":17252.984040183,"data":"[ 287.5 min] 1595 rows written\n"}
,{"stream_name":"stdout","time":17313.032626858,"data":"[ 288.5 min] 1604 rows written\n"}
,{"stream_name":"stdout","time":17373.081223396,"data":"[ 289.5 min] 1612 rows written\n"}
,{"stream_name":"stdout","time":17433.128599974,"data":"[ 290.5 min] 1618 rows written\n"}
,{"stream_name":"stdout","time":17493.176110271,"data":"[ 291.5 min] 1641 rows written\n"}
,{"stream_name":"stdout","time":17553.226432817,"data":"[ 292.5 min] 1654 rows written\n"}
,{"stream_name":"stdout","time":17613.273700898,"data":"[ 293.5 min] 1661 rows written\n"}
,{"stream_name":"stdout","time":17673.322411961,"data":"[ 294.5 min] 1666 rows written\n"}
,{"stream_name":"stdout","time":17733.372843211,"data":"[ 295.5 min] 1671 rows written\n"}
,{"stream_name":"stdout","time":17793.42256263,"data":"[ 296.5 min] 1679 rows written\n"}
,{"stream_name":"stdout","time":17853.478448289,"data":"[ 297.5 min] 1698 rows written\n"}
,{"stream_name":"stdout","time":17913.527023303,"data":"[ 298.5 min] 1702 rows written\n"}
,{"stream_name":"stdout","time":17973.577602543,"data":"[ 299.5 min] 1707 rows written\n"}
,{"stream_name":"stdout","time":18033.632168124,"data":"[ 300.5 min] 1732 rows written\n"}
,{"stream_name":"stdout","time":18093.68374647,"data":"[ 301.5 min] 1752 rows written\n"}
,{"stream_name":"stdout","time":18153.73807031,"data":"[ 302.5 min] 1759 rows written\n"}
,{"stream_name":"stdout","time":18213.787596679,"data":"[ 303.5 min] 1762 rows written\n"}
,{"stream_name":"stdout","time":18273.843507694,"data":"[ 304.6 min] 1768 rows written\n"}
,{"stream_name":"stdout","time":18333.898772778,"data":"[ 305.6 min] 1777 rows written\n"}
,{"stream_name":"stdout","time":18393.955306401,"data":"[ 306.6 min] 1791 rows written\n"}
,{"stream_name":"stdout","time":18454.008163356,"data":"[ 307.6 min] 1809 rows written\n"}
,{"stream_name":"stdout","time":18514.060826699,"data":"[ 308.6 min] 1835 rows written\n"}
,{"stream_name":"stdout","time":18574.1145431,"data":"[ 309.6 min] 1853 rows written\n"}
,{"stream_name":"stdout","time":18634.168766868,"data":"[ 310.6 min] 1874 rows written\n"}
,{"stream_name":"stdout","time":18694.220605586,"data":"[ 311.6 min] 1883 rows written\n"}
,{"stream_name":"stdout","time":18754.283755029,"data":"[ 312.6 min] 1888 rows written\n"}
,{"stream_name":"stdout","time":18814.341457635,"data":"[ 313.6 min] 1890 rows written\n"}
,{"stream_name":"stdout","time":18874.39937552,"data":"[ 314.6 min] 1893 rows written\n"}
,{"stream_name":"stdout","time":18934.457009886,"data":"[ 315.6 min] 1895 rows written\n"}
,{"stream_name":"stdout","time":18994.518872182,"data":"[ 316.6 min] 1900 rows written\n"}
,{"stream_name":"stdout","time":19054.574784458,"data":"[ 317.6 min] 1909 rows written\n"}
,{"stream_name":"stdout","time":19114.630390965,"data":"[ 318.6 min] 1918 rows written\n"}
,{"stream_name":"stdout","time":19174.68852131,"data":"[ 319.6 min] 1920 rows written\n"}
,{"stream_name":"stdout","time":19234.755995151,"data":"[ 320.6 min] 1924 rows written\n"}
,{"stream_name":"stdout","time":19294.811131707,"data":"[ 321.6 min] 1930 rows written\n"}
,{"stream_name":"stdout","time":19354.870352382,"data":"[ 322.6 min] 1936 rows written\n"}
,{"stream_name":"stdout","time":19414.925726601,"data":"[ 323.6 min] 1939 rows written\n"}
,{"stream_name":"stdout","time":19474.98118888,"data":"[ 324.6 min] 1945 rows written\n"}
,{"stream_name":"stdout","time":19535.037395464,"data":"[ 325.6 min] 1947 rows written\n"}
,{"stream_name":"stdout","time":19595.148734776,"data":"[ 326.6 min] 1953 rows written\n"}
,{"stream_name":"stdout","time":19655.218226166,"data":"[ 327.6 min] 1963 rows written\n"}
,{"stream_name":"stdout","time":19715.275081775,"data":"[ 328.6 min] 1971 rows written\n"}
,{"stream_name":"stdout","time":19775.33181968,"data":"[ 329.6 min] 1980 rows written\n"}
,{"stream_name":"stdout","time":19835.39332902,"data":"[ 330.6 min] 1986 rows written\n"}
,{"stream_name":"stdout","time":19895.451161057,"data":"[ 331.6 min] 1992 rows written\n"}
,{"stream_name":"stdout","time":19955.508194479,"data":"[ 332.6 min] 2000 rows written\n"}
,{"stream_name":"stdout","time":20015.565848914,"data":"[ 333.6 min] 2004 rows written\n"}
,{"stream_name":"stdout","time":20075.623276464,"data":"[ 334.6 min] 2012 rows written\n"}
,{"stream_name":"stdout","time":20135.691395538,"data":"[ 335.6 min] 2020 rows written\n"}
,{"stream_name":"stdout","time":20195.750320985,"data":"[ 336.6 min] 2024 rows written\n"}
,{"stream_name":"stdout","time":20255.813476216,"data":"[ 337.6 min] 2032 rows written\n"}
,{"stream_name":"stdout","time":20315.878263977,"data":"[ 338.6 min] 2038 rows written\n"}
,{"stream_name":"stdout","time":20375.938063742,"data":"[ 339.6 min] 2042 rows written\n"}
,{"stream_name":"stdout","time":20435.99926655,"data":"[ 340.6 min] 2048 rows written\n"}
,{"stream_name":"stdout","time":20496.063399515,"data":"[ 341.6 min] 2062 rows written\n"}
,{"stream_name":"stdout","time":20556.125085841,"data":"[ 342.6 min] 2071 rows written\n"}
,{"stream_name":"stdout","time":20616.191574366,"data":"[ 343.6 min] 2081 rows written\n"}
,{"stream_name":"stdout","time":20676.256700423,"data":"[ 344.6 min] 2094 rows written\n"}
,{"stream_name":"stdout","time":20736.317851868,"data":"[ 345.6 min] 2114 rows written\n"}
,{"stream_name":"stdout","time":20796.399792922,"data":"[ 346.6 min] 2126 rows written\n"}
,{"stream_name":"stdout","time":20856.461790207,"data":"[ 347.6 min] 2141 rows written\n"}
,{"stream_name":"stdout","time":20916.523634818,"data":"[ 348.6 min] 2150 rows written\n"}
,{"stream_name":"stdout","time":20976.585197916,"data":"[ 349.6 min] 2153 rows written\n"}
,{"stream_name":"stdout","time":21036.6519689,"data":"[ 350.6 min] 2166 rows written\n"}
,{"stream_name":"stdout","time":21096.713887358,"data":"[ 351.6 min] 2186 rows written\n"}
,{"stream_name":"stdout","time":21156.776812355,"data":"[ 352.6 min] 2198 rows written\n"}
,{"stream_name":"stdout","time":21216.840237406,"data":"[ 353.6 min] 2205 rows written\n"}
,{"stream_name":"stdout","time":21276.903616015,"data":"[ 354.6 min] 2214 rows written\n"}
,{"stream_name":"stdout","time":21336.968698572,"data":"[ 355.6 min] 2223 rows written\n"}
,{"stream_name":"stdout","time":21397.041949535,"data":"[ 356.6 min] 2229 rows written\n"}
,{"stream_name":"stdout","time":21457.106372972,"data":"[ 357.6 min] 2238 rows written\n"}
,{"stream_name":"stdout","time":21517.170829161,"data":"[ 358.6 min] 2248 rows written\n"}
,{"stream_name":"stdout","time":21577.235424943,"data":"[ 359.6 min] 2270 rows written\n"}
,{"stream_name":"stdout","time":21637.300236972,"data":"[ 360.6 min] 2277 rows written\n"}
,{"stream_name":"stdout","time":21697.365964459,"data":"[ 361.6 min] 2289 rows written\n"}
,{"stream_name":"stdout","time":21757.436956385,"data":"[ 362.6 min] 2298 rows written\n"}
,{"stream_name":"stdout","time":21817.502301662,"data":"[ 363.6 min] 2305 rows written\n"}
,{"stream_name":"stdout","time":21877.582743134,"data":"[ 364.6 min] 2320 rows written\n"}
,{"stream_name":"stdout","time":21937.659362755,"data":"[ 365.6 min] 2329 rows written\n"}
,{"stream_name":"stdout","time":21997.725875816,"data":"[ 366.6 min] 2337 rows written\n"}
,{"stream_name":"stdout","time":22057.797916419,"data":"[ 367.6 min] 2362 rows written\n"}
,{"stream_name":"stdout","time":22117.865844561,"data":"[ 368.6 min] 2379 rows written\n"}
,{"stream_name":"stdout","time":22177.934200264,"data":"[ 369.6 min] 2388 rows written\n"}
,{"stream_name":"stdout","time":22238.001886813,"data":"[ 370.6 min] 2394 rows written\n"}
,{"stream_name":"stdout","time":22298.070731045,"data":"[ 371.6 min] 2413 rows written\n"}
,{"stream_name":"stdout","time":22358.139295863,"data":"[ 372.6 min] 2431 rows written\n"}
,{"stream_name":"stdout","time":22418.213632055,"data":"[ 373.6 min] 2464 rows written\n"}
,{"stream_name":"stdout","time":22478.282839285,"data":"[ 374.6 min] 2496 rows written\n"}
,{"stream_name":"stdout","time":22538.369155469,"data":"[ 375.6 min] 2500 rows written\n"}
,{"stream_name":"stdout","time":22598.439511154,"data":"[ 376.6 min] 2501 rows written\n"}
,{"stream_name":"stdout","time":22658.509602276,"data":"[ 377.6 min] 2505 rows written\n"}
,{"stream_name":"stdout","time":22718.615608151,"data":"[ 378.6 min] 2510 rows written\n"}
,{"stream_name":"stdout","time":22778.694445038,"data":"[ 379.6 min] 2516 rows written\n"}
,{"stream_name":"stdout","time":22838.765619941,"data":"[ 380.6 min] 2517 rows written\n"}
,{"stream_name":"stdout","time":22898.843578533,"data":"[ 381.6 min] 2524 rows written\n"}
,{"stream_name":"stdout","time":22958.9137139,"data":"[ 382.6 min] 2529 rows written\n"}
,{"stream_name":"stdout","time":23019.098091128,"data":"[ 383.6 min] 2531 rows written\n"}
,{"stream_name":"stdout","time":23079.169307873,"data":"[ 384.6 min] 2538 rows written\n"}
,{"stream_name":"stdout","time":23139.336404993,"data":"[ 385.6 min] 2542 rows written\n"}
,{"stream_name":"stdout","time":23199.412698353,"data":"[ 386.6 min] 2545 rows written\n"}
,{"stream_name":"stdout","time":23259.491645324,"data":"[ 387.6 min] 2550 rows written\n"}
,{"stream_name":"stdout","time":23319.567326983,"data":"[ 388.6 min] 2553 rows written\n"}
,{"stream_name":"stdout","time":23379.637988224,"data":"[ 389.6 min] 2557 rows written\n"}
,{"stream_name":"stdout","time":23439.709419723,"data":"[ 390.6 min] 2561 rows written\n"}
,{"stream_name":"stdout","time":23499.785492321,"data":"[ 391.6 min] 2566 rows written\n"}
,{"stream_name":"stdout","time":23559.860280025,"data":"[ 392.7 min] 2572 rows written\n"}
,{"stream_name":"stdout","time":23620.140315007,"data":"[ 393.7 min] 2575 rows written\n"}
,{"stream_name":"stdout","time":23680.222125972,"data":"[ 394.7 min] 2579 rows written\n"}
,{"stream_name":"stdout","time":23740.298397063,"data":"[ 395.7 min] 2582 rows written\n"}
,{"stream_name":"stdout","time":23800.373429998,"data":"[ 396.7 min] 2584 rows written\n"}
,{"stream_name":"stdout","time":23860.447537454,"data":"[ 397.7 min] 2588 rows written\n"}
,{"stream_name":"stdout","time":23920.525857418,"data":"[ 398.7 min] 2594 rows written\n"}
,{"stream_name":"stdout","time":23980.607359566,"data":"[ 399.7 min] 2597 rows written\n"}
,{"stream_name":"stdout","time":24040.687193362,"data":"[ 400.7 min] 2602 rows written\n"}
,{"stream_name":"stdout","time":24100.765771034,"data":"[ 401.7 min] 2608 rows written\n"}
,{"stream_name":"stdout","time":24160.845756438,"data":"[ 402.7 min] 2615 rows written\n"}
,{"stream_name":"stdout","time":24220.919459665,"data":"[ 403.7 min] 2621 rows written\n"}
,{"stream_name":"stdout","time":24280.998134335,"data":"[ 404.7 min] 2629 rows written\n"}
,{"stream_name":"stdout","time":24341.104153043,"data":"[ 405.7 min] 2632 rows written\n"}
,{"stream_name":"stdout","time":24401.187670145,"data":"[ 406.7 min] 2637 rows written\n"}
,{"stream_name":"stdout","time":24461.265017407,"data":"[ 407.7 min] 2644 rows written\n"}
,{"stream_name":"stdout","time":24521.341544443,"data":"[ 408.7 min] 2658 rows written\n"}
,{"stream_name":"stdout","time":24581.416483994,"data":"[ 409.7 min] 2668 rows written\n"}
,{"stream_name":"stdout","time":24641.492099051,"data":"[ 410.7 min] 2678 rows written\n"}
,{"stream_name":"stdout","time":24701.574492079,"data":"[ 411.7 min] 2690 rows written\n"}
,{"stream_name":"stdout","time":24761.656154901,"data":"[ 412.7 min] 2699 rows written\n"}
,{"stream_name":"stdout","time":24821.734654911,"data":"[ 413.7 min] 2706 rows written\n"}
,{"stream_name":"stdout","time":24881.812806597,"data":"[ 414.7 min] 2711 rows written\n"}
,{"stream_name":"stdout","time":24941.892508434,"data":"[ 415.7 min] 2722 rows written\n"}
,{"stream_name":"stdout","time":25001.973393313,"data":"[ 416.7 min] 2727 rows written\n"}
,{"stream_name":"stdout","time":25062.056064259,"data":"[ 417.7 min] 2734 rows written\n"}
,{"stream_name":"stdout","time":25122.133654216,"data":"[ 418.7 min] 2743 rows written\n"}
,{"stream_name":"stdout","time":25182.213648111,"data":"[ 419.7 min] 2753 rows written\n"}
,{"stream_name":"stdout","time":25242.294418206,"data":"[ 420.7 min] 2760 rows written\n"}
,{"stream_name":"stdout","time":25302.374940606,"data":"[ 421.7 min] 2771 rows written\n"}
,{"stream_name":"stdout","time":25362.52155691,"data":"[ 422.7 min] 2783 rows written\n"}
,{"stream_name":"stdout","time":25422.601923888,"data":"[ 423.7 min] 2801 rows written\n"}
,{"stream_name":"stdout","time":25482.68747366,"data":"[ 424.7 min] 2814 rows written\n"}
,{"stream_name":"stdout","time":25542.769475978,"data":"[ 425.7 min] 2822 rows written\n"}
,{"stream_name":"stdout","time":25602.848569292,"data":"[ 426.7 min] 2826 rows written\n"}
,{"stream_name":"stdout","time":25662.944935342,"data":"[ 427.7 min] 2832 rows written\n"}
,{"stream_name":"stdout","time":25723.026037155,"data":"[ 428.7 min] 2839 rows written\n"}
,{"stream_name":"stdout","time":25783.106699012,"data":"[ 429.7 min] 2850 rows written\n"}
,{"stream_name":"stdout","time":25843.191513742,"data":"[ 430.7 min] 2852 rows written\n"}
,{"stream_name":"stdout","time":25903.276373632,"data":"[ 431.7 min] 2856 rows written\n"}
,{"stream_name":"stdout","time":25963.357230289,"data":"[ 432.7 min] 2862 rows written\n"}
,{"stream_name":"stdout","time":26023.441601533,"data":"[ 433.7 min] 2884 rows written\n"}
,{"stream_name":"stdout","time":26083.530996918,"data":"[ 434.7 min] 2901 rows written\n"}
,{"stream_name":"stdout","time":26143.614100451,"data":"[ 435.7 min] 2911 rows written\n"}
,{"stream_name":"stdout","time":26203.696602315,"data":"[ 436.7 min] 2918 rows written\n"}
,{"stream_name":"stdout","time":26263.785660756,"data":"[ 437.7 min] 2921 rows written\n"}
,{"stream_name":"stdout","time":26323.867273989,"data":"[ 438.7 min] 2925 rows written\n"}
,{"stream_name":"stdout","time":26383.94980942,"data":"[ 439.7 min] 2932 rows written\n"}
,{"stream_name":"stdout","time":26444.032218745,"data":"[ 440.7 min] 2943 rows written\n"}
,{"stream_name":"stdout","time":26504.118100535,"data":"[ 441.7 min] 2949 rows written\n"}
,{"stream_name":"stdout","time":26564.28150469,"data":"[ 442.7 min] 2954 rows written\n"}
,{"stream_name":"stdout","time":26624.36666424,"data":"[ 443.7 min] 2961 rows written\n"}
,{"stream_name":"stdout","time":26684.456454981,"data":"[ 444.7 min] 2982 rows written\n"}
,{"stream_name":"stdout","time":26744.541495283,"data":"[ 445.7 min] 3002 rows written\n"}
,{"stream_name":"stdout","time":26804.636573716,"data":"[ 446.7 min] 3005 rows written\n"}
,{"stream_name":"stdout","time":26864.720420413,"data":"[ 447.7 min] 3009 rows written\n"}
,{"stream_name":"stdout","time":26924.811623836,"data":"[ 448.7 min] 3014 rows written\n"}
,{"stream_name":"stdout","time":26984.902604231,"data":"[ 449.7 min] 3017 rows written\n"}
,{"stream_name":"stdout","time":27045.002974588,"data":"[ 450.7 min] 3024 rows written\n"}
,{"stream_name":"stdout","time":27105.116717459,"data":"[ 451.7 min] 3040 rows written\n"}
,{"stream_name":"stdout","time":27165.203780537,"data":"[ 452.7 min] 3066 rows written\n"}
,{"stream_name":"stdout","time":27225.33977223,"data":"[ 453.7 min] 3094 rows written\n"}
,{"stream_name":"stdout","time":27285.429897737,"data":"[ 454.7 min] 3120 rows written\n"}
,{"stream_name":"stdout","time":27345.520008833,"data":"[ 455.7 min] 3126 rows written\n"}
,{"stream_name":"stdout","time":27405.620988596,"data":"[ 456.7 min] 3130 rows written\n"}
,{"stream_name":"stdout","time":27465.712767227,"data":"[ 457.7 min] 3133 rows written\n"}
,{"stream_name":"stdout","time":27525.799655126,"data":"[ 458.8 min] 3137 rows written\n"}
,{"stream_name":"stdout","time":27585.891249225,"data":"[ 459.8 min] 3144 rows written\n"}
,{"stream_name":"stdout","time":27645.993585766,"data":"[ 460.8 min] 3149 rows written\n"}
,{"stream_name":"stdout","time":27706.086153096,"data":"[ 461.8 min] 3154 rows written\n"}
,{"stream_name":"stdout","time":27766.178106791,"data":"[ 462.8 min] 3159 rows written\n"}
,{"stream_name":"stdout","time":27826.266079938,"data":"[ 463.8 min] 3164 rows written\n"}
,{"stream_name":"stdout","time":27886.36134688,"data":"[ 464.8 min] 3168 rows written\n"}
,{"stream_name":"stdout","time":27946.450153728,"data":"[ 465.8 min] 3171 rows written\n"}
,{"stream_name":"stdout","time":28006.539076198,"data":"[ 466.8 min] 3178 rows written\n"}
,{"stream_name":"stdout","time":28066.630255729,"data":"[ 467.8 min] 3184 rows written\n"}
,{"stream_name":"stdout","time":28126.719576416,"data":"[ 468.8 min] 3186 rows written\n"}
,{"stream_name":"stdout","time":28186.820705557,"data":"[ 469.8 min] 3193 rows written\n"}
,{"stream_name":"stdout","time":28246.909861774,"data":"[ 470.8 min] 3201 rows written\n"}
,{"stream_name":"stdout","time":28307.000718324,"data":"[ 471.8 min] 3209 rows written\n"}
,{"stream_name":"stdout","time":28367.090650113,"data":"[ 472.8 min] 3216 rows written\n"}
,{"stream_name":"stdout","time":28427.180145041,"data":"[ 473.8 min] 3219 rows written\n"}
,{"stream_name":"stdout","time":28487.270418642,"data":"[ 474.8 min] 3228 rows written\n"}
,{"stream_name":"stdout","time":28547.361532002,"data":"[ 475.8 min] 3234 rows written\n"}
,{"stream_name":"stdout","time":28607.454327369,"data":"[ 476.8 min] 3240 rows written\n"}
,{"stream_name":"stdout","time":28667.565386105,"data":"[ 477.8 min] 3242 rows written\n"}
,{"stream_name":"stdout","time":28727.662297562,"data":"[ 478.8 min] 3246 rows written\n"}
,{"stream_name":"stdout","time":28787.751925203,"data":"[ 479.8 min] 3252 rows written\n"}
,{"stream_name":"stdout","time":28847.843842369,"data":"[ 480.8 min] 3260 rows written\n"}
,{"stream_name":"stdout","time":28908.059955532,"data":"[ 481.8 min] 3264 rows written\n"}
,{"stream_name":"stdout","time":28968.153085526,"data":"[ 482.8 min] 3273 rows written\n"}
,{"stream_name":"stdout","time":29028.246560745,"data":"[ 483.8 min] 3281 rows written\n"}
,{"stream_name":"stdout","time":29088.343621159,"data":"[ 484.8 min] 3285 rows written\n"}
,{"stream_name":"stdout","time":29148.44096966,"data":"[ 485.8 min] 3289 rows written\n"}
,{"stream_name":"stdout","time":29208.537962437,"data":"[ 486.8 min] 3294 rows written\n"}
,{"stream_name":"stdout","time":29268.634891717,"data":"[ 487.8 min] 3298 rows written\n"}
,{"stream_name":"stdout","time":29328.734883992,"data":"[ 488.8 min] 3311 rows written\n"}
,{"stream_name":"stdout","time":29388.844084307,"data":"[ 489.8 min] 3318 rows written\n"}
,{"stream_name":"stdout","time":29448.958448483,"data":"[ 490.8 min] 3326 rows written\n"}
,{"stream_name":"stdout","time":29509.09076667,"data":"[ 491.8 min] 3337 rows written\n"}
,{"stream_name":"stdout","time":29569.185059475,"data":"[ 492.8 min] 3358 rows written\n"}
,{"stream_name":"stdout","time":29629.278294497,"data":"[ 493.8 min] 3371 rows written\n"}
,{"stream_name":"stdout","time":29689.372120957,"data":"[ 494.8 min] 3380 rows written\n"}
,{"stream_name":"stdout","time":29749.466782864,"data":"[ 495.8 min] 3388 rows written\n"}
,{"stream_name":"stdout","time":29809.564266887,"data":"[ 496.8 min] 3398 rows written\n"}
,{"stream_name":"stdout","time":29869.659883147,"data":"[ 497.8 min] 3402 rows written\n"}
,{"stream_name":"stdout","time":29929.762490808,"data":"[ 498.8 min] 3403 rows written\n"}
,{"stream_name":"stdout","time":29989.858994222,"data":"[ 499.8 min] 3405 rows written\n"}
,{"stream_name":"stdout","time":30049.955161828,"data":"[ 500.8 min] 3417 rows written\n"}
,{"stream_name":"stdout","time":30110.051093297,"data":"[ 501.8 min] 3437 rows written\n"}
,{"stream_name":"stdout","time":30170.167663653,"data":"[ 502.8 min] 3446 rows written\n"}
,{"stream_name":"stdout","time":30230.268071269,"data":"[ 503.8 min] 3454 rows written\n"}
,{"stream_name":"stdout","time":30290.3688933,"data":"[ 504.8 min] 3462 rows written\n"}
,{"stream_name":"stdout","time":30350.470781148,"data":"[ 505.8 min] 3472 rows written\n"}
,{"stream_name":"stdout","time":30410.568291705,"data":"[ 506.8 min] 3479 rows written\n"}
,{"stream_name":"stdout","time":30470.664153492,"data":"[ 507.8 min] 3485 rows written\n"}
,{"stream_name":"stdout","time":30530.766359734,"data":"[ 508.8 min] 3493 rows written\n"}
,{"stream_name":"stdout","time":30590.878038394,"data":"[ 509.8 min] 3513 rows written\n"}
,{"stream_name":"stdout","time":30650.982072675,"data":"[ 510.8 min] 3527 rows written\n"}
,{"stream_name":"stdout","time":30711.080182426,"data":"[ 511.8 min] 3536 rows written\n"}
,{"stream_name":"stdout","time":30771.189723785,"data":"[ 512.8 min] 3543 rows written\n"}
,{"stream_name":"stdout","time":30831.291774225,"data":"[ 513.8 min] 3552 rows written\n"}
,{"stream_name":"stdout","time":30891.390918287,"data":"[ 514.8 min] 3566 rows written\n"}
,{"stream_name":"stdout","time":30951.494505119,"data":"[ 515.8 min] 3578 rows written\n"}
,{"stream_name":"stdout","time":31011.594861712,"data":"[ 516.8 min] 3579 rows written\n"}
,{"stream_name":"stdout","time":31071.693853691,"data":"[ 517.8 min] 3590 rows written\n"}
,{"stream_name":"stdout","time":31131.793320547,"data":"[ 518.8 min] 3609 rows written\n"}
,{"stream_name":"stdout","time":31191.893338948,"data":"[ 519.9 min] 3628 rows written\n"}
,{"stream_name":"stdout","time":31252.023759113,"data":"[ 520.9 min] 3631 rows written\n"}
,{"stream_name":"stdout","time":31312.127998736,"data":"[ 521.9 min] 3639 rows written\n"}
,{"stream_name":"stdout","time":31372.320589467,"data":"[ 522.9 min] 3651 rows written\n"}
,{"stream_name":"stdout","time":31432.434862342,"data":"[ 523.9 min] 3676 rows written\n"}
,{"stream_name":"stdout","time":31492.536241989,"data":"[ 524.9 min] 3689 rows written\n"}
,{"stream_name":"stdout","time":31552.679132634,"data":"[ 525.9 min] 3720 rows written\n"}
,{"stream_name":"stdout","time":31612.780059409,"data":"[ 526.9 min] 3743 rows written\n"}
,{"stream_name":"stdout","time":31672.882783737,"data":"[ 527.9 min] 3749 rows written\n"}
,{"stream_name":"stdout","time":31732.984942696,"data":"[ 528.9 min] 3754 rows written\n"}
,{"stream_name":"stdout","time":31793.094250493,"data":"[ 529.9 min] 3763 rows written\n"}
,{"stream_name":"stdout","time":31853.197594973,"data":"[ 530.9 min] 3766 rows written\n"}
,{"stream_name":"stdout","time":31913.320556123,"data":"[ 531.9 min] 3769 rows written\n"}
,{"stream_name":"stdout","time":31973.42895498,"data":"[ 532.9 min] 3780 rows written\n"}
,{"stream_name":"stdout","time":32033.619618647,"data":"[ 533.9 min] 3786 rows written\n"}
,{"stream_name":"stdout","time":32093.724420428,"data":"[ 534.9 min] 3792 rows written\n"}
,{"stream_name":"stdout","time":32153.829976426,"data":"[ 535.9 min] 3794 rows written\n"}
,{"stream_name":"stdout","time":32213.935029008,"data":"[ 536.9 min] 3796 rows written\n"}
,{"stream_name":"stdout","time":32274.03979743,"data":"[ 537.9 min] 3803 rows written\n"}
,{"stream_name":"stdout","time":32334.267471145,"data":"[ 538.9 min] 3807 rows written\n"}
,{"stream_name":"stdout","time":32394.377584288,"data":"[ 539.9 min] 3814 rows written\n"}
,{"stream_name":"stdout","time":32454.484953947,"data":"[ 540.9 min] 3819 rows written\n"}
,{"stream_name":"stdout","time":32514.617673506,"data":"[ 541.9 min] 3825 rows written\n"}
,{"stream_name":"stdout","time":32574.735113869,"data":"[ 542.9 min] 3837 rows written\n"}
,{"stream_name":"stdout","time":32634.852780692,"data":"[ 543.9 min] 3841 rows written\n"}
,{"stream_name":"stdout","time":32694.965193156,"data":"[ 544.9 min] 3851 rows written\n"}
,{"stream_name":"stdout","time":32755.080850186,"data":"[ 545.9 min] 3859 rows written\n"}
,{"stream_name":"stdout","time":32815.18956972,"data":"[ 546.9 min] 3868 rows written\n"}
,{"stream_name":"stdout","time":32875.303361352,"data":"[ 547.9 min] 3874 rows written\n"}
,{"stream_name":"stdout","time":32935.417360621,"data":"[ 548.9 min] 3881 rows written\n"}
,{"stream_name":"stdout","time":32995.532220646,"data":"[ 549.9 min] 3889 rows written\n"}
,{"stream_name":"stdout","time":33055.652294873,"data":"[ 550.9 min] 3895 rows written\n"}
,{"stream_name":"stdout","time":33115.766031414,"data":"[ 551.9 min] 3904 rows written\n"}
,{"stream_name":"stdout","time":33175.880887266,"data":"[ 552.9 min] 3908 rows written\n"}
,{"stream_name":"stdout","time":33235.994472082,"data":"[ 553.9 min] 3913 rows written\n"}
,{"stream_name":"stdout","time":33296.10905643,"data":"[ 554.9 min] 3921 rows written\n"}
,{"stream_name":"stdout","time":33356.218857905,"data":"[ 555.9 min] 3935 rows written\n"}
,{"stream_name":"stdout","time":33416.337784134,"data":"[ 556.9 min] 3944 rows written\n"}
,{"stream_name":"stdout","time":33476.495029095,"data":"[ 557.9 min] 3952 rows written\n"}
,{"stream_name":"stdout","time":33536.608884933,"data":"[ 558.9 min] 3962 rows written\n"}
,{"stream_name":"stdout","time":33596.741761821,"data":"[ 559.9 min] 3973 rows written\n"}
,{"stream_name":"stdout","time":33656.873664404,"data":"[ 560.9 min] 3989 rows written\n"}
,{"stream_name":"stdout","time":33716.986788488,"data":"[ 561.9 min] 4004 rows written\n"}
,{"stream_name":"stdout","time":33777.183388407,"data":"[ 562.9 min] 4015 rows written\n"}
,{"stream_name":"stdout","time":33837.296707675,"data":"[ 563.9 min] 4025 rows written\n"}
,{"stream_name":"stdout","time":33897.412277719,"data":"[ 564.9 min] 4036 rows written\n"}
,{"stream_name":"stdout","time":33957.528320359,"data":"[ 565.9 min] 4060 rows written\n"}
,{"stream_name":"stdout","time":34017.671141271,"data":"[ 566.9 min] 4071 rows written\n"}
,{"stream_name":"stdout","time":34077.785824776,"data":"[ 567.9 min] 4083 rows written\n"}
,{"stream_name":"stdout","time":34137.901288911,"data":"[ 569.0 min] 4090 rows written\n"}
,{"stream_name":"stdout","time":34198.017093699,"data":"[ 570.0 min] 4098 rows written\n"}
,{"stream_name":"stdout","time":34258.13352159,"data":"[ 571.0 min] 4110 rows written\n"}
,{"stream_name":"stdout","time":34318.251031582,"data":"[ 572.0 min] 4121 rows written\n"}
,{"stream_name":"stdout","time":34378.376913771,"data":"[ 573.0 min] 4141 rows written\n"}
,{"stream_name":"stdout","time":34438.49274307,"data":"[ 574.0 min] 4151 rows written\n"}
,{"stream_name":"stdout","time":34498.618374672,"data":"[ 575.0 min] 4162 rows written\n"}
,{"stream_name":"stdout","time":34558.741993737,"data":"[ 576.0 min] 4173 rows written\n"}
,{"stream_name":"stdout","time":34618.871999964,"data":"[ 577.0 min] 4187 rows written\n"}
,{"stream_name":"stdout","time":34678.987894944,"data":"[ 578.0 min] 4195 rows written\n"}
,{"stream_name":"stdout","time":34739.105925731,"data":"[ 579.0 min] 4206 rows written\n"}
,{"stream_name":"stdout","time":34799.223035303,"data":"[ 580.0 min] 4222 rows written\n"}
,{"stream_name":"stdout","time":34859.340768151,"data":"[ 581.0 min] 4238 rows written\n"}
,{"stream_name":"stdout","time":34919.463367179,"data":"[ 582.0 min] 4253 rows written\n"}
,{"stream_name":"stdout","time":34979.581775966,"data":"[ 583.0 min] 4261 rows written\n"}
,{"stream_name":"stdout","time":35039.707085731,"data":"[ 584.0 min] 4280 rows written\n"}
,{"stream_name":"stdout","time":35099.833571614,"data":"[ 585.0 min] 4306 rows written\n"}
,{"stream_name":"stdout","time":35160.004504046,"data":"[ 586.0 min] 4343 rows written\n"}
,{"stream_name":"stdout","time":35220.126436934,"data":"[ 587.0 min] 4366 rows written\n"}
,{"stream_name":"stdout","time":35280.246638465,"data":"[ 588.0 min] 4374 rows written\n"}
,{"stream_name":"stdout","time":35340.37158473,"data":"[ 589.0 min] 4378 rows written\n"}
,{"stream_name":"stdout","time":35400.497220203,"data":"[ 590.0 min] 4386 rows written\n"}
,{"stream_name":"stdout","time":35460.621911269,"data":"[ 591.0 min] 4388 rows written\n"}
,{"stream_name":"stdout","time":35520.743988356,"data":"[ 592.0 min] 4390 rows written\n"}
,{"stream_name":"stdout","time":35580.871530375,"data":"[ 593.0 min] 4393 rows written\n"}
,{"stream_name":"stdout","time":35641.016498738,"data":"[ 594.0 min] 4396 rows written\n"}
,{"stream_name":"stdout","time":35701.139138269,"data":"[ 595.0 min] 4403 rows written\n"}
,{"stream_name":"stdout","time":35761.271935187,"data":"[ 596.0 min] 4411 rows written\n"}
,{"stream_name":"stdout","time":35821.453440261,"data":"[ 597.0 min] 4416 rows written\n"}
,{"stream_name":"stdout","time":35881.581303063,"data":"[ 598.0 min] 4424 rows written\n"}
,{"stream_name":"stdout","time":35941.710190172,"data":"[ 599.0 min] 4428 rows written\n"}
,{"stream_name":"stdout","time":36001.839999577,"data":"[ 600.0 min] 4436 rows written\n"}
,{"stream_name":"stdout","time":36061.963950113,"data":"[ 601.0 min] 4444 rows written\n"}
,{"stream_name":"stdout","time":36122.111262749,"data":"[ 602.0 min] 4450 rows written\n"}
,{"stream_name":"stdout","time":36182.233675194,"data":"[ 603.0 min] 4453 rows written\n"}
,{"stream_name":"stdout","time":36242.356481859,"data":"[ 604.0 min] 4458 rows written\n"}
,{"stream_name":"stdout","time":36302.479658524,"data":"[ 605.0 min] 4466 rows written\n"}
,{"stream_name":"stdout","time":36362.62662849,"data":"[ 606.0 min] 4474 rows written\n"}
,{"stream_name":"stdout","time":36422.751125382,"data":"[ 607.0 min] 4485 rows written\n"}
,{"stream_name":"stdout","time":36482.874522806,"data":"[ 608.0 min] 4490 rows written\n"}
,{"stream_name":"stdout","time":36543.003374455,"data":"[ 609.0 min] 4495 rows written\n"}
,{"stream_name":"stdout","time":36603.127763414,"data":"[ 610.0 min] 4503 rows written\n"}
,{"stream_name":"stdout","time":36663.253856125,"data":"[ 611.0 min] 4513 rows written\n"}
,{"stream_name":"stdout","time":36723.379863901,"data":"[ 612.0 min] 4517 rows written\n"}
,{"stream_name":"stdout","time":36783.509082117,"data":"[ 613.0 min] 4524 rows written\n"}
,{"stream_name":"stdout","time":36843.640358344,"data":"[ 614.0 min] 4534 rows written\n"}
,{"stream_name":"stdout","time":36903.766781297,"data":"[ 615.0 min] 4540 rows written\n"}
,{"stream_name":"stdout","time":36963.900713017,"data":"[ 616.1 min] 4543 rows written\n"}
,{"stream_name":"stdout","time":37024.034274957,"data":"[ 617.1 min] 4560 rows written\n"}
,{"stream_name":"stdout","time":37084.160269759,"data":"[ 618.1 min] 4568 rows written\n"}
,{"stream_name":"stdout","time":37144.412429392,"data":"[ 619.1 min] 4575 rows written\n"}
,{"stream_name":"stdout","time":37204.538796625,"data":"[ 620.1 min] 4585 rows written\n"}
,{"stream_name":"stdout","time":37264.66956217,"data":"[ 621.1 min] 4604 rows written\n"}
,{"stream_name":"stdout","time":37324.798984903,"data":"[ 622.1 min] 4615 rows written\n"}
,{"stream_name":"stdout","time":37384.936775061,"data":"[ 623.1 min] 4624 rows written\n"}
,{"stream_name":"stdout","time":37445.063313728,"data":"[ 624.1 min] 4625 rows written\n"}
,{"stream_name":"stdout","time":37505.190941424,"data":"[ 625.1 min] 4628 rows written\n"}
,{"stream_name":"stdout","time":37565.318366758,"data":"[ 626.1 min] 4635 rows written\n"}
,{"stream_name":"stdout","time":37625.447367362,"data":"[ 627.1 min] 4652 rows written\n"}
,{"stream_name":"stdout","time":37685.583583147,"data":"[ 628.1 min] 4667 rows written\n"}
,{"stream_name":"stdout","time":37745.767466171,"data":"[ 629.1 min] 4686 rows written\n"}
,{"stream_name":"stdout","time":37805.905186507,"data":"[ 630.1 min] 4695 rows written\n"}
,{"stream_name":"stdout","time":37866.095392175,"data":"[ 631.1 min] 4702 rows written\n"}
,{"stream_name":"stdout","time":37926.227955106,"data":"[ 632.1 min] 4712 rows written\n"}
,{"stream_name":"stdout","time":37986.369776924,"data":"[ 633.1 min] 4723 rows written\n"}
,{"stream_name":"stdout","time":38046.505245278,"data":"[ 634.1 min] 4730 rows written\n"}
,{"stream_name":"stdout","time":38106.668779639,"data":"[ 635.1 min] 4738 rows written\n"}
,{"stream_name":"stdout","time":38166.834458571,"data":"[ 636.1 min] 4764 rows written\n"}
,{"stream_name":"stdout","time":38226.974696124,"data":"[ 637.1 min] 4774 rows written\n"}
,{"stream_name":"stdout","time":38287.113457279,"data":"[ 638.1 min] 4778 rows written\n"}
,{"stream_name":"stdout","time":38347.2638586,"data":"[ 639.1 min] 4784 rows written\n"}
,{"stream_name":"stdout","time":38407.399057953,"data":"[ 640.1 min] 4792 rows written\n"}
,{"stream_name":"stdout","time":38467.533565783,"data":"[ 641.1 min] 4802 rows written\n"}
,{"stream_name":"stdout","time":38527.667806276,"data":"[ 642.1 min] 4819 rows written\n"}
,{"stream_name":"stdout","time":38588.008778476,"data":"[ 643.1 min] 4821 rows written\n"}
,{"stream_name":"stdout","time":38648.144814519,"data":"[ 644.1 min] 4835 rows written\n"}
,{"stream_name":"stdout","time":38708.310659336,"data":"[ 645.1 min] 4864 rows written\n"}
,{"stream_name":"stdout","time":38768.452958403,"data":"[ 646.1 min] 4878 rows written\n"}
,{"stream_name":"stdout","time":38828.60865067,"data":"[ 647.1 min] 4881 rows written\n"}
,{"stream_name":"stdout","time":38888.745634944,"data":"[ 648.1 min] 4888 rows written\n"}
,{"stream_name":"stdout","time":38948.886057569,"data":"[ 649.1 min] 4904 rows written\n"}
,{"stream_name":"stdout","time":39009.028326059,"data":"[ 650.1 min] 4926 rows written\n"}
,{"stream_name":"stdout","time":39069.166997928,"data":"[ 651.1 min] 4955 rows written\n"}
,{"stream_name":"stdout","time":39129.309774791,"data":"[ 652.1 min] 4980 rows written\n"}
,{"stream_name":"stdout","time":39189.449155823,"data":"[ 653.1 min] 4999 rows written\n"}
,{"stream_name":"stdout","time":39249.589429048,"data":"[ 654.1 min] 5007 rows written\n"}
,{"stream_name":"stdout","time":39309.734079744,"data":"[ 655.1 min] 5011 rows written\n"}
,{"stream_name":"stdout","time":39369.875628507,"data":"[ 656.2 min] 5016 rows written\n"}
,{"stream_name":"stdout","time":39430.019354588,"data":"[ 657.2 min] 5032 rows written\n"}
,{"stream_name":"stdout","time":39490.199294353,"data":"[ 658.2 min] 5039 rows written\n"}
,{"stream_name":"stdout","time":39550.345421905,"data":"[ 659.2 min] 5047 rows written\n"}
,{"stream_name":"stdout","time":39610.486087063,"data":"[ 660.2 min] 5055 rows written\n"}
,{"stream_name":"stdout","time":39670.631693104,"data":"[ 661.2 min] 5063 rows written\n"}
,{"stream_name":"stdout","time":39730.773664529,"data":"[ 662.2 min] 5070 rows written\n"}
,{"stream_name":"stdout","time":39790.922798433,"data":"[ 663.2 min] 5085 rows written\n"}
,{"stream_name":"stdout","time":39851.063318047,"data":"[ 664.2 min] 5098 rows written\n"}
,{"stream_name":"stdout","time":39911.204981887,"data":"[ 665.2 min] 5108 rows written\n"}
,{"stream_name":"stdout","time":39971.375187189,"data":"[ 666.2 min] 5118 rows written\n"}
,{"stream_name":"stdout","time":40031.517537615,"data":"[ 667.2 min] 5129 rows written\n"}
,{"stream_name":"stdout","time":40091.660147081,"data":"[ 668.2 min] 5141 rows written\n"}
,{"stream_name":"stdout","time":40151.804851328,"data":"[ 669.2 min] 5154 rows written\n"}
,{"stream_name":"stdout","time":40211.957468157,"data":"[ 670.2 min] 5160 rows written\n"}
,{"stream_name":"stdout","time":40272.169372835,"data":"[ 671.2 min] 5170 rows written\n"}
,{"stream_name":"stdout","time":40332.318637199,"data":"[ 672.2 min] 5188 rows written\n"}
,{"stream_name":"stdout","time":40392.538727558,"data":"[ 673.2 min] 5204 rows written\n"}
,{"stream_name":"stdout","time":40452.693034974,"data":"[ 674.2 min] 5230 rows written\n"}
,{"stream_name":"stdout","time":40512.839914042,"data":"[ 675.2 min] 5250 rows written\n"}
,{"stream_name":"stdout","time":40572.992506108,"data":"[ 676.2 min] 5268 rows written\n"}
,{"stream_name":"stdout","time":40633.201060802,"data":"[ 677.2 min] 5274 rows written\n"}
,{"stream_name":"stdout","time":40693.357837346,"data":"[ 678.2 min] 5305 rows written\n"}
,{"stream_name":"stdout","time":40753.512400161,"data":"[ 679.2 min] 5321 rows written\n"}
,{"stream_name":"stdout","time":40813.671673953,"data":"[ 680.2 min] 5336 rows written\n"}
,{"stream_name":"stdout","time":40873.825118664,"data":"[ 681.2 min] 5348 rows written\n"}
,{"stream_name":"stdout","time":40933.981243284,"data":"[ 682.2 min] 5364 rows written\n"}
,{"stream_name":"stdout","time":40994.133438595,"data":"[ 683.2 min] 5394 rows written\n"}
,{"stream_name":"stdout","time":41054.28877778,"data":"[ 684.2 min] 5410 rows written\n"}
,{"stream_name":"stdout","time":41114.456820995,"data":"[ 685.2 min] 5423 rows written\n"}
,{"stream_name":"stdout","time":41174.618810257,"data":"[ 686.2 min] 5442 rows written\n"}
,{"stream_name":"stdout","time":41234.772013613,"data":"[ 687.2 min] 5458 rows written\n"}
,{"stream_name":"stdout","time":41294.930789317,"data":"[ 688.2 min] 5496 rows written\n"}
,{"stream_name":"stdout","time":41355.090012685,"data":"[ 689.2 min] 5510 rows written\n"}
,{"stream_name":"stdout","time":41415.251782401,"data":"[ 690.2 min] 5534 rows written\n"}
,{"stream_name":"stdout","time":41415.251837538,"data":"[ 690.2 min] deadline reached; stopping benchmark processes (rows so far are kept)\n"}
,{"stream_name":"stdout","time":41415.252399199,"data":"[ 690.2 min] done\n"}
,{"stream_name":"stderr","time":41417.854032832,"data":"/usr/local/lib/python3.12/dist-packages/mistune.py:435: SyntaxWarning: invalid escape sequence '\\|'\n"}
,{"stream_name":"stderr","time":41417.854130995,"data":"  cells[i][c] = re.sub('\\\\\\\\\\|', '|', cell)\n"}
,{"stream_name":"stderr","time":41418.161279788,"data":"/usr/local/lib/python3.12/dist-packages/nbconvert/filters/filter_links.py:36: SyntaxWarning: invalid escape sequence '\\_'\n"}
,{"stream_name":"stderr","time":41418.161310971,"data":"  text = re.sub(r'_', '\\_', text) # Escape underscores in display text\n"}
,{"stream_name":"stderr","time":41418.927056586,"data":"[NbConvertApp] Converting notebook __script__.ipynb to html\n"}
,{"stream_name":"stderr","time":41420.534642281,"data":"[NbConvertApp] Writing 307029 bytes to __results__.html\n"}
]