[{"stream_name":"stdout","time":1.500994529,"data":"[   0.0 min] code in /kaggle/tmp/qaari; config {'reciters': ['Husary_128kbps', 'Husary_Muallim_128kbps', 'Minshawy_Murattal_128kbps', 'Hudhaify_128kbps', 'Abdul_Basit_Murattal_192kbps', 'Alafasy_128kbps', 'Yasser_Ad-Dussary_128kbps', 'Nasser_Alqatami_128kbps', 'Saood_ash-Shuraym_128kbps', 'Abdurrahmaan_As-Sudais_192kbps', 'Abdullaah_3awwaad_Al-Juhaynee_128kbps'], 'verses': 'all', 'modes': ['studio', 'taraweeh_adapted'], 'procs': 4, 'shard_base': 12, 'shard_total': 20, 'octave': False, 'tag': 'full', 'pip': 'praat-parselmouth faiss-cpu nara_wpe soxr speechbrain', 'hours': 11.5}\n"}
,{"stream_name":"stdout","time":33.551435366,"data":"[   0.5 min] internet: OFF (kernel internet disabled; using the attached qaari-eval-deps bundle)\n"}
,{"stream_name":"stdout","time":33.608630191,"data":"[   0.5 min] $ /usr/bin/python3 -m pip install -q --no-index --find-links /kaggle/input/datasets/razanashrafalnajjar/qaari-eval-deps/wheels ruamel.yaml.clib\n"}
,{"stream_name":"stdout","time":40.953449481,"data":"[   0.7 min] $ /usr/bin/python3 -m pip install -q --no-index --find-links /kaggle/input/datasets/razanashrafalnajjar/qaari-eval-deps/wheels ruamel.yaml\n"}
,{"stream_name":"stdout","time":44.775609227,"data":"[   0.7 min] $ /usr/bin/python3 -m pip install -q --no-index --find-links /kaggle/input/datasets/razanashrafalnajjar/qaari-eval-deps/wheels hyperpyyaml\n"}
,{"stream_name":"stdout","time":49.024271412,"data":"[   0.8 min] $ /usr/bin/python3 -m pip install -q --no-index --find-links /kaggle/input/datasets/razanashrafalnajjar/qaari-eval-deps/wheels bottleneck\n"}
,{"stream_name":"stdout","time":52.878092263,"data":"[   0.9 min] $ /usr/bin/python3 -m pip install -q --no-index --find-links /kaggle/input/datasets/razanashrafalnajjar/qaari-eval-deps/wheels sentencepiece\n"}
,{"stream_name":"stdout","time":56.690488071,"data":"[   0.9 min] $ /usr/bin/python3 -m pip install -q --no-index --find-links /kaggle/input/datasets/razanashrafalnajjar/qaari-eval-deps/wheels praat-parselmouth\n"}
,{"stream_name":"stdout","time":61.096371237,"data":"[   1.0 min] $ /usr/bin/python3 -m pip install -q --no-index --find-links /kaggle/input/datasets/razanashrafalnajjar/qaari-eval-deps/wheels faiss-cpu\n"}
,{"stream_name":"stdout","time":66.118361896,"data":"[   1.1 min] $ /usr/bin/python3 -m pip install -q --no-index --find-links /kaggle/input/datasets/razanashrafalnajjar/qaari-eval-deps/wheels nara_wpe\n"}
,{"stream_name":"stdout","time":70.076550185,"data":"[   1.2 min] $ /usr/bin/python3 -m pip install -q --no-index --find-links /kaggle/input/datasets/razanashrafalnajjar/qaari-eval-deps/wheels soxr\n"}
,{"stream_name":"stdout","time":73.936972404,"data":"[   1.2 min] $ /usr/bin/python3 -m pip install -q --no-index --find-links /kaggle/input/datasets/razanashrafalnajjar/qaari-eval-deps/wheels speechbrain\n"}
,{"stream_name":"stdout","time":87.379795328,"data":"[   1.4 min] dependencies import cleanly\n"}
,{"stream_name":"stdout","time":92.07676513,"data":"[   1.5 min] model snapshots copied to /root/.cache/huggingface/hub\n"}
,{"stream_name":"stdout","time":92.079996817,"data":"[   1.5 min] started 4 benchmark processes\n"}
,{"stream_name":"stdout","time":152.082141118,"data":"[   2.5 min] 0 rows written\n"}
,{"stream_name":"stdout","time":212.083442651,"data":"[   3.5 min] 8 rows written\n"}
,{"stream_name":"stdout","time":272.085304672,"data":"[   4.5 min] 14 rows written\n"}
,{"stream_name":"stdout","time":332.088390294,"data":"[   5.5 min] 20 rows written\n"}
,{"stream_name":"stdout","time":392.094636798,"data":"[   6.5 min] 28 rows written\n"}
,{"stream_name":"stdout","time":452.098232589,"data":"[   7.5 min] 35 rows written\n"}
,{"stream_name":"stdout","time":512.110193219,"data":"[   8.5 min] 40 rows written\n"}
,{"stream_name":"stdout","time":572.120109903,"data":"[   9.5 min] 46 rows written\n"}
,{"stream_name":"stdout","time":632.128027914,"data":"[  10.5 min] 52 rows written\n"}
,{"stream_name":"stdout","time":692.136354394,"data":"[  11.5 min] 58 rows written\n"}
,{"stream_name":"stdout","time":752.151014027,"data":"[  12.5 min] 62 rows written\n"}
,{"stream_name":"stdout","time":812.156640648,"data":"[  13.5 min] 69 rows written\n"}
,{"stream_name":"stdout","time":872.168999456,"data":"[  14.5 min] 72 rows written\n"}
,{"stream_name":"stdout","time":932.187423582,"data":"[  15.5 min] 73 rows written\n"}
,{"stream_name":"stdout","time":992.197116752,"data":"[  16.5 min] 76 rows written\n"}
,{"stream_name":"stdout","time":1052.216028586,"data":"[  17.5 min] 80 rows written\n"}
,{"stream_name":"stdout","time":1112.224383148,"data":"[  18.5 min] 84 rows written\n"}
,{"stream_name":"stdout","time":1172.237043023,"data":"[  19.5 min] 86 rows written\n"}
,{"stream_name":"stdout","time":1232.24694096,"data":"[  20.5 min] 90 rows written\n"}
,{"stream_name":"stdout","time":1292.256748672,"data":"[  21.5 min] 96 rows written\n"}
,{"stream_name":"stdout","time":1352.276679343,"data":"[  22.5 min] 105 rows written\n"}
,{"stream_name":"stdout","time":1412.300997469,"data":"[  23.5 min] 112 rows written\n"}
,{"stream_name":"stdout","time":1472.314001245,"data":"[  24.5 min] 119 rows written\n"}
,{"stream_name":"stdout","time":1532.322666423,"data":"[  25.5 min] 127 rows written\n"}
,{"stream_name":"stdout","time":1592.333681317,"data":"[  26.5 min] 134 rows written\n"}
,{"stream_name":"stdout","time":1652.346425441,"data":"[  27.5 min] 140 rows written\n"}
,{"stream_name":"stdout","time":1712.358853463,"data":"[  28.5 min] 145 rows written\n"}
,{"stream_name":"stdout","time":1772.396698559,"data":"[  29.5 min] 149 rows written\n"}
,{"stream_name":"stdout","time":1832.411726025,"data":"[  30.5 min] 157 rows written\n"}
,{"stream_name":"stdout","time":1892.428959883,"data":"[  31.5 min] 162 rows written\n"}
,{"stream_name":"stdout","time":1952.444527127,"data":"[  32.5 min] 168 rows written\n"}
,{"stream_name":"stdout","time":2012.460180895,"data":"[  33.5 min] 173 rows written\n"}
,{"stream_name":"stdout","time":2072.489006166,"data":"[  34.5 min] 177 rows written\n"}
,{"stream_name":"stdout","time":2132.505859334,"data":"[  35.5 min] 181 rows written\n"}
,{"stream_name":"stdout","time":2192.522122021,"data":"[  36.5 min] 186 rows written\n"}
,{"stream_name":"stdout","time":2252.538415481,"data":"[  37.5 min] 191 rows written\n"}
,{"stream_name":"stdout","time":2312.558542889,"data":"[  38.5 min] 194 rows written\n"}
,{"stream_name":"stdout","time":2372.576230087,"data":"[  39.5 min] 201 rows written\n"}
,{"stream_name":"stdout","time":2432.596447131,"data":"[  40.5 min] 205 rows written\n"}
,{"stream_name":"stdout","time":2492.613435108,"data":"[  41.5 min] 209 rows written\n"}
,{"stream_name":"stdout","time":2552.632736153,"data":"[  42.5 min] 213 rows written\n"}
,{"stream_name":"stdout","time":2612.691040831,"data":"[  43.5 min] 218 rows written\n"}
,{"stream_name":"stdout","time":2672.728997277,"data":"[  44.5 min] 225 rows written\n"}
,{"stream_name":"stdout","time":2732.748867536,"data":"[  45.5 min] 230 rows written\n"}
,{"stream_name":"stdout","time":2792.769723773,"data":"[  46.5 min] 238 rows written\n"}
,{"stream_name":"stdout","time":2852.793471451,"data":"[  47.5 min] 243 rows written\n"}
,{"stream_name":"stdout","time":2912.816254776,"data":"[  48.5 min] 250 rows written\n"}
,{"stream_name":"stdout","time":2972.838468159,"data":"[  49.5 min] 257 rows written\n"}
,{"stream_name":"stdout","time":3032.861788846,"data":"[  50.5 min] 265 rows written\n"}
,{"stream_name":"stdout","time":3092.908070809,"data":"[  51.5 min] 270 rows written\n"}
,{"stream_name":"stdout","time":3152.931751911,"data":"[  52.5 min] 276 rows written\n"}
,{"stream_name":"stdout","time":3212.955352857,"data":"[  53.5 min] 281 rows written\n"}
,{"stream_name":"stdout","time":3272.980470111,"data":"[  54.5 min] 287 rows written\n"}
,{"stream_name":"stdout","time":3333.005075204,"data":"[  55.5 min] 290 rows written\n"}
,{"stream_name":"stdout","time":3393.02917807,"data":"[  56.5 min] 297 rows written\n"}
,{"stream_name":"stdout","time":3453.053902826,"data":"[  57.5 min] 307 rows written\n"}
,{"stream_name":"stdout","time":3513.080272867,"data":"[  58.5 min] 320 rows written\n"}
,{"stream_name":"stdout","time":3573.106809456,"data":"[  59.5 min] 329 rows written\n"}
,{"stream_name":"stdout","time":3633.133595309,"data":"[  60.5 min] 334 rows written\n"}
,{"stream_name":"stdout","time":3693.189761002,"data":"[  61.5 min] 343 rows written\n"}
,{"stream_name":"stdout","time":3753.222393249,"data":"[  62.5 min] 351 rows written\n"}
,{"stream_name":"stdout","time":3813.252852223,"data":"[  63.5 min] 359 rows written\n"}
,{"stream_name":"stdout","time":3873.282747768,"data":"[  64.5 min] 367 rows written\n"}
,{"stream_name":"stdout","time":3933.310566658,"data":"[  65.5 min] 373 rows written\n"}
,{"stream_name":"stdout","time":3993.344859675,"data":"[  66.5 min] 379 rows written\n"}
,{"stream_name":"stdout","time":4053.374861386,"data":"[  67.5 min] 385 rows written\n"}
,{"stream_name":"stdout","time":4113.409350333,"data":"[  68.5 min] 391 rows written\n"}
,{"stream_name":"stdout","time":4173.440530234,"data":"[  69.5 min] 395 rows written\n"}
,{"stream_name":"stdout","time":4233.47325848,"data":"[  70.5 min] 400 rows written\n"}
,{"stream_name":"stdout","time":4293.506578398,"data":"[  71.5 min] 408 rows written\n"}
,{"stream_name":"stdout","time":4353.539294694,"data":"[  72.5 min] 414 rows written\n"}
,{"stream_name":"stdout","time":4413.577026728,"data":"[  73.5 min] 425 rows written\n"}
,{"stream_name":"stdout","time":4473.611770454,"data":"[  74.5 min] 433 rows written\n"}
,{"stream_name":"stdout","time":4533.645847678,"data":"[  75.5 min] 440 rows written\n"}
,{"stream_name":"stdout","time":4593.679938092,"data":"[  76.5 min] 446 rows written\n"}
,{"stream_name":"stdout","time":4653.715602468,"data":"[  77.5 min] 456 rows written\n"}
,{"stream_name":"stdout","time":4713.751806414,"data":"[  78.5 min] 464 rows written\n"}
,{"stream_name":"stdout","time":4773.853097397,"data":"[  79.5 min] 471 rows written\n"}
,{"stream_name":"stdout","time":4833.897388502,"data":"[  80.5 min] 476 rows written\n"}
,{"stream_name":"stdout","time":4893.934329478,"data":"[  81.5 min] 485 rows written\n"}
,{"stream_name":"stdout","time":4953.974649815,"data":"[  82.5 min] 491 rows written\n"}
,{"stream_name":"stdout","time":5014.057606524,"data":"[  83.5 min] 497 rows written\n"}
,{"stream_name":"stdout","time":5074.154984922,"data":"[  84.6 min] 505 rows written\n"}
,{"stream_name":"stdout","time":5134.197517979,"data":"[  85.6 min] 513 rows written\n"}
,{"stream_name":"stdout","time":5194.241971511,"data":"[  86.6 min] 521 rows written\n"}
,{"stream_name":"stdout","time":5254.285281276,"data":"[  87.6 min] 532 rows written\n"}
,{"stream_name":"stdout","time":5314.330495307,"data":"[  88.6 min] 543 rows written\n"}
,{"stream_name":"stdout","time":5374.370638483,"data":"[  89.6 min] 549 rows written\n"}
,{"stream_name":"stdout","time":5434.408888529,"data":"[  90.6 min] 558 rows written\n"}
,{"stream_name":"stdout","time":5494.451211566,"data":"[  91.6 min] 573 rows written\n"}
,{"stream_name":"stdout","time":5554.498771832,"data":"[  92.6 min] 583 rows written\n"}
,{"stream_name":"stdout","time":5614.542090324,"data":"[  93.6 min] 589 rows written\n"}
,{"stream_name":"stdout","time":5674.58534139,"data":"[  94.6 min] 600 rows written\n"}
,{"stream_name":"stdout","time":5734.631358269,"data":"[  95.6 min] 606 rows written\n"}
,{"stream_name":"stdout","time":5794.67546415,"data":"[  96.6 min] 614 rows written\n"}
,{"stream_name":"stdout","time":5854.718214474,"data":"[  97.6 min] 624 rows written\n"}
,{"stream_name":"stdout","time":5914.763712771,"data":"[  98.6 min] 632 rows written\n"}
,{"stream_name":"stdout","time":5974.806008274,"data":"[  99.6 min] 641 rows written\n"}
,{"stream_name":"stdout","time":6034.852140045,"data":"[ 100.6 min] 651 rows written\n"}
,{"stream_name":"stdout","time":6094.899619854,"data":"[ 101.6 min] 662 rows written\n"}
,{"stream_name":"stdout","time":6154.946971717,"data":"[ 102.6 min] 676 rows written\n"}
,{"stream_name":"stdout","time":6214.992843395,"data":"[ 103.6 min] 689 rows written\n"}
,{"stream_name":"stdout","time":6275.036895226,"data":"[ 104.6 min] 701 rows written\n"}
,{"stream_name":"stdout","time":6335.087854178,"data":"[ 105.6 min] 715 rows written\n"}
,{"stream_name":"stdout","time":6395.138208263,"data":"[ 106.6 min] 723 rows written\n"}
,{"stream_name":"stdout","time":6455.183977489,"data":"[ 107.6 min] 734 rows written\n"}
,{"stream_name":"stdout","time":6515.287069944,"data":"[ 108.6 min] 744 rows written\n"}
,{"stream_name":"stdout","time":6575.374716929,"data":"[ 109.6 min] 760 rows written\n"}
,{"stream_name":"stdout","time":6635.428270327,"data":"[ 110.6 min] 772 rows written\n"}
,{"stream_name":"stdout","time":6695.481606372,"data":"[ 111.6 min] 779 rows written\n"}
,{"stream_name":"stdout","time":6755.539040571,"data":"[ 112.6 min] 787 rows written\n"}
,{"stream_name":"stdout","time":6815.594425361,"data":"[ 113.6 min] 803 rows written\n"}
,{"stream_name":"stdout","time":6875.650346226,"data":"[ 114.6 min] 815 rows written\n"}
,{"stream_name":"stdout","time":6935.767123572,"data":"[ 115.6 min] 823 rows written\n"}
,{"stream_name":"stdout","time":6995.824784183,"data":"[ 116.6 min] 830 rows written\n"}
,{"stream_name":"stdout","time":7055.882095024,"data":"[ 117.6 min] 837 rows written\n"}
,{"stream_name":"stdout","time":7115.990797974,"data":"[ 118.6 min] 845 rows written\n"}
,{"stream_name":"stdout","time":7176.04810859,"data":"[ 119.6 min] 853 rows written\n"}
,{"stream_name":"stdout","time":7236.105545885,"data":"[ 120.6 min] 859 rows written\n"}
,{"stream_name":"stdout","time":7296.1647673,"data":"[ 121.6 min] 869 rows written\n"}
,{"stream_name":"stdout","time":7356.312575184,"data":"[ 122.6 min] 880 rows written\n"}
,{"stream_name":"stdout","time":7416.37271317,"data":"[ 123.6 min] 899 rows written\n"}
,{"stream_name":"stdout","time":7476.432179386,"data":"[ 124.6 min] 913 rows written\n"}
,{"stream_name":"stdout","time":7536.496247619,"data":"[ 125.6 min] 931 rows written\n"}
,{"stream_name":"stdout","time":7596.557600845,"data":"[ 126.6 min] 948 rows written\n"}
,{"stream_name":"stdout","time":7656.686012037,"data":"[ 127.6 min] 963 rows written\n"}
,{"stream_name":"stdout","time":7716.743635494,"data":"[ 128.6 min] 974 rows written\n"}
,{"stream_name":"stdout","time":7776.86819577,"data":"[ 129.6 min] 985 rows written\n"}
,{"stream_name":"stdout","time":7836.932669611,"data":"[ 130.6 min] 992 rows written\n"}
,{"stream_name":"stdout","time":7897.059024035,"data":"[ 131.6 min] 999 rows written\n"}
,{"stream_name":"stdout","time":7957.128648723,"data":"[ 132.6 min] 1008 rows written\n"}
,{"stream_name":"stdout","time":8017.192359483,"data":"[ 133.6 min] 1017 rows written\n"}
,{"stream_name":"stdout","time":8077.260395567,"data":"[ 134.6 min] 1024 rows written\n"}
,{"stream_name":"stdout","time":8137.329698478,"data":"[ 135.6 min] 1036 rows written\n"}
,{"stream_name":"stdout","time":8197.397004014,"data":"[ 136.6 min] 1045 rows written\n"}
,{"stream_name":"stdout","time":8257.462494407,"data":"[ 137.6 min] 1057 rows written\n"}
,{"stream_name":"stdout","time":8317.5323042,"data":"[ 138.6 min] 1066 rows written\n"}
,{"stream_name":"stdout","time":8377.60103945,"data":"[ 139.6 min] 1074 rows written\n"}
,{"stream_name":"stdout","time":8437.669343211,"data":"[ 140.6 min] 1086 rows written\n"}
,{"stream_name":"stdout","time":8497.739971444,"data":"[ 141.6 min] 1095 rows written\n"}
,{"stream_name":"stdout","time":8557.822521603,"data":"[ 142.6 min] 1109 rows written\n"}
,{"stream_name":"stdout","time":8617.892308762,"data":"[ 143.6 min] 1123 rows written\n"}
,{"stream_name":"stdout","time":8677.965311063,"data":"[ 144.6 min] 1130 rows written\n"}
,{"stream_name":"stdout","time":8738.033724381,"data":"[ 145.6 min] 1139 rows written\n"}
,{"stream_name":"stdout","time":8798.105367133,"data":"[ 146.6 min] 1149 rows written\n"}
,{"stream_name":"stdout","time":8858.176771865,"data":"[ 147.6 min] 1167 rows written\n"}
,{"stream_name":"stdout","time":8918.246170128,"data":"[ 148.6 min] 1183 rows written\n"}
,{"stream_name":"stdout","time":8978.322167768,"data":"[ 149.6 min] 1202 rows written\n"}
,{"stream_name":"stdout","time":9038.400042066,"data":"[ 150.6 min] 1212 rows written\n"}
,{"stream_name":"stdout","time":9098.47537045,"data":"[ 151.6 min] 1219 rows written\n"}
,{"stream_name":"stdout","time":9158.550198823,"data":"[ 152.6 min] 1230 rows written\n"}
,{"stream_name":"stdout","time":9218.621022952,"data":"[ 153.6 min] 1242 rows written\n"}
,{"stream_name":"stdout","time":9278.695696032,"data":"[ 154.6 min] 1248 rows written\n"}
,{"stream_name":"stdout","time":9338.775387155,"data":"[ 155.6 min] 1254 rows written\n"}
,{"stream_name":"stdout","time":9398.958069594,"data":"[ 156.6 min] 1261 rows written\n"}
,{"stream_name":"stdout","time":9459.037258737,"data":"[ 157.6 min] 1269 rows written\n"}
,{"stream_name":"stdout","time":9519.116471039,"data":"[ 158.6 min] 1281 rows written\n"}
,{"stream_name":"stdout","time":9579.195966688,"data":"[ 159.6 min] 1292 rows written\n"}
,{"stream_name":"stdout","time":9639.271858312,"data":"[ 160.6 min] 1305 rows written\n"}
,{"stream_name":"stdout","time":9699.437720173,"data":"[ 161.6 min] 1313 rows written\n"}
,{"stream_name":"stdout","time":9759.56095352,"data":"[ 162.6 min] 1323 rows written\n"}
,{"stream_name":"stdout","time":9819.641782487,"data":"[ 163.6 min] 1333 rows written\n"}
,{"stream_name":"stdout","time":9879.7258978,"data":"[ 164.6 min] 1342 rows written\n"}
,{"stream_name":"stdout","time":9939.841384775,"data":"[ 165.6 min] 1350 rows written\n"}
,{"stream_name":"stdout","time":9999.95186276,"data":"[ 166.6 min] 1362 rows written\n"}
,{"stream_name":"stdout","time":10060.038155158,"data":"[ 167.6 min] 1378 rows written\n"}
,{"stream_name":"stdout","time":10120.133106169,"data":"[ 168.7 min] 1389 rows written\n"}
,{"stream_name":"stdout","time":10180.221634048,"data":"[ 169.7 min] 1398 rows written\n"}
,{"stream_name":"stdout","time":10240.310574051,"data":"[ 170.7 min] 1409 rows written\n"}
,{"stream_name":"stdout","time":10300.397190178,"data":"[ 171.7 min] 1423 rows written\n"}
,{"stream_name":"stdout","time":10360.489579816,"data":"[ 172.7 min] 1442 rows written\n"}
,{"stream_name":"stdout","time":10420.63136361,"data":"[ 173.7 min] 1459 rows written\n"}
,{"stream_name":"stdout","time":10480.80909877,"data":"[ 174.7 min] 1478 rows written\n"}
,{"stream_name":"stdout","time":10540.907126412,"data":"[ 175.7 min] 1493 rows written\n"}
,{"stream_name":"stdout","time":10601.000664748,"data":"[ 176.7 min] 1504 rows written\n"}
,{"stream_name":"stdout","time":10661.110223868,"data":"[ 177.7 min] 1508 rows written\n"}
,{"stream_name":"stdout","time":10721.248309662,"data":"[ 178.7 min] 1516 rows written\n"}
,{"stream_name":"stdout","time":10781.433972908,"data":"[ 179.7 min] 1523 rows written\n"}
,{"stream_name":"stdout","time":10841.522852961,"data":"[ 180.7 min] 1538 rows written\n"}
,{"stream_name":"stdout","time":10901.615703834,"data":"[ 181.7 min] 1550 rows written\n"}
,{"stream_name":"stdout","time":10961.792078725,"data":"[ 182.7 min] 1555 rows written\n"}
,{"stream_name":"stdout","time":11021.899014146,"data":"[ 183.7 min] 1564 rows written\n"}
,{"stream_name":"stdout","time":11081.994014212,"data":"[ 184.7 min] 1579 rows written\n"}
,{"stream_name":"stdout","time":11142.090101356,"data":"[ 185.7 min] 1598 rows written\n"}
,{"stream_name":"stdout","time":11202.184086691,"data":"[ 186.7 min] 1613 rows written\n"}
,{"stream_name":"stdout","time":11262.318761178,"data":"[ 187.7 min] 1635 rows written\n"}
,{"stream_name":"stdout","time":11322.405068394,"data":"[ 188.7 min] 1656 rows written\n"}
,{"stream_name":"stdout","time":11382.511607928,"data":"[ 189.7 min] 1687 rows written\n"}
,{"stream_name":"stdout","time":11442.614061019,"data":"[ 190.7 min] 1720 rows written\n"}
,{"stream_name":"stdout","time":11502.713334267,"data":"[ 191.7 min] 1752 rows written\n"}
,{"stream_name":"stdout","time":11563.001015272,"data":"[ 192.7 min] 1782 rows written\n"}
,{"stream_name":"stdout","time":11623.105329715,"data":"[ 193.7 min] 1817 rows written\n"}
,{"stream_name":"stdout","time":11683.243999355,"data":"[ 194.7 min] 1839 rows written\n"}
,{"stream_name":"stdout","time":11743.340161591,"data":"[ 195.7 min] 1853 rows written\n"}
,{"stream_name":"stdout","time":11803.43272657,"data":"[ 196.7 min] 1864 rows written\n"}
,{"stream_name":"stdout","time":11863.539625932,"data":"[ 197.7 min] 1876 rows written\n"}
,{"stream_name":"stdout","time":11923.641971336,"data":"[ 198.7 min] 1885 rows written\n"}
,{"stream_name":"stdout","time":11983.898423242,"data":"[ 199.7 min] 1892 rows written\n"}
,{"stream_name":"stdout","time":12044.003119689,"data":"[ 200.7 min] 1899 rows written\n"}
,{"stream_name":"stdout","time":12104.109602534,"data":"[ 201.7 min] 1905 rows written\n"}
,{"stream_name":"stdout","time":12164.213133445,"data":"[ 202.7 min] 1911 rows written\n"}
,{"stream_name":"stdout","time":12224.31969121,"data":"[ 203.7 min] 1915 rows written\n"}
,{"stream_name":"stdout","time":12284.429442,"data":"[ 204.7 min] 1918 rows written\n"}
,{"stream_name":"stdout","time":12344.65183121,"data":"[ 205.7 min] 1923 rows written\n"}
,{"stream_name":"stdout","time":12404.75998741,"data":"[ 206.7 min] 1928 rows written\n"}
,{"stream_name":"stdout","time":12464.870890789,"data":"[ 207.7 min] 1930 rows written\n"}
,{"stream_name":"stdout","time":12524.991871576,"data":"[ 208.7 min] 1933 rows written\n"}
,{"stream_name":"stdout","time":12585.104008411,"data":"[ 209.7 min] 1939 rows written\n"}
,{"stream_name":"stdout","time":12645.215579676,"data":"[ 210.7 min] 1945 rows written\n"}
,{"stream_name":"stdout","time":12705.340578896,"data":"[ 211.7 min] 1950 rows written\n"}
,{"stream_name":"stdout","time":12765.450002035,"data":"[ 212.7 min] 1955 rows written\n"}
,{"stream_name":"stdout","time":12825.559676984,"data":"[ 213.7 min] 1959 rows written\n"}
,{"stream_name":"stdout","time":12885.672628716,"data":"[ 214.7 min] 1964 rows written\n"}
,{"stream_name":"stdout","time":12945.78438399,"data":"[ 215.7 min] 1967 rows written\n"}
,{"stream_name":"stdout","time":13005.96884633,"data":"[ 216.7 min] 1971 rows written\n"}
,{"stream_name":"stdout","time":13066.083768354,"data":"[ 217.8 min] 1977 rows written\n"}
,{"stream_name":"stdout","time":13126.195617523,"data":"[ 218.8 min] 1981 rows written\n"}
,{"stream_name":"stdout","time":13186.453379102,"data":"[ 219.8 min] 1984 rows written\n"}
,{"stream_name":"stdout","time":13246.567123377,"data":"[ 220.8 min] 1988 rows written\n"}
,{"stream_name":"stdout","time":13306.684841335,"data":"[ 221.8 min] 1993 rows written\n"}
,{"stream_name":"stdout","time":13366.801631561,"data":"[ 222.8 min] 1998 rows written\n"}
,{"stream_name":"stdout","time":13426.915961588,"data":"[ 223.8 min] 2001 rows written\n"}
,{"stream_name":"stdout","time":13487.021803432,"data":"[ 224.8 min] 2002 rows written\n"}
,{"stream_name":"stdout","time":13547.14073896,"data":"[ 225.8 min] 2006 rows written\n"}
,{"stream_name":"stdout","time":13607.369044401,"data":"[ 226.8 min] 2008 rows written\n"}
,{"stream_name":"stdout","time":13667.486554908,"data":"[ 227.8 min] 2015 rows written\n"}
,{"stream_name":"stdout","time":13727.593213754,"data":"[ 228.8 min] 2021 rows written\n"}
,{"stream_name":"stdout","time":13787.727808785,"data":"[ 229.8 min] 2026 rows written\n"}
,{"stream_name":"stdout","time":13847.972408976,"data":"[ 230.8 min] 2034 rows written\n"}
,{"stream_name":"stdout","time":13908.100989632,"data":"[ 231.8 min] 2042 rows written\n"}
,{"stream_name":"stdout","time":13968.218022122,"data":"[ 232.8 min] 2047 rows written\n"}
,{"stream_name":"stdout","time":14028.333459132,"data":"[ 233.8 min] 2052 rows written\n"}
,{"stream_name":"stdout","time":14088.439735438,"data":"[ 234.8 min] 2058 rows written\n"}
,{"stream_name":"stdout","time":14148.559360901,"data":"[ 235.8 min] 2061 rows written\n"}
,{"stream_name":"stdout","time":14208.675986268,"data":"[ 236.8 min] 2063 rows written\n"}
,{"stream_name":"stdout","time":14268.801302089,"data":"[ 237.8 min] 2069 rows written\n"}
,{"stream_name":"stdout","time":14328.923346047,"data":"[ 238.8 min] 2071 rows written\n"}
,{"stream_name":"stdout","time":14389.041937612,"data":"[ 239.8 min] 2075 rows written\n"}
,{"stream_name":"stdout","time":14449.161442967,"data":"[ 240.8 min] 2080 rows written\n"}
,{"stream_name":"stdout","time":14509.269133379,"data":"[ 241.8 min] 2086 rows written\n"}
,{"stream_name":"stdout","time":14569.399676629,"data":"[ 242.8 min] 2092 rows written\n"}
,{"stream_name":"stdout","time":14629.526213272,"data":"[ 243.8 min] 2100 rows written\n"}
,{"stream_name":"stdout","time":14689.639042725,"data":"[ 244.8 min] 2108 rows written\n"}
,{"stream_name":"stdout","time":14749.959261465,"data":"[ 245.8 min] 2113 rows written\n"}
,{"stream_name":"stdout","time":14810.090104381,"data":"[ 246.8 min] 2120 rows written\n"}
,{"stream_name":"stdout","time":14870.291880559,"data":"[ 247.8 min] 2128 rows written\n"}
,{"stream_name":"stdout","time":14930.419244981,"data":"[ 248.8 min] 2132 rows written\n"}
,{"stream_name":"stdout","time":14990.61912479,"data":"[ 249.8 min] 2135 rows written\n"}
,{"stream_name":"stdout","time":15050.748780186,"data":"[ 250.8 min] 2143 rows written\n"}
,{"stream_name":"stdout","time":15110.894201836,"data":"[ 251.8 min] 2148 rows written\n"}
,{"stream_name":"stdout","time":15171.013088337,"data":"[ 252.8 min] 2153 rows written\n"}
,{"stream_name":"stdout","time":15231.177972134,"data":"[ 253.8 min] 2162 rows written\n"}
,{"stream_name":"stdout","time":15291.345131023,"data":"[ 254.8 min] 2170 rows written\n"}
,{"stream_name":"stdout","time":15351.472363706,"data":"[ 255.8 min] 2175 rows written\n"}
,{"stream_name":"stdout","time":15411.733057023,"data":"[ 256.8 min] 2178 rows written\n"}
,{"stream_name":"stdout","time":15471.865958379,"data":"[ 257.8 min] 2184 rows written\n"}
,{"stream_name":"stdout","time":15532.017442478,"data":"[ 258.8 min] 2188 rows written\n"}
,{"stream_name":"stdout","time":15592.234744021,"data":"[ 259.9 min] 2192 rows written\n"}
,{"stream_name":"stdout","time":15652.499577535,"data":"[ 260.9 min] 2196 rows written\n"}
,{"stream_name":"stdout","time":15712.628029169,"data":"[ 261.9 min] 2200 rows written\n"}
,{"stream_name":"stdout","time":15772.752804887,"data":"[ 262.9 min] 2205 rows written\n"}
,{"stream_name":"stdout","time":15832.88472378,"data":"[ 263.9 min] 2212 rows written\n"}
,{"stream_name":"stdout","time":15893.003709523,"data":"[ 264.9 min] 2219 rows written\n"}
,{"stream_name":"stdout","time":15953.131622599,"data":"[ 265.9 min] 2225 rows written\n"}
,{"stream_name":"stdout","time":16013.267336508,"data":"[ 266.9 min] 2231 rows written\n"}
,{"stream_name":"stdout","time":16073.403210394,"data":"[ 267.9 min] 2235 rows written\n"}
,{"stream_name":"stdout","time":16133.746102284,"data":"[ 268.9 min] 2242 rows written\n"}
,{"stream_name":"stdout","time":16193.909182339,"data":"[ 269.9 min] 2249 rows written\n"}
,{"stream_name":"stdout","time":16254.041002108,"data":"[ 270.9 min] 2256 rows written\n"}
,{"stream_name":"stdout","time":16314.177950991,"data":"[ 271.9 min] 2263 rows written\n"}
,{"stream_name":"stdout","time":16374.313506564,"data":"[ 272.9 min] 2269 rows written\n"}
,{"stream_name":"stdout","time":16434.450704757,"data":"[ 273.9 min] 2279 rows written\n"}
,{"stream_name":"stdout","time":16494.585041411,"data":"[ 274.9 min] 2286 rows written\n"}
,{"stream_name":"stdout","time":16554.726636355,"data":"[ 275.9 min] 2292 rows written\n"}
,{"stream_name":"stdout","time":16614.864879382,"data":"[ 276.9 min] 2297 rows written\n"}
,{"stream_name":"stdout","time":16675.003270092,"data":"[ 277.9 min] 2305 rows written\n"}
,{"stream_name":"stdout","time":16735.146726825,"data":"[ 278.9 min] 2309 rows written\n"}
,{"stream_name":"stdout","time":16795.29929146,"data":"[ 279.9 min] 2312 rows written\n"}
,{"stream_name":"stdout","time":16855.425128214,"data":"[ 280.9 min] 2316 rows written\n"}
,{"stream_name":"stdout","time":16915.707257128,"data":"[ 281.9 min] 2322 rows written\n"}
,{"stream_name":"stdout","time":16975.853580324,"data":"[ 282.9 min] 2330 rows written\n"}
,{"stream_name":"stdout","time":17035.996030315,"data":"[ 283.9 min] 2338 rows written\n"}
,{"stream_name":"stdout","time":17096.146363366,"data":"[ 284.9 min] 2347 rows written\n"}
,{"stream_name":"stdout","time":17156.32366558,"data":"[ 285.9 min] 2355 rows written\n"}
,{"stream_name":"stdout","time":17216.456546079,"data":"[ 286.9 min] 2369 rows written\n"}
,{"stream_name":"stdout","time":17276.594198412,"data":"[ 287.9 min] 2376 rows written\n"}
,{"stream_name":"stdout","time":17336.726855532,"data":"[ 288.9 min] 2380 rows written\n"}
,{"stream_name":"stdout","time":17396.867365659,"data":"[ 289.9 min] 2386 rows written\n"}
,{"stream_name":"stdout","time":17457.008613081,"data":"[ 290.9 min] 2394 rows written\n"}
,{"stream_name":"stdout","time":17517.140114507,"data":"[ 291.9 min] 2401 rows written\n"}
,{"stream_name":"stdout","time":17577.461161894,"data":"[ 292.9 min] 2407 rows written\n"}
,{"stream_name":"stdout","time":17637.601936266,"data":"[ 293.9 min] 2415 rows written\n"}
,{"stream_name":"stdout","time":17697.743890329,"data":"[ 294.9 min] 2419 rows written\n"}
,{"stream_name":"stdout","time":17757.907139957,"data":"[ 295.9 min] 2427 rows written\n"}
,{"stream_name":"stdout","time":17818.051159114,"data":"[ 296.9 min] 2434 rows written\n"}
,{"stream_name":"stdout","time":17878.19538108,"data":"[ 298.0 min] 2443 rows written\n"}
,{"stream_name":"stdout","time":17938.340485387,"data":"[ 299.0 min] 2454 rows written\n"}
,{"stream_name":"stdout","time":17998.487045736,"data":"[ 300.0 min] 2465 rows written\n"}
,{"stream_name":"stdout","time":18058.6443435,"data":"[ 301.0 min] 2469 rows written\n"}
,{"stream_name":"stdout","time":18118.795943504,"data":"[ 302.0 min] 2476 rows written\n"}
,{"stream_name":"stdout","time":18178.943835307,"data":"[ 303.0 min] 2484 rows written\n"}
,{"stream_name":"stdout","time":18239.086375497,"data":"[ 304.0 min] 2491 rows written\n"}
,{"stream_name":"stdout","time":18299.290723381,"data":"[ 305.0 min] 2500 rows written\n"}
,{"stream_name":"stdout","time":18359.454322961,"data":"[ 306.0 min] 2511 rows written\n"}
,{"stream_name":"stdout","time":18419.594497984,"data":"[ 307.0 min] 2523 rows written\n"}
,{"stream_name":"stdout","time":18479.743743423,"data":"[ 308.0 min] 2535 rows written\n"}
,{"stream_name":"stdout","time":18539.898288028,"data":"[ 309.0 min] 2540 rows written\n"}
,{"stream_name":"stdout","time":18600.064400232,"data":"[ 310.0 min] 2550 rows written\n"}
,{"stream_name":"stdout","time":18660.271718213,"data":"[ 311.0 min] 2560 rows written\n"}
,{"stream_name":"stdout","time":18720.423298589,"data":"[ 312.0 min] 2568 rows written\n"}
,{"stream_name":"stdout","time":18780.718168299,"data":"[ 313.0 min] 2576 rows written\n"}
,{"stream_name":"stdout","time":18840.87892745,"data":"[ 314.0 min] 2582 rows written\n"}
,{"stream_name":"stdout","time":18901.266308754,"data":"[ 315.0 min] 2588 rows written\n"}
,{"stream_name":"stdout","time":18961.425532965,"data":"[ 316.0 min] 2595 rows written\n"}
,{"stream_name":"stdout","time":19021.949142553,"data":"[ 317.0 min] 2602 rows written\n"}
,{"stream_name":"stdout","time":19082.110788116,"data":"[ 318.0 min] 2612 rows written\n"}
,{"stream_name":"stdout","time":19142.269834417,"data":"[ 319.0 min] 2628 rows written\n"}
,{"stream_name":"stdout","time":19202.425741092,"data":"[ 320.0 min] 2645 rows written\n"}
,{"stream_name":"stdout","time":19262.683817892,"data":"[ 321.0 min] 2660 rows written\n"}
,{"stream_name":"stdout","time":19322.843188764,"data":"[ 322.0 min] 2674 rows written\n"}
,{"stream_name":"stdout","time":19383.004057652,"data":"[ 323.0 min] 2686 rows written\n"}
,{"stream_name":"stdout","time":19443.17672662,"data":"[ 324.0 min] 2694 rows written\n"}
,{"stream_name":"stdout","time":19503.329426287,"data":"[ 325.0 min] 2701 rows written\n"}
,{"stream_name":"stdout","time":19563.486810741,"data":"[ 326.0 min] 2710 rows written\n"}
,{"stream_name":"stdout","time":19623.65112534,"data":"[ 327.0 min] 2721 rows written\n"}
,{"stream_name":"stdout","time":19683.816146213,"data":"[ 328.0 min] 2726 rows written\n"}
,{"stream_name":"stdout","time":19744.108704882,"data":"[ 329.1 min] 2729 rows written\n"}
,{"stream_name":"stdout","time":19804.273022349,"data":"[ 330.1 min] 2735 rows written\n"}
,{"stream_name":"stdout","time":19864.437174228,"data":"[ 331.1 min] 2743 rows written\n"}
,{"stream_name":"stdout","time":19924.605237363,"data":"[ 332.1 min] 2749 rows written\n"}
,{"stream_name":"stdout","time":19984.77369883,"data":"[ 333.1 min] 2752 rows written\n"}
,{"stream_name":"stdout","time":20044.942563518,"data":"[ 334.1 min] 2757 rows written\n"}
,{"stream_name":"stdout","time":20105.10763588,"data":"[ 335.1 min] 2762 rows written\n"}
,{"stream_name":"stdout","time":20165.274128315,"data":"[ 336.1 min] 2772 rows written\n"}
,{"stream_name":"stdout","time":20225.443196907,"data":"[ 337.1 min] 2779 rows written\n"}
,{"stream_name":"stdout","time":20285.835404872,"data":"[ 338.1 min] 2787 rows written\n"}
,{"stream_name":"stdout","time":20346.14227438,"data":"[ 339.1 min] 2801 rows written\n"}
,{"stream_name":"stdout","time":20406.496079833,"data":"[ 340.1 min] 2813 rows written\n"}
,{"stream_name":"stdout","time":20466.669210855,"data":"[ 341.1 min] 2826 rows written\n"}
,{"stream_name":"stdout","time":20526.826668748,"data":"[ 342.1 min] 2836 rows written\n"}
,{"stream_name":"stdout","time":20586.997267497,"data":"[ 343.1 min] 2843 rows written\n"}
,{"stream_name":"stdout","time":20647.164713283,"data":"[ 344.1 min] 2854 rows written\n"}
,{"stream_name":"stdout","time":20707.331672007,"data":"[ 345.1 min] 2868 rows written\n"}
,{"stream_name":"stdout","time":20767.666474994,"data":"[ 346.1 min] 2876 rows written\n"}
,{"stream_name":"stdout","time":20828.30065361,"data":"[ 347.1 min] 2883 rows written\n"}
,{"stream_name":"stdout","time":20888.602111073,"data":"[ 348.1 min] 2893 rows written\n"}
,{"stream_name":"stdout","time":20948.773041223,"data":"[ 349.1 min] 2902 rows written\n"}
,{"stream_name":"stdout","time":21008.944257662,"data":"[ 350.1 min] 2909 rows written\n"}
,{"stream_name":"stdout","time":21069.197058633,"data":"[ 351.1 min] 2920 rows written\n"}
,{"stream_name":"stdout","time":21129.402478445,"data":"[ 352.1 min] 2935 rows written\n"}
,{"stream_name":"stdout","time":21189.569046524,"data":"[ 353.1 min] 2940 rows written\n"}
,{"stream_name":"stdout","time":21249.744704444,"data":"[ 354.1 min] 2947 rows written\n"}
,{"stream_name":"stdout","time":21309.916352362,"data":"[ 355.1 min] 2955 rows written\n"}
,{"stream_name":"stdout","time":21370.107021657,"data":"[ 356.2 min] 2963 rows written\n"}
,{"stream_name":"stdout","time":21430.282051907,"data":"[ 357.2 min] 2970 rows written\n"}
,{"stream_name":"stdout","time":21490.443405263,"data":"[ 358.2 min] 2974 rows written\n"}
,{"stream_name":"stdout","time":21550.616348322,"data":"[ 359.2 min] 2980 rows written\n"}
,{"stream_name":"stdout","time":21610.790649867,"data":"[ 360.2 min] 2992 rows written\n"}
,{"stream_name":"stdout","time":21670.984676109,"data":"[ 361.2 min] 3001 rows written\n"}
,{"stream_name":"stdout","time":21731.271854574,"data":"[ 362.2 min] 3008 rows written\n"}
,{"stream_name":"stdout","time":21791.449858701,"data":"[ 363.2 min] 3017 rows written\n"}
,{"stream_name":"stdout","time":21851.627029216,"data":"[ 364.2 min] 3022 rows written\n"}
,{"stream_name":"stdout","time":21911.812000289,"data":"[ 365.2 min] 3031 rows written\n"}
,{"stream_name":"stdout","time":21971.973191514,"data":"[ 366.2 min] 3037 rows written\n"}
,{"stream_name":"stdout","time":22032.189908789,"data":"[ 367.2 min] 3046 rows written\n"}
,{"stream_name":"stdout","time":22092.369169844,"data":"[ 368.2 min] 3058 rows written\n"}
,{"stream_name":"stdout","time":22152.550420545,"data":"[ 369.2 min] 3075 rows written\n"}
,{"stream_name":"stdout","time":22212.742997982,"data":"[ 370.2 min] 3086 rows written\n"}
,{"stream_name":"stdout","time":22272.992782157,"data":"[ 371.2 min] 3095 rows written\n"}
,{"stream_name":"stdout","time":22333.173350088,"data":"[ 372.2 min] 3107 rows written\n"}
,{"stream_name":"stdout","time":22393.351373347,"data":"[ 373.2 min] 3119 rows written\n"}
,{"stream_name":"stdout","time":22453.530369528,"data":"[ 374.2 min] 3134 rows written\n"}
,{"stream_name":"stdout","time":22513.715640098,"data":"[ 375.2 min] 3145 rows written\n"}
,{"stream_name":"stdout","time":22573.890977412,"data":"[ 376.2 min] 3153 rows written\n"}
,{"stream_name":"stdout","time":22634.073247943,"data":"[ 377.2 min] 3162 rows written\n"}
,{"stream_name":"stdout","time":22694.464370526,"data":"[ 378.2 min] 3168 rows written\n"}
,{"stream_name":"stdout","time":22754.664721953,"data":"[ 379.2 min] 3177 rows written\n"}
,{"stream_name":"stdout","time":22815.073023057,"data":"[ 380.2 min] 3187 rows written\n"}
,{"stream_name":"stdout","time":22875.258010746,"data":"[ 381.2 min] 3199 rows written\n"}
,{"stream_name":"stdout","time":22935.442467497,"data":"[ 382.2 min] 3209 rows written\n"}
,{"stream_name":"stdout","time":22995.631937861,"data":"[ 383.2 min] 3220 rows written\n"}
,{"stream_name":"stdout","time":23055.819491324,"data":"[ 384.2 min] 3235 rows written\n"}
,{"stream_name":"stdout","time":23116.01178504,"data":"[ 385.2 min] 3246 rows written\n"}
,{"stream_name":"stdout","time":23176.205517555,"data":"[ 386.3 min] 3255 rows written\n"}
,{"stream_name":"stdout","time":23236.590361084,"data":"[ 387.3 min] 3263 rows written\n"}
,{"stream_name":"stdout","time":23296.785762234,"data":"[ 388.3 min] 3268 rows written\n"}
,{"stream_name":"stdout","time":23357.001543005,"data":"[ 389.3 min] 3276 rows written\n"}
,{"stream_name":"stdout","time":23417.174982332,"data":"[ 390.3 min] 3281 rows written\n"}
,{"stream_name":"stdout","time":23477.341517268,"data":"[ 391.3 min] 3286 rows written\n"}
,{"stream_name":"stdout","time":23537.529406469,"data":"[ 392.3 min] 3295 rows written\n"}
,{"stream_name":"stdout","time":23597.720706857,"data":"[ 393.3 min] 3312 rows written\n"}
,{"stream_name":"stdout","time":23657.902803336,"data":"[ 394.3 min] 3327 rows written\n"}
,{"stream_name":"stdout","time":23718.094963894,"data":"[ 395.3 min] 3344 rows written\n"}
,{"stream_name":"stdout","time":23778.289232346,"data":"[ 396.3 min] 3360 rows written\n"}
,{"stream_name":"stdout","time":23838.48323941,"data":"[ 397.3 min] 3371 rows written\n"}
,{"stream_name":"stdout","time":23898.678841318,"data":"[ 398.3 min] 3392 rows written\n"}
,{"stream_name":"stdout","time":23958.861235376,"data":"[ 399.3 min] 3406 rows written\n"}
,{"stream_name":"stdout","time":24019.058776517,"data":"[ 400.3 min] 3416 rows written\n"}
,{"stream_name":"stdout","time":24079.397422496,"data":"[ 401.3 min] 3432 rows written\n"}
,{"stream_name":"stdout","time":24139.633959056,"data":"[ 402.3 min] 3448 rows written\n"}
,{"stream_name":"stdout","time":24199.8414626,"data":"[ 403.3 min] 3468 rows written\n"}
,{"stream_name":"stdout","time":24260.043857425,"data":"[ 404.3 min] 3485 rows written\n"}
,{"stream_name":"stdout","time":24320.243040502,"data":"[ 405.3 min] 3495 rows written\n"}
,{"stream_name":"stdout","time":24380.446928054,"data":"[ 406.3 min] 3511 rows written\n"}
,{"stream_name":"stdout","time":24440.645013105,"data":"[ 407.3 min] 3527 rows written\n"}
,{"stream_name":"stdout","time":24500.8501682,"data":"[ 408.3 min] 3533 rows written\n"}
,{"stream_name":"stdout","time":24561.054905924,"data":"[ 409.3 min] 3540 rows written\n"}
,{"stream_name":"stdout","time":24621.308555236,"data":"[ 410.3 min] 3554 rows written\n"}
,{"stream_name":"stdout","time":24681.553258771,"data":"[ 411.3 min] 3569 rows written\n"}
,{"stream_name":"stdout","time":24741.748276908,"data":"[ 412.3 min] 3576 rows written\n"}
,{"stream_name":"stdout","time":24801.955118538,"data":"[ 413.3 min] 3589 rows written\n"}
,{"stream_name":"stdout","time":24862.373124196,"data":"[ 414.4 min] 3597 rows written\n"}
,{"stream_name":"stdout","time":24922.566030739,"data":"[ 415.4 min] 3612 rows written\n"}
,{"stream_name":"stdout","time":24982.767451332,"data":"[ 416.4 min] 3621 rows written\n"}
,{"stream_name":"stdout","time":25042.972145813,"data":"[ 417.4 min] 3634 rows written\n"}
,{"stream_name":"stdout","time":25103.38700689,"data":"[ 418.4 min] 3645 rows written\n"}
,{"stream_name":"stdout","time":25163.939590312,"data":"[ 419.4 min] 3661 rows written\n"}
,{"stream_name":"stdout","time":25224.273641662,"data":"[ 420.4 min] 3675 rows written\n"}
,{"stream_name":"stdout","time":25284.483649028,"data":"[ 421.4 min] 3694 rows written\n"}
,{"stream_name":"stdout","time":25344.691394136,"data":"[ 422.4 min] 3709 rows written\n"}
,{"stream_name":"stdout","time":25404.906048911,"data":"[ 423.4 min] 3726 rows written\n"}
,{"stream_name":"stdout","time":25465.100486735,"data":"[ 424.4 min] 3737 rows written\n"}
,{"stream_name":"stdout","time":25525.311046816,"data":"[ 425.4 min] 3749 rows written\n"}
,{"stream_name":"stdout","time":25585.645048501,"data":"[ 426.4 min] 3763 rows written\n"}
,{"stream_name":"stdout","time":25645.851861417,"data":"[ 427.4 min] 3780 rows written\n"}
,{"stream_name":"stdout","time":25706.534788345,"data":"[ 428.4 min] 3790 rows written\n"}
,{"stream_name":"stdout","time":25766.748329796,"data":"[ 429.4 min] 3799 rows written\n"}
,{"stream_name":"stdout","time":25826.955462048,"data":"[ 430.4 min] 3812 rows written\n"}
,{"stream_name":"stdout","time":25887.174717039,"data":"[ 431.4 min] 3827 rows written\n"}
,{"stream_name":"stdout","time":25947.423325829,"data":"[ 432.4 min] 3843 rows written\n"}
,{"stream_name":"stdout","time":26007.615699301,"data":"[ 433.4 min] 3851 rows written\n"}
,{"stream_name":"stdout","time":26067.826518824,"data":"[ 434.4 min] 3864 rows written\n"}
,{"stream_name":"stdout","time":26128.017849365,"data":"[ 435.4 min] 3880 rows written\n"}
,{"stream_name":"stdout","time":26188.297523415,"data":"[ 436.5 min] 3891 rows written\n"}
,{"stream_name":"stdout","time":26248.520668735,"data":"[ 437.5 min] 3895 rows written\n"}
,{"stream_name":"stdout","time":26308.727606902,"data":"[ 438.5 min] 3905 rows written\n"}
,{"stream_name":"stdout","time":26369.164490811,"data":"[ 439.5 min] 3914 rows written\n"}
,{"stream_name":"stdout","time":26429.386981988,"data":"[ 440.5 min] 3922 rows written\n"}
,{"stream_name":"stdout","time":26489.607317401,"data":"[ 441.5 min] 3931 rows written\n"}
,{"stream_name":"stdout","time":26549.832494658,"data":"[ 442.5 min] 3936 rows written\n"}
,{"stream_name":"stdout","time":26610.057400124,"data":"[ 443.5 min] 3943 rows written\n"}
,{"stream_name":"stdout","time":26670.275103854,"data":"[ 444.5 min] 3950 rows written\n"}
,{"stream_name":"stdout","time":26730.499939219,"data":"[ 445.5 min] 3959 rows written\n"}
,{"stream_name":"stdout","time":26790.721328729,"data":"[ 446.5 min] 3970 rows written\n"}
,{"stream_name":"stdout","time":26851.203258154,"data":"[ 447.5 min] 3976 rows written\n"}
,{"stream_name":"stdout","time":26911.430091856,"data":"[ 448.5 min] 3987 rows written\n"}
,{"stream_name":"stdout","time":26971.662870013,"data":"[ 449.5 min] 3998 rows written\n"}
,{"stream_name":"stdout","time":27031.884243926,"data":"[ 450.5 min] 4004 rows written\n"}
,{"stream_name":"stdout","time":27092.254024028,"data":"[ 451.5 min] 4013 rows written\n"}
,{"stream_name":"stdout","time":27152.500522472,"data":"[ 452.5 min] 4022 rows written\n"}
,{"stream_name":"stdout","time":27212.729738487,"data":"[ 453.5 min] 4030 rows written\n"}
,{"stream_name":"stdout","time":27272.962222111,"data":"[ 454.5 min] 4039 rows written\n"}
,{"stream_name":"stdout","time":27333.191382785,"data":"[ 455.5 min] 4049 rows written\n"}
,{"stream_name":"stdout","time":27393.418672527,"data":"[ 456.5 min] 4061 rows written\n"}
,{"stream_name":"stdout","time":27453.712866237,"data":"[ 457.5 min] 4068 rows written\n"}
,{"stream_name":"stdout","time":27513.943859332,"data":"[ 458.5 min] 4076 rows written\n"}
,{"stream_name":"stdout","time":27574.333750616,"data":"[ 459.6 min] 4082 rows written\n"}
,{"stream_name":"stdout","time":27634.835025,"data":"[ 460.6 min] 4093 rows written\n"}
,{"stream_name":"stdout","time":27695.195726267,"data":"[ 461.6 min] 4097 rows written\n"}
,{"stream_name":"stdout","time":27755.543054945,"data":"[ 462.6 min] 4104 rows written\n"}
,{"stream_name":"stdout","time":27815.785615037,"data":"[ 463.6 min] 4113 rows written\n"}
,{"stream_name":"stdout","time":27876.021238791,"data":"[ 464.6 min] 4126 rows written\n"}
,{"stream_name":"stdout","time":27936.26528146,"data":"[ 465.6 min] 4141 rows written\n"}
,{"stream_name":"stdout","time":27996.503306523,"data":"[ 466.6 min] 4152 rows written\n"}
,{"stream_name":"stdout","time":28056.791744458,"data":"[ 467.6 min] 4169 rows written\n"}
,{"stream_name":"stdout","time":28117.039201181,"data":"[ 468.6 min] 4183 rows written\n"}
,{"stream_name":"stdout","time":28177.405545366,"data":"[ 469.6 min] 4194 rows written\n"}
,{"stream_name":"stdout","time":28237.684354049,"data":"[ 470.6 min] 4204 rows written\n"}
,{"stream_name":"stdout","time":28297.900270873,"data":"[ 471.6 min] 4213 rows written\n"}
,{"stream_name":"stdout","time":28358.144420079,"data":"[ 472.6 min] 4224 rows written\n"}
,{"stream_name":"stdout","time":28418.450674783,"data":"[ 473.6 min] 4236 rows written\n"}
,{"stream_name":"stdout","time":28478.693074417,"data":"[ 474.6 min] 4247 rows written\n"}
,{"stream_name":"stdout","time":28539.199325789,"data":"[ 475.6 min] 4257 rows written\n"}
,{"stream_name":"stdout","time":28599.452036336,"data":"[ 476.6 min] 4263 rows written\n"}
,{"stream_name":"stdout","time":28659.671716106,"data":"[ 477.6 min] 4271 rows written\n"}
,{"stream_name":"stdout","time":28719.91514188,"data":"[ 478.6 min] 4279 rows written\n"}
,{"stream_name":"stdout","time":28780.166681402,"data":"[ 479.7 min] 4297 rows written\n"}
,{"stream_name":"stdout","time":28840.411369077,"data":"[ 480.7 min] 4321 rows written\n"}
,{"stream_name":"stdout","time":28900.665533782,"data":"[ 481.7 min] 4333 rows written\n"}
,{"stream_name":"stdout","time":28961.305359856,"data":"[ 482.7 min] 4342 rows written\n"}
,{"stream_name":"stdout","time":29021.554188595,"data":"[ 483.7 min] 4356 rows written\n"}
,{"stream_name":"stdout","time":29081.803288046,"data":"[ 484.7 min] 4370 rows written\n"}
,{"stream_name":"stdout","time":29142.03589073,"data":"[ 485.7 min] 4382 rows written\n"}
,{"stream_name":"stdout","time":29202.30474472,"data":"[ 486.7 min] 4399 rows written\n"}
,{"stream_name":"stdout","time":29262.857566001,"data":"[ 487.7 min] 4414 rows written\n"}
,{"stream_name":"stdout","time":29323.308942458,"data":"[ 488.7 min] 4429 rows written\n"}
,{"stream_name":"stdout","time":29383.810980828,"data":"[ 489.7 min] 4435 rows written\n"}
,{"stream_name":"stdout","time":29444.063396948,"data":"[ 490.7 min] 4443 rows written\n"}
,{"stream_name":"stdout","time":29504.323823056,"data":"[ 491.7 min] 4454 rows written\n"}
,{"stream_name":"stdout","time":29564.701710443,"data":"[ 492.7 min] 4470 rows written\n"}
,{"stream_name":"stdout","time":29624.961054515,"data":"[ 493.7 min] 4493 rows written\n"}
,{"stream_name":"stdout","time":29685.218515668,"data":"[ 494.7 min] 4522 rows written\n"}
,{"stream_name":"stdout","time":29745.479202103,"data":"[ 495.7 min] 4543 rows written\n"}
,{"stream_name":"stdout","time":29805.737106155,"data":"[ 496.7 min] 4559 rows written\n"}
,{"stream_name":"stdout","time":29866.038293697,"data":"[ 497.7 min] 4578 rows written\n"}
,{"stream_name":"stdout","time":29926.288562436,"data":"[ 498.8 min] 4596 rows written\n"}
,{"stream_name":"stdout","time":29986.552360392,"data":"[ 499.8 min] 4622 rows written\n"}
,{"stream_name":"stdout","time":30046.816760494,"data":"[ 500.8 min] 4642 rows written\n"}
,{"stream_name":"stdout","time":30107.188160136,"data":"[ 501.8 min] 4658 rows written\n"}
,{"stream_name":"stdout","time":30167.45632882,"data":"[ 502.8 min] 4670 rows written\n"}
,{"stream_name":"stdout","time":30227.743212569,"data":"[ 503.8 min] 4688 rows written\n"}
,{"stream_name":"stdout","time":30288.012904605,"data":"[ 504.8 min] 4702 rows written\n"}
,{"stream_name":"stdout","time":30348.287647729,"data":"[ 505.8 min] 4719 rows written\n"}
,{"stream_name":"stdout","time":30408.535842403,"data":"[ 506.8 min] 4734 rows written\n"}
,{"stream_name":"stdout","time":30468.812766991,"data":"[ 507.8 min] 4746 rows written\n"}
,{"stream_name":"stdout","time":30529.085358659,"data":"[ 508.8 min] 4759 rows written\n"}
,{"stream_name":"stdout","time":30589.357831926,"data":"[ 509.8 min] 4778 rows written\n"}
,{"stream_name":"stdout","time":30649.628568529,"data":"[ 510.8 min] 4804 rows written\n"}
,{"stream_name":"stdout","time":30709.902112204,"data":"[ 511.8 min] 4830 rows written\n"}
,{"stream_name":"stdout","time":30770.177109196,"data":"[ 512.8 min] 4862 rows written\n"}
,{"stream_name":"stdout","time":30830.455094694,"data":"[ 513.8 min] 4883 rows written\n"}
,{"stream_name":"stdout","time":30890.770571192,"data":"[ 514.8 min] 4898 rows written\n"}
,{"stream_name":"stdout","time":30951.062984639,"data":"[ 515.8 min] 4906 rows written\n"}
,{"stream_name":"stdout","time":31011.400615702,"data":"[ 516.8 min] 4922 rows written\n"}
,{"stream_name":"stdout","time":31071.703444579,"data":"[ 517.8 min] 4939 rows written\n"}
,{"stream_name":"stdout","time":31131.986636723,"data":"[ 518.8 min] 4956 rows written\n"}
,{"stream_name":"stdout","time":31192.352869672,"data":"[ 519.9 min] 4970 rows written\n"}
,{"stream_name":"stdout","time":31252.879068362,"data":"[ 520.9 min] 4991 rows written\n"}
,{"stream_name":"stdout","time":31313.160193475,"data":"[ 521.9 min] 5016 rows written\n"}
,{"stream_name":"stdout","time":31373.448323854,"data":"[ 522.9 min] 5045 rows written\n"}
,{"stream_name":"stdout","time":31433.787048509,"data":"[ 523.9 min] 5071 rows written\n"}
,{"stream_name":"stdout","time":31494.203582079,"data":"[ 524.9 min] 5080 rows written\n"}
,{"stream_name":"stdout","time":31554.495124396,"data":"[ 525.9 min] 5094 rows written\n"}
,{"stream_name":"stdout","time":31614.765194802,"data":"[ 526.9 min] 5112 rows written\n"}
,{"stream_name":"stdout","time":31675.05138316,"data":"[ 527.9 min] 5136 rows written\n"}
,{"stream_name":"stdout","time":31735.310227456,"data":"[ 528.9 min] 5153 rows written\n"}
,{"stream_name":"stdout","time":31795.600543584,"data":"[ 529.9 min] 5180 rows written\n"}
,{"stream_name":"stdout","time":31856.137402603,"data":"[ 530.9 min] 5200 rows written\n"}
,{"stream_name":"stdout","time":31916.434087604,"data":"[ 531.9 min] 5220 rows written\n"}
,{"stream_name":"stdout","time":31976.729280939,"data":"[ 532.9 min] 5244 rows written\n"}
,{"stream_name":"stdout","time":32037.028165622,"data":"[ 533.9 min] 5261 rows written\n"}
,{"stream_name":"stdout","time":32097.310497043,"data":"[ 534.9 min] 5290 rows written\n"}
,{"stream_name":"stdout","time":32157.612135503,"data":"[ 535.9 min] 5327 rows written\n"}
,{"stream_name":"stdout","time":32217.906972542,"data":"[ 536.9 min] 5360 rows written\n"}
,{"stream_name":"stdout","time":32278.209771885,"data":"[ 538.0 min] 5386 rows written\n"}
,{"stream_name":"stdout","time":32338.507408971,"data":"[ 539.0 min] 5422 rows written\n"}
,{"stream_name":"stdout","time":32398.81097397,"data":"[ 540.0 min] 5453 rows written\n"}
,{"stream_name":"stdout","time":32459.152074445,"data":"[ 541.0 min] 5487 rows written\n"}
,{"stream_name":"stdout","time":32519.436587456,"data":"[ 542.0 min] 5511 rows written\n"}
,{"stream_name":"stdout","time":32579.862341449,"data":"[ 543.0 min] 5524 rows written\n"}
,{"stream_name":"stdout","time":32640.149355728,"data":"[ 544.0 min] 5539 rows written\n"}
,{"stream_name":"stdout","time":32700.430558955,"data":"[ 545.0 min] 5551 rows written\n"}
,{"stream_name":"stdout","time":32760.732990833,"data":"[ 546.0 min] 5558 rows written\n"}
,{"stream_name":"stdout","time":32821.043377509,"data":"[ 547.0 min] 5576 rows written\n"}
,{"stream_name":"stdout","time":32881.505183241,"data":"[ 548.0 min] 5587 rows written\n"}
,{"stream_name":"stdout","time":32941.817349344,"data":"[ 549.0 min] 5606 rows written\n"}
,{"stream_name":"stdout","time":33002.223475743,"data":"[ 550.0 min] 5623 rows written\n"}
,{"stream_name":"stdout","time":33062.538318697,"data":"[ 551.0 min] 5647 rows written\n"}
,{"stream_name":"stdout","time":33122.858253978,"data":"[ 552.0 min] 5671 rows written\n"}
,{"stream_name":"stdout","time":33183.362079594,"data":"[ 553.0 min] 5689 rows written\n"}
,{"stream_name":"stdout","time":33243.67199634,"data":"[ 554.0 min] 5708 rows written\n"}
,{"stream_name":"stdout","time":33303.990090998,"data":"[ 555.0 min] 5720 rows written\n"}
,{"stream_name":"stdout","time":33364.315120459,"data":"[ 556.1 min] 5726 rows written\n"}
,{"stream_name":"stdout","time":33424.62276899,"data":"[ 557.1 min] 5732 rows written\n"}
,{"stream_name":"stdout","time":33484.945345671,"data":"[ 558.1 min] 5736 rows written\n"}
,{"stream_name":"stdout","time":33545.328715097,"data":"[ 559.1 min] 5743 rows written\n"}
,{"stream_name":"stdout","time":33605.644961516,"data":"[ 560.1 min] 5752 rows written\n"}
,{"stream_name":"stdout","time":33665.958492811,"data":"[ 561.1 min] 5761 rows written\n"}
,{"stream_name":"stdout","time":33726.276840957,"data":"[ 562.1 min] 5769 rows written\n"}
,{"stream_name":"stdout","time":33786.598263403,"data":"[ 563.1 min] 5779 rows written\n"}
,{"stream_name":"stdout","time":33847.019337532,"data":"[ 564.1 min] 5788 rows written\n"}
,{"stream_name":"stdout","time":33907.347422077,"data":"[ 565.1 min] 5801 rows written\n"}
,{"stream_name":"stdout","time":33967.672771346,"data":"[ 566.1 min] 5809 rows written\n"}
,{"stream_name":"stdout","time":34027.997126091,"data":"[ 567.1 min] 5820 rows written\n"}
,{"stream_name":"stdout","time":34088.324872848,"data":"[ 568.1 min] 5830 rows written\n"}
,{"stream_name":"stdout","time":34148.648720951,"data":"[ 569.1 min] 5842 rows written\n"}
,{"stream_name":"stdout","time":34209.159523852,"data":"[ 570.1 min] 5851 rows written\n"}
,{"stream_name":"stdout","time":34269.482696047,"data":"[ 571.1 min] 5863 rows written\n"}
,{"stream_name":"stdout","time":34329.809633399,"data":"[ 572.1 min] 5872 rows written\n"}
,{"stream_name":"stdout","time":34390.111784945,"data":"[ 573.2 min] 5883 rows written\n"}
,{"stream_name":"stdout","time":34450.488004309,"data":"[ 574.2 min] 5891 rows written\n"}
,{"stream_name":"stdout","time":34510.816409614,"data":"[ 575.2 min] 5901 rows written\n"}
,{"stream_name":"stdout","time":34571.171148542,"data":"[ 576.2 min] 5911 rows written\n"}
,{"stream_name":"stdout","time":34631.520244762,"data":"[ 577.2 min] 5922 rows written\n"}
,{"stream_name":"stdout","time":34691.84703157,"data":"[ 578.2 min] 5931 rows written\n"}
,{"stream_name":"stdout","time":34752.17445298,"data":"[ 579.2 min] 5940 rows written\n"}
,{"stream_name":"stdout","time":34812.533251021,"data":"[ 580.2 min] 5948 rows written\n"}
,{"stream_name":"stdout","time":34872.864385217,"data":"[ 581.2 min] 5955 rows written\n"}
,{"stream_name":"stdout","time":34933.200208123,"data":"[ 582.2 min] 5966 rows written\n"}
,{"stream_name":"stdout","time":34993.532137765,"data":"[ 583.2 min] 5976 rows written\n"}
,{"stream_name":"stdout","time":35053.881093834,"data":"[ 584.2 min] 5986 rows written\n"}
,{"stream_name":"stdout","time":35114.219791726,"data":"[ 585.2 min] 5997 rows written\n"}
,{"stream_name":"stdout","time":35174.558398986,"data":"[ 586.2 min] 6004 rows written\n"}
,{"stream_name":"stdout","time":35234.92780811,"data":"[ 587.2 min] 6012 rows written\n"}
,{"stream_name":"stdout","time":35295.41133386,"data":"[ 588.2 min] 6022 rows written\n"}
,{"stream_name":"stdout","time":35355.900439687,"data":"[ 589.2 min] 6033 rows written\n"}
,{"stream_name":"stdout","time":35416.265062933,"data":"[ 590.3 min] 6048 rows written\n"}
,{"stream_name":"stdout","time":35476.595757467,"data":"[ 591.3 min] 6059 rows written\n"}
,{"stream_name":"stdout","time":35536.942153631,"data":"[ 592.3 min] 6072 rows written\n"}
,{"stream_name":"stdout","time":35597.294786326,"data":"[ 593.3 min] 6090 rows written\n"}
,{"stream_name":"stdout","time":35657.60289938,"data":"[ 594.3 min] 6113 rows written\n"}
,{"stream_name":"stdout","time":35718.132677741,"data":"[ 595.3 min] 6129 rows written\n"}
,{"stream_name":"stdout","time":35778.478227044,"data":"[ 596.3 min] 6143 rows written\n"}
,{"stream_name":"stdout","time":35838.835032153,"data":"[ 597.3 min] 6157 rows written\n"}
,{"stream_name":"stdout","time":35899.200947,"data":"[ 598.3 min] 6174 rows written\n"}
,{"stream_name":"stdout","time":35959.58565017,"data":"[ 599.3 min] 6186 rows written\n"}
,{"stream_name":"stdout","time":36019.942979513,"data":"[ 600.3 min] 6205 rows written\n"}
,{"stream_name":"stdout","time":36080.291710014,"data":"[ 601.3 min] 6220 rows written\n"}
,{"stream_name":"stdout","time":36140.65315528,"data":"[ 602.3 min] 6237 rows written\n"}
,{"stream_name":"stdout","time":36201.011893909,"data":"[ 603.3 min] 6251 rows written\n"}
,{"stream_name":"stdout","time":36261.441279429,"data":"[ 604.3 min] 6267 rows written\n"}
,{"stream_name":"stdout","time":36321.882184327,"data":"[ 605.3 min] 6283 rows written\n"}
,{"stream_name":"stdout","time":36382.204493538,"data":"[ 606.4 min] 6304 rows written\n"}
,{"stream_name":"stdout","time":36442.661534231,"data":"[ 607.4 min] 6320 rows written\n"}
,{"stream_name":"stdout","time":36503.059186428,"data":"[ 608.4 min] 6338 rows written\n"}
,{"stream_name":"stdout","time":36563.425419091,"data":"[ 609.4 min] 6353 rows written\n"}
,{"stream_name":"stdout","time":36623.770270136,"data":"[ 610.4 min] 6365 rows written\n"}
,{"stream_name":"stdout","time":36684.121862028,"data":"[ 611.4 min] 6382 rows written\n"}
,{"stream_name":"stdout","time":36744.482932187,"data":"[ 612.4 min] 6398 rows written\n"}
,{"stream_name":"stdout","time":36804.872995903,"data":"[ 613.4 min] 6424 rows written\n"}
,{"stream_name":"stdout","time":36865.315967843,"data":"[ 614.4 min] 6447 rows written\n"}
,{"stream_name":"stdout","time":36925.67980381,"data":"[ 615.4 min] 6466 rows written\n"}
,{"stream_name":"stdout","time":36986.047625614,"data":"[ 616.4 min] 6480 rows written\n"}
,{"stream_name":"stdout","time":37046.41931661,"data":"[ 617.4 min] 6494 rows written\n"}
,{"stream_name":"stdout","time":37106.792479262,"data":"[ 618.4 min] 6509 rows written\n"}
,{"stream_name":"stdout","time":37167.15669944,"data":"[ 619.4 min] 6523 rows written\n"}
,{"stream_name":"stdout","time":37227.498318755,"data":"[ 620.4 min] 6535 rows written\n"}
,{"stream_name":"stdout","time":37287.827848316,"data":"[ 621.4 min] 6547 rows written\n"}
,{"stream_name":"stdout","time":37348.193329917,"data":"[ 622.5 min] 6563 rows written\n"}
,{"stream_name":"stdout","time":37408.568680353,"data":"[ 623.5 min] 6574 rows written\n"}
,{"stream_name":"stdout","time":37468.934838934,"data":"[ 624.5 min] 6588 rows written\n"}
,{"stream_name":"stdout","time":37529.462060205,"data":"[ 625.5 min] 6599 rows written\n"}
,{"stream_name":"stdout","time":37589.83520722,"data":"[ 626.5 min] 6607 rows written\n"}
,{"stream_name":"stdout","time":37650.211314192,"data":"[ 627.5 min] 6621 rows written\n"}
,{"stream_name":"stdout","time":37710.749429092,"data":"[ 628.5 min] 6637 rows written\n"}
,{"stream_name":"stdout","time":37771.151946602,"data":"[ 629.5 min] 6663 rows written\n"}
,{"stream_name":"stdout","time":37831.627970421,"data":"[ 630.5 min] 6684 rows written\n"}
,{"stream_name":"stdout","time":37892.015020091,"data":"[ 631.5 min] 6705 rows written\n"}
,{"stream_name":"stdout","time":37952.388302274,"data":"[ 632.5 min] 6732 rows written\n"}
,{"stream_name":"stdout","time":38012.766903404,"data":"[ 633.5 min] 6751 rows written\n"}
,{"stream_name":"stdout","time":38073.276410402,"data":"[ 634.5 min] 6769 rows written\n"}
,{"stream_name":"stdout","time":38133.636382037,"data":"[ 635.5 min] 6779 rows written\n"}
,{"stream_name":"stdout","time":38193.970987382,"data":"[ 636.5 min] 6787 rows written\n"}
,{"stream_name":"stdout","time":38254.383492714,"data":"[ 637.6 min] 6799 rows written\n"}
,{"stream_name":"stdout","time":38314.764957422,"data":"[ 638.6 min] 6815 rows written\n"}
,{"stream_name":"stdout","time":38375.151223392,"data":"[ 639.6 min] 6831 rows written\n"}
,{"stream_name":"stdout","time":38435.746656498,"data":"[ 640.6 min] 6849 rows written\n"}
,{"stream_name":"stdout","time":38496.528045438,"data":"[ 641.6 min] 6866 rows written\n"}
,{"stream_name":"stdout","time":38556.922053051,"data":"[ 642.6 min] 6874 rows written\n"}
,{"stream_name":"stdout","time":38617.321743735,"data":"[ 643.6 min] 6884 rows written\n"}
,{"stream_name":"stdout","time":38677.707307727,"data":"[ 644.6 min] 6891 rows written\n"}
,{"stream_name":"stdout","time":38738.108733338,"data":"[ 645.6 min] 6906 rows written\n"}
,{"stream_name":"stdout","time":38798.503358585,"data":"[ 646.6 min] 6929 rows written\n"}
,{"stream_name":"stdout","time":38859.140279008,"data":"[ 647.6 min] 6959 rows written\n"}
,{"stream_name":"stdout","time":38919.602865979,"data":"[ 648.6 min] 6986 rows written\n"}
,{"stream_name":"stdout","time":38980.134177114,"data":"[ 649.7 min] 7012 rows written\n"}
,{"stream_name":"stdout","time":39040.517307347,"data":"[ 650.7 min] 7031 rows written\n"}
,{"stream_name":"stdout","time":39100.865063962,"data":"[ 651.7 min] 7045 rows written\n"}
,{"stream_name":"stdout","time":39161.296181842,"data":"[ 652.7 min] 7057 rows written\n"}
,{"stream_name":"stdout","time":39221.691109421,"data":"[ 653.7 min] 7069 rows written\n"}
,{"stream_name":"stdout","time":39282.058776275,"data":"[ 654.7 min] 7085 rows written\n"}
,{"stream_name":"stdout","time":39342.452526568,"data":"[ 655.7 min] 7108 rows written\n"}
,{"stream_name":"stdout","time":39402.831386977,"data":"[ 656.7 min] 7136 rows written\n"}
,{"stream_name":"stdout","time":39463.234950356,"data":"[ 657.7 min] 7162 rows written\n"}
,{"stream_name":"stdout","time":39523.608263523,"data":"[ 658.7 min] 7186 rows written\n"}
,{"stream_name":"stdout","time":39583.996701086,"data":"[ 659.7 min] 7211 rows written\n"}
,{"stream_name":"stdout","time":39644.392469658,"data":"[ 660.7 min] 7229 rows written\n"}
,{"stream_name":"stdout","time":39704.804152564,"data":"[ 661.7 min] 7255 rows written\n"}
,{"stream_name":"stdout","time":39765.213983549,"data":"[ 662.7 min] 7277 rows written\n"}
,{"stream_name":"stdout","time":39825.616367242,"data":"[ 663.7 min] 7298 rows written\n"}
,{"stream_name":"stdout","time":39886.019161176,"data":"[ 664.7 min] 7317 rows written\n"}
,{"stream_name":"stdout","time":39946.426898845,"data":"[ 665.8 min] 7333 rows written\n"}
,{"stream_name":"stdout","time":40006.847378951,"data":"[ 666.8 min] 7351 rows written\n"}
,{"stream_name":"stdout","time":40067.30523375,"data":"[ 667.8 min] 7369 rows written\n"}
,{"stream_name":"stdout","time":40127.706408084,"data":"[ 668.8 min] 7384 rows written\n"}
,{"stream_name":"stdout","time":40188.200025195,"data":"[ 669.8 min] 7404 rows written\n"}
,{"stream_name":"stdout","time":40248.607070241,"data":"[ 670.8 min] 7410 rows written\n"}
,{"stream_name":"stdout","time":40309.022144237,"data":"[ 671.8 min] 7413 rows written\n"}
,{"stream_name":"stdout","time":40369.969037604,"data":"[ 672.8 min] 7415 rows written\n"}
,{"stream_name":"stdout","time":40430.376413472,"data":"[ 673.8 min] 7425 rows written\n"}
,{"stream_name":"stdout","time":40490.781240432,"data":"[ 674.8 min] 7429 rows written\n"}
,{"stream_name":"stdout","time":40551.415893757,"data":"[ 675.8 min] 7435 rows written\n"}
,{"stream_name":"stdout","time":40611.826688977,"data":"[ 676.8 min] 7446 rows written\n"}
,{"stream_name":"stdout","time":40672.236894723,"data":"[ 677.9 min] 7462 rows written\n"}
,{"stream_name":"stdout","time":40732.609436864,"data":"[ 678.9 min] 7477 rows written\n"}
,{"stream_name":"stdout","time":40793.025077879,"data":"[ 679.9 min] 7494 rows written\n"}
,{"stream_name":"stdout","time":40853.658139402,"data":"[ 680.9 min] 7515 rows written\n"}
,{"stream_name":"stdout","time":40914.078024835,"data":"[ 681.9 min] 7534 rows written\n"}
,{"stream_name":"stdout","time":40974.488095936,"data":"[ 682.9 min] 7553 rows written\n"}
,{"stream_name":"stdout","time":41034.909188908,"data":"[ 683.9 min] 7571 rows written\n"}
,{"stream_name":"stdout","time":41095.32502695,"data":"[ 684.9 min] 7594 rows written\n"}
,{"stream_name":"stdout","time":41155.948706573,"data":"[ 685.9 min] 7601 rows written\n"}
,{"stream_name":"stdout","time":41216.322767714,"data":"[ 686.9 min] 7611 rows written\n"}
,{"stream_name":"stdout","time":41276.743552668,"data":"[ 687.9 min] 7614 rows written\n"}
,{"stream_name":"stdout","time":41337.20504845,"data":"[ 688.9 min] 7619 rows written\n"}
,{"stream_name":"stdout","time":41397.624072551,"data":"[ 689.9 min] 7624 rows written\n"}
,{"stream_name":"stdout","time":41458.005128124,"data":"[ 690.9 min] 7633 rows written\n"}
,{"stream_name":"stdout","time":41458.005186822,"data":"[ 690.9 min] deadline reached; stopping benchmark processes (rows so far are kept)\n"}
,{"stream_name":"stdout","time":41458.025786246,"data":"[ 690.9 min] done\n"}
,{"stream_name":"stderr","time":41461.932669282,"data":"/usr/local/lib/python3.12/dist-packages/mistune.py:435: SyntaxWarning: invalid escape sequence '\\|'\n"}
,{"stream_name":"stderr","time":41461.932814649,"data":"  cells[i][c] = re.sub('\\\\\\\\\\|', '|', cell)\n"}
,{"stream_name":"stderr","time":41462.376846534,"data":"/usr/local/lib/python3.12/dist-packages/nbconvert/filters/filter_links.py:36: SyntaxWarning: invalid escape sequence '\\_'\n"}
,{"stream_name":"stderr","time":41462.37689371,"data":"  text = re.sub(r'_', '\\_', text) # Escape underscores in display text\n"}
,{"stream_name":"stderr","time":41464.100074719,"data":"[NbConvertApp] Converting notebook __script__.ipynb to html\n"}
,{"stream_name":"stderr","time":41465.92093399,"data":"[NbConvertApp] Writing 307031 bytes to __results__.html\n"}
]