[{"stream_name":"stdout","time":800.946629938,"data":"[  13.3 min] code in /kaggle/tmp/qaari; config {'reciters': ['Husary_128kbps', 'Husary_Muallim_128kbps', 'Minshawy_Murattal_128kbps', 'Hudhaify_128kbps', 'Abdul_Basit_Murattal_192kbps', 'Alafasy_128kbps', 'Yasser_Ad-Dussary_128kbps', 'Nasser_Alqatami_128kbps', 'Saood_ash-Shuraym_128kbps', 'Abdurrahmaan_As-Sudais_192kbps', 'Abdullaah_3awwaad_Al-Juhaynee_128kbps'], 'verses': 'all', 'modes': ['studio', 'taraweeh_adapted'], 'procs': 4, 'shard_base': 16, 'shard_total': 20, 'octave': False, 'tag': 'full', 'pip': 'praat-parselmouth faiss-cpu nara_wpe soxr speechbrain', 'hours': 11.5}\n"}
,{"stream_name":"stdout","time":833.021274844,"data":"[  13.9 min] internet: OFF (kernel internet disabled; using the attached qaari-eval-deps bundle)\n"}
,{"stream_name":"stdout","time":972.638008269,"data":"[  16.2 min] $ /usr/bin/python3 -m pip install -q --no-index --find-links /kaggle/input/qaari-eval-deps/wheels ruamel.yaml.clib\n"}
,{"stream_name":"stdout","time":977.626212447,"data":"[  16.3 min] $ /usr/bin/python3 -m pip install -q --no-index --find-links /kaggle/input/qaari-eval-deps/wheels ruamel.yaml\n"}
,{"stream_name":"stdout","time":980.326056065,"data":"[  16.3 min] $ /usr/bin/python3 -m pip install -q --no-index --find-links /kaggle/input/qaari-eval-deps/wheels hyperpyyaml\n"}
,{"stream_name":"stdout","time":983.324881489,"data":"[  16.4 min] $ /usr/bin/python3 -m pip install -q --no-index --find-links /kaggle/input/qaari-eval-deps/wheels bottleneck\n"}
,{"stream_name":"stdout","time":986.059847832,"data":"[  16.4 min] $ /usr/bin/python3 -m pip install -q --no-index --find-links /kaggle/input/qaari-eval-deps/wheels sentencepiece\n"}
,{"stream_name":"stdout","time":988.749527246,"data":"[  16.5 min] $ /usr/bin/python3 -m pip install -q --no-index --find-links /kaggle/input/qaari-eval-deps/wheels praat-parselmouth\n"}
,{"stream_name":"stdout","time":991.808170134,"data":"[  16.5 min] $ /usr/bin/python3 -m pip install -q --no-index --find-links /kaggle/input/qaari-eval-deps/wheels faiss-cpu\n"}
,{"stream_name":"stdout","time":995.220729869,"data":"[  16.6 min] $ /usr/bin/python3 -m pip install -q --no-index --find-links /kaggle/input/qaari-eval-deps/wheels nara_wpe\n"}
,{"stream_name":"stdout","time":997.963564604,"data":"[  16.6 min] $ /usr/bin/python3 -m pip install -q --no-index --find-links /kaggle/input/qaari-eval-deps/wheels soxr\n"}
,{"stream_name":"stdout","time":1000.728265998,"data":"[  16.7 min] $ /usr/bin/python3 -m pip install -q --no-index --find-links /kaggle/input/qaari-eval-deps/wheels speechbrain\n"}
,{"stream_name":"stdout","time":1011.536105916,"data":"[  16.8 min] dependencies import cleanly\n"}
,{"stream_name":"stdout","time":1167.488093753,"data":"[  19.4 min] model snapshots copied to /root/.cache/huggingface/hub\n"}
,{"stream_name":"stdout","time":1167.492174884,"data":"[  19.4 min] started 4 benchmark processes\n"}
,{"stream_name":"stdout","time":1227.493237803,"data":"[  20.4 min] 3 rows written\n"}
,{"stream_name":"stdout","time":1287.494501768,"data":"[  21.4 min] 10 rows written\n"}
,{"stream_name":"stdout","time":1347.496502505,"data":"[  22.4 min] 21 rows written\n"}
,{"stream_name":"stdout","time":1407.49887478,"data":"[  23.4 min] 27 rows written\n"}
,{"stream_name":"stdout","time":1467.506090739,"data":"[  24.4 min] 36 rows written\n"}
,{"stream_name":"stdout","time":1527.512140168,"data":"[  25.4 min] 44 rows written\n"}
,{"stream_name":"stdout","time":1587.52557219,"data":"[  26.4 min] 51 rows written\n"}
,{"stream_name":"stdout","time":1647.533030413,"data":"[  27.4 min] 60 rows written\n"}
,{"stream_name":"stdout","time":1707.539358332,"data":"[  28.4 min] 65 rows written\n"}
,{"stream_name":"stdout","time":1767.545194021,"data":"[  29.4 min] 70 rows written\n"}
,{"stream_name":"stdout","time":1827.55085603,"data":"[  30.4 min] 75 rows written\n"}
,{"stream_name":"stdout","time":1887.556523638,"data":"[  31.4 min] 82 rows written\n"}
,{"stream_name":"stdout","time":1947.5660227,"data":"[  32.4 min] 91 rows written\n"}
,{"stream_name":"stdout","time":2007.575564441,"data":"[  33.4 min] 97 rows written\n"}
,{"stream_name":"stdout","time":2067.582693291,"data":"[  34.4 min] 103 rows written\n"}
,{"stream_name":"stdout","time":2127.594641846,"data":"[  35.4 min] 113 rows written\n"}
,{"stream_name":"stdout","time":2187.604135983,"data":"[  36.4 min] 118 rows written\n"}
,{"stream_name":"stdout","time":2247.612816478,"data":"[  37.4 min] 126 rows written\n"}
,{"stream_name":"stdout","time":2307.626729065,"data":"[  38.4 min] 137 rows written\n"}
,{"stream_name":"stdout","time":2367.637566871,"data":"[  39.4 min] 147 rows written\n"}
,{"stream_name":"stdout","time":2427.648362265,"data":"[  40.4 min] 156 rows written\n"}
,{"stream_name":"stdout","time":2487.662166259,"data":"[  41.4 min] 164 rows written\n"}
,{"stream_name":"stdout","time":2547.673833683,"data":"[  42.4 min] 176 rows written\n"}
,{"stream_name":"stdout","time":2607.689355428,"data":"[  43.4 min] 189 rows written\n"}
,{"stream_name":"stdout","time":2667.728261463,"data":"[  44.5 min] 198 rows written\n"}
,{"stream_name":"stdout","time":2727.744928119,"data":"[  45.5 min] 204 rows written\n"}
,{"stream_name":"stdout","time":2787.760253044,"data":"[  46.5 min] 212 rows written\n"}
,{"stream_name":"stdout","time":2847.77677821,"data":"[  47.5 min] 218 rows written\n"}
,{"stream_name":"stdout","time":2907.793548427,"data":"[  48.5 min] 229 rows written\n"}
,{"stream_name":"stdout","time":2967.814789037,"data":"[  49.5 min] 239 rows written\n"}
,{"stream_name":"stdout","time":3027.835183706,"data":"[  50.5 min] 252 rows written\n"}
,{"stream_name":"stdout","time":3087.852056385,"data":"[  51.5 min] 265 rows written\n"}
,{"stream_name":"stdout","time":3147.871188134,"data":"[  52.5 min] 273 rows written\n"}
,{"stream_name":"stdout","time":3207.889163563,"data":"[  53.5 min] 283 rows written\n"}
,{"stream_name":"stdout","time":3267.905258632,"data":"[  54.5 min] 289 rows written\n"}
,{"stream_name":"stdout","time":3327.940186807,"data":"[  55.5 min] 300 rows written\n"}
,{"stream_name":"stdout","time":3387.959884757,"data":"[  56.5 min] 311 rows written\n"}
,{"stream_name":"stdout","time":3447.98110131,"data":"[  57.5 min] 315 rows written\n"}
,{"stream_name":"stdout","time":3508.005858762,"data":"[  58.5 min] 325 rows written\n"}
,{"stream_name":"stdout","time":3568.025375353,"data":"[  59.5 min] 334 rows written\n"}
,{"stream_name":"stdout","time":3628.049979875,"data":"[  60.5 min] 344 rows written\n"}
,{"stream_name":"stdout","time":3688.073842678,"data":"[  61.5 min] 354 rows written\n"}
,{"stream_name":"stdout","time":3748.09880325,"data":"[  62.5 min] 365 rows written\n"}
,{"stream_name":"stdout","time":3808.14221633,"data":"[  63.5 min] 375 rows written\n"}
,{"stream_name":"stdout","time":3868.168061433,"data":"[  64.5 min] 388 rows written\n"}
,{"stream_name":"stdout","time":3928.190875786,"data":"[  65.5 min] 401 rows written\n"}
,{"stream_name":"stdout","time":3988.217329817,"data":"[  66.5 min] 414 rows written\n"}
,{"stream_name":"stdout","time":4048.303399944,"data":"[  67.5 min] 424 rows written\n"}
,{"stream_name":"stdout","time":4108.334172139,"data":"[  68.5 min] 437 rows written\n"}
,{"stream_name":"stdout","time":4168.359828473,"data":"[  69.5 min] 448 rows written\n"}
,{"stream_name":"stdout","time":4228.42019355,"data":"[  70.5 min] 456 rows written\n"}
,{"stream_name":"stdout","time":4288.477196315,"data":"[  71.5 min] 473 rows written\n"}
,{"stream_name":"stdout","time":4348.507544271,"data":"[  72.5 min] 487 rows written\n"}
,{"stream_name":"stdout","time":4408.534569164,"data":"[  73.5 min] 506 rows written\n"}
,{"stream_name":"stdout","time":4468.56467296,"data":"[  74.5 min] 518 rows written\n"}
,{"stream_name":"stdout","time":4528.598868487,"data":"[  75.5 min] 532 rows written\n"}
,{"stream_name":"stdout","time":4588.662010615,"data":"[  76.5 min] 544 rows written\n"}
,{"stream_name":"stdout","time":4648.694647531,"data":"[  77.5 min] 556 rows written\n"}
,{"stream_name":"stdout","time":4708.726502537,"data":"[  78.5 min] 566 rows written\n"}
,{"stream_name":"stdout","time":4768.807581032,"data":"[  79.5 min] 576 rows written\n"}
,{"stream_name":"stdout","time":4828.867229268,"data":"[  80.5 min] 604 rows written\n"}
,{"stream_name":"stdout","time":4888.902056275,"data":"[  81.5 min] 629 rows written\n"}
,{"stream_name":"stdout","time":4948.935813371,"data":"[  82.5 min] 642 rows written\n"}
,{"stream_name":"stdout","time":5008.970439942,"data":"[  83.5 min] 652 rows written\n"}
,{"stream_name":"stdout","time":5069.013322609,"data":"[  84.5 min] 670 rows written\n"}
,{"stream_name":"stdout","time":5129.113265419,"data":"[  85.5 min] 683 rows written\n"}
,{"stream_name":"stdout","time":5189.153500995,"data":"[  86.5 min] 700 rows written\n"}
,{"stream_name":"stdout","time":5249.227209745,"data":"[  87.5 min] 716 rows written\n"}
,{"stream_name":"stdout","time":5309.334183017,"data":"[  88.5 min] 729 rows written\n"}
,{"stream_name":"stdout","time":5369.373616894,"data":"[  89.5 min] 748 rows written\n"}
,{"stream_name":"stdout","time":5429.411168559,"data":"[  90.5 min] 774 rows written\n"}
,{"stream_name":"stdout","time":5489.450800246,"data":"[  91.5 min] 800 rows written\n"}
,{"stream_name":"stdout","time":5549.488780072,"data":"[  92.5 min] 824 rows written\n"}
,{"stream_name":"stdout","time":5609.533985242,"data":"[  93.5 min] 834 rows written\n"}
,{"stream_name":"stdout","time":5669.574252989,"data":"[  94.5 min] 844 rows written\n"}
,{"stream_name":"stdout","time":5729.651184322,"data":"[  95.5 min] 856 rows written\n"}
,{"stream_name":"stdout","time":5789.694146641,"data":"[  96.5 min] 864 rows written\n"}
,{"stream_name":"stdout","time":5849.73619214,"data":"[  97.5 min] 879 rows written\n"}
,{"stream_name":"stdout","time":5909.780514486,"data":"[  98.5 min] 892 rows written\n"}
,{"stream_name":"stdout","time":5969.859810891,"data":"[  99.5 min] 905 rows written\n"}
,{"stream_name":"stdout","time":6029.903913322,"data":"[ 100.5 min] 919 rows written\n"}
,{"stream_name":"stdout","time":6090.003145699,"data":"[ 101.5 min] 936 rows written\n"}
,{"stream_name":"stdout","time":6150.051117568,"data":"[ 102.5 min] 962 rows written\n"}
,{"stream_name":"stdout","time":6210.087455201,"data":"[ 103.5 min] 990 rows written\n"}
,{"stream_name":"stdout","time":6270.131671728,"data":"[ 104.5 min] 1002 rows written\n"}
,{"stream_name":"stdout","time":6330.176642465,"data":"[ 105.5 min] 1015 rows written\n"}
,{"stream_name":"stdout","time":6390.223707802,"data":"[ 106.5 min] 1025 rows written\n"}
,{"stream_name":"stdout","time":6450.27166249,"data":"[ 107.5 min] 1040 rows written\n"}
,{"stream_name":"stdout","time":6510.362198424,"data":"[ 108.5 min] 1055 rows written\n"}
,{"stream_name":"stdout","time":6570.409195401,"data":"[ 109.5 min] 1073 rows written\n"}
,{"stream_name":"stdout","time":6630.470905305,"data":"[ 110.5 min] 1088 rows written\n"}
,{"stream_name":"stdout","time":6690.522252674,"data":"[ 111.5 min] 1099 rows written\n"}
,{"stream_name":"stdout","time":6750.579612776,"data":"[ 112.5 min] 1112 rows written\n"}
,{"stream_name":"stdout","time":6810.631759905,"data":"[ 113.5 min] 1125 rows written\n"}
,{"stream_name":"stdout","time":6870.686232325,"data":"[ 114.5 min] 1140 rows written\n"}
,{"stream_name":"stdout","time":6930.735665804,"data":"[ 115.5 min] 1153 rows written\n"}
,{"stream_name":"stdout","time":6990.791326025,"data":"[ 116.5 min] 1167 rows written\n"}
,{"stream_name":"stdout","time":7050.919119392,"data":"[ 117.5 min] 1182 rows written\n"}
,{"stream_name":"stdout","time":7110.971576526,"data":"[ 118.5 min] 1207 rows written\n"}
,{"stream_name":"stdout","time":7171.015816157,"data":"[ 119.5 min] 1238 rows written\n"}
,{"stream_name":"stdout","time":7231.070104033,"data":"[ 120.5 min] 1255 rows written\n"}
,{"stream_name":"stdout","time":7291.120859917,"data":"[ 121.5 min] 1269 rows written\n"}
,{"stream_name":"stdout","time":7351.178396214,"data":"[ 122.5 min] 1283 rows written\n"}
,{"stream_name":"stdout","time":7411.296180333,"data":"[ 123.5 min] 1293 rows written\n"}
,{"stream_name":"stdout","time":7471.35260273,"data":"[ 124.5 min] 1304 rows written\n"}
,{"stream_name":"stdout","time":7531.410244037,"data":"[ 125.5 min] 1320 rows written\n"}
,{"stream_name":"stdout","time":7591.465279824,"data":"[ 126.5 min] 1342 rows written\n"}
,{"stream_name":"stdout","time":7651.518704779,"data":"[ 127.5 min] 1359 rows written\n"}
,{"stream_name":"stdout","time":7711.575635665,"data":"[ 128.5 min] 1381 rows written\n"}
,{"stream_name":"stdout","time":7771.632762903,"data":"[ 129.5 min] 1404 rows written\n"}
,{"stream_name":"stdout","time":7831.699518804,"data":"[ 130.5 min] 1419 rows written\n"}
,{"stream_name":"stdout","time":7891.760136783,"data":"[ 131.5 min] 1429 rows written\n"}
,{"stream_name":"stdout","time":7951.83178619,"data":"[ 132.5 min] 1435 rows written\n"}
,{"stream_name":"stdout","time":8011.920327468,"data":"[ 133.5 min] 1448 rows written\n"}
,{"stream_name":"stdout","time":8071.984298476,"data":"[ 134.5 min] 1482 rows written\n"}
,{"stream_name":"stdout","time":8132.045791484,"data":"[ 135.5 min] 1523 rows written\n"}
,{"stream_name":"stdout","time":8192.109173188,"data":"[ 136.5 min] 1558 rows written\n"}
,{"stream_name":"stdout","time":8252.173522033,"data":"[ 137.5 min] 1595 rows written\n"}
,{"stream_name":"stdout","time":8312.237092217,"data":"[ 138.5 min] 1619 rows written\n"}
,{"stream_name":"stdout","time":8372.400223,"data":"[ 139.5 min] 1638 rows written\n"}
,{"stream_name":"stdout","time":8432.472177967,"data":"[ 140.5 min] 1656 rows written\n"}
,{"stream_name":"stdout","time":8492.538280623,"data":"[ 141.5 min] 1665 rows written\n"}
,{"stream_name":"stdout","time":8552.60964998,"data":"[ 142.5 min] 1673 rows written\n"}
,{"stream_name":"stdout","time":8612.677243896,"data":"[ 143.5 min] 1682 rows written\n"}
,{"stream_name":"stdout","time":8672.749117024,"data":"[ 144.5 min] 1700 rows written\n"}
,{"stream_name":"stdout","time":8732.815253509,"data":"[ 145.5 min] 1725 rows written\n"}
,{"stream_name":"stdout","time":8792.884619206,"data":"[ 146.5 min] 1751 rows written\n"}
,{"stream_name":"stdout","time":8852.957197044,"data":"[ 147.5 min] 1779 rows written\n"}
,{"stream_name":"stdout","time":8913.028441951,"data":"[ 148.5 min] 1808 rows written\n"}
,{"stream_name":"stdout","time":8973.102198749,"data":"[ 149.5 min] 1839 rows written\n"}
,{"stream_name":"stdout","time":9033.172690186,"data":"[ 150.5 min] 1864 rows written\n"}
,{"stream_name":"stdout","time":9093.245530944,"data":"[ 151.5 min] 1884 rows written\n"}
,{"stream_name":"stdout","time":9153.319516228,"data":"[ 152.5 min] 1907 rows written\n"}
,{"stream_name":"stdout","time":9213.396638535,"data":"[ 153.5 min] 1914 rows written\n"}
,{"stream_name":"stdout","time":9273.539721448,"data":"[ 154.5 min] 1923 rows written\n"}
,{"stream_name":"stdout","time":9333.615655745,"data":"[ 155.5 min] 1938 rows written\n"}
,{"stream_name":"stdout","time":9393.68913266,"data":"[ 156.5 min] 1948 rows written\n"}
,{"stream_name":"stdout","time":9453.765416357,"data":"[ 157.6 min] 1957 rows written\n"}
,{"stream_name":"stdout","time":9513.870332585,"data":"[ 158.6 min] 1962 rows written\n"}
,{"stream_name":"stdout","time":9573.946149692,"data":"[ 159.6 min] 1969 rows written\n"}
,{"stream_name":"stdout","time":9634.02537182,"data":"[ 160.6 min] 1974 rows written\n"}
,{"stream_name":"stdout","time":9694.102510789,"data":"[ 161.6 min] 1980 rows written\n"}
,{"stream_name":"stdout","time":9754.183811249,"data":"[ 162.6 min] 1987 rows written\n"}
,{"stream_name":"stdout","time":9814.255897605,"data":"[ 163.6 min] 1996 rows written\n"}
,{"stream_name":"stdout","time":9874.407119704,"data":"[ 164.6 min] 2006 rows written\n"}
,{"stream_name":"stdout","time":9934.488830196,"data":"[ 165.6 min] 2015 rows written\n"}
,{"stream_name":"stdout","time":9994.573820986,"data":"[ 166.6 min] 2025 rows written\n"}
,{"stream_name":"stdout","time":10054.674672392,"data":"[ 167.6 min] 2036 rows written\n"}
,{"stream_name":"stdout","time":10114.752502669,"data":"[ 168.6 min] 2049 rows written\n"}
,{"stream_name":"stdout","time":10174.826708129,"data":"[ 169.6 min] 2060 rows written\n"}
,{"stream_name":"stdout","time":10234.908544082,"data":"[ 170.6 min] 2070 rows written\n"}
,{"stream_name":"stdout","time":10294.984129431,"data":"[ 171.6 min] 2073 rows written\n"}
,{"stream_name":"stdout","time":10355.061819963,"data":"[ 172.6 min] 2077 rows written\n"}
,{"stream_name":"stdout","time":10415.144600885,"data":"[ 173.6 min] 2083 rows written\n"}
,{"stream_name":"stdout","time":10475.227157218,"data":"[ 174.6 min] 2093 rows written\n"}
,{"stream_name":"stdout","time":10535.310644941,"data":"[ 175.6 min] 2103 rows written\n"}
,{"stream_name":"stdout","time":10595.392139823,"data":"[ 176.6 min] 2112 rows written\n"}
,{"stream_name":"stdout","time":10655.476967447,"data":"[ 177.6 min] 2121 rows written\n"}
,{"stream_name":"stdout","time":10715.555936548,"data":"[ 178.6 min] 2128 rows written\n"}
,{"stream_name":"stdout","time":10775.669166263,"data":"[ 179.6 min] 2134 rows written\n"}
,{"stream_name":"stdout","time":10835.751204025,"data":"[ 180.6 min] 2143 rows written\n"}
,{"stream_name":"stdout","time":10895.834742758,"data":"[ 181.6 min] 2151 rows written\n"}
,{"stream_name":"stdout","time":10956.140383199,"data":"[ 182.6 min] 2159 rows written\n"}
,{"stream_name":"stdout","time":11016.227380834,"data":"[ 183.6 min] 2165 rows written\n"}
,{"stream_name":"stdout","time":11076.321168311,"data":"[ 184.6 min] 2172 rows written\n"}
,{"stream_name":"stdout","time":11136.403651533,"data":"[ 185.6 min] 2183 rows written\n"}
,{"stream_name":"stdout","time":11196.485632395,"data":"[ 186.6 min] 2194 rows written\n"}
,{"stream_name":"stdout","time":11256.575470998,"data":"[ 187.6 min] 2205 rows written\n"}
,{"stream_name":"stdout","time":11316.666167352,"data":"[ 188.6 min] 2216 rows written\n"}
,{"stream_name":"stdout","time":11376.750424153,"data":"[ 189.6 min] 2226 rows written\n"}
,{"stream_name":"stdout","time":11436.925348379,"data":"[ 190.6 min] 2234 rows written\n"}
,{"stream_name":"stdout","time":11497.015001381,"data":"[ 191.6 min] 2245 rows written\n"}
,{"stream_name":"stdout","time":11557.227176273,"data":"[ 192.6 min] 2254 rows written\n"}
,{"stream_name":"stdout","time":11617.357015512,"data":"[ 193.6 min] 2262 rows written\n"}
,{"stream_name":"stdout","time":11677.457086889,"data":"[ 194.6 min] 2271 rows written\n"}
,{"stream_name":"stdout","time":11737.557925058,"data":"[ 195.6 min] 2280 rows written\n"}
,{"stream_name":"stdout","time":11797.648283421,"data":"[ 196.6 min] 2291 rows written\n"}
,{"stream_name":"stdout","time":11857.742730418,"data":"[ 197.6 min] 2299 rows written\n"}
,{"stream_name":"stdout","time":11917.838585454,"data":"[ 198.6 min] 2309 rows written\n"}
,{"stream_name":"stdout","time":11977.928378893,"data":"[ 199.6 min] 2319 rows written\n"}
,{"stream_name":"stdout","time":12038.023890598,"data":"[ 200.6 min] 2328 rows written\n"}
,{"stream_name":"stdout","time":12098.2141898,"data":"[ 201.6 min] 2335 rows written\n"}
,{"stream_name":"stdout","time":12158.309980305,"data":"[ 202.6 min] 2351 rows written\n"}
,{"stream_name":"stdout","time":12218.445552095,"data":"[ 203.6 min] 2363 rows written\n"}
,{"stream_name":"stdout","time":12278.542919292,"data":"[ 204.6 min] 2373 rows written\n"}
,{"stream_name":"stdout","time":12338.636846189,"data":"[ 205.6 min] 2379 rows written\n"}
,{"stream_name":"stdout","time":12398.743178333,"data":"[ 206.6 min] 2391 rows written\n"}
,{"stream_name":"stdout","time":12458.841210622,"data":"[ 207.6 min] 2404 rows written\n"}
,{"stream_name":"stdout","time":12519.046195664,"data":"[ 208.6 min] 2413 rows written\n"}
,{"stream_name":"stdout","time":12579.141099512,"data":"[ 209.6 min] 2422 rows written\n"}
,{"stream_name":"stdout","time":12639.298813744,"data":"[ 210.6 min] 2430 rows written\n"}
,{"stream_name":"stdout","time":12699.395437013,"data":"[ 211.6 min] 2441 rows written\n"}
,{"stream_name":"stdout","time":12759.499280785,"data":"[ 212.6 min] 2453 rows written\n"}
,{"stream_name":"stdout","time":12819.734099758,"data":"[ 213.7 min] 2463 rows written\n"}
,{"stream_name":"stdout","time":12879.83994019,"data":"[ 214.7 min] 2474 rows written\n"}
,{"stream_name":"stdout","time":12939.945746552,"data":"[ 215.7 min] 2487 rows written\n"}
,{"stream_name":"stdout","time":13000.054229726,"data":"[ 216.7 min] 2507 rows written\n"}
,{"stream_name":"stdout","time":13060.162720349,"data":"[ 217.7 min] 2522 rows written\n"}
,{"stream_name":"stdout","time":13120.271667153,"data":"[ 218.7 min] 2532 rows written\n"}
,{"stream_name":"stdout","time":13180.376285535,"data":"[ 219.7 min] 2544 rows written\n"}
,{"stream_name":"stdout","time":13240.473812544,"data":"[ 220.7 min] 2560 rows written\n"}
,{"stream_name":"stdout","time":13300.582412756,"data":"[ 221.7 min] 2578 rows written\n"}
,{"stream_name":"stdout","time":13360.691156261,"data":"[ 222.7 min] 2591 rows written\n"}
,{"stream_name":"stdout","time":13420.800254086,"data":"[ 223.7 min] 2606 rows written\n"}
,{"stream_name":"stdout","time":13480.901142677,"data":"[ 224.7 min] 2628 rows written\n"}
,{"stream_name":"stdout","time":13541.006495001,"data":"[ 225.7 min] 2647 rows written\n"}
,{"stream_name":"stdout","time":13601.123328867,"data":"[ 226.7 min] 2658 rows written\n"}
,{"stream_name":"stdout","time":13661.227327911,"data":"[ 227.7 min] 2673 rows written\n"}
,{"stream_name":"stdout","time":13721.340029677,"data":"[ 228.7 min] 2695 rows written\n"}
,{"stream_name":"stdout","time":13781.449242043,"data":"[ 229.7 min] 2721 rows written\n"}
,{"stream_name":"stdout","time":13841.571607393,"data":"[ 230.7 min] 2740 rows written\n"}
,{"stream_name":"stdout","time":13901.721977037,"data":"[ 231.7 min] 2754 rows written\n"}
,{"stream_name":"stdout","time":13961.857546507,"data":"[ 232.7 min] 2769 rows written\n"}
,{"stream_name":"stdout","time":14021.995697243,"data":"[ 233.7 min] 2781 rows written\n"}
,{"stream_name":"stdout","time":14082.109709449,"data":"[ 234.7 min] 2795 rows written\n"}
,{"stream_name":"stdout","time":14142.229624378,"data":"[ 235.7 min] 2809 rows written\n"}
,{"stream_name":"stdout","time":14202.341184094,"data":"[ 236.7 min] 2824 rows written\n"}
,{"stream_name":"stdout","time":14262.459186102,"data":"[ 237.7 min] 2839 rows written\n"}
,{"stream_name":"stdout","time":14322.566574089,"data":"[ 238.7 min] 2856 rows written\n"}
,{"stream_name":"stdout","time":14382.694652122,"data":"[ 239.7 min] 2875 rows written\n"}
,{"stream_name":"stdout","time":14442.943427287,"data":"[ 240.7 min] 2885 rows written\n"}
,{"stream_name":"stdout","time":14503.065569817,"data":"[ 241.7 min] 2898 rows written\n"}
,{"stream_name":"stdout","time":14563.186822828,"data":"[ 242.7 min] 2910 rows written\n"}
,{"stream_name":"stdout","time":14623.304430827,"data":"[ 243.7 min] 2922 rows written\n"}
,{"stream_name":"stdout","time":14683.45633994,"data":"[ 244.7 min] 2931 rows written\n"}
,{"stream_name":"stdout","time":14743.576016709,"data":"[ 245.7 min] 2948 rows written\n"}
,{"stream_name":"stdout","time":14803.740904419,"data":"[ 246.7 min] 2966 rows written\n"}
,{"stream_name":"stdout","time":14863.862312229,"data":"[ 247.7 min] 2991 rows written\n"}
,{"stream_name":"stdout","time":14923.980231308,"data":"[ 248.7 min] 3005 rows written\n"}
,{"stream_name":"stdout","time":14984.111964033,"data":"[ 249.7 min] 3020 rows written\n"}
,{"stream_name":"stdout","time":15044.237240495,"data":"[ 250.7 min] 3040 rows written\n"}
,{"stream_name":"stdout","time":15104.358897487,"data":"[ 251.7 min] 3057 rows written\n"}
,{"stream_name":"stdout","time":15164.468858798,"data":"[ 252.7 min] 3068 rows written\n"}
,{"stream_name":"stdout","time":15224.588498691,"data":"[ 253.7 min] 3079 rows written\n"}
,{"stream_name":"stdout","time":15284.708485473,"data":"[ 254.7 min] 3095 rows written\n"}
,{"stream_name":"stdout","time":15344.832512916,"data":"[ 255.7 min] 3118 rows written\n"}
,{"stream_name":"stdout","time":15404.950900382,"data":"[ 256.7 min] 3135 rows written\n"}
,{"stream_name":"stdout","time":15465.079129952,"data":"[ 257.7 min] 3147 rows written\n"}
,{"stream_name":"stdout","time":15525.316746275,"data":"[ 258.7 min] 3161 rows written\n"}
,{"stream_name":"stdout","time":15585.440691544,"data":"[ 259.7 min] 3180 rows written\n"}
,{"stream_name":"stdout","time":15645.561399141,"data":"[ 260.7 min] 3203 rows written\n"}
,{"stream_name":"stdout","time":15705.681836849,"data":"[ 261.7 min] 3232 rows written\n"}
,{"stream_name":"stdout","time":15765.803352906,"data":"[ 262.8 min] 3254 rows written\n"}
,{"stream_name":"stdout","time":15825.929253955,"data":"[ 263.8 min] 3266 rows written\n"}
,{"stream_name":"stdout","time":15886.062584088,"data":"[ 264.8 min] 3278 rows written\n"}
,{"stream_name":"stdout","time":15946.19325394,"data":"[ 265.8 min] 3292 rows written\n"}
,{"stream_name":"stdout","time":16006.314267417,"data":"[ 266.8 min] 3302 rows written\n"}
,{"stream_name":"stdout","time":16066.447542575,"data":"[ 267.8 min] 3320 rows written\n"}
,{"stream_name":"stdout","time":16126.574219755,"data":"[ 268.8 min] 3339 rows written\n"}
,{"stream_name":"stdout","time":16186.712804449,"data":"[ 269.8 min] 3370 rows written\n"}
,{"stream_name":"stdout","time":16246.84229707,"data":"[ 270.8 min] 3402 rows written\n"}
,{"stream_name":"stdout","time":16306.974649881,"data":"[ 271.8 min] 3432 rows written\n"}
,{"stream_name":"stdout","time":16367.128183338,"data":"[ 272.8 min] 3459 rows written\n"}
,{"stream_name":"stdout","time":16427.262013887,"data":"[ 273.8 min] 3483 rows written\n"}
,{"stream_name":"stdout","time":16487.45755265,"data":"[ 274.8 min] 3506 rows written\n"}
,{"stream_name":"stdout","time":16547.720191659,"data":"[ 275.8 min] 3539 rows written\n"}
,{"stream_name":"stdout","time":16607.85738931,"data":"[ 276.8 min] 3565 rows written\n"}
,{"stream_name":"stdout","time":16667.997718951,"data":"[ 277.8 min] 3594 rows written\n"}
,{"stream_name":"stdout","time":16728.143364444,"data":"[ 278.8 min] 3620 rows written\n"}
,{"stream_name":"stdout","time":16788.292549859,"data":"[ 279.8 min] 3650 rows written\n"}
,{"stream_name":"stdout","time":16848.435442931,"data":"[ 280.8 min] 3678 rows written\n"}
,{"stream_name":"stdout","time":16908.577110163,"data":"[ 281.8 min] 3710 rows written\n"}
,{"stream_name":"stdout","time":16968.716833545,"data":"[ 282.8 min] 3747 rows written\n"}
,{"stream_name":"stdout","time":17028.86678839,"data":"[ 283.8 min] 3774 rows written\n"}
,{"stream_name":"stdout","time":17089.007028611,"data":"[ 284.8 min] 3799 rows written\n"}
,{"stream_name":"stdout","time":17149.151965364,"data":"[ 285.8 min] 3809 rows written\n"}
,{"stream_name":"stdout","time":17209.287405284,"data":"[ 286.8 min] 3822 rows written\n"}
,{"stream_name":"stdout","time":17269.427737405,"data":"[ 287.8 min] 3836 rows written\n"}
,{"stream_name":"stdout","time":17329.573366549,"data":"[ 288.8 min] 3854 rows written\n"}
,{"stream_name":"stdout","time":17389.728856688,"data":"[ 289.8 min] 3868 rows written\n"}
,{"stream_name":"stdout","time":17449.878022505,"data":"[ 290.8 min] 3876 rows written\n"}
,{"stream_name":"stdout","time":17510.091937025,"data":"[ 291.8 min] 3888 rows written\n"}
,{"stream_name":"stdout","time":17570.245159374,"data":"[ 292.8 min] 3898 rows written\n"}
,{"stream_name":"stdout","time":17630.396434413,"data":"[ 293.8 min] 3910 rows written\n"}
,{"stream_name":"stdout","time":17690.542591149,"data":"[ 294.8 min] 3919 rows written\n"}
,{"stream_name":"stdout","time":17750.694791047,"data":"[ 295.8 min] 3935 rows written\n"}
,{"stream_name":"stdout","time":17810.840586683,"data":"[ 296.8 min] 3941 rows written\n"}
,{"stream_name":"stdout","time":17870.993469038,"data":"[ 297.8 min] 3959 rows written\n"}
,{"stream_name":"stdout","time":17931.142497155,"data":"[ 298.8 min] 3975 rows written\n"}
,{"stream_name":"stdout","time":17991.291784002,"data":"[ 299.8 min] 3991 rows written\n"}
,{"stream_name":"stdout","time":18051.440971868,"data":"[ 300.8 min] 4003 rows written\n"}
,{"stream_name":"stdout","time":18111.589957964,"data":"[ 301.8 min] 4018 rows written\n"}
,{"stream_name":"stdout","time":18171.750954249,"data":"[ 302.9 min] 4038 rows written\n"}
,{"stream_name":"stdout","time":18232.099675492,"data":"[ 303.9 min] 4047 rows written\n"}
,{"stream_name":"stdout","time":18292.254189339,"data":"[ 304.9 min] 4060 rows written\n"}
,{"stream_name":"stdout","time":18352.402712994,"data":"[ 305.9 min] 4071 rows written\n"}
,{"stream_name":"stdout","time":18412.595494406,"data":"[ 306.9 min] 4089 rows written\n"}
,{"stream_name":"stdout","time":18472.794941079,"data":"[ 307.9 min] 4110 rows written\n"}
,{"stream_name":"stdout","time":18533.134314939,"data":"[ 308.9 min] 4125 rows written\n"}
,{"stream_name":"stdout","time":18593.296988828,"data":"[ 309.9 min] 4139 rows written\n"}
,{"stream_name":"stdout","time":18653.454800266,"data":"[ 310.9 min] 4160 rows written\n"}
,{"stream_name":"stdout","time":18713.620757956,"data":"[ 311.9 min] 4183 rows written\n"}
,{"stream_name":"stdout","time":18773.809705976,"data":"[ 312.9 min] 4201 rows written\n"}
,{"stream_name":"stdout","time":18834.151225177,"data":"[ 313.9 min] 4222 rows written\n"}
,{"stream_name":"stdout","time":18894.315107986,"data":"[ 314.9 min] 4236 rows written\n"}
,{"stream_name":"stdout","time":18954.478954526,"data":"[ 315.9 min] 4249 rows written\n"}
,{"stream_name":"stdout","time":19014.630941681,"data":"[ 316.9 min] 4269 rows written\n"}
,{"stream_name":"stdout","time":19074.797411752,"data":"[ 317.9 min] 4292 rows written\n"}
,{"stream_name":"stdout","time":19134.965919734,"data":"[ 318.9 min] 4313 rows written\n"}
,{"stream_name":"stdout","time":19195.136826806,"data":"[ 319.9 min] 4349 rows written\n"}
,{"stream_name":"stdout","time":19255.333289329,"data":"[ 320.9 min] 4373 rows written\n"}
,{"stream_name":"stdout","time":19315.526950011,"data":"[ 321.9 min] 4394 rows written\n"}
,{"stream_name":"stdout","time":19375.708575297,"data":"[ 322.9 min] 4425 rows written\n"}
,{"stream_name":"stdout","time":19435.881467921,"data":"[ 323.9 min] 4444 rows written\n"}
,{"stream_name":"stdout","time":19496.04266624,"data":"[ 324.9 min] 4465 rows written\n"}
,{"stream_name":"stdout","time":19556.221347423,"data":"[ 325.9 min] 4496 rows written\n"}
,{"stream_name":"stdout","time":19616.396872124,"data":"[ 326.9 min] 4525 rows written\n"}
,{"stream_name":"stdout","time":19676.565422762,"data":"[ 327.9 min] 4554 rows written\n"}
,{"stream_name":"stdout","time":19736.745938926,"data":"[ 328.9 min] 4578 rows written\n"}
,{"stream_name":"stdout","time":19796.920978047,"data":"[ 329.9 min] 4605 rows written\n"}
,{"stream_name":"stdout","time":19857.21393416,"data":"[ 330.9 min] 4629 rows written\n"}
,{"stream_name":"stdout","time":19917.398500564,"data":"[ 331.9 min] 4659 rows written\n"}
,{"stream_name":"stdout","time":19977.582748479,"data":"[ 332.9 min] 4682 rows written\n"}
,{"stream_name":"stdout","time":20037.768540845,"data":"[ 334.0 min] 4705 rows written\n"}
,{"stream_name":"stdout","time":20097.993098206,"data":"[ 335.0 min] 4738 rows written\n"}
,{"stream_name":"stdout","time":20158.177186098,"data":"[ 336.0 min] 4776 rows written\n"}
,{"stream_name":"stdout","time":20218.371943413,"data":"[ 337.0 min] 4808 rows written\n"}
,{"stream_name":"stdout","time":20278.546215196,"data":"[ 338.0 min] 4835 rows written\n"}
,{"stream_name":"stdout","time":20338.953899204,"data":"[ 339.0 min] 4858 rows written\n"}
,{"stream_name":"stdout","time":20399.170704964,"data":"[ 340.0 min] 4882 rows written\n"}
,{"stream_name":"stdout","time":20459.375869349,"data":"[ 341.0 min] 4909 rows written\n"}
,{"stream_name":"stdout","time":20519.642931686,"data":"[ 342.0 min] 4934 rows written\n"}
,{"stream_name":"stdout","time":20579.842919877,"data":"[ 343.0 min] 4972 rows written\n"}
,{"stream_name":"stdout","time":20640.037109116,"data":"[ 344.0 min] 5001 rows written\n"}
,{"stream_name":"stdout","time":20700.260097697,"data":"[ 345.0 min] 5022 rows written\n"}
,{"stream_name":"stdout","time":20760.460374319,"data":"[ 346.0 min] 5040 rows written\n"}
,{"stream_name":"stdout","time":20820.666651534,"data":"[ 347.0 min] 5060 rows written\n"}
,{"stream_name":"stdout","time":20880.977184732,"data":"[ 348.0 min] 5095 rows written\n"}
,{"stream_name":"stdout","time":20941.172924281,"data":"[ 349.0 min] 5135 rows written\n"}
,{"stream_name":"stdout","time":21001.380663016,"data":"[ 350.0 min] 5157 rows written\n"}
,{"stream_name":"stdout","time":21061.578387556,"data":"[ 351.0 min] 5168 rows written\n"}
,{"stream_name":"stdout","time":21121.918570997,"data":"[ 352.0 min] 5183 rows written\n"}
,{"stream_name":"stdout","time":21182.12158588,"data":"[ 353.0 min] 5215 rows written\n"}
,{"stream_name":"stdout","time":21242.350779224,"data":"[ 354.0 min] 5268 rows written\n"}
,{"stream_name":"stdout","time":21302.566487302,"data":"[ 355.0 min] 5319 rows written\n"}
,{"stream_name":"stdout","time":21362.786196282,"data":"[ 356.0 min] 5336 rows written\n"}
,{"stream_name":"stdout","time":21423.164357229,"data":"[ 357.0 min] 5350 rows written\n"}
,{"stream_name":"stdout","time":21483.367451552,"data":"[ 358.0 min] 5380 rows written\n"}
,{"stream_name":"stdout","time":21543.574059913,"data":"[ 359.0 min] 5424 rows written\n"}
,{"stream_name":"stdout","time":21603.777745407,"data":"[ 360.1 min] 5463 rows written\n"}
,{"stream_name":"stdout","time":21663.991398655,"data":"[ 361.1 min] 5491 rows written\n"}
,{"stream_name":"stdout","time":21724.207711745,"data":"[ 362.1 min] 5526 rows written\n"}
,{"stream_name":"stdout","time":21784.412456129,"data":"[ 363.1 min] 5547 rows written\n"}
,{"stream_name":"stdout","time":21844.7432947,"data":"[ 364.1 min] 5564 rows written\n"}
,{"stream_name":"stdout","time":21904.96118541,"data":"[ 365.1 min] 5590 rows written\n"}
,{"stream_name":"stdout","time":21965.216214127,"data":"[ 366.1 min] 5614 rows written\n"}
,{"stream_name":"stdout","time":22025.423117522,"data":"[ 367.1 min] 5649 rows written\n"}
,{"stream_name":"stdout","time":22085.621813882,"data":"[ 368.1 min] 5677 rows written\n"}
,{"stream_name":"stdout","time":22145.837652621,"data":"[ 369.1 min] 5703 rows written\n"}
,{"stream_name":"stdout","time":22206.047620587,"data":"[ 370.1 min] 5712 rows written\n"}
,{"stream_name":"stdout","time":22266.259850553,"data":"[ 371.1 min] 5722 rows written\n"}
,{"stream_name":"stdout","time":22326.481450744,"data":"[ 372.1 min] 5736 rows written\n"}
,{"stream_name":"stdout","time":22386.695645189,"data":"[ 373.1 min] 5752 rows written\n"}
,{"stream_name":"stdout","time":22446.91837445,"data":"[ 374.1 min] 5763 rows written\n"}
,{"stream_name":"stdout","time":22507.140307095,"data":"[ 375.1 min] 5781 rows written\n"}
,{"stream_name":"stdout","time":22567.345745515,"data":"[ 376.1 min] 5796 rows written\n"}
,{"stream_name":"stdout","time":22627.565878372,"data":"[ 377.1 min] 5812 rows written\n"}
,{"stream_name":"stdout","time":22687.817695331,"data":"[ 378.1 min] 5828 rows written\n"}
,{"stream_name":"stdout","time":22748.031422316,"data":"[ 379.1 min] 5838 rows written\n"}
,{"stream_name":"stdout","time":22808.262352806,"data":"[ 380.1 min] 5855 rows written\n"}
,{"stream_name":"stdout","time":22868.494301438,"data":"[ 381.1 min] 5874 rows written\n"}
,{"stream_name":"stdout","time":22928.730452431,"data":"[ 382.1 min] 5885 rows written\n"}
,{"stream_name":"stdout","time":22988.954175739,"data":"[ 383.1 min] 5897 rows written\n"}
,{"stream_name":"stdout","time":23049.232262448,"data":"[ 384.1 min] 5913 rows written\n"}
,{"stream_name":"stdout","time":23109.445823553,"data":"[ 385.1 min] 5937 rows written\n"}
,{"stream_name":"stdout","time":23169.688989119,"data":"[ 386.1 min] 5954 rows written\n"}
,{"stream_name":"stdout","time":23230.174148137,"data":"[ 387.2 min] 5968 rows written\n"}
,{"stream_name":"stdout","time":23290.41168684,"data":"[ 388.2 min] 5990 rows written\n"}
,{"stream_name":"stdout","time":23350.627336976,"data":"[ 389.2 min] 6010 rows written\n"}
,{"stream_name":"stdout","time":23410.861272978,"data":"[ 390.2 min] 6027 rows written\n"}
,{"stream_name":"stdout","time":23471.11024106,"data":"[ 391.2 min] 6045 rows written\n"}
,{"stream_name":"stdout","time":23531.364833026,"data":"[ 392.2 min] 6061 rows written\n"}
,{"stream_name":"stdout","time":23591.605986172,"data":"[ 393.2 min] 6079 rows written\n"}
,{"stream_name":"stdout","time":23651.910244292,"data":"[ 394.2 min] 6108 rows written\n"}
,{"stream_name":"stdout","time":23712.159157343,"data":"[ 395.2 min] 6134 rows written\n"}
,{"stream_name":"stdout","time":23772.394919229,"data":"[ 396.2 min] 6153 rows written\n"}
,{"stream_name":"stdout","time":23832.697027899,"data":"[ 397.2 min] 6169 rows written\n"}
,{"stream_name":"stdout","time":23892.94805478,"data":"[ 398.2 min] 6194 rows written\n"}
,{"stream_name":"stdout","time":23953.183267356,"data":"[ 399.2 min] 6211 rows written\n"}
,{"stream_name":"stdout","time":24013.476229403,"data":"[ 400.2 min] 6243 rows written\n"}
,{"stream_name":"stdout","time":24073.724229504,"data":"[ 401.2 min] 6273 rows written\n"}
,{"stream_name":"stdout","time":24133.969852134,"data":"[ 402.2 min] 6301 rows written\n"}
,{"stream_name":"stdout","time":24194.213519463,"data":"[ 403.2 min] 6319 rows written\n"}
,{"stream_name":"stdout","time":24254.48093965,"data":"[ 404.2 min] 6330 rows written\n"}
,{"stream_name":"stdout","time":24314.727708221,"data":"[ 405.2 min] 6353 rows written\n"}
,{"stream_name":"stdout","time":24374.99373813,"data":"[ 406.2 min] 6380 rows written\n"}
,{"stream_name":"stdout","time":24435.330479008,"data":"[ 407.2 min] 6401 rows written\n"}
,{"stream_name":"stdout","time":24495.582916672,"data":"[ 408.2 min] 6422 rows written\n"}
,{"stream_name":"stdout","time":24555.815553119,"data":"[ 409.3 min] 6450 rows written\n"}
,{"stream_name":"stdout","time":24616.050285576,"data":"[ 410.3 min] 6473 rows written\n"}
,{"stream_name":"stdout","time":24676.312557117,"data":"[ 411.3 min] 6500 rows written\n"}
,{"stream_name":"stdout","time":24736.65339559,"data":"[ 412.3 min] 6546 rows written\n"}
,{"stream_name":"stdout","time":24796.978340467,"data":"[ 413.3 min] 6583 rows written\n"}
,{"stream_name":"stdout","time":24857.295712349,"data":"[ 414.3 min] 6610 rows written\n"}
,{"stream_name":"stdout","time":24917.567397793,"data":"[ 415.3 min] 6630 rows written\n"}
,{"stream_name":"stdout","time":24977.849329971,"data":"[ 416.3 min] 6652 rows written\n"}
,{"stream_name":"stdout","time":25038.111149021,"data":"[ 417.3 min] 6680 rows written\n"}
,{"stream_name":"stdout","time":25098.478443075,"data":"[ 418.3 min] 6693 rows written\n"}
,{"stream_name":"stdout","time":25158.889191628,"data":"[ 419.3 min] 6709 rows written\n"}
,{"stream_name":"stdout","time":25219.15530346,"data":"[ 420.3 min] 6728 rows written\n"}
,{"stream_name":"stdout","time":25279.452381635,"data":"[ 421.3 min] 6753 rows written\n"}
,{"stream_name":"stdout","time":25339.807821444,"data":"[ 422.3 min] 6791 rows written\n"}
,{"stream_name":"stdout","time":25400.040652021,"data":"[ 423.3 min] 6834 rows written\n"}
,{"stream_name":"stdout","time":25460.312747096,"data":"[ 424.3 min] 6865 rows written\n"}
,{"stream_name":"stdout","time":25520.580802048,"data":"[ 425.3 min] 6883 rows written\n"}
,{"stream_name":"stdout","time":25580.881617094,"data":"[ 426.3 min] 6910 rows written\n"}
,{"stream_name":"stdout","time":25641.147114015,"data":"[ 427.3 min] 6936 rows written\n"}
,{"stream_name":"stdout","time":25701.396275381,"data":"[ 428.3 min] 6967 rows written\n"}
,{"stream_name":"stdout","time":25761.668987388,"data":"[ 429.3 min] 7004 rows written\n"}
,{"stream_name":"stdout","time":25822.040207388,"data":"[ 430.4 min] 7044 rows written\n"}
,{"stream_name":"stdout","time":25882.305927342,"data":"[ 431.4 min] 7066 rows written\n"}
,{"stream_name":"stdout","time":25942.561752292,"data":"[ 432.4 min] 7090 rows written\n"}
,{"stream_name":"stdout","time":26002.820850383,"data":"[ 433.4 min] 7114 rows written\n"}
,{"stream_name":"stdout","time":26063.089499218,"data":"[ 434.4 min] 7148 rows written\n"}
,{"stream_name":"stdout","time":26123.392405169,"data":"[ 435.4 min] 7174 rows written\n"}
,{"stream_name":"stdout","time":26183.664981906,"data":"[ 436.4 min] 7193 rows written\n"}
,{"stream_name":"stdout","time":26243.946739536,"data":"[ 437.4 min] 7212 rows written\n"}
,{"stream_name":"stdout","time":26304.215924422,"data":"[ 438.4 min] 7232 rows written\n"}
,{"stream_name":"stdout","time":26364.550025173,"data":"[ 439.4 min] 7250 rows written\n"}
,{"stream_name":"stdout","time":26424.833542724,"data":"[ 440.4 min] 7268 rows written\n"}
,{"stream_name":"stdout","time":26485.128018908,"data":"[ 441.4 min] 7302 rows written\n"}
,{"stream_name":"stdout","time":26545.49061541,"data":"[ 442.4 min] 7343 rows written\n"}
,{"stream_name":"stdout","time":26605.795377232,"data":"[ 443.4 min] 7392 rows written\n"}
,{"stream_name":"stdout","time":26666.086652643,"data":"[ 444.4 min] 7424 rows written\n"}
,{"stream_name":"stdout","time":26726.363998427,"data":"[ 445.4 min] 7438 rows written\n"}
,{"stream_name":"stdout","time":26786.647828998,"data":"[ 446.4 min] 7452 rows written\n"}
,{"stream_name":"stdout","time":26846.957463999,"data":"[ 447.4 min] 7466 rows written\n"}
,{"stream_name":"stdout","time":26907.23967298,"data":"[ 448.4 min] 7496 rows written\n"}
,{"stream_name":"stdout","time":26967.511235665,"data":"[ 449.4 min] 7522 rows written\n"}
,{"stream_name":"stdout","time":27027.803218219,"data":"[ 450.5 min] 7543 rows written\n"}
,{"stream_name":"stdout","time":27088.069552803,"data":"[ 451.5 min] 7568 rows written\n"}
,{"stream_name":"stdout","time":27148.365650899,"data":"[ 452.5 min] 7599 rows written\n"}
,{"stream_name":"stdout","time":27208.647182569,"data":"[ 453.5 min] 7619 rows written\n"}
,{"stream_name":"stdout","time":27268.929526089,"data":"[ 454.5 min] 7634 rows written\n"}
,{"stream_name":"stdout","time":27329.223886225,"data":"[ 455.5 min] 7646 rows written\n"}
,{"stream_name":"stdout","time":27389.670967519,"data":"[ 456.5 min] 7656 rows written\n"}
,{"stream_name":"stdout","time":27449.964264525,"data":"[ 457.5 min] 7673 rows written\n"}
,{"stream_name":"stdout","time":27510.264201962,"data":"[ 458.5 min] 7687 rows written\n"}
,{"stream_name":"stdout","time":27570.551895244,"data":"[ 459.5 min] 7698 rows written\n"}
,{"stream_name":"stdout","time":27630.831960093,"data":"[ 460.5 min] 7708 rows written\n"}
,{"stream_name":"stdout","time":27691.136047532,"data":"[ 461.5 min] 7724 rows written\n"}
,{"stream_name":"stdout","time":27751.43586523,"data":"[ 462.5 min] 7740 rows written\n"}
,{"stream_name":"stdout","time":27811.720911346,"data":"[ 463.5 min] 7750 rows written\n"}
,{"stream_name":"stdout","time":27872.04966361,"data":"[ 464.5 min] 7770 rows written\n"}
,{"stream_name":"stdout","time":27932.32426423,"data":"[ 465.5 min] 7785 rows written\n"}
,{"stream_name":"stdout","time":27992.602240584,"data":"[ 466.5 min] 7796 rows written\n"}
,{"stream_name":"stdout","time":28052.882776806,"data":"[ 467.5 min] 7806 rows written\n"}
,{"stream_name":"stdout","time":28113.191335561,"data":"[ 468.5 min] 7823 rows written\n"}
,{"stream_name":"stdout","time":28173.493785372,"data":"[ 469.5 min] 7838 rows written\n"}
,{"stream_name":"stdout","time":28233.778548208,"data":"[ 470.6 min] 7860 rows written\n"}
,{"stream_name":"stdout","time":28294.10260445,"data":"[ 471.6 min] 7875 rows written\n"}
,{"stream_name":"stdout","time":28354.404708233,"data":"[ 472.6 min] 7893 rows written\n"}
,{"stream_name":"stdout","time":28414.689011787,"data":"[ 473.6 min] 7910 rows written\n"}
,{"stream_name":"stdout","time":28475.022880502,"data":"[ 474.6 min] 7933 rows written\n"}
,{"stream_name":"stdout","time":28535.305012958,"data":"[ 475.6 min] 7955 rows written\n"}
,{"stream_name":"stdout","time":28595.617629572,"data":"[ 476.6 min] 7982 rows written\n"}
,{"stream_name":"stdout","time":28656.193839386,"data":"[ 477.6 min] 7998 rows written\n"}
,{"stream_name":"stdout","time":28716.516978677,"data":"[ 478.6 min] 8022 rows written\n"}
,{"stream_name":"stdout","time":28776.822695334,"data":"[ 479.6 min] 8038 rows written\n"}
,{"stream_name":"stdout","time":28837.11711811,"data":"[ 480.6 min] 8058 rows written\n"}
,{"stream_name":"stdout","time":28897.403378934,"data":"[ 481.6 min] 8090 rows written\n"}
,{"stream_name":"stdout","time":28957.690331558,"data":"[ 482.6 min] 8124 rows written\n"}
,{"stream_name":"stdout","time":29017.978220993,"data":"[ 483.6 min] 8143 rows written\n"}
,{"stream_name":"stdout","time":29078.263373956,"data":"[ 484.6 min] 8155 rows written\n"}
,{"stream_name":"stdout","time":29138.584241714,"data":"[ 485.6 min] 8177 rows written\n"}
,{"stream_name":"stdout","time":29198.896171537,"data":"[ 486.6 min] 8199 rows written\n"}
,{"stream_name":"stdout","time":29259.223845348,"data":"[ 487.6 min] 8225 rows written\n"}
,{"stream_name":"stdout","time":29319.571959877,"data":"[ 488.6 min] 8249 rows written\n"}
,{"stream_name":"stdout","time":29379.949544178,"data":"[ 489.7 min] 8287 rows written\n"}
,{"stream_name":"stdout","time":29440.275757078,"data":"[ 490.7 min] 8309 rows written\n"}
,{"stream_name":"stdout","time":29500.598760727,"data":"[ 491.7 min] 8336 rows written\n"}
,{"stream_name":"stdout","time":29561.175594409,"data":"[ 492.7 min] 8354 rows written\n"}
,{"stream_name":"stdout","time":29621.50426133,"data":"[ 493.7 min] 8371 rows written\n"}
,{"stream_name":"stdout","time":29681.848148787,"data":"[ 494.7 min] 8385 rows written\n"}
,{"stream_name":"stdout","time":29742.20549043,"data":"[ 495.7 min] 8407 rows written\n"}
,{"stream_name":"stdout","time":29802.830957923,"data":"[ 496.7 min] 8425 rows written\n"}
,{"stream_name":"stdout","time":29863.187918825,"data":"[ 497.7 min] 8441 rows written\n"}
,{"stream_name":"stdout","time":29923.509139932,"data":"[ 498.7 min] 8457 rows written\n"}
,{"stream_name":"stdout","time":29983.841666742,"data":"[ 499.7 min] 8497 rows written\n"}
,{"stream_name":"stdout","time":30044.147835753,"data":"[ 500.7 min] 8532 rows written\n"}
,{"stream_name":"stdout","time":30104.474270571,"data":"[ 501.7 min] 8565 rows written\n"}
,{"stream_name":"stdout","time":30164.833399913,"data":"[ 502.7 min] 8588 rows written\n"}
,{"stream_name":"stdout","time":30225.166962145,"data":"[ 503.7 min] 8607 rows written\n"}
,{"stream_name":"stdout","time":30285.487846261,"data":"[ 504.7 min] 8625 rows written\n"}
,{"stream_name":"stdout","time":30345.825398934,"data":"[ 505.8 min] 8643 rows written\n"}
,{"stream_name":"stdout","time":30406.155101904,"data":"[ 506.8 min] 8667 rows written\n"}
,{"stream_name":"stdout","time":30466.505792843,"data":"[ 507.8 min] 8709 rows written\n"}
,{"stream_name":"stdout","time":30527.034835745,"data":"[ 508.8 min] 8753 rows written\n"}
,{"stream_name":"stdout","time":30587.369030568,"data":"[ 509.8 min] 8799 rows written\n"}
,{"stream_name":"stdout","time":30647.708138672,"data":"[ 510.8 min] 8837 rows written\n"}
,{"stream_name":"stdout","time":30708.050455842,"data":"[ 511.8 min] 8867 rows written\n"}
,{"stream_name":"stdout","time":30768.378812131,"data":"[ 512.8 min] 8886 rows written\n"}
,{"stream_name":"stdout","time":30828.945097481,"data":"[ 513.8 min] 8909 rows written\n"}
,{"stream_name":"stdout","time":30889.263314743,"data":"[ 514.8 min] 8934 rows written\n"}
,{"stream_name":"stdout","time":30949.595565542,"data":"[ 515.8 min] 8963 rows written\n"}
,{"stream_name":"stdout","time":31009.959133793,"data":"[ 516.8 min] 8991 rows written\n"}
,{"stream_name":"stdout","time":31070.309443839,"data":"[ 517.8 min] 9014 rows written\n"}
,{"stream_name":"stdout","time":31130.631668094,"data":"[ 518.8 min] 9038 rows written\n"}
,{"stream_name":"stdout","time":31190.969630875,"data":"[ 519.8 min] 9067 rows written\n"}
,{"stream_name":"stdout","time":31251.295128051,"data":"[ 520.8 min] 9094 rows written\n"}
,{"stream_name":"stdout","time":31311.885060935,"data":"[ 521.9 min] 9104 rows written\n"}
,{"stream_name":"stdout","time":31372.241511733,"data":"[ 522.9 min] 9127 rows written\n"}
,{"stream_name":"stdout","time":31432.590196139,"data":"[ 523.9 min] 9149 rows written\n"}
,{"stream_name":"stdout","time":31492.923565808,"data":"[ 524.9 min] 9174 rows written\n"}
,{"stream_name":"stdout","time":31553.332541218,"data":"[ 525.9 min] 9199 rows written\n"}
,{"stream_name":"stdout","time":31613.676214242,"data":"[ 526.9 min] 9249 rows written\n"}
,{"stream_name":"stdout","time":31674.019033965,"data":"[ 527.9 min] 9289 rows written\n"}
,{"stream_name":"stdout","time":31734.365407819,"data":"[ 528.9 min] 9325 rows written\n"}
,{"stream_name":"stdout","time":31795.158670545,"data":"[ 529.9 min] 9355 rows written\n"}
,{"stream_name":"stdout","time":31855.571008257,"data":"[ 530.9 min] 9373 rows written\n"}
,{"stream_name":"stdout","time":31915.919105691,"data":"[ 531.9 min] 9389 rows written\n"}
,{"stream_name":"stdout","time":31976.269280085,"data":"[ 532.9 min] 9406 rows written\n"}
,{"stream_name":"stdout","time":32036.636657116,"data":"[ 533.9 min] 9435 rows written\n"}
,{"stream_name":"stdout","time":32097.002896917,"data":"[ 534.9 min] 9465 rows written\n"}
,{"stream_name":"stdout","time":32157.357100453,"data":"[ 535.9 min] 9500 rows written\n"}
,{"stream_name":"stdout","time":32217.716623749,"data":"[ 537.0 min] 9534 rows written\n"}
,{"stream_name":"stdout","time":32278.061808311,"data":"[ 538.0 min] 9563 rows written\n"}
,{"stream_name":"stdout","time":32338.412254556,"data":"[ 539.0 min] 9582 rows written\n"}
,{"stream_name":"stdout","time":32398.768846722,"data":"[ 540.0 min] 9595 rows written\n"}
,{"stream_name":"stdout","time":32459.189863635,"data":"[ 541.0 min] 9608 rows written\n"}
,{"stream_name":"stdout","time":32519.554829246,"data":"[ 542.0 min] 9628 rows written\n"}
,{"stream_name":"stdout","time":32579.898093199,"data":"[ 543.0 min] 9643 rows written\n"}
,{"stream_name":"stdout","time":32640.341059701,"data":"[ 544.0 min] 9657 rows written\n"}
,{"stream_name":"stdout","time":32700.712485913,"data":"[ 545.0 min] 9677 rows written\n"}
,{"stream_name":"stdout","time":32761.24089706,"data":"[ 546.0 min] 9692 rows written\n"}
,{"stream_name":"stdout","time":32821.613620046,"data":"[ 547.0 min] 9709 rows written\n"}
,{"stream_name":"stdout","time":32882.031849077,"data":"[ 548.0 min] 9730 rows written\n"}
,{"stream_name":"stdout","time":32942.390830776,"data":"[ 549.0 min] 9749 rows written\n"}
,{"stream_name":"stdout","time":33002.755205569,"data":"[ 550.0 min] 9769 rows written\n"}
,{"stream_name":"stdout","time":33063.182380657,"data":"[ 551.0 min] 9794 rows written\n"}
,{"stream_name":"stdout","time":33123.570414979,"data":"[ 552.0 min] 9811 rows written\n"}
,{"stream_name":"stdout","time":33183.970322027,"data":"[ 553.1 min] 9828 rows written\n"}
,{"stream_name":"stdout","time":33244.339263231,"data":"[ 554.1 min] 9857 rows written\n"}
,{"stream_name":"stdout","time":33304.719183821,"data":"[ 555.1 min] 9882 rows written\n"}
,{"stream_name":"stdout","time":33365.181852294,"data":"[ 556.1 min] 9898 rows written\n"}
,{"stream_name":"stdout","time":33425.677191161,"data":"[ 557.1 min] 9913 rows written\n"}
,{"stream_name":"stdout","time":33486.068991265,"data":"[ 558.1 min] 9929 rows written\n"}
,{"stream_name":"stdout","time":33546.459607478,"data":"[ 559.1 min] 9941 rows written\n"}
,{"stream_name":"stdout","time":33606.841981179,"data":"[ 560.1 min] 9960 rows written\n"}
,{"stream_name":"stdout","time":33667.231251612,"data":"[ 561.1 min] 9974 rows written\n"}
,{"stream_name":"stdout","time":33727.658530081,"data":"[ 562.1 min] 9994 rows written\n"}
,{"stream_name":"stdout","time":33788.051015695,"data":"[ 563.1 min] 10010 rows written\n"}
,{"stream_name":"stdout","time":33848.436780817,"data":"[ 564.1 min] 10042 rows written\n"}
,{"stream_name":"stdout","time":33908.824344019,"data":"[ 565.1 min] 10070 rows written\n"}
,{"stream_name":"stdout","time":33969.199299789,"data":"[ 566.1 min] 10090 rows written\n"}
,{"stream_name":"stdout","time":34029.751310901,"data":"[ 567.2 min] 10109 rows written\n"}
,{"stream_name":"stdout","time":34090.161946273,"data":"[ 568.2 min] 10130 rows written\n"}
,{"stream_name":"stdout","time":34150.550723705,"data":"[ 569.2 min] 10146 rows written\n"}
,{"stream_name":"stdout","time":34211.100879276,"data":"[ 570.2 min] 10161 rows written\n"}
,{"stream_name":"stdout","time":34271.466950658,"data":"[ 571.2 min] 10196 rows written\n"}
,{"stream_name":"stdout","time":34331.891228125,"data":"[ 572.2 min] 10219 rows written\n"}
,{"stream_name":"stdout","time":34392.278243086,"data":"[ 573.2 min] 10241 rows written\n"}
,{"stream_name":"stdout","time":34452.688585688,"data":"[ 574.2 min] 10253 rows written\n"}
,{"stream_name":"stdout","time":34513.099477969,"data":"[ 575.2 min] 10280 rows written\n"}
,{"stream_name":"stdout","time":34573.483385929,"data":"[ 576.2 min] 10325 rows written\n"}
,{"stream_name":"stdout","time":34633.887652367,"data":"[ 577.2 min] 10348 rows written\n"}
,{"stream_name":"stdout","time":34694.285498223,"data":"[ 578.2 min] 10371 rows written\n"}
,{"stream_name":"stdout","time":34754.66587248,"data":"[ 579.2 min] 10397 rows written\n"}
,{"stream_name":"stdout","time":34815.092213277,"data":"[ 580.2 min] 10436 rows written\n"}
,{"stream_name":"stdout","time":34875.484024393,"data":"[ 581.2 min] 10480 rows written\n"}
,{"stream_name":"stdout","time":34935.87765597,"data":"[ 582.3 min] 10522 rows written\n"}
,{"stream_name":"stdout","time":34996.291172586,"data":"[ 583.3 min] 10560 rows written\n"}
,{"stream_name":"stdout","time":35056.707683277,"data":"[ 584.3 min] 10579 rows written\n"}
,{"stream_name":"stdout","time":35117.116689145,"data":"[ 585.3 min] 10593 rows written\n"}
,{"stream_name":"stdout","time":35177.557706866,"data":"[ 586.3 min] 10613 rows written\n"}
,{"stream_name":"stdout","time":35238.069146237,"data":"[ 587.3 min] 10632 rows written\n"}
,{"stream_name":"stdout","time":35298.46785628,"data":"[ 588.3 min] 10653 rows written\n"}
,{"stream_name":"stdout","time":35358.866561284,"data":"[ 589.3 min] 10676 rows written\n"}
,{"stream_name":"stdout","time":35419.328235493,"data":"[ 590.3 min] 10719 rows written\n"}
,{"stream_name":"stdout","time":35479.745214925,"data":"[ 591.3 min] 10746 rows written\n"}
,{"stream_name":"stdout","time":35540.149355802,"data":"[ 592.3 min] 10771 rows written\n"}
,{"stream_name":"stdout","time":35600.565216452,"data":"[ 593.3 min] 10788 rows written\n"}
,{"stream_name":"stdout","time":35661.006213313,"data":"[ 594.3 min] 10801 rows written\n"}
,{"stream_name":"stdout","time":35721.413929061,"data":"[ 595.3 min] 10823 rows written\n"}
,{"stream_name":"stdout","time":35781.840464436,"data":"[ 596.4 min] 10842 rows written\n"}
,{"stream_name":"stdout","time":35842.245794013,"data":"[ 597.4 min] 10865 rows written\n"}
,{"stream_name":"stdout","time":35902.658753502,"data":"[ 598.4 min] 10887 rows written\n"}
,{"stream_name":"stdout","time":35963.068973691,"data":"[ 599.4 min] 10908 rows written\n"}
,{"stream_name":"stdout","time":36023.49436298,"data":"[ 600.4 min] 10946 rows written\n"}
,{"stream_name":"stdout","time":36083.900738784,"data":"[ 601.4 min] 10980 rows written\n"}
,{"stream_name":"stdout","time":36144.305279677,"data":"[ 602.4 min] 11007 rows written\n"}
,{"stream_name":"stdout","time":36204.722521696,"data":"[ 603.4 min] 11022 rows written\n"}
,{"stream_name":"stdout","time":36265.137289484,"data":"[ 604.4 min] 11039 rows written\n"}
,{"stream_name":"stdout","time":36325.556175303,"data":"[ 605.4 min] 11053 rows written\n"}
,{"stream_name":"stdout","time":36385.977586804,"data":"[ 606.4 min] 11073 rows written\n"}
,{"stream_name":"stdout","time":36446.401901735,"data":"[ 607.4 min] 11094 rows written\n"}
,{"stream_name":"stdout","time":36506.874726528,"data":"[ 608.4 min] 11120 rows written\n"}
,{"stream_name":"stdout","time":36567.328730022,"data":"[ 609.4 min] 11153 rows written\n"}
,{"stream_name":"stdout","time":36627.782320877,"data":"[ 610.5 min] 11195 rows written\n"}
,{"stream_name":"stdout","time":36688.223517905,"data":"[ 611.5 min] 11242 rows written\n"}
,{"stream_name":"stdout","time":36748.654749259,"data":"[ 612.5 min] 11282 rows written\n"}
,{"stream_name":"stdout","time":36809.079519051,"data":"[ 613.5 min] 11297 rows written\n"}
,{"stream_name":"stdout","time":36869.513783845,"data":"[ 614.5 min] 11318 rows written\n"}
,{"stream_name":"stdout","time":36929.953547501,"data":"[ 615.5 min] 11331 rows written\n"}
,{"stream_name":"stdout","time":36990.374324449,"data":"[ 616.5 min] 11352 rows written\n"}
,{"stream_name":"stdout","time":37050.812143911,"data":"[ 617.5 min] 11375 rows written\n"}
,{"stream_name":"stdout","time":37111.245048152,"data":"[ 618.5 min] 11399 rows written\n"}
,{"stream_name":"stdout","time":37171.678273112,"data":"[ 619.5 min] 11445 rows written\n"}
,{"stream_name":"stdout","time":37232.217472228,"data":"[ 620.5 min] 11484 rows written\n"}
,{"stream_name":"stdout","time":37292.660897603,"data":"[ 621.5 min] 11534 rows written\n"}
,{"stream_name":"stdout","time":37353.068678953,"data":"[ 622.5 min] 11561 rows written\n"}
,{"stream_name":"stdout","time":37413.503536734,"data":"[ 623.5 min] 11587 rows written\n"}
,{"stream_name":"stdout","time":37473.928454762,"data":"[ 624.6 min] 11590 rows written\n"}
,{"stream_name":"stdout","time":37534.78678082,"data":"[ 625.6 min] 11601 rows written\n"}
,{"stream_name":"stdout","time":37595.212979368,"data":"[ 626.6 min] 11628 rows written\n"}
,{"stream_name":"stdout","time":37655.645695008,"data":"[ 627.6 min] 11653 rows written\n"}
,{"stream_name":"stdout","time":37716.08127506,"data":"[ 628.6 min] 11674 rows written\n"}
,{"stream_name":"stdout","time":37776.537596581,"data":"[ 629.6 min] 11698 rows written\n"}
,{"stream_name":"stdout","time":37837.010910608,"data":"[ 630.6 min] 11720 rows written\n"}
,{"stream_name":"stdout","time":37897.429410463,"data":"[ 631.6 min] 11736 rows written\n"}
,{"stream_name":"stdout","time":37957.880376421,"data":"[ 632.6 min] 11753 rows written\n"}
,{"stream_name":"stdout","time":38018.33480773,"data":"[ 633.6 min] 11771 rows written\n"}
,{"stream_name":"stdout","time":38078.771484453,"data":"[ 634.6 min] 11792 rows written\n"}
,{"stream_name":"stdout","time":38139.222209678,"data":"[ 635.6 min] 11829 rows written\n"}
,{"stream_name":"stdout","time":38199.656973867,"data":"[ 636.6 min] 11850 rows written\n"}
,{"stream_name":"stdout","time":38260.17431443,"data":"[ 637.7 min] 11873 rows written\n"}
,{"stream_name":"stdout","time":38320.739965943,"data":"[ 638.7 min] 11894 rows written\n"}
,{"stream_name":"stdout","time":38381.167330248,"data":"[ 639.7 min] 11920 rows written\n"}
,{"stream_name":"stdout","time":38442.085400998,"data":"[ 640.7 min] 11937 rows written\n"}
,{"stream_name":"stdout","time":38502.543638097,"data":"[ 641.7 min] 11967 rows written\n"}
,{"stream_name":"stdout","time":38562.979175495,"data":"[ 642.7 min] 12003 rows written\n"}
,{"stream_name":"stdout","time":38623.468451767,"data":"[ 643.7 min] 12036 rows written\n"}
,{"stream_name":"stdout","time":38683.932670108,"data":"[ 644.7 min] 12057 rows written\n"}
,{"stream_name":"stdout","time":38744.387061336,"data":"[ 645.7 min] 12075 rows written\n"}
,{"stream_name":"stdout","time":38804.844269443,"data":"[ 646.7 min] 12101 rows written\n"}
,{"stream_name":"stdout","time":38865.324780941,"data":"[ 647.7 min] 12133 rows written\n"}
,{"stream_name":"stdout","time":38925.794040443,"data":"[ 648.8 min] 12179 rows written\n"}
,{"stream_name":"stdout","time":38986.260879775,"data":"[ 649.8 min] 12223 rows written\n"}
,{"stream_name":"stdout","time":39046.708872417,"data":"[ 650.8 min] 12268 rows written\n"}
,{"stream_name":"stdout","time":39107.173923932,"data":"[ 651.8 min] 12289 rows written\n"}
,{"stream_name":"stdout","time":39167.660878804,"data":"[ 652.8 min] 12318 rows written\n"}
,{"stream_name":"stdout","time":39228.362866962,"data":"[ 653.8 min] 12347 rows written\n"}
,{"stream_name":"stdout","time":39288.830785272,"data":"[ 654.8 min] 12372 rows written\n"}
,{"stream_name":"stdout","time":39349.399532275,"data":"[ 655.8 min] 12404 rows written\n"}
,{"stream_name":"stdout","time":39409.860256292,"data":"[ 656.8 min] 12431 rows written\n"}
,{"stream_name":"stdout","time":39470.455396016,"data":"[ 657.8 min] 12460 rows written\n"}
,{"stream_name":"stdout","time":39531.339523459,"data":"[ 658.8 min] 12487 rows written\n"}
,{"stream_name":"stdout","time":39591.819461895,"data":"[ 659.9 min] 12516 rows written\n"}
,{"stream_name":"stdout","time":39652.330977894,"data":"[ 660.9 min] 12543 rows written\n"}
,{"stream_name":"stdout","time":39713.1030419,"data":"[ 661.9 min] 12556 rows written\n"}
,{"stream_name":"stdout","time":39773.589337378,"data":"[ 662.9 min] 12583 rows written\n"}
,{"stream_name":"stdout","time":39834.076198067,"data":"[ 663.9 min] 12630 rows written\n"}
,{"stream_name":"stdout","time":39894.613464446,"data":"[ 664.9 min] 12656 rows written\n"}
,{"stream_name":"stdout","time":39955.08818782,"data":"[ 665.9 min] 12677 rows written\n"}
,{"stream_name":"stdout","time":40015.565009984,"data":"[ 666.9 min] 12700 rows written\n"}
,{"stream_name":"stdout","time":40076.034854935,"data":"[ 667.9 min] 12726 rows written\n"}
,{"stream_name":"stdout","time":40136.510335643,"data":"[ 668.9 min] 12753 rows written\n"}
,{"stream_name":"stdout","time":40197.107328563,"data":"[ 669.9 min] 12781 rows written\n"}
,{"stream_name":"stdout","time":40257.619146137,"data":"[ 670.9 min] 12814 rows written\n"}
,{"stream_name":"stdout","time":40318.089007834,"data":"[ 672.0 min] 12840 rows written\n"}
,{"stream_name":"stdout","time":40378.560759853,"data":"[ 673.0 min] 12864 rows written\n"}
,{"stream_name":"stdout","time":40439.107418091,"data":"[ 674.0 min] 12901 rows written\n"}
,{"stream_name":"stdout","time":40499.597427677,"data":"[ 675.0 min] 12927 rows written\n"}
,{"stream_name":"stdout","time":40560.090399494,"data":"[ 676.0 min] 12959 rows written\n"}
,{"stream_name":"stdout","time":40620.580271659,"data":"[ 677.0 min] 12984 rows written\n"}
,{"stream_name":"stdout","time":40681.075272217,"data":"[ 678.0 min] 13017 rows written\n"}
,{"stream_name":"stdout","time":40741.586203641,"data":"[ 679.0 min] 13067 rows written\n"}
,{"stream_name":"stdout","time":40802.15754832,"data":"[ 680.0 min] 13134 rows written\n"}
,{"stream_name":"stdout","time":40862.686418412,"data":"[ 681.0 min] 13176 rows written\n"}
,{"stream_name":"stdout","time":40923.288124723,"data":"[ 682.0 min] 13202 rows written\n"}
,{"stream_name":"stdout","time":40983.847295167,"data":"[ 683.1 min] 13228 rows written\n"}
,{"stream_name":"stdout","time":41044.410887542,"data":"[ 684.1 min] 13262 rows written\n"}
,{"stream_name":"stdout","time":41104.90563195,"data":"[ 685.1 min] 13306 rows written\n"}
,{"stream_name":"stdout","time":41165.410332093,"data":"[ 686.1 min] 13357 rows written\n"}
,{"stream_name":"stdout","time":41225.914823908,"data":"[ 687.1 min] 13391 rows written\n"}
,{"stream_name":"stdout","time":41286.410926592,"data":"[ 688.1 min] 13407 rows written\n"}
,{"stream_name":"stdout","time":41347.028002846,"data":"[ 689.1 min] 13424 rows written\n"}
,{"stream_name":"stdout","time":41407.564146606,"data":"[ 690.1 min] 13447 rows written\n"}
,{"stream_name":"stdout","time":41407.564490836,"data":"[ 690.1 min] deadline reached; stopping benchmark processes (rows so far are kept)\n"}
,{"stream_name":"stdout","time":41407.615238567,"data":"[ 690.1 min] done\n"}
,{"stream_name":"stderr","time":41410.351214981,"data":"/usr/local/lib/python3.12/dist-packages/mistune.py:435: SyntaxWarning: invalid escape sequence '\\|'\n"}
,{"stream_name":"stderr","time":41410.351429602,"data":"  cells[i][c] = re.sub('\\\\\\\\\\|', '|', cell)\n"}
,{"stream_name":"stderr","time":41410.688450331,"data":"/usr/local/lib/python3.12/dist-packages/nbconvert/filters/filter_links.py:36: SyntaxWarning: invalid escape sequence '\\_'\n"}
,{"stream_name":"stderr","time":41410.688508711,"data":"  text = re.sub(r'_', '\\_', text) # Escape underscores in display text\n"}
,{"stream_name":"stderr","time":41411.96555516,"data":"[NbConvertApp] Converting notebook __script__.ipynb to html\n"}
,{"stream_name":"stderr","time":41413.325861644,"data":"[NbConvertApp] Writing 307031 bytes to __results__.html\n"}
]