E: Failed to fetch http://archive.ubuntu.com/ubuntu/pool/universe/t/tex-common/tex-common_6.17_all.deb  Temporary failure resolving 'archive.ubuntu.com'
E: Failed to fetch http://archive.ubuntu.com/ubuntu/pool/main/s/suitesparse/libsuitesparseconfig5_5.10.1%2bdfsg-4build1_amd64.deb  Temporary failure resolving 'archive.ubuntu.com'
E: Failed to fetch http://archive.ubuntu.com/ubuntu/pool/universe/s/suitesparse/libamd2_5.10.1%2bdfsg-4build1_amd64.deb  Temporary failure resolving 'archive.ubuntu.com'
E: Failed to fetch http://archive.ubuntu.com/ubuntu/pool/universe/s/suitesparse/libbtf1_5.10.1%2bdfsg-4build1_amd64.deb  Temporary failure resolving 'archive.ubuntu.com'
E: Failed to fetch http://archive.ubuntu.com/ubuntu/pool/universe/s/suitesparse/libcamd2_5.10.1%2bdfsg-4build1_amd64.deb  Temporary failure resolving 'archive.ubuntu.com'
E: Failed to fetch http://archive.ubuntu.com/ubuntu/pool/universe/s/suitesparse/libccolamd2_5.10.1%2bdfsg-4build1_amd64.deb  Temporary failure resolving 'archive.ubuntu.com'
E: Failed to fetch http://archive.ubuntu.com/ubuntu/pool/main/s/suitesparse/libcolamd2_5.10.1%2bdfsg-4build1_amd64.deb  Temporary failure resolving 'archive.ubuntu.com'
E: Failed to fetch http://archive.ubuntu.com/ubuntu/pool/universe/m/metis/libmetis5_5.1.0.dfsg-7build2_amd64.deb  Temporary failure resolving 'archive.ubuntu.com'
E: Failed to fetch http://archive.ubuntu.com/ubuntu/pool/universe/s/suitesparse/libcholmod3_5.10.1%2bdfsg-4build1_amd64.deb  Temporary failure resolving 'archive.ubuntu.com'
E: Failed to fetch http://archive.ubuntu.com/ubuntu/pool/universe/c/combblas/libcombblas1.16.0_1.6.2-8_amd64.deb  Temporary failure resolving 'archive.ubuntu.com'
E: Failed to fetch http://archive.ubuntu.com/ubuntu/pool/universe/s/suitesparse/libcxsparse3_5.10.1%2bdfsg-4build1_amd64.deb  Temporary failure resolving 'archive.ubuntu.com'
E: Failed to fetch http://archive.ubuntu.com/ubuntu/pool/universe/d/double-conversion/libdouble-conversion3_3.1.7-4_amd64.deb  Temporary failure resolving 'archive.ubuntu.com'
E: Failed to fetch http://archive.ubuntu.com/ubuntu/pool/main/f/fftw3/libfftw3-long3_3.3.8-2ubuntu8_amd64.deb  Temporary failure resolving 'archive.ubuntu.com'
E: Failed to fetch http://archive.ubuntu.com/ubuntu/pool/main/f/fftw3/libfftw3-single3_3.3.8-2ubuntu8_amd64.deb  Temporary failure resolving 'archive.ubuntu.com'
E: Failed to fetch http://archive.ubuntu.com/ubuntu/pool/universe/f/fftw3/libfftw3-mpi3_3.3.8-2ubuntu8_amd64.deb  Temporary failure resolving 'archive.ubuntu.com'
E: Failed to fetch http://archive.ubuntu.com/ubuntu/pool/universe/f/fltk1.3/libfltk1.3_1.3.8-4_amd64.deb  Temporary failure resolving 'archive.ubuntu.com'
E: Failed to fetch http://archive.ubuntu.com/ubuntu/pool/universe/f/fltk1.3/libfltk-gl1.3_1.3.8-4_amd64.deb  Temporary failure resolving 'archive.ubuntu.com'
E: Failed to fetch http://archive.ubuntu.com/ubuntu/pool/universe/g/gl2ps/libgl2ps1.4_1.4.2%2bdfsg1-2_amd64.deb  Temporary failure resolving 'archive.ubuntu.com'
E: Failed to fetch http://archive.ubuntu.com/ubuntu/pool/universe/g/glpk/libglpk40_5.0-1_amd64.deb  Temporary failure resolving 'archive.ubuntu.com'
E: Failed to fetch http://security.ubuntu.com/ubuntu/pool/universe/g/graphicsmagick/libgraphicsmagick-q16-3_1.4%2breally1.3.38-1ubuntu0.1_amd64.deb  Temporary failure resolving 'archive.ubuntu.com'
E: Failed to fetch http://security.ubuntu.com/ubuntu/pool/universe/g/graphicsmagick/libgraphicsmagick%2b%2b-q16-12_1.4%2breally1.3.38-1ubuntu0.1_amd64.deb  Temporary failure resolving 'archive.ubuntu.com'
E: Failed to fetch http://archive.ubuntu.com/ubuntu/pool/main/libg/libgudev/libgudev-1.0-0_237-2build1_amd64.deb  Temporary failure resolving 'archive.ubuntu.com'
E: Failed to fetch http://archive.ubuntu.com/ubuntu/pool/universe/h/hdf5/libhdf5-openmpi-103-1_1.10.7%2brepack-4ubuntu2_amd64.deb  Temporary failure resolving 'archive.ubuntu.com'
E: Failed to fetch http://archive.ubuntu.com/ubuntu/pool/universe/s/scotch/libptscotch-6.1_6.1.3-1_amd64.deb  Temporary failure resolving 'archive.ubuntu.com'
E: Failed to fetch http://archive.ubuntu.com/ubuntu/pool/universe/s/superlu-dist/libsuperlu-dist7_7.2.0%2bdfsg1-2_amd64.deb  Temporary failure resolving 'archive.ubuntu.com'
E: Failed to fetch http://archive.ubuntu.com/ubuntu/pool/universe/h/hypre/libhypre-2.22.1_2.22.1-7_amd64.deb  Temporary failure resolving 'archive.ubuntu.com'
E: Failed to fetch http://archive.ubuntu.com/ubuntu/pool/main/libe/libevdev/libevdev2_1.12.1%2bdfsg-1_amd64.deb  Temporary failure resolving 'archive.ubuntu.com'
E: Failed to fetch http://archive.ubuntu.com/ubuntu/pool/main/libw/libwacom/libwacom-common_2.2.0-1_all.deb  Temporary failure resolving 'archive.ubuntu.com'
E: Failed to fetch http://archive.ubuntu.com/ubuntu/pool/main/libw/libwacom/libwacom9_2.2.0-1_amd64.deb  Temporary failure resolving 'archive.ubuntu.com'
E: Failed to fetch http://archive.ubuntu.com/ubuntu/pool/main/libi/libinput/libinput-bin_1.20.0-1ubuntu0.3_amd64.deb  Temporary failure resolving 'archive.ubuntu.com'
E: Failed to fetch http://archive.ubuntu.com/ubuntu/pool/main/m/mtdev/libmtdev1_1.1.6-1build4_amd64.deb  Temporary failure resolving 'archive.ubuntu.com'
E: Failed to fetch http://archive.ubuntu.com/ubuntu/pool/main/libi/libinput/libinput10_1.20.0-1ubuntu0.3_amd64.deb  Temporary failure resolving 'archive.ubuntu.com'
E: Failed to fetch http://archive.ubuntu.com/ubuntu/pool/universe/s/suitesparse/libklu1_5.10.1%2bdfsg-4build1_amd64.deb  Temporary failure resolving 'archive.ubuntu.com'
E: Failed to fetch http://archive.ubuntu.com/ubuntu/pool/universe/m/md4c/libmd4c0_0.4.8-1_amd64.deb  Temporary failure resolving 'archive.ubuntu.com'
E: Failed to fetch http://archive.ubuntu.com/ubuntu/pool/universe/t/trilinos/libtrilinos-kokkos-13.2_13.2.0-1ubuntu1_amd64.deb  Temporary failure resolving 'archive.ubuntu.com'
E: Failed to fetch http://archive.ubuntu.com/ubuntu/pool/universe/t/trilinos/libtrilinos-teuchos-13.2_13.2.0-1ubuntu1_amd64.deb  Temporary failure resolving 'archive.ubuntu.com'
E: Failed to fetch http://archive.ubuntu.com/ubuntu/pool/universe/t/trilinos/libtrilinos-epetra-13.2_13.2.0-1ubuntu1_amd64.deb  Temporary failure resolving 'archive.ubuntu.com'
E: Failed to fetch http://archive.ubuntu.com/ubuntu/pool/universe/t/trilinos/libtrilinos-triutils-13.2_13.2.0-1ubuntu1_amd64.deb  Temporary failure resolving 'archive.ubuntu.com'
E: Failed to fetch http://archive.ubuntu.com/ubuntu/pool/universe/t/trilinos/libtrilinos-epetraext-13.2_13.2.0-1ubuntu1_amd64.deb  Temporary failure resolving 'archive.ubuntu.com'
E: Failed to fetch http://archive.ubuntu.com/ubuntu/pool/universe/t/trilinos/libtrilinos-trilinosss-13.2_13.2.0-1ubuntu1_amd64.deb  Temporary failure resolving 'archive.ubuntu.com'
E: Failed to fetch http://archive.ubuntu.com/ubuntu/pool/universe/t/trilinos/libtrilinos-amesos-13.2_13.2.0-1ubuntu1_amd64.deb  Temporary failure resolving 'archive.ubuntu.com'
E: Failed to fetch http://archive.ubuntu.com/ubuntu/pool/universe/t/trilinos/libtrilinos-aztecoo-13.2_13.2.0-1ubuntu1_amd64.deb  Temporary failure resolving 'archive.ubuntu.com'
E: Failed to fetch http://archive.ubuntu.com/ubuntu/pool/universe/t/trilinos/libtrilinos-galeri-13.2_13.2.0-1ubuntu1_amd64.deb  Temporary failure resolving 'archive.ubuntu.com'
E: Failed to fetch http://archive.ubuntu.com/ubuntu/pool/universe/t/trilinos/libtrilinos-ifpack-13.2_13.2.0-1ubuntu1_amd64.deb  Temporary failure resolving 'archive.ubuntu.com'
E: Failed to fetch http://archive.ubuntu.com/ubuntu/pool/universe/t/trilinos/libtrilinos-zoltan-13.2_13.2.0-1ubuntu1_amd64.deb  Temporary failure resolving 'archive.ubuntu.com'
E: Failed to fetch http://archive.ubuntu.com/ubuntu/pool/universe/t/trilinos/libtrilinos-ml-13.2_13.2.0-1ubuntu1_amd64.deb  Temporary failure resolving 'archive.ubuntu.com'
E: Failed to fetch http://archive.ubuntu.com/ubuntu/pool/universe/s/suitesparse/libumfpack5_5.10.1%2bdfsg-4build1_amd64.deb  Temporary failure resolving 'archive.ubuntu.com'
E: Failed to fetch http://archive.ubuntu.com/ubuntu/pool/universe/p/petsc/libpetsc-real3.15_3.15.5%2bdfsg1-1build2_amd64.deb  Temporary failure resolving 'archive.ubuntu.com'
E: Failed to fetch http://archive.ubuntu.com/ubuntu/pool/universe/p/portaudio19/libportaudio2_19.6.0-1.1_amd64.deb  Temporary failure resolving 'archive.ubuntu.com'
E: Failed to fetch http://archive.ubuntu.com/ubuntu/pool/universe/q/qrupdate/libqrupdate1_1.1.2-4_amd64.deb  Temporary failure resolving 'archive.ubuntu.com'
E: Failed to fetch http://archive.ubuntu.com/ubuntu/pool/universe/q/qscintilla2/libqscintilla2-qt5-l10n_2.11.6%2bdfsg-4_all.deb  Temporary failure resolving 'archive.ubuntu.com'
E: Failed to fetch http://archive.ubuntu.com/ubuntu/pool/universe/q/qtbase-opensource-src/libqt5core5a_5.15.3%2bdfsg-2ubuntu0.2_amd64.deb  Temporary failure resolving 'archive.ubuntu.com'
E: Failed to fetch http://archive.ubuntu.com/ubuntu/pool/universe/q/qtbase-opensource-src/libqt5dbus5_5.15.3%2bdfsg-2ubuntu0.2_amd64.deb  Temporary failure resolving 'archive.ubuntu.com'
E: Failed to fetch http://archive.ubuntu.com/ubuntu/pool/universe/q/qtbase-opensource-src/libqt5network5_5.15.3%2bdfsg-2ubuntu0.2_amd64.deb  Temporary failure resolving 'archive.ubuntu.com'
E: Failed to fetch http://archive.ubuntu.com/ubuntu/pool/main/x/xcb-util-wm/libxcb-icccm4_0.4.1-1.1build2_amd64.deb  Temporary failure resolving 'archive.ubuntu.com'
E: Failed to fetch http://archive.ubuntu.com/ubuntu/pool/main/x/xcb-util/libxcb-util1_0.4.0-1build2_amd64.deb  Temporary failure resolving 'archive.ubuntu.com'
E: Failed to fetch http://archive.ubuntu.com/ubuntu/pool/main/x/xcb-util-image/libxcb-image0_0.4.0-2_amd64.deb  Temporary failure resolving 'archive.ubuntu.com'
E: Failed to fetch http://archive.ubuntu.com/ubuntu/pool/main/x/xcb-util-keysyms/libxcb-keysyms1_0.4.0-1build3_amd64.deb  Temporary failure resolving 'archive.ubuntu.com'
E: Failed to fetch http://archive.ubuntu.com/ubuntu/pool/main/x/xcb-util-renderutil/libxcb-render-util0_0.3.9-1build3_amd64.deb  Temporary failure resolving 'archive.ubuntu.com'
E: Failed to fetch http://archive.ubuntu.com/ubuntu/pool/main/libx/libxcb/libxcb-xinerama0_1.14-3ubuntu3_amd64.deb  Temporary failure resolving 'archive.ubuntu.com'
E: Failed to fetch http://archive.ubuntu.com/ubuntu/pool/main/libx/libxcb/libxcb-xinput0_1.14-3ubuntu3_amd64.deb  Temporary failure resolving 'archive.ubuntu.com'
E: Failed to fetch http://archive.ubuntu.com/ubuntu/pool/main/libx/libxcb/libxcb-xkb1_1.14-3ubuntu3_amd64.deb  Temporary failure resolving 'archive.ubuntu.com'
E: Failed to fetch http://archive.ubuntu.com/ubuntu/pool/main/libx/libxkbcommon/libxkbcommon-x11-0_1.4.0-1_amd64.deb  Temporary failure resolving 'archive.ubuntu.com'
E: Failed to fetch http://archive.ubuntu.com/ubuntu/pool/universe/q/qtbase-opensource-src/libqt5gui5_5.15.3%2bdfsg-2ubuntu0.2_amd64.deb  Temporary failure resolving 'archive.ubuntu.com'
E: Failed to fetch http://archive.ubuntu.com/ubuntu/pool/universe/q/qtbase-opensource-src/libqt5widgets5_5.15.3%2bdfsg-2ubuntu0.2_amd64.deb  Temporary failure resolving 'archive.ubuntu.com'
E: Failed to fetch http://archive.ubuntu.com/ubuntu/pool/universe/q/qtbase-opensource-src/libqt5printsupport5_5.15.3%2bdfsg-2ubuntu0.2_amd64.deb  Temporary failure resolving 'archive.ubuntu.com'
E: Failed to fetch http://archive.ubuntu.com/ubuntu/pool/universe/q/qscintilla2/libqscintilla2-qt5-15_2.11.6%2bdfsg-4_amd64.deb  Temporary failure resolving 'archive.ubuntu.com'
E: Failed to fetch http://archive.ubuntu.com/ubuntu/pool/universe/q/qtbase-opensource-src/libqt5sql5_5.15.3%2bdfsg-2ubuntu0.2_amd64.deb  Temporary failure resolving 'archive.ubuntu.com'
E: Failed to fetch http://archive.ubuntu.com/ubuntu/pool/universe/q/qttools-opensource-src/libqt5help5_5.15.3-1_amd64.deb  Temporary failure resolving 'archive.ubuntu.com'
E: Failed to fetch http://archive.ubuntu.com/ubuntu/pool/universe/q/qtbase-opensource-src/libqt5xml5_5.15.3%2bdfsg-2ubuntu0.2_amd64.deb  Temporary failure resolving 'archive.ubuntu.com'
E: Failed to fetch http://archive.ubuntu.com/ubuntu/pool/universe/s/sundials/libsundials-ida4_5.8.0%2bdfsg-1build1_amd64.deb  Temporary failure resolving 'archive.ubuntu.com'
E: Failed to fetch http://archive.ubuntu.com/ubuntu/pool/universe/s/sundials/libsundials-nvecparallel-petsc4_5.8.0%2bdfsg-1build1_amd64.deb  Temporary failure resolving 'archive.ubuntu.com'
E: Failed to fetch http://archive.ubuntu.com/ubuntu/pool/universe/s/sundials/libsundials-nvecserial4_5.8.0%2bdfsg-1build1_amd64.deb  Temporary failure resolving 'archive.ubuntu.com'
E: Failed to fetch http://archive.ubuntu.com/ubuntu/pool/universe/s/sundials/libsundials-sunmatrix2_5.8.0%2bdfsg-1build1_amd64.deb  Temporary failure resolving 'archive.ubuntu.com'
E: Failed to fetch http://archive.ubuntu.com/ubuntu/pool/universe/s/sundials/libsundials-sunlinsol2_5.8.0%2bdfsg-1build1_amd64.deb  Temporary failure resolving 'archive.ubuntu.com'
E: Failed to fetch http://archive.ubuntu.com/ubuntu/pool/universe/libt/libtext-unidecode-perl/libtext-unidecode-perl_1.30-1_all.deb  Temporary failure resolving 'archive.ubuntu.com'
E: Failed to fetch http://archive.ubuntu.com/ubuntu/pool/main/libx/libxml-namespacesupport-perl/libxml-namespacesupport-perl_1.12-1.1_all.deb  Temporary failure resolving 'archive.ubuntu.com'
E: Failed to fetch http://archive.ubuntu.com/ubuntu/pool/main/libx/libxml-sax-base-perl/libxml-sax-base-perl_1.09-1.1_all.deb  Temporary failure resolving 'archive.ubuntu.com'
E: Failed to fetch http://archive.ubuntu.com/ubuntu/pool/main/libx/libxml-sax-perl/libxml-sax-perl_1.02%2bdfsg-3_all.deb  Temporary failure resolving 'archive.ubuntu.com'
E: Failed to fetch http://archive.ubuntu.com/ubuntu/pool/main/libx/libxml-libxml-perl/libxml-libxml-perl_2.0207%2bdfsg%2breally%2b2.0134-1_amd64.deb  Temporary failure resolving 'archive.ubuntu.com'
E: Failed to fetch http://archive.ubuntu.com/ubuntu/pool/universe/s/slicot/libslicot0_5.0%2b20101122-4build1_amd64.deb  Temporary failure resolving 'archive.ubuntu.com'
E: Failed to fetch http://archive.ubuntu.com/ubuntu/pool/main/libg/libglu/libglu1-mesa_9.0.2-1_amd64.deb  Temporary failure resolving 'archive.ubuntu.com'
E: Failed to fetch http://archive.ubuntu.com/ubuntu/pool/universe/t/texinfo/texinfo_6.8-4build1_amd64.deb  Temporary failure resolving 'archive.ubuntu.com'
E: Failed to fetch http://archive.ubuntu.com/ubuntu/pool/universe/o/octave/octave-common_6.4.0-2_all.deb  Temporary failure resolving 'archive.ubuntu.com'
E: Failed to fetch http://archive.ubuntu.com/ubuntu/pool/universe/o/octave/octave_6.4.0-2_amd64.deb  Temporary failure resolving 'archive.ubuntu.com'
E: Failed to fetch http://archive.ubuntu.com/ubuntu/pool/universe/o/octave-control/octave-control_3.4.0-1_amd64.deb  Temporary failure resolving 'archive.ubuntu.com'
E: Failed to fetch http://archive.ubuntu.com/ubuntu/pool/universe/o/octave-signal/octave-signal_1.4.1-4build2_amd64.deb  Temporary failure resolving 'archive.ubuntu.com'
E: Unable to fetch some archives, maybe run apt-get update or try with --fix-missing?
